Artifacts: /home/esterci/Repositorios/ppgmc/Evolutionary_Algorithms/work_4/studies/loss_weight_study_1789504965024236359/runs/seed_2028_pinn/1789505967523788381
DE: 200 generations, 32 individuals, 6432 fitness evaluations, 2306 parameters; then 15568 Adam epochs.
DE generation 0: best fitness 0.43584314, fixed reference 0.43584315, accepted 0/32, evaluations 32
DE generation 10: best fitness 0.32981923, fixed reference 0.32981922, accepted 2/32, evaluations 352
DE generation 20: best fitness 0.32981923, fixed reference 0.32981922, accepted 2/32, evaluations 672
DE generation 30: best fitness 0.32981923, fixed reference 0.32981922, accepted 3/32, evaluations 992
DE generation 40: best fitness 0.32981923, fixed reference 0.32981922, accepted 2/32, evaluations 1312
DE generation 50: best fitness 0.32981923, fixed reference 0.32981922, accepted 0/32, evaluations 1632
DE generation 60: best fitness 0.32981923, fixed reference 0.32981922, accepted 1/32, evaluations 1952
DE generation 70: best fitness 0.32981923, fixed reference 0.32981922, accepted 0/32, evaluations 2272
DE generation 80: best fitness 0.32981923, fixed reference 0.32981922, accepted 1/32, evaluations 2592
DE generation 90: best fitness 0.32981923, fixed reference 0.32981922, accepted 4/32, evaluations 2912
DE generation 100: best fitness 0.32981923, fixed reference 0.32981922, accepted 1/32, evaluations 3232
DE generation 110: best fitness 0.32981923, fixed reference 0.32981922, accepted 2/32, evaluations 3552
DE generation 120: best fitness 0.32903826, fixed reference 0.32903825, accepted 0/32, evaluations 3872
DE generation 130: best fitness 0.32903826, fixed reference 0.32903825, accepted 0/32, evaluations 4192
DE generation 140: best fitness 0.30347171, fixed reference 0.30347173, accepted 0/32, evaluations 4512
DE generation 150: best fitness 0.30347171, fixed reference 0.30347173, accepted 0/32, evaluations 4832
DE generation 160: best fitness 0.30347171, fixed reference 0.30347173, accepted 0/32, evaluations 5152
DE generation 170: best fitness 0.30347171, fixed reference 0.30347173, accepted 1/32, evaluations 5472
DE generation 180: best fitness 0.30347171, fixed reference 0.30347173, accepted 0/32, evaluations 5792
DE generation 190: best fitness 0.30347171, fixed reference 0.30347173, accepted 0/32, evaluations 6112
DE generation 200: best fitness 0.30347171, fixed reference 0.30347173, accepted 1/32, evaluations 6432
DE best fitness: 0.30347171; starting Adam.
Iteration 0: total loss 0.3035, losses: [0.25778961181640625, 0.01360098086297512, 0.032081134617328644], weights: [-0.001 -0.001 -0.001], time: 0.0860s
Iteration 250: total loss -0.2571, losses: [0.1271878480911255, 0.011699996888637543, 0.015311324037611485], weights: [-0.14794281 -0.1443733  -0.14482318], time: 0.0447s
Iteration 500: total loss -0.6452, losses: [0.07088837027549744, 0.007047648541629314, 0.02588789351284504], weights: [-0.26998493 -0.25648758 -0.2553546 ], time: 0.0457s
Iteration 750: total loss -0.9632, losses: [0.05535789579153061, 0.006702077575027943, 0.022648612037301064], weights: [-0.3759189  -0.35655475 -0.3543064 ], time: 0.0498s
Iteration 1000: total loss -1.2521, losses: [0.044263485819101334, 0.0050628394819796085, 0.02221451885998249], weights: [-0.4722116 -0.4487568 -0.4458163], time: 0.0481s
Iteration 1250: total loss -1.5166, losses: [0.03808767721056938, 0.004152283538132906, 0.021547116339206696], weights: [-0.56151754 -0.5351473  -0.53148067], time: 0.0519s
Iteration 1500: total loss -1.7660, losses: [0.033352188766002655, 0.0035722204484045506, 0.02038463018834591], weights: [-0.6453499  -0.61684734 -0.612564  ], time: 0.0407s
Iteration 1750: total loss -2.0025, losses: [0.029616959393024445, 0.0028764959424734116, 0.019540660083293915], weights: [-0.7247591 -0.69465   -0.6898251], time: 0.0725s
Iteration 2000: total loss -2.2271, losses: [0.026878641918301582, 0.002371094422414899, 0.0188301932066679], weights: [-0.8004403  -0.7691289  -0.76377654], time: 0.0833s
Iteration 2250: total loss -2.4414, losses: [0.024786943569779396, 0.002111968817189336, 0.01819448731839657], weights: [-0.87287104 -0.8406731  -0.83482355], time: 0.0421s
Iteration 2500: total loss -2.6474, losses: [0.02312360517680645, 0.0019412453984841704, 0.017423344776034355], weights: [-0.9424437 -0.9095968 -0.9032961], time: 0.0435s
Iteration 2750: total loss -2.8459, losses: [0.02170216478407383, 0.0018210283014923334, 0.016705406829714775], weights: [-1.0094777 -0.9761619 -0.969461 ], time: 0.0695s
Iteration 3000: total loss -3.0374, losses: [0.020534681156277657, 0.0017295556608587503, 0.01607746258378029], weights: [-1.0742259 -1.0405836 -1.0335246], time: 0.0541s
Iteration 3250: total loss -3.2224, losses: [0.019553596153855324, 0.0016539378557354212, 0.015556513331830502], weights: [-1.1368917 -1.1030428 -1.0956517], time: 0.0425s
Iteration 3500: total loss -3.4017, losses: [0.018703129142522812, 0.0015879187267273664, 0.015088828280568123], weights: [-1.19765   -1.1636951 -1.1559827], time: 0.0725s
Iteration 3750: total loss -3.5756, losses: [0.01797495409846306, 0.0015321832615882158, 0.01464482955634594], weights: [-1.2566514 -1.222671  -1.2146444], time: 0.0423s
Iteration 4000: total loss -3.7446, losses: [0.01731615886092186, 0.00148942566011101, 0.01424462255090475], weights: [-1.3140231 -1.2800837 -1.2717484], time: 0.0551s
Iteration 4250: total loss -3.9090, losses: [0.016698187217116356, 0.0014437417266890407, 0.013901062309741974], weights: [-1.3698767 -1.3360305 -1.3273946], time: 0.0421s
Iteration 4500: total loss -4.0692, losses: [0.016207817941904068, 0.00142667128238827, 0.013473917730152607], weights: [-1.4243112 -1.3905987 -1.3816712], time: 0.0565s
Iteration 4750: total loss -4.2255, losses: [0.01568744145333767, 0.0013916809111833572, 0.01315110269933939], weights: [-1.4774119 -1.4438654 -1.4346548], time: 0.0453s
Iteration 5000: total loss -4.3778, losses: [0.015245157293975353, 0.0013683888828381896, 0.01282333955168724], weights: [-1.5292541 -1.4958998 -1.4864134], time: 0.0464s
Iteration 5250: total loss -4.5265, losses: [0.014830481261014938, 0.0013452093116939068, 0.012533956207334995], weights: [-1.579904  -1.5467651 -1.5370065], time: 0.0693s
Iteration 5500: total loss -4.6717, losses: [0.014470957219600677, 0.001320796785876155, 0.012247083708643913], weights: [-1.6294208 -1.596518  -1.586488 ], time: 0.0399s
Iteration 5750: total loss -4.8135, losses: [0.01413355115801096, 0.0012947287177667022, 0.012004044838249683], weights: [-1.677858  -1.6452101 -1.6349069], time: 0.0576s
Iteration 6000: total loss -4.9521, losses: [0.013842850923538208, 0.0012698050122708082, 0.011762184090912342], weights: [-1.7252624 -1.6928885 -1.6823078], time: 0.0429s
Iteration 6250: total loss -5.0875, losses: [0.013556936755776405, 0.0012433761730790138, 0.011561599560081959], weights: [-1.7716783 -1.7395955 -1.7287326], time: 0.0569s
Iteration 6500: total loss -5.2201, losses: [0.01329444907605648, 0.0012198962504044175, 0.011371880769729614], weights: [-1.8171469 -1.7853701 -1.7742203], time: 0.0386s
Iteration 6750: total loss -5.3498, losses: [0.013067018240690231, 0.0011948620667681098, 0.011181867681443691], weights: [-1.8617053 -1.8302485 -1.8188071], time: 0.0409s
Iteration 7000: total loss -5.4767, losses: [0.01285728719085455, 0.0011758262990042567, 0.011001810431480408], weights: [-1.905388  -1.8742641 -1.8625264], time: 0.0422s
Iteration 7250: total loss -5.6012, losses: [0.012637143023312092, 0.0011542384745553136, 0.01084874290972948], weights: [-1.9482272 -1.9174476 -1.9054097], time: 0.0416s
Iteration 7500: total loss -5.7230, losses: [0.012471986003220081, 0.0011293749557808042, 0.010666274465620518], weights: [-1.9902539 -1.9598273 -1.9474872], time: 0.0452s
Iteration 7750: total loss -5.8425, losses: [0.012280646711587906, 0.0011101951822638512, 0.01052782777696848], weights: [-2.0314965 -2.00143   -1.9887859], time: 0.0401s
Iteration 8000: total loss -5.9595, losses: [0.012112710624933243, 0.0010922237997874618, 0.010390443727374077], weights: [-2.071979  -2.0422812 -2.0293298], time: 0.0417s
Iteration 8250: total loss -6.0743, losses: [0.01195085421204567, 0.0010742293670773506, 0.010255440138280392], weights: [-2.1117272 -2.0824037 -2.0691433], time: 0.0675s
Iteration 8500: total loss -6.1869, losses: [0.011788911186158657, 0.001057019573636353, 0.010127906687557697], weights: [-2.1507652 -2.121821  -2.1082504], time: 0.0412s
Iteration 8750: total loss -6.2974, losses: [0.011641832068562508, 0.001039631199091673, 0.010000922717154026], weights: [-2.1891158 -2.1605518 -2.14667  ], time: 0.0414s
Iteration 9000: total loss -6.4058, losses: [0.01150190457701683, 0.0010296591790392995, 0.00987295899540186], weights: [-2.2267973 -2.1986175 -2.1844234], time: 0.0774s
Iteration 9250: total loss -6.5122, losses: [0.011364349164068699, 0.0010091192089021206, 0.009760239161550999], weights: [-2.2638297 -2.2360365 -2.2215292], time: 0.0408s
Iteration 9500: total loss -6.6167, losses: [0.01122672762721777, 0.0009937628637999296, 0.009653852321207523], weights: [-2.300232  -2.2728248 -2.2580044], time: 0.0538s
Iteration 9750: total loss -6.7191, losses: [0.011098944582045078, 0.0009869529167190194, 0.009548732079565525], weights: [-2.3360198 -2.3090005 -2.2938662], time: 0.0458s
Iteration 10000: total loss -6.8199, losses: [0.010978694073855877, 0.000966579420492053, 0.009443730115890503], weights: [-2.3712103 -2.344578  -2.3291278], time: 0.0447s
Iteration 10250: total loss -6.9187, losses: [0.010847628116607666, 0.0009542655316181481, 0.009361802600324154], weights: [-2.4058175 -2.3795736 -2.3638062], time: 0.0803s
Iteration 10500: total loss -7.0158, losses: [0.010741100646555424, 0.0009411867940798402, 0.0092593003064394], weights: [-2.4398565 -2.4140003 -2.3979168], time: 0.0476s
Iteration 10750: total loss -7.1109, losses: [0.010670222342014313, 0.0009465764742344618, 0.009134612046182156], weights: [-2.4733403 -2.4478724 -2.4314709], time: 0.0438s
Iteration 11000: total loss -7.2048, losses: [0.010523432865738869, 0.0009182412759400904, 0.009085480123758316], weights: [-2.506282  -2.4812024 -2.4644833], time: 0.0470s
Iteration 11250: total loss -7.2968, losses: [0.010416914708912373, 0.0009066967759281397, 0.009007494896650314], weights: [-2.5386953 -2.514002  -2.4969652], time: 0.0495s
Iteration 11500: total loss -7.3872, losses: [0.010322698391973972, 0.0008972582290880382, 0.008921240456402302], weights: [-2.5705895 -2.546285  -2.528928 ], time: 0.0479s
Iteration 11750: total loss -7.4760, losses: [0.010219457559287548, 0.0008865512791089714, 0.00885265227407217], weights: [-2.6019795 -2.5780609 -2.560386 ], time: 0.0573s
Iteration 12000: total loss -7.5633, losses: [0.010132589377462864, 0.0008781282231211662, 0.008769512176513672], weights: [-2.6328733 -2.6093419 -2.591347 ], time: 0.0444s
Iteration 12250: total loss -7.6490, losses: [0.010021203197538853, 0.0008685682551003993, 0.00872112438082695], weights: [-2.663283  -2.640137  -2.6218226], time: 0.0417s
Iteration 12500: total loss -7.7334, losses: [0.009944533929228783, 0.000857737148180604, 0.008633960038423538], weights: [-2.6932192 -2.6704562 -2.6518238], time: 0.0441s
Iteration 12750: total loss -7.8162, losses: [0.009859859943389893, 0.000848707219120115, 0.0085662342607975], weights: [-2.72269   -2.7003093 -2.6813586], time: 0.0450s
Iteration 13000: total loss -7.8976, losses: [0.009783328510820866, 0.0008391053415834904, 0.008496642112731934], weights: [-2.7517047 -2.7297068 -2.710437 ], time: 0.0613s
Iteration 13250: total loss -7.9777, losses: [0.009693543426692486, 0.0008311487617902458, 0.008439608849585056], weights: [-2.7802734 -2.7586548 -2.7390687], time: 0.0546s
Iteration 13500: total loss -8.0564, losses: [0.009616097435355186, 0.000823151262011379, 0.008373952470719814], weights: [-2.8084035 -2.7871644 -2.7672617], time: 0.0459s
Iteration 13750: total loss -8.1338, losses: [0.009533124044537544, 0.00081462855450809, 0.008320644497871399], weights: [-2.836104 -2.815243 -2.795024], time: 0.0405s
Iteration 14000: total loss -8.2099, losses: [0.009459038265049458, 0.0008072727359831333, 0.008259653113782406], weights: [-2.8633826 -2.8428974 -2.8223636], time: 0.0420s
Iteration 14250: total loss -8.2847, losses: [0.009387046098709106, 0.0008004870032891631, 0.008199548348784447], weights: [-2.8902478 -2.8701358 -2.8492897], time: 0.0432s
Iteration 14500: total loss -8.3582, losses: [0.009308255277574062, 0.0007960954098962247, 0.008149711415171623], weights: [-2.9167073 -2.8969646 -2.8758087], time: 0.0411s
Iteration 14750: total loss -8.4305, losses: [0.009245275519788265, 0.0007850821129977703, 0.008091673254966736], weights: [-2.942765  -2.9233925 -2.9019258], time: 0.0608s
Iteration 15000: total loss -8.5016, losses: [0.009176368825137615, 0.0007783713517710567, 0.008040068671107292], weights: [-2.9684308 -2.9494267 -2.9276502], time: 0.0852s
Iteration 15250: total loss -8.5715, losses: [0.009109385311603546, 0.0007714782259427011, 0.007988723926246166], weights: [-2.9937098 -2.9750707 -2.9529872], time: 0.0449s
Iteration 15500: total loss -8.6402, losses: [0.009042504243552685, 0.0007640874828211963, 0.007942747324705124], weights: [-3.018611  -3.0003343 -2.9779456], time: 0.0680s
{
  "u": {
    "rmse": 0.18024276768826727,
    "mae": 0.1094376869491644,
    "maximum_absolute": 1.0151656057454597,
    "relative_l2": 0.3103325487212647
  },
  "v": {
    "rmse": 0.201372093233727,
    "mae": 0.09551838027276524,
    "maximum_absolute": 1.5813676828679801,
    "relative_l2": 0.42212307751092604
  }
}
Plot with: python -m utils.plot_pinn_results --run-directory /home/esterci/Repositorios/ppgmc/Evolutionary_Algorithms/work_4/studies/loss_weight_study_1789504965024236359/runs/seed_2028_pinn/1789505967523788381
