Artifacts: /home/esterci/Repositorios/ppgmc/Evolutionary_Algorithms/work_4/studies/loss_weight_study_1789504965024236359/runs/seed_2029_de/1789510722398072655
DE: 200 generations, 32 individuals, 6432 fitness evaluations, 2309 parameters; then 15568 Adam epochs.
DE generation 0: best fitness 543.39941, fixed reference 0.7332736, accepted 0/32, evaluations 32
DE generation 10: best fitness 485.48825, fixed reference 0.73037167, accepted 4/32, evaluations 352
DE generation 20: best fitness 480.44064, fixed reference 0.6496846, accepted 3/32, evaluations 672
DE generation 30: best fitness 417.80804, fixed reference 0.66612706, accepted 3/32, evaluations 992
DE generation 40: best fitness 398.92368, fixed reference 0.60369819, accepted 1/32, evaluations 1312
DE generation 50: best fitness 398.92368, fixed reference 0.60369819, accepted 1/32, evaluations 1632
DE generation 60: best fitness 398.92368, fixed reference 0.60369819, accepted 1/32, evaluations 1952
DE generation 70: best fitness 398.92368, fixed reference 0.60369819, accepted 1/32, evaluations 2272
DE generation 80: best fitness 243.27522, fixed reference 0.7215734, accepted 0/32, evaluations 2592
DE generation 90: best fitness 243.27522, fixed reference 0.7215734, accepted 0/32, evaluations 2912
DE generation 100: best fitness 189.36009, fixed reference 0.66083645, accepted 0/32, evaluations 3232
DE generation 110: best fitness 189.36009, fixed reference 0.66083645, accepted 0/32, evaluations 3552
DE generation 120: best fitness 189.36009, fixed reference 0.66083645, accepted 1/32, evaluations 3872
DE generation 130: best fitness 189.36009, fixed reference 0.66083645, accepted 0/32, evaluations 4192
DE generation 140: best fitness 189.36009, fixed reference 0.66083645, accepted 1/32, evaluations 4512
DE generation 150: best fitness 189.36009, fixed reference 0.66083645, accepted 1/32, evaluations 4832
DE generation 160: best fitness 189.36009, fixed reference 0.66083645, accepted 3/32, evaluations 5152
DE generation 170: best fitness 178.52133, fixed reference 0.58489994, accepted 1/32, evaluations 5472
DE generation 180: best fitness 172.25458, fixed reference 0.6885367, accepted 1/32, evaluations 5792
DE generation 190: best fitness 172.25458, fixed reference 0.6885367, accepted 1/32, evaluations 6112
DE generation 200: best fitness 143.41429, fixed reference 0.57312046, accepted 0/32, evaluations 6432
DE best fitness: 143.41429; starting Adam.
Iteration 0: total loss 143.4143, losses: [0.33456382155418396, 0.08365705609321594, 0.15489958226680756], weights: [-4.729541  -6.6898947 -5.882237 ], time: 0.0937s
Iteration 250: total loss 10.6982, losses: [0.23965159058570862, 0.0006814820226281881, 0.0008722339989617467], weights: [-4.729541  -6.6898947 -5.882237 ], time: 0.0513s
Iteration 500: total loss 9.2299, losses: [0.22608208656311035, 0.0006522479234263301, 0.0011285376967862248], weights: [-4.729541  -6.6898947 -5.882237 ], time: 0.0515s
Iteration 750: total loss 7.5667, losses: [0.20540957152843475, 0.0009311728063039482, 0.002393169794231653], weights: [-4.729541  -6.6898947 -5.882237 ], time: 0.0679s
Iteration 1000: total loss 5.5211, losses: [0.1812513768672943, 0.0012153892312198877, 0.003680337220430374], weights: [-4.729541  -6.6898947 -5.882237 ], time: 0.0513s
Iteration 1250: total loss 2.7069, losses: [0.15196232497692108, 0.0012347330339252949, 0.005038429982960224], weights: [-4.729541  -6.6898947 -5.882237 ], time: 0.0387s
Iteration 1500: total loss 0.5668, losses: [0.13007736206054688, 0.0010053300065919757, 0.006495886482298374], weights: [-4.729541  -6.6898947 -5.882237 ], time: 0.0443s
Iteration 1750: total loss -0.7777, losses: [0.11728331446647644, 0.0007485069800168276, 0.0073628975078463554], weights: [-4.729541  -6.6898947 -5.882237 ], time: 0.0387s
Iteration 2000: total loss -1.7402, losses: [0.10889200866222382, 0.0006309153977781534, 0.007592529524117708], weights: [-4.729541  -6.6898947 -5.882237 ], time: 0.0538s
Iteration 2250: total loss -2.5117, losses: [0.10244251042604446, 0.0005947195459157228, 0.007558912038803101], weights: [-4.729541  -6.6898947 -5.882237 ], time: 0.0495s
Iteration 2500: total loss -3.2133, losses: [0.09682472795248032, 0.0005605870392173529, 0.007453173864632845], weights: [-4.729541  -6.6898947 -5.882237 ], time: 0.0438s
Iteration 2750: total loss -3.8481, losses: [0.09177229553461075, 0.0005216611898504198, 0.007365673780441284], weights: [-4.729541  -6.6898947 -5.882237 ], time: 0.0450s
Iteration 3000: total loss -4.3863, losses: [0.0873585194349289, 0.0004916114849038422, 0.007326165679842234], weights: [-4.729541  -6.6898947 -5.882237 ], time: 0.0391s
Iteration 3250: total loss -4.8401, losses: [0.08358193188905716, 0.00047177396481856704, 0.007297811098396778], weights: [-4.729541  -6.6898947 -5.882237 ], time: 0.0406s
Iteration 3500: total loss -5.2572, losses: [0.08020148426294327, 0.00045748561387881637, 0.007234049029648304], weights: [-4.729541  -6.6898947 -5.882237 ], time: 0.0559s
Iteration 3750: total loss -5.6560, losses: [0.07702475786209106, 0.0004473434528335929, 0.007148022763431072], weights: [-4.729541  -6.6898947 -5.882237 ], time: 0.0655s
Iteration 4000: total loss -6.0459, losses: [0.07400837540626526, 0.00043656339403241873, 0.007037466857582331], weights: [-4.729541  -6.6898947 -5.882237 ], time: 0.0481s
Iteration 4250: total loss -6.4265, losses: [0.0711371973156929, 0.0004212738713249564, 0.006917019374668598], weights: [-4.729541  -6.6898947 -5.882237 ], time: 0.0410s
Iteration 4500: total loss -6.8002, losses: [0.0683152973651886, 0.0004080442013218999, 0.006795694585889578], weights: [-4.729541  -6.6898947 -5.882237 ], time: 0.0398s
Iteration 4750: total loss -7.1752, losses: [0.06548447161912918, 0.00039014124195091426, 0.006684209685772657], weights: [-4.729541  -6.6898947 -5.882237 ], time: 0.0397s
Iteration 5000: total loss -7.5409, losses: [0.06259990483522415, 0.0003677075437735766, 0.006625541020184755], weights: [-4.729541  -6.6898947 -5.882237 ], time: 0.0456s
Iteration 5250: total loss -7.8794, losses: [0.06004851311445236, 0.0003510517708491534, 0.006524674594402313], weights: [-4.729541  -6.6898947 -5.882237 ], time: 0.0499s
Iteration 5500: total loss -8.1761, losses: [0.057714592665433884, 0.0003321839030832052, 0.006476597860455513], weights: [-4.729541  -6.6898947 -5.882237 ], time: 0.0469s
Iteration 5750: total loss -8.4369, losses: [0.05569582059979439, 0.0003156154416501522, 0.006423979997634888], weights: [-4.729541  -6.6898947 -5.882237 ], time: 0.0450s
Iteration 6000: total loss -8.6612, losses: [0.054052915424108505, 0.0003040163137484342, 0.006343362387269735], weights: [-4.729541  -6.6898947 -5.882237 ], time: 0.0606s
Iteration 6250: total loss -8.8530, losses: [0.05261779949069023, 0.0002919564431067556, 0.006288827396929264], weights: [-4.729541  -6.6898947 -5.882237 ], time: 0.0421s
Iteration 6500: total loss -9.0197, losses: [0.05135810375213623, 0.00028065129299648106, 0.006247056648135185], weights: [-4.729541  -6.6898947 -5.882237 ], time: 0.0396s
Iteration 6750: total loss -9.1693, losses: [0.05029134079813957, 0.0002728752151597291, 0.006184355355799198], weights: [-4.729541  -6.6898947 -5.882237 ], time: 0.0546s
Iteration 7000: total loss -9.3016, losses: [0.049314744770526886, 0.0002654833369888365, 0.0061404407024383545], weights: [-4.729541  -6.6898947 -5.882237 ], time: 0.0402s
Iteration 7250: total loss -9.4226, losses: [0.0484466589987278, 0.0002595922560431063, 0.006090222392231226], weights: [-4.729541  -6.6898947 -5.882237 ], time: 0.0393s
Iteration 7500: total loss -9.5332, losses: [0.047639187425374985, 0.0002535671228542924, 0.006050360854715109], weights: [-4.729541  -6.6898947 -5.882237 ], time: 0.0591s
Iteration 7750: total loss -9.6344, losses: [0.04691553860902786, 0.00024949369253590703, 0.006005707662552595], weights: [-4.729541  -6.6898947 -5.882237 ], time: 0.0388s
Iteration 8000: total loss -9.7285, losses: [0.04624736309051514, 0.00024594011483713984, 0.005962474271655083], weights: [-4.729541  -6.6898947 -5.882237 ], time: 0.0441s
Iteration 8250: total loss -9.8159, losses: [0.04563688486814499, 0.00024332675093319267, 0.005917342845350504], weights: [-4.729541  -6.6898947 -5.882237 ], time: 0.0403s
Iteration 8500: total loss -9.8960, losses: [0.045091889798641205, 0.00024124160700011998, 0.005870811641216278], weights: [-4.729541  -6.6898947 -5.882237 ], time: 0.0463s
Iteration 8750: total loss -9.9742, losses: [0.04452507570385933, 0.00023777701426297426, 0.0058393594808876514], weights: [-4.729541  -6.6898947 -5.882237 ], time: 0.0819s
Iteration 9000: total loss -10.0453, losses: [0.04405232518911362, 0.0002369690191699192, 0.005792195908725262], weights: [-4.729541  -6.6898947 -5.882237 ], time: 0.0503s
Iteration 9250: total loss -10.1155, losses: [0.04355679824948311, 0.00023319829779211432, 0.005761499982327223], weights: [-4.729541  -6.6898947 -5.882237 ], time: 0.0415s
Iteration 9500: total loss -10.1815, losses: [0.04310842975974083, 0.00023116220836527646, 0.005723508074879646], weights: [-4.729541  -6.6898947 -5.882237 ], time: 0.0386s
Iteration 9750: total loss -10.2453, losses: [0.042682819068431854, 0.0002291659329785034, 0.005684506148099899], weights: [-4.729541  -6.6898947 -5.882237 ], time: 0.0402s
Iteration 10000: total loss -10.3077, losses: [0.04226993769407272, 0.00022708465985488147, 0.005645662546157837], weights: [-4.729541  -6.6898947 -5.882237 ], time: 0.0467s
Iteration 10250: total loss -10.3685, losses: [0.04186848923563957, 0.00022489922412205487, 0.005607669707387686], weights: [-4.729541  -6.6898947 -5.882237 ], time: 0.0428s
Iteration 10500: total loss -10.4290, losses: [0.04147515445947647, 0.00022332416847348213, 0.005566666834056377], weights: [-4.729541  -6.6898947 -5.882237 ], time: 0.0404s
Iteration 10750: total loss -10.4889, losses: [0.04108825698494911, 0.00022138188069220632, 0.0055261519737541676], weights: [-4.729541  -6.6898947 -5.882237 ], time: 0.0539s
Iteration 11000: total loss -10.5481, losses: [0.040709417313337326, 0.00022027721570339054, 0.005483249202370644], weights: [-4.729541  -6.6898947 -5.882237 ], time: 0.0401s
Iteration 11250: total loss -10.6071, losses: [0.040312670171260834, 0.0002174857072532177, 0.005450195167213678], weights: [-4.729541  -6.6898947 -5.882237 ], time: 0.0413s
Iteration 11500: total loss -10.6632, losses: [0.03994515910744667, 0.00022017944138497114, 0.005403822287917137], weights: [-4.729541  -6.6898947 -5.882237 ], time: 0.0401s
Iteration 11750: total loss -10.7236, losses: [0.0395686961710453, 0.00021468198974616826, 0.0053665731102228165], weights: [-4.729541  -6.6898947 -5.882237 ], time: 0.0457s
Iteration 12000: total loss -10.7817, losses: [0.039208706468343735, 0.0002142390003427863, 0.005319158546626568], weights: [-4.729541  -6.6898947 -5.882237 ], time: 0.0468s
Iteration 12250: total loss -10.8383, losses: [0.038825295865535736, 0.00021334155462682247, 0.005284641403704882], weights: [-4.729541  -6.6898947 -5.882237 ], time: 0.0539s
Iteration 12500: total loss -10.8963, losses: [0.038450416177511215, 0.00021214180742390454, 0.0052438760176301], weights: [-4.729541  -6.6898947 -5.882237 ], time: 0.0699s
Iteration 12750: total loss -10.9524, losses: [0.03809443116188049, 0.00021207342797424644, 0.005199987906962633], weights: [-4.729541  -6.6898947 -5.882237 ], time: 0.0422s
Iteration 13000: total loss -11.0073, losses: [0.03773709014058113, 0.0002119348500855267, 0.005160087253898382], weights: [-4.729541  -6.6898947 -5.882237 ], time: 0.0398s
Iteration 13250: total loss -11.0615, losses: [0.03738148510456085, 0.00021246798860374838, 0.005119925364851952], weights: [-4.729541  -6.6898947 -5.882237 ], time: 0.0554s
Iteration 13500: total loss -11.1143, losses: [0.037030380219221115, 0.0002129220956703648, 0.005082659423351288], weights: [-4.729541  -6.6898947 -5.882237 ], time: 0.0710s
Iteration 13750: total loss -11.1661, losses: [0.03668874129652977, 0.00021328598086256534, 0.005045291502028704], weights: [-4.729541  -6.6898947 -5.882237 ], time: 0.0410s
Iteration 14000: total loss -11.2119, losses: [0.0363103412091732, 0.00021521438611671329, 0.005032707937061787], weights: [-4.729541  -6.6898947 -5.882237 ], time: 0.0402s
Iteration 14250: total loss -11.2655, losses: [0.036025963723659515, 0.00021439732518047094, 0.004974815063178539], weights: [-4.729541  -6.6898947 -5.882237 ], time: 0.0464s
Iteration 14500: total loss -11.3141, losses: [0.03570263832807541, 0.0002153549576178193, 0.0049392408691346645], weights: [-4.729541  -6.6898947 -5.882237 ], time: 0.0462s
Iteration 14750: total loss -11.3615, losses: [0.0353914313018322, 0.00021603670029435307, 0.004903835244476795], weights: [-4.729541  -6.6898947 -5.882237 ], time: 0.0433s
Iteration 15000: total loss -11.4079, losses: [0.03508545085787773, 0.00021691319125238806, 0.004869115073233843], weights: [-4.729541  -6.6898947 -5.882237 ], time: 0.0419s
Iteration 15250: total loss -11.4535, losses: [0.03479304164648056, 0.00021773345360998064, 0.004832459148019552], weights: [-4.729541  -6.6898947 -5.882237 ], time: 0.0455s
Iteration 15500: total loss -11.4988, losses: [0.03448997437953949, 0.00021826454030815512, 0.004800545517355204], weights: [-4.729541  -6.6898947 -5.882237 ], time: 0.0551s
{
  "u": {
    "rmse": 0.19004681973171428,
    "mae": 0.1247372174546659,
    "maximum_absolute": 1.0454267193437765,
    "relative_l2": 0.327212651581763
  },
  "v": {
    "rmse": 0.1996708056200202,
    "mae": 0.12267998905868206,
    "maximum_absolute": 1.36616308634851,
    "relative_l2": 0.41855678015712333
  }
}
Plot with: python -m utils.plot_pinn_results --run-directory /home/esterci/Repositorios/ppgmc/Evolutionary_Algorithms/work_4/studies/loss_weight_study_1789504965024236359/runs/seed_2029_de/1789510722398072655
