Artifacts: /home/esterci/Repositorios/ppgmc/Evolutionary_Algorithms/work_4/studies/loss_weight_study_1789504965024236359/runs/seed_2028_both/1789506899358517702
DE: 200 generations, 32 individuals, 6432 fitness evaluations, 2309 parameters; then 15568 Adam epochs.
DE generation 0: best fitness 612.75085, fixed reference 0.76129925, accepted 0/32, evaluations 32
DE generation 10: best fitness 392.41476, fixed reference 0.52479294, accepted 6/32, evaluations 352
DE generation 20: best fitness 368.73047, fixed reference 0.54336551, accepted 1/32, evaluations 672
DE generation 30: best fitness 333.05563, fixed reference 0.41497626, accepted 1/32, evaluations 992
DE generation 40: best fitness 333.05563, fixed reference 0.41497626, accepted 2/32, evaluations 1312
DE generation 50: best fitness 309.55032, fixed reference 0.41436238, accepted 2/32, evaluations 1632
DE generation 60: best fitness 251.2598, fixed reference 0.33671617, accepted 0/32, evaluations 1952
DE generation 70: best fitness 251.2598, fixed reference 0.33671617, accepted 2/32, evaluations 2272
DE generation 80: best fitness 247.80072, fixed reference 0.33177647, accepted 2/32, evaluations 2592
DE generation 90: best fitness 247.80072, fixed reference 0.33177647, accepted 0/32, evaluations 2912
DE generation 100: best fitness 247.80072, fixed reference 0.33177647, accepted 0/32, evaluations 3232
DE generation 110: best fitness 237.07057, fixed reference 0.32018206, accepted 0/32, evaluations 3552
DE generation 120: best fitness 237.07057, fixed reference 0.32018206, accepted 0/32, evaluations 3872
DE generation 130: best fitness 237.07057, fixed reference 0.32018206, accepted 1/32, evaluations 4192
DE generation 140: best fitness 210.23792, fixed reference 0.41669672, accepted 2/32, evaluations 4512
DE generation 150: best fitness 210.23792, fixed reference 0.41669672, accepted 0/32, evaluations 4832
DE generation 160: best fitness 210.23792, fixed reference 0.41669672, accepted 1/32, evaluations 5152
DE generation 170: best fitness 209.99301, fixed reference 0.41673578, accepted 0/32, evaluations 5472
DE generation 180: best fitness 204.68774, fixed reference 0.39572073, accepted 0/32, evaluations 5792
DE generation 190: best fitness 204.68774, fixed reference 0.39572073, accepted 0/32, evaluations 6112
DE generation 200: best fitness 204.68774, fixed reference 0.39572073, accepted 0/32, evaluations 6432
DE best fitness: 204.68774; starting Adam.
Iteration 0: total loss 204.6877, losses: [0.28325140476226807, 0.055069081485271454, 0.05740024521946907], weights: [-6.3467903 -6.463827  -6.1327133], time: 0.0853s
Iteration 250: total loss 93.0111, losses: [0.2128935009241104, 0.006061835680156946, 0.0043437546119093895], weights: [-6.210862  -6.4145684 -6.104154 ], time: 0.0394s
Iteration 500: total loss 44.1571, losses: [0.10525400191545486, 0.00814751349389553, 0.024054720997810364], weights: [-6.1352167 -6.3008533 -5.979013 ], time: 0.0416s
Iteration 750: total loss 28.4846, losses: [0.07224886864423752, 0.0070642028003931046, 0.033211980015039444], weights: [-6.091566  -6.217033  -5.8128915], time: 0.0508s
Iteration 1000: total loss 20.9806, losses: [0.05965414643287659, 0.005939087830483913, 0.03578644618391991], weights: [-6.0561767 -6.156047  -5.6929836], time: 0.0508s
Iteration 1250: total loss 15.3953, losses: [0.050778988748788834, 0.00488068163394928, 0.03682906925678253], weights: [-6.0244255 -6.110604  -5.597042 ], time: 0.0456s
Iteration 1500: total loss 10.8292, losses: [0.04311415180563927, 0.004109151195734739, 0.037457674741744995], weights: [-5.9958167 -6.078811  -5.5144877], time: 0.0482s
Iteration 1750: total loss 7.4420, losses: [0.03767090663313866, 0.0036642730701714754, 0.03725283965468407], weights: [-5.9698777 -6.0542645 -5.4414077], time: 0.0451s
Iteration 2000: total loss 4.8964, losses: [0.03372017294168472, 0.003260751022025943, 0.037042681127786636], weights: [-5.9456034 -6.0360985 -5.3755627], time: 0.0415s
Iteration 2250: total loss 2.9276, losses: [0.03058655746281147, 0.0029287245124578476, 0.03717237710952759], weights: [-5.9224963 -6.023486  -5.3146467], time: 0.0674s
Iteration 2500: total loss 1.2729, losses: [0.02795928157866001, 0.002564286347478628, 0.03742941841483116], weights: [-5.900262  -6.016988  -5.2571616], time: 0.0516s
Iteration 2750: total loss -0.2116, losses: [0.02553732879459858, 0.0021897524129599333, 0.03774966299533844], weights: [-5.8788033 -6.018015  -5.202438 ], time: 0.0389s
Iteration 3000: total loss -1.5123, losses: [0.023437224328517914, 0.0019486352102831006, 0.03774336352944374], weights: [-5.858096  -6.0264807 -5.15015  ], time: 0.0469s
Iteration 3250: total loss -2.6577, losses: [0.021564604714512825, 0.0017624144675210118, 0.037674784660339355], weights: [-5.838057  -6.0410576 -5.1001005], time: 0.0640s
Iteration 3500: total loss -3.6875, losses: [0.019932467490434647, 0.0015994412824511528, 0.03741079196333885], weights: [-5.818596 -6.06127  -5.05223 ], time: 0.0395s
Iteration 3750: total loss -4.6205, losses: [0.018471956253051758, 0.001443070126697421, 0.03707161545753479], weights: [-5.7996235 -6.0873084 -5.0064125], time: 0.0578s
Iteration 4000: total loss -5.4738, losses: [0.01717756874859333, 0.0013256199890747666, 0.036500293761491776], weights: [-5.7811036 -6.1189194 -4.9624987], time: 0.0419s
Iteration 4250: total loss -6.2609, losses: [0.01590793952345848, 0.001175173558294773, 0.036187320947647095], weights: [-5.7630334 -6.1556306 -4.920345 ], time: 0.0498s
Iteration 4500: total loss -6.9662, losses: [0.014855974353849888, 0.0010685422457754612, 0.035591986030340195], weights: [-5.7453732 -6.1969104 -4.879772 ], time: 0.0436s
Iteration 4750: total loss -7.5658, losses: [0.01395348273217678, 0.0009735873900353909, 0.03520459309220314], weights: [-5.7280273 -6.2416935 -4.8405414], time: 0.0773s
Iteration 5000: total loss -8.0731, losses: [0.013218999840319157, 0.0008945624576881528, 0.034914471209049225], weights: [-5.710849  -6.288752  -4.8023767], time: 0.0671s
Iteration 5250: total loss -8.5055, losses: [0.012607598677277565, 0.0008227989892475307, 0.03477359935641289], weights: [-5.693681  -6.33717   -4.7650776], time: 0.0831s
Iteration 5500: total loss -8.8970, losses: [0.012121710926294327, 0.00075902248499915, 0.03451516851782799], weights: [-5.676375  -6.3862247 -4.728529 ], time: 0.0424s
Iteration 5750: total loss -9.2419, losses: [0.011705043725669384, 0.0007066130638122559, 0.03432595729827881], weights: [-5.6588926 -6.4354634 -4.6926575], time: 0.0544s
Iteration 6000: total loss -9.5586, losses: [0.011315999552607536, 0.0006515420391224325, 0.034247756004333496], weights: [-5.641155 -6.484493 -4.657416], time: 0.0614s
Iteration 6250: total loss -9.8475, losses: [0.011003638617694378, 0.0006035310798324645, 0.03410080447793007], weights: [-5.62313  -6.533079 -4.62277 ], time: 0.0512s
Iteration 6500: total loss -10.1058, losses: [0.010732700116932392, 0.0005737058818340302, 0.0339343324303627], weights: [-5.604777 -6.580975 -4.58869 ], time: 0.0463s
Iteration 6750: total loss -10.3539, losses: [0.010468951426446438, 0.0005315056187100708, 0.03386198356747627], weights: [-5.586091  -6.6280274 -4.5551653], time: 0.0409s
Iteration 7000: total loss -10.5814, losses: [0.010224595665931702, 0.0004947675042785704, 0.033838313072919846], weights: [-5.5670667 -6.6741276 -4.522171 ], time: 0.0445s
Iteration 7250: total loss -10.7897, losses: [0.01003308780491352, 0.0004661460407078266, 0.033733148127794266], weights: [-5.5476985 -6.7193146 -4.489698 ], time: 0.0424s
Iteration 7500: total loss -10.9821, losses: [0.009855448268353939, 0.0004408697132021189, 0.033665236085653305], weights: [-5.5279894 -6.7634935 -4.4577236], time: 0.0583s
Iteration 7750: total loss -11.1627, losses: [0.00969174224883318, 0.0004159953095950186, 0.033622950315475464], weights: [-5.5079556 -6.806837  -4.426234 ], time: 0.0575s
Iteration 8000: total loss -11.3308, losses: [0.00953697506338358, 0.0003929512749891728, 0.033620480448007584], weights: [-5.4876084 -6.8492904 -4.3952217], time: 0.0457s
Iteration 8250: total loss -11.4892, losses: [0.009411189705133438, 0.0003723529807757586, 0.033561062067747116], weights: [-5.4669876 -6.8908787 -4.364683 ], time: 0.0399s
Iteration 8500: total loss -11.6355, losses: [0.00930583942681551, 0.0003559122560545802, 0.033480145037174225], weights: [-5.4461136 -6.9316626 -4.3346124], time: 0.0459s
Iteration 8750: total loss -11.7766, losses: [0.009194471873342991, 0.000334973621647805, 0.03348757326602936], weights: [-5.425017  -6.971711  -4.3050036], time: 0.0653s
Iteration 9000: total loss -11.9023, losses: [0.00910396408289671, 0.0003228122368454933, 0.03345409780740738], weights: [-5.4037347 -7.0109916 -4.275859 ], time: 0.0573s
Iteration 9250: total loss -12.0272, losses: [0.009012267924845219, 0.00030445982702076435, 0.03347698226571083], weights: [-5.3823094 -7.04955   -4.247174 ], time: 0.0386s
Iteration 9500: total loss -12.1474, losses: [0.008945964276790619, 0.0002874631027225405, 0.0334135964512825], weights: [-5.3607683 -7.0874343 -4.2189436], time: 0.0506s
Iteration 9750: total loss -12.2543, losses: [0.008876579813659191, 0.00027592756669037044, 0.03340872749686241], weights: [-5.3391914 -7.1246786 -4.191164 ], time: 0.0473s
Iteration 10000: total loss -12.3583, losses: [0.008821516297757626, 0.0002627442590892315, 0.03337964415550232], weights: [-5.3176146 -7.161264  -4.1638303], time: 0.0427s
Iteration 10250: total loss -12.4598, losses: [0.008768231607973576, 0.0002483161515556276, 0.033362001180648804], weights: [-5.2960377 -7.1972113 -4.1369457], time: 0.0397s
Iteration 10500: total loss -12.5528, losses: [0.008721597492694855, 0.00023664422042202204, 0.03335348516702652], weights: [-5.2744823 -7.2325764 -4.1105046], time: 0.0429s
Iteration 10750: total loss -12.6406, losses: [0.00868292711675167, 0.00022602755052503198, 0.03333413228392601], weights: [-5.2530375 -7.267319  -4.084499 ], time: 0.0427s
Early stopping after 10999 iterations: no improvement greater than 1e-05 for 300 evaluations.
{
  "u": {
    "rmse": 0.1744566210390961,
    "mae": 0.10715964993203672,
    "maximum_absolute": 0.8820596863390158,
    "relative_l2": 0.3003702647420381
  },
  "v": {
    "rmse": 0.20174869320277147,
    "mae": 0.10364621505156743,
    "maximum_absolute": 1.5425672048864127,
    "relative_l2": 0.42291251926211776
  }
}
Plot with: python -m utils.plot_pinn_results --run-directory /home/esterci/Repositorios/ppgmc/Evolutionary_Algorithms/work_4/studies/loss_weight_study_1789504965024236359/runs/seed_2028_both/1789506899358517702
