Artifacts: /home/esterci/Repositorios/ppgmc/Evolutionary_Algorithms/work_4/studies/loss_weight_study_1789504965024236359/runs/seed_2028_none/1789507598709021988
DE: 200 generations, 32 individuals, 6432 fitness evaluations, 2306 parameters; then 15568 Adam epochs.
DE generation 0: best fitness 435.84314, fixed reference 435.84315, accepted 0/32, evaluations 32
DE generation 10: best fitness 329.81921, fixed reference 329.81922, accepted 2/32, evaluations 352
DE generation 20: best fitness 329.81921, fixed reference 329.81922, accepted 2/32, evaluations 672
DE generation 30: best fitness 329.81921, fixed reference 329.81922, accepted 3/32, evaluations 992
DE generation 40: best fitness 329.81921, fixed reference 329.81922, accepted 2/32, evaluations 1312
DE generation 50: best fitness 329.81921, fixed reference 329.81922, accepted 0/32, evaluations 1632
DE generation 60: best fitness 329.81921, fixed reference 329.81922, accepted 1/32, evaluations 1952
DE generation 70: best fitness 329.81921, fixed reference 329.81922, accepted 0/32, evaluations 2272
DE generation 80: best fitness 329.81921, fixed reference 329.81922, accepted 1/32, evaluations 2592
DE generation 90: best fitness 329.81921, fixed reference 329.81922, accepted 4/32, evaluations 2912
DE generation 100: best fitness 329.81921, fixed reference 329.81922, accepted 1/32, evaluations 3232
DE generation 110: best fitness 329.81921, fixed reference 329.81922, accepted 2/32, evaluations 3552
DE generation 120: best fitness 329.03824, fixed reference 329.03825, accepted 0/32, evaluations 3872
DE generation 130: best fitness 329.03824, fixed reference 329.03825, accepted 0/32, evaluations 4192
DE generation 140: best fitness 303.47174, fixed reference 303.47173, accepted 0/32, evaluations 4512
DE generation 150: best fitness 303.47174, fixed reference 303.47173, accepted 0/32, evaluations 4832
DE generation 160: best fitness 303.47174, fixed reference 303.47173, accepted 0/32, evaluations 5152
DE generation 170: best fitness 303.47174, fixed reference 303.47173, accepted 1/32, evaluations 5472
DE generation 180: best fitness 303.47174, fixed reference 303.47173, accepted 0/32, evaluations 5792
DE generation 190: best fitness 303.47174, fixed reference 303.47173, accepted 0/32, evaluations 6112
DE generation 200: best fitness 303.47174, fixed reference 303.47173, accepted 1/32, evaluations 6432
DE best fitness: 303.47174; starting Adam.
Iteration 0: total loss 303.47174072, losses: [257.78961181640625, 13.600980758666992, 32.08113479614258], time: 0.0875s
Iteration 250: total loss 160.86108398, losses: [134.76165771484375, 12.243828773498535, 13.855598449707031], time: 0.0428s
Iteration 500: total loss 107.01486206, losses: [74.31797790527344, 7.071014881134033, 25.625873565673828], time: 0.0527s
Iteration 750: total loss 90.64890289, losses: [60.540313720703125, 6.768033504486084, 23.340551376342773], time: 0.0398s
Iteration 1000: total loss 76.65367126, losses: [49.28876876831055, 5.65313196182251, 21.71176528930664], time: 0.0432s
Iteration 1250: total loss 68.54545593, losses: [42.369873046875, 4.54602575302124, 21.629560470581055], time: 0.0471s
Iteration 1500: total loss 62.11593628, losses: [37.44689178466797, 3.8647234439849854, 20.804319381713867], time: 0.0435s
Iteration 1750: total loss 56.50514221, losses: [33.41517639160156, 3.352376699447632, 19.737590789794922], time: 0.0767s
Iteration 2000: total loss 51.90972137, losses: [30.137353897094727, 2.795017719268799, 18.977346420288086], time: 0.0404s
Iteration 2250: total loss 48.49294281, losses: [27.77484703063965, 2.3629024028778076, 18.355194091796875], time: 0.0519s
Iteration 2500: total loss 45.82273102, losses: [25.924352645874023, 2.0967299938201904, 17.801651000976562], time: 0.0499s
Iteration 2750: total loss 43.49021149, losses: [24.380496978759766, 1.9133728742599487, 17.19634437561035], time: 0.0416s
Iteration 3000: total loss 41.36896133, losses: [23.020139694213867, 1.7667100429534912, 16.582111358642578], time: 0.0418s
Iteration 3250: total loss 39.47561646, losses: [21.859039306640625, 1.6626768112182617, 15.953898429870605], time: 0.0410s
Iteration 3500: total loss 37.76747131, losses: [20.798585891723633, 1.567473292350769, 15.40141487121582], time: 0.0879s
Iteration 3750: total loss 36.22061920, losses: [19.862001419067383, 1.4915423393249512, 14.867074012756348], time: 0.0388s
Iteration 4000: total loss 34.84246826, losses: [19.035371780395508, 1.435636043548584, 14.3714599609375], time: 0.0384s
Iteration 4250: total loss 33.63685608, losses: [18.312850952148438, 1.390356421470642, 13.933650970458984], time: 0.0737s
Iteration 4500: total loss 32.56625748, losses: [17.670867919921875, 1.356605052947998, 13.53878402709961], time: 0.0387s
Iteration 4750: total loss 31.60587120, losses: [17.076448440551758, 1.318750023841858, 13.210672378540039], time: 0.0435s
Iteration 5000: total loss 30.71182823, losses: [16.573671340942383, 1.3040266036987305, 12.834131240844727], time: 0.0455s
Iteration 5250: total loss 29.89442062, losses: [16.10309410095215, 1.272940754890442, 12.518383979797363], time: 0.0427s
Iteration 5500: total loss 29.12241364, losses: [15.677059173583984, 1.2515666484832764, 12.193787574768066], time: 0.0402s
Iteration 5750: total loss 28.39200592, losses: [15.250606536865234, 1.2001394033432007, 11.941259384155273], time: 0.0633s
Iteration 6000: total loss 27.71033859, losses: [14.85411262512207, 1.1660364866256714, 11.690190315246582], time: 0.0395s
Iteration 6250: total loss 27.08652878, losses: [14.49987506866455, 1.1228868961334229, 11.463767051696777], time: 0.0413s
Iteration 6500: total loss 26.48640060, losses: [14.165806770324707, 1.088532567024231, 11.232062339782715], time: 0.0414s
Iteration 6750: total loss 25.94558334, losses: [13.863141059875488, 1.0521339178085327, 11.030309677124023], time: 0.0465s
Iteration 7000: total loss 25.45405006, losses: [13.592103004455566, 1.0180691480636597, 10.843877792358398], time: 0.0398s
Iteration 7250: total loss 24.99755096, losses: [13.33623218536377, 0.990727424621582, 10.6705904006958], time: 0.0404s
Iteration 7500: total loss 24.57855988, losses: [13.105480194091797, 0.9646984934806824, 10.508380889892578], time: 0.0410s
Iteration 7750: total loss 24.19381332, losses: [12.901021957397461, 0.9472911953926086, 10.345500946044922], time: 0.0416s
Iteration 8000: total loss 23.82896805, losses: [12.693601608276367, 0.9208853840827942, 10.214481353759766], time: 0.0394s
Iteration 8250: total loss 23.49089432, losses: [12.499194145202637, 0.9058446288108826, 10.085854530334473], time: 0.0487s
Iteration 8500: total loss 23.17403030, losses: [12.320024490356445, 0.8906270861625671, 9.963379859924316], time: 0.0451s
Iteration 8750: total loss 22.87577057, losses: [12.153202056884766, 0.876893162727356, 9.845675468444824], time: 0.0442s
Iteration 9000: total loss 22.59334183, losses: [11.997916221618652, 0.864208996295929, 9.731217384338379], time: 0.0410s
Iteration 9250: total loss 22.32150269, losses: [11.83930492401123, 0.8520523905754089, 9.630144119262695], time: 0.0577s
Iteration 9500: total loss 22.06961441, losses: [11.692831039428711, 0.8533213138580322, 9.523463249206543], time: 0.0470s
Iteration 9750: total loss 21.81263351, losses: [11.539363861083984, 0.8313804268836975, 9.441888809204102], time: 0.0419s
Iteration 10000: total loss 21.57129097, losses: [11.422025680541992, 0.8220667839050293, 9.327198028564453], time: 0.0609s
Iteration 10250: total loss 21.33713531, losses: [11.279763221740723, 0.8067879676818848, 9.250582695007324], time: 0.0400s
Iteration 10500: total loss 21.11104965, losses: [11.151497840881348, 0.7973970770835876, 9.162156105041504], time: 0.0409s
Iteration 10750: total loss 20.89228439, losses: [11.026514053344727, 0.7867279648780823, 9.079041481018066], time: 0.0783s
Iteration 11000: total loss 20.68008041, losses: [10.904170036315918, 0.776729166507721, 8.999180793762207], time: 0.0518s
Iteration 11250: total loss 20.47515678, losses: [10.79171085357666, 0.7669894099235535, 8.91645622253418], time: 0.0409s
Iteration 11500: total loss 20.28272247, losses: [10.654929161071777, 0.7621896266937256, 8.86560344696045], time: 0.0466s
Iteration 11750: total loss 20.07943726, losses: [10.566304206848145, 0.747222363948822, 8.765911102294922], time: 0.0390s
Iteration 12000: total loss 19.89123917, losses: [10.465384483337402, 0.7393271923065186, 8.686528205871582], time: 0.0474s
Iteration 12250: total loss 19.70974350, losses: [10.340255737304688, 0.7316063046455383, 8.6378812789917], time: 0.0434s
Iteration 12500: total loss 19.53148270, losses: [10.261075973510742, 0.7204856276512146, 8.549921989440918], time: 0.0390s
Iteration 12750: total loss 19.35742569, losses: [10.15469741821289, 0.7119989395141602, 8.490729331970215], time: 0.0420s
Iteration 13000: total loss 19.18742943, losses: [10.058184623718262, 0.7050620317459106, 8.424182891845703], time: 0.0850s
Iteration 13250: total loss 19.02231407, losses: [9.963854789733887, 0.6963598132133484, 8.362099647521973], time: 0.0456s
Iteration 13500: total loss 18.86183929, losses: [9.874539375305176, 0.690354585647583, 8.29694652557373], time: 0.0824s
Iteration 13750: total loss 18.70711136, losses: [9.78196907043457, 0.6831662654876709, 8.241974830627441], time: 0.0473s
Iteration 14000: total loss 18.56751633, losses: [9.695060729980469, 0.6793022751808167, 8.193153381347656], time: 0.0389s
Iteration 14250: total loss 18.41052055, losses: [9.6157865524292, 0.6717735528945923, 8.122960090637207], time: 0.0412s
Iteration 14500: total loss 18.26829529, losses: [9.539101600646973, 0.6672999858856201, 8.061894416809082], time: 0.0662s
Iteration 14750: total loss 18.13087463, losses: [9.463885307312012, 0.6631790995597839, 8.00381088256836], time: 0.0595s
Iteration 15000: total loss 18.00501060, losses: [9.386858940124512, 0.6589568257331848, 7.959194660186768], time: 0.0517s
Iteration 15250: total loss 17.86681175, losses: [9.31106948852539, 0.6545382738113403, 7.901204586029053], time: 0.0546s
Iteration 15500: total loss 17.74770546, losses: [9.253687858581543, 0.6521626114845276, 7.841855049133301], time: 0.0684s
{
  "u": {
    "rmse": 0.18243791926806588,
    "mae": 0.11156853312044877,
    "maximum_absolute": 1.0006937768079291,
    "relative_l2": 0.31411204563714995
  },
  "v": {
    "rmse": 0.20513651756263696,
    "mae": 0.09811080192524453,
    "maximum_absolute": 1.5942267293271781,
    "relative_l2": 0.43001419269604807
  }
}
Plot with: python -m utils.plot_pinn_results --run-directory /home/esterci/Repositorios/ppgmc/Evolutionary_Algorithms/work_4/studies/loss_weight_study_1789504965024236359/runs/seed_2028_none/1789507598709021988
