Artifacts: /home/esterci/Repositorios/ppgmc/Evolutionary_Algorithms/work_4/studies/loss_weight_study_1789504965024236359/runs/seed_2029_none/1789509825042848875
DE: 200 generations, 32 individuals, 6432 fitness evaluations, 2306 parameters; then 15568 Adam epochs.
DE generation 0: best fitness 600.27209, fixed reference 600.27209, accepted 0/32, evaluations 32
DE generation 10: best fitness 422.05014, fixed reference 422.05013, accepted 3/32, evaluations 352
DE generation 20: best fitness 422.05014, fixed reference 422.05013, accepted 3/32, evaluations 672
DE generation 30: best fitness 422.05014, fixed reference 422.05013, accepted 1/32, evaluations 992
DE generation 40: best fitness 422.05014, fixed reference 422.05013, accepted 2/32, evaluations 1312
DE generation 50: best fitness 371.67566, fixed reference 371.67567, accepted 1/32, evaluations 1632
DE generation 60: best fitness 371.67566, fixed reference 371.67567, accepted 0/32, evaluations 1952
DE generation 70: best fitness 350.00192, fixed reference 350.00193, accepted 2/32, evaluations 2272
DE generation 80: best fitness 350.00192, fixed reference 350.00193, accepted 1/32, evaluations 2592
DE generation 90: best fitness 350.00192, fixed reference 350.00193, accepted 1/32, evaluations 2912
DE generation 100: best fitness 346.91632, fixed reference 346.91633, accepted 1/32, evaluations 3232
DE generation 110: best fitness 346.91632, fixed reference 346.91633, accepted 0/32, evaluations 3552
DE generation 120: best fitness 346.91632, fixed reference 346.91633, accepted 1/32, evaluations 3872
DE generation 130: best fitness 346.91632, fixed reference 346.91633, accepted 0/32, evaluations 4192
DE generation 140: best fitness 342.71072, fixed reference 342.71073, accepted 0/32, evaluations 4512
DE generation 150: best fitness 342.71072, fixed reference 342.71073, accepted 1/32, evaluations 4832
DE generation 160: best fitness 330.66611, fixed reference 330.66611, accepted 2/32, evaluations 5152
DE generation 170: best fitness 330.66611, fixed reference 330.66611, accepted 0/32, evaluations 5472
DE generation 180: best fitness 330.66611, fixed reference 330.66611, accepted 0/32, evaluations 5792
DE generation 190: best fitness 330.66611, fixed reference 330.66611, accepted 0/32, evaluations 6112
DE generation 200: best fitness 330.66611, fixed reference 330.66611, accepted 2/32, evaluations 6432
DE best fitness: 330.66611; starting Adam.
Iteration 0: total loss 330.66610718, losses: [248.02586364746094, 47.64379119873047, 34.99645233154297], time: 0.0899s
Iteration 250: total loss 158.68643188, losses: [132.6940460205078, 12.089383125305176, 13.90300178527832], time: 0.0432s
Iteration 500: total loss 109.24707031, losses: [77.8902359008789, 6.883200645446777, 24.4736328125], time: 0.0432s
Iteration 750: total loss 97.04302979, losses: [66.42618560791016, 5.508783340454102, 25.10806655883789], time: 0.0376s
Iteration 1000: total loss 84.91432190, losses: [56.11458206176758, 5.211855411529541, 23.58788299560547], time: 0.0591s
Iteration 1250: total loss 74.08441925, losses: [47.701019287109375, 4.570423126220703, 21.81297492980957], time: 0.0447s
Iteration 1500: total loss 65.36493683, losses: [40.666038513183594, 3.8034169673919678, 20.89548110961914], time: 0.0411s
Iteration 1750: total loss 59.14852524, losses: [35.84734344482422, 3.2424638271331787, 20.058719635009766], time: 0.0427s
Iteration 2000: total loss 53.98298264, losses: [31.952499389648438, 2.6362500190734863, 19.39423370361328], time: 0.0591s
Iteration 2250: total loss 49.80903625, losses: [29.1312255859375, 2.2349839210510254, 18.442825317382812], time: 0.0438s
Iteration 2500: total loss 46.25445175, losses: [26.91546630859375, 2.0124192237854004, 17.326566696166992], time: 0.0377s
Iteration 2750: total loss 43.26642990, losses: [25.07006072998047, 1.8891332149505615, 16.307235717773438], time: 0.0434s
Iteration 3000: total loss 40.78438187, losses: [23.58248519897461, 1.7754740715026855, 15.426421165466309], time: 0.0565s
Iteration 3250: total loss 38.68389511, losses: [22.267316818237305, 1.6820135116577148, 14.734565734863281], time: 0.0423s
Iteration 3500: total loss 36.91299057, losses: [21.245542526245117, 1.5900589227676392, 14.07738971710205], time: 0.0434s
Iteration 3750: total loss 35.37058258, losses: [20.29049301147461, 1.5130189657211304, 13.567071914672852], time: 0.0401s
Iteration 4000: total loss 34.02632904, losses: [19.41857147216797, 1.4356119632720947, 13.172147750854492], time: 0.0428s
Iteration 4250: total loss 32.85489655, losses: [18.68490982055664, 1.3819595575332642, 12.78802490234375], time: 0.0424s
Iteration 4500: total loss 31.83698654, losses: [18.009401321411133, 1.3342878818511963, 12.493297576904297], time: 0.0378s
Iteration 4750: total loss 30.94402695, losses: [17.41530418395996, 1.293244481086731, 12.235477447509766], time: 0.0394s
Iteration 5000: total loss 30.15908432, losses: [16.828176498413086, 1.2517151832580566, 12.079192161560059], time: 0.0428s
Iteration 5250: total loss 29.42830276, losses: [16.369232177734375, 1.2304935455322266, 11.828577041625977], time: 0.0400s
Iteration 5500: total loss 28.75973511, losses: [15.923043251037598, 1.206818699836731, 11.629874229431152], time: 0.0400s
Iteration 5750: total loss 28.14082718, losses: [15.49597454071045, 1.191084623336792, 11.453767776489258], time: 0.0462s
Iteration 6000: total loss 27.56648636, losses: [15.083623886108398, 1.1790063381195068, 11.303855895996094], time: 0.0379s
Iteration 6250: total loss 27.02904892, losses: [14.740280151367188, 1.1719411611557007, 11.116827964782715], time: 0.0430s
Iteration 6500: total loss 26.53485107, losses: [14.439794540405273, 1.1712534427642822, 10.923802375793457], time: 0.0524s
Iteration 6750: total loss 26.08562660, losses: [14.169657707214355, 1.1827263832092285, 10.73324203491211], time: 0.0423s
Iteration 7000: total loss 25.62427330, losses: [13.801738739013672, 1.1491636037826538, 10.673371315002441], time: 0.0462s
Iteration 7250: total loss 25.22622681, losses: [13.541820526123047, 1.1419581174850464, 10.542448043823242], time: 0.0536s
Iteration 7500: total loss 24.85657310, losses: [13.33254337310791, 1.1419854164123535, 10.382043838500977], time: 0.0388s
Iteration 7750: total loss 24.50315094, losses: [13.076400756835938, 1.1284259557724, 10.298325538635254], time: 0.0465s
Iteration 8000: total loss 24.18080139, losses: [12.875283241271973, 1.1275135278701782, 10.178003311157227], time: 0.0392s
Iteration 8250: total loss 23.87372208, losses: [12.680264472961426, 1.1124780178070068, 10.080979347229004], time: 0.0543s
Iteration 8500: total loss 23.59371185, losses: [12.514389991760254, 1.1028515100479126, 9.976469039916992], time: 0.0742s
Iteration 8750: total loss 23.32337189, losses: [12.311781883239746, 1.093591332435608, 9.917999267578125], time: 0.0409s
Iteration 9000: total loss 23.06416321, losses: [12.186674118041992, 1.083073616027832, 9.794414520263672], time: 0.0391s
Iteration 9250: total loss 22.82146454, losses: [12.04159164428711, 1.0718446969985962, 9.708026885986328], time: 0.0391s
Iteration 9500: total loss 22.59259033, losses: [11.908337593078613, 1.0597591400146484, 9.624494552612305], time: 0.0400s
Iteration 9750: total loss 22.36971283, losses: [11.77379035949707, 1.047744870185852, 9.548178672790527], time: 0.0377s
Iteration 10000: total loss 22.16243935, losses: [11.66907024383545, 1.03949773311615, 9.453871726989746], time: 0.0413s
Iteration 10250: total loss 21.94675636, losses: [11.541213989257812, 1.0286866426467896, 9.376855850219727], time: 0.0403s
Iteration 10500: total loss 21.74246979, losses: [11.421504020690918, 1.012326955795288, 9.308638572692871], time: 0.0422s
Iteration 10750: total loss 21.54544640, losses: [11.303804397583008, 1.0068150758743286, 9.234827041625977], time: 0.0649s
Iteration 11000: total loss 21.35678482, losses: [11.18643569946289, 0.9920299053192139, 9.17831802368164], time: 0.0437s
Iteration 11250: total loss 21.16747665, losses: [11.093572616577148, 0.9788786768913269, 9.095025062561035], time: 0.0410s
Iteration 11500: total loss 20.98643684, losses: [10.989133834838867, 0.9685487151145935, 9.028754234313965], time: 0.0414s
Iteration 11750: total loss 20.81499863, losses: [10.899843215942383, 0.9586396217346191, 8.956517219543457], time: 0.0636s
Iteration 12000: total loss 20.64038277, losses: [10.800796508789062, 0.9495983719825745, 8.88998794555664], time: 0.0385s
Iteration 12250: total loss 20.47387695, losses: [10.713287353515625, 0.9358628988265991, 8.824726104736328], time: 0.0402s
Iteration 12500: total loss 20.31534958, losses: [10.64498519897461, 0.929032564163208, 8.7413330078125], time: 0.0815s
Iteration 12750: total loss 20.16802979, losses: [10.579646110534668, 0.9248917698860168, 8.663491249084473], time: 0.0747s
Iteration 13000: total loss 20.00089645, losses: [10.461038589477539, 0.9055065512657166, 8.63435173034668], time: 0.0553s
Iteration 13250: total loss 19.86361313, losses: [10.343825340270996, 0.8980710506439209, 8.621715545654297], time: 0.0492s
Iteration 13500: total loss 19.71064377, losses: [10.326001167297363, 0.8913373351097107, 8.493304252624512], time: 0.0422s
Iteration 13750: total loss 19.56397820, losses: [10.224445343017578, 0.8775684237480164, 8.46196460723877], time: 0.0394s
Iteration 14000: total loss 19.43147278, losses: [10.181337356567383, 0.8747522830963135, 8.375383377075195], time: 0.0400s
Iteration 14250: total loss 19.29136658, losses: [10.086017608642578, 0.8610007762908936, 8.344347953796387], time: 0.0394s
Iteration 14500: total loss 19.17072296, losses: [10.029291152954102, 0.8557626605033875, 8.28566837310791], time: 0.0374s
Iteration 14750: total loss 19.03678703, losses: [9.940532684326172, 0.8440728187561035, 8.252182006835938], time: 0.0403s
Iteration 15000: total loss 18.91475677, losses: [9.882965087890625, 0.8442577719688416, 8.187535285949707], time: 0.0470s
Iteration 15250: total loss 18.78831100, losses: [9.81623363494873, 0.8283776044845581, 8.143698692321777], time: 0.0505s
Iteration 15500: total loss 18.67183685, losses: [9.755327224731445, 0.8213322162628174, 8.09517765045166], time: 0.0429s
{
  "u": {
    "rmse": 0.17769483556192123,
    "mae": 0.10995491470511658,
    "maximum_absolute": 1.0894160023737007,
    "relative_l2": 0.30594565275379215
  },
  "v": {
    "rmse": 0.19464470706416348,
    "mae": 0.09240375700294129,
    "maximum_absolute": 1.5883790666398765,
    "relative_l2": 0.40802090025340243
  }
}
Plot with: python -m utils.plot_pinn_results --run-directory /home/esterci/Repositorios/ppgmc/Evolutionary_Algorithms/work_4/studies/loss_weight_study_1789504965024236359/runs/seed_2029_none/1789509825042848875
