Artifacts: /home/esterci/Repositorios/ppgmc/Evolutionary_Algorithms/work_4/studies/loss_weight_study_1789504965024236359/runs/seed_2028_de/1789504968788313174
DE: 200 generations, 32 individuals, 6432 fitness evaluations, 2309 parameters; then 15568 Adam epochs.
DE generation 0: best fitness 0.36483654, fixed reference 0.81525024, accepted 0/32, evaluations 32
DE generation 10: best fitness -0.16617686, fixed reference 0.66832276, accepted 4/32, evaluations 352
DE generation 20: best fitness -0.16617686, fixed reference 0.66832276, accepted 2/32, evaluations 672
DE generation 30: best fitness -0.31174073, fixed reference 0.58017779, accepted 2/32, evaluations 992
DE generation 40: best fitness -0.31174073, fixed reference 0.58017779, accepted 0/32, evaluations 1312
DE generation 50: best fitness -0.5594691, fixed reference 0.59044374, accepted 4/32, evaluations 1632
DE generation 60: best fitness -0.74251539, fixed reference 0.54987372, accepted 1/32, evaluations 1952
DE generation 70: best fitness -0.74251539, fixed reference 0.54987372, accepted 3/32, evaluations 2272
DE generation 80: best fitness -0.74251539, fixed reference 0.54987372, accepted 1/32, evaluations 2592
DE generation 90: best fitness -0.80248767, fixed reference 0.4396273, accepted 1/32, evaluations 2912
DE generation 100: best fitness -0.80248767, fixed reference 0.4396273, accepted 0/32, evaluations 3232
DE generation 110: best fitness -0.82809281, fixed reference 0.43057596, accepted 1/32, evaluations 3552
DE generation 120: best fitness -0.87748516, fixed reference 0.39727039, accepted 0/32, evaluations 3872
DE generation 130: best fitness -0.92190599, fixed reference 0.55238362, accepted 0/32, evaluations 4192
DE generation 140: best fitness -1.0216128, fixed reference 0.51034641, accepted 2/32, evaluations 4512
DE generation 150: best fitness -1.0216128, fixed reference 0.51034641, accepted 0/32, evaluations 4832
DE generation 160: best fitness -1.2642097, fixed reference 0.59156774, accepted 0/32, evaluations 5152
DE generation 170: best fitness -1.2642097, fixed reference 0.59156774, accepted 2/32, evaluations 5472
DE generation 180: best fitness -1.4302325, fixed reference 0.47339866, accepted 0/32, evaluations 5792
DE generation 190: best fitness -1.4302325, fixed reference 0.47339866, accepted 0/32, evaluations 6112
DE generation 200: best fitness -1.4302325, fixed reference 0.47339866, accepted 1/32, evaluations 6432
DE best fitness: -1.4302325; starting Adam.
Iteration 0: total loss -1.4302, losses: [0.34068813920021057, 0.06078792363405228, 0.07192259281873703], weights: [-0.51980233 -1.035286   -0.77543354], time: 0.1732s
Iteration 250: total loss -2.0115, losses: [0.173249751329422, 0.0059720780700445175, 0.005007618572562933], weights: [-0.51980233 -1.035286   -0.77543354], time: 0.0623s
Iteration 500: total loss -2.1017, losses: [0.10705467313528061, 0.004951221868395805, 0.016055820509791374], weights: [-0.51980233 -1.035286   -0.77543354], time: 0.0860s
Iteration 750: total loss -2.1337, losses: [0.08541304618120193, 0.00384896551258862, 0.01948985643684864], weights: [-0.51980233 -1.035286   -0.77543354], time: 0.0431s
Iteration 1000: total loss -2.1494, losses: [0.0765397697687149, 0.0034392881207168102, 0.019682494923472404], weights: [-0.51980233 -1.035286   -0.77543354], time: 0.0558s
Iteration 1250: total loss -2.1635, losses: [0.0696883276104927, 0.0031055230647325516, 0.018939504399895668], weights: [-0.51980233 -1.035286   -0.77543354], time: 0.0640s
Iteration 1500: total loss -2.1773, losses: [0.06293660402297974, 0.0027780868113040924, 0.01820850931107998], weights: [-0.51980233 -1.035286   -0.77543354], time: 0.0598s
Iteration 1750: total loss -2.1911, losses: [0.05646716058254242, 0.0024075761903077364, 0.017338883131742477], weights: [-0.51980233 -1.035286   -0.77543354], time: 0.0622s
Iteration 2000: total loss -2.2035, losses: [0.050548210740089417, 0.00218533375300467, 0.01651374064385891], weights: [-0.51980233 -1.035286   -0.77543354], time: 0.0645s
Iteration 2250: total loss -2.2153, losses: [0.044935442507267, 0.001954060047864914, 0.015732022002339363], weights: [-0.51980233 -1.035286   -0.77543354], time: 0.0702s
Iteration 2500: total loss -2.2253, losses: [0.040399618446826935, 0.0017201947048306465, 0.014945817179977894], weights: [-0.51980233 -1.035286   -0.77543354], time: 0.0447s
Iteration 2750: total loss -2.2325, losses: [0.03716588392853737, 0.0015663383528590202, 0.014303975738584995], weights: [-0.51980233 -1.035286   -0.77543354], time: 0.0414s
Iteration 3000: total loss -2.2378, losses: [0.03484718129038811, 0.001454548561014235, 0.01382250152528286], weights: [-0.51980233 -1.035286   -0.77543354], time: 0.0519s
Iteration 3250: total loss -2.2419, losses: [0.033081892877817154, 0.001386410789564252, 0.013380433432757854], weights: [-0.51980233 -1.035286   -0.77543354], time: 0.0387s
Iteration 3500: total loss -2.2454, losses: [0.03162205591797829, 0.0013385377824306488, 0.012976155616343021], weights: [-0.51980233 -1.035286   -0.77543354], time: 0.0919s
Iteration 3750: total loss -2.2485, losses: [0.030292101204395294, 0.001284432248212397, 0.0126339141279459], weights: [-0.51980233 -1.035286   -0.77543354], time: 0.0407s
Iteration 4000: total loss -2.2513, losses: [0.02906261943280697, 0.0012213586596772075, 0.012372071854770184], weights: [-0.51980233 -1.035286   -0.77543354], time: 0.0489s
Iteration 4250: total loss -2.2539, losses: [0.02795107662677765, 0.0011581092840060592, 0.01213132869452238], weights: [-0.51980233 -1.035286   -0.77543354], time: 0.0948s
Iteration 4500: total loss -2.2562, losses: [0.026933176442980766, 0.001092958846129477, 0.011938567273318768], weights: [-0.51980233 -1.035286   -0.77543354], time: 0.0543s
Iteration 4750: total loss -2.2584, losses: [0.026010684669017792, 0.0010337631683796644, 0.01174694299697876], weights: [-0.51980233 -1.035286   -0.77543354], time: 0.0421s
Iteration 5000: total loss -2.2604, losses: [0.02515360340476036, 0.0009808603208512068, 0.011559315025806427], weights: [-0.51980233 -1.035286   -0.77543354], time: 0.0747s
Iteration 5250: total loss -2.2622, losses: [0.024329623207449913, 0.0009332635090686381, 0.011401815339922905], weights: [-0.51980233 -1.035286   -0.77543354], time: 0.0458s
Iteration 5500: total loss -2.2639, losses: [0.023582065477967262, 0.0008878631633706391, 0.01124608051031828], weights: [-0.51980233 -1.035286   -0.77543354], time: 0.0493s
Iteration 5750: total loss -2.2655, losses: [0.022879259660840034, 0.0008457083604298532, 0.011109966784715652], weights: [-0.51980233 -1.035286   -0.77543354], time: 0.0611s
Iteration 6000: total loss -2.2670, losses: [0.022244110703468323, 0.000816968095023185, 0.010970834642648697], weights: [-0.51980233 -1.035286   -0.77543354], time: 0.0620s
Iteration 6250: total loss -2.2684, losses: [0.021599208936095238, 0.000760334194637835, 0.010874608531594276], weights: [-0.51980233 -1.035286   -0.77543354], time: 0.0397s
Iteration 6500: total loss -2.2698, losses: [0.021023491397500038, 0.0007212485070340335, 0.010749091394245625], weights: [-0.51980233 -1.035286   -0.77543354], time: 0.0487s
Iteration 6750: total loss -2.2711, losses: [0.02045428194105625, 0.000689887732733041, 0.010648926720023155], weights: [-0.51980233 -1.035286   -0.77543354], time: 0.0418s
Iteration 7000: total loss -2.2723, losses: [0.019973445683717728, 0.0006511937826871872, 0.010502303950488567], weights: [-0.51980233 -1.035286   -0.77543354], time: 0.0816s
Iteration 7250: total loss -2.2734, losses: [0.019509481266140938, 0.0006252778694033623, 0.010365086607635021], weights: [-0.51980233 -1.035286   -0.77543354], time: 0.0462s
Iteration 7500: total loss -2.2745, losses: [0.019060667604207993, 0.0005996836698614061, 0.010238584131002426], weights: [-0.51980233 -1.035286   -0.77543354], time: 0.0434s
Iteration 7750: total loss -2.2756, losses: [0.01864953525364399, 0.000580967403948307, 0.010101275518536568], weights: [-0.51980233 -1.035286   -0.77543354], time: 0.0389s
Iteration 8000: total loss -2.2766, losses: [0.018260007724165916, 0.0005659155431203544, 0.009969165548682213], weights: [-0.51980233 -1.035286   -0.77543354], time: 0.0535s
Iteration 8250: total loss -2.2775, losses: [0.017889777198433876, 0.000554206664673984, 0.009841002523899078], weights: [-0.51980233 -1.035286   -0.77543354], time: 0.0437s
Iteration 8500: total loss -2.2783, losses: [0.017494427040219307, 0.0005695320433005691, 0.00977846048772335], weights: [-0.51980233 -1.035286   -0.77543354], time: 0.0411s
Iteration 8750: total loss -2.2792, losses: [0.017228100448846817, 0.0005379554349929094, 0.009584154933691025], weights: [-0.51980233 -1.035286   -0.77543354], time: 0.0403s
Iteration 9000: total loss -2.2800, losses: [0.0169276911765337, 0.0005341837531886995, 0.009453383274376392], weights: [-0.51980233 -1.035286   -0.77543354], time: 0.0412s
Iteration 9250: total loss -2.2808, losses: [0.0166337750852108, 0.000532536068931222, 0.009331042878329754], weights: [-0.51980233 -1.035286   -0.77543354], time: 0.0847s
Iteration 9500: total loss -2.2815, losses: [0.01636117324233055, 0.0005307053215801716, 0.009207897819578648], weights: [-0.51980233 -1.035286   -0.77543354], time: 0.0554s
Iteration 9750: total loss -2.2822, losses: [0.01610603928565979, 0.0005307150422595441, 0.009089682251214981], weights: [-0.51980233 -1.035286   -0.77543354], time: 0.0433s
Iteration 10000: total loss -2.2829, losses: [0.015870550647377968, 0.0005339994095265865, 0.008965904824435711], weights: [-0.51980233 -1.035286   -0.77543354], time: 0.0522s
Iteration 10250: total loss -2.2835, losses: [0.015642976388335228, 0.0005356414476409554, 0.008847910910844803], weights: [-0.51980233 -1.035286   -0.77543354], time: 0.0449s
Iteration 10500: total loss -2.2841, losses: [0.015416491776704788, 0.0005333712324500084, 0.008747005835175514], weights: [-0.51980233 -1.035286   -0.77543354], time: 0.0508s
Iteration 10750: total loss -2.2847, losses: [0.015205360017716885, 0.0005339772324077785, 0.008641423657536507], weights: [-0.51980233 -1.035286   -0.77543354], time: 0.0564s
Iteration 11000: total loss -2.2852, losses: [0.015003440901637077, 0.000534384569618851, 0.008543039672076702], weights: [-0.51980233 -1.035286   -0.77543354], time: 0.0523s
Iteration 11250: total loss -2.2858, losses: [0.014808646403253078, 0.0005348962149582803, 0.008448413573205471], weights: [-0.51980233 -1.035286   -0.77543354], time: 0.0517s
Iteration 11500: total loss -2.2863, losses: [0.014616835862398148, 0.0005346487741917372, 0.008362782187759876], weights: [-0.51980233 -1.035286   -0.77543354], time: 0.0596s
Iteration 11750: total loss -2.2867, losses: [0.014433791860938072, 0.0005368865677155554, 0.008283695206046104], weights: [-0.51980233 -1.035286   -0.77543354], time: 0.0452s
Iteration 12000: total loss -2.2872, losses: [0.014261962845921516, 0.000534663675352931, 0.008201047778129578], weights: [-0.51980233 -1.035286   -0.77543354], time: 0.0388s
Iteration 12250: total loss -2.2877, losses: [0.014091547578573227, 0.0005342705408111215, 0.008127087727189064], weights: [-0.51980233 -1.035286   -0.77543354], time: 0.0610s
Iteration 12500: total loss -2.2881, losses: [0.01393338106572628, 0.0005340763600543141, 0.008055232465267181], weights: [-0.51980233 -1.035286   -0.77543354], time: 0.0533s
Iteration 12750: total loss -2.2885, losses: [0.013776739127933979, 0.0005335659370757639, 0.007988207042217255], weights: [-0.51980233 -1.035286   -0.77543354], time: 0.0445s
Iteration 13000: total loss -2.2889, losses: [0.013628681190311909, 0.0005332933505997062, 0.007923664525151253], weights: [-0.51980233 -1.035286   -0.77543354], time: 0.0414s
Iteration 13250: total loss -2.2893, losses: [0.013484353199601173, 0.0005349604762159288, 0.007859308272600174], weights: [-0.51980233 -1.035286   -0.77543354], time: 0.0493s
Iteration 13500: total loss -2.2896, losses: [0.013352815993130207, 0.0005336989415809512, 0.007798011880367994], weights: [-0.51980233 -1.035286   -0.77543354], time: 0.0457s
Iteration 13750: total loss -2.2900, losses: [0.0132156265899539, 0.0005312735447660089, 0.007741864770650864], weights: [-0.51980233 -1.035286   -0.77543354], time: 0.0547s
Iteration 14000: total loss -2.2903, losses: [0.013080461882054806, 0.0005318089388310909, 0.007694297935813665], weights: [-0.51980233 -1.035286   -0.77543354], time: 0.0628s
Iteration 14250: total loss -2.2907, losses: [0.012972507625818253, 0.0005295057198964059, 0.007627445738762617], weights: [-0.51980233 -1.035286   -0.77543354], time: 0.0414s
Iteration 14500: total loss -2.2910, losses: [0.012858285568654537, 0.0005296766175888479, 0.007571909110993147], weights: [-0.51980233 -1.035286   -0.77543354], time: 0.0452s
Iteration 14750: total loss -2.2913, losses: [0.012742438353598118, 0.0005283652571961284, 0.0075251031666994095], weights: [-0.51980233 -1.035286   -0.77543354], time: 0.0452s
Iteration 15000: total loss -2.2916, losses: [0.012637419626116753, 0.000527169497217983, 0.0074724601581692696], weights: [-0.51980233 -1.035286   -0.77543354], time: 0.0639s
Iteration 15250: total loss -2.2918, losses: [0.012534966692328453, 0.0005262651829980314, 0.007423718459904194], weights: [-0.51980233 -1.035286   -0.77543354], time: 0.0455s
Iteration 15500: total loss -2.2921, losses: [0.012441950850188732, 0.0005270770634524524, 0.007373219355940819], weights: [-0.51980233 -1.035286   -0.77543354], time: 0.0679s
{
  "u": {
    "rmse": 0.17010350587166403,
    "mae": 0.10894552927316707,
    "maximum_absolute": 0.863222483022207,
    "relative_l2": 0.2928752992457092
  },
  "v": {
    "rmse": 0.1895924096541394,
    "mae": 0.09463946302711584,
    "maximum_absolute": 1.5637400562104942,
    "relative_l2": 0.3974301014144367
  }
}
Plot with: python -m utils.plot_pinn_results --run-directory /home/esterci/Repositorios/ppgmc/Evolutionary_Algorithms/work_4/studies/loss_weight_study_1789504965024236359/runs/seed_2028_de/1789504968788313174
