Artifacts: /home/esterci/Repositorios/ppgmc/Evolutionary_Algorithms/work_4/studies/loss_weight_study_1789504965024236359/runs/seed_2029_pinn/1789508511774979692
DE: 200 generations, 32 individuals, 6432 fitness evaluations, 2306 parameters; then 15568 Adam epochs.
DE generation 0: best fitness 600.27209, fixed reference 600.27209, accepted 0/32, evaluations 32
DE generation 10: best fitness 422.05014, fixed reference 422.05013, accepted 3/32, evaluations 352
DE generation 20: best fitness 422.05014, fixed reference 422.05013, accepted 3/32, evaluations 672
DE generation 30: best fitness 422.05014, fixed reference 422.05013, accepted 1/32, evaluations 992
DE generation 40: best fitness 422.05014, fixed reference 422.05013, accepted 2/32, evaluations 1312
DE generation 50: best fitness 371.67566, fixed reference 371.67567, accepted 1/32, evaluations 1632
DE generation 60: best fitness 371.67566, fixed reference 371.67567, accepted 0/32, evaluations 1952
DE generation 70: best fitness 350.00192, fixed reference 350.00193, accepted 2/32, evaluations 2272
DE generation 80: best fitness 350.00192, fixed reference 350.00193, accepted 1/32, evaluations 2592
DE generation 90: best fitness 350.00192, fixed reference 350.00193, accepted 1/32, evaluations 2912
DE generation 100: best fitness 346.91632, fixed reference 346.91633, accepted 1/32, evaluations 3232
DE generation 110: best fitness 346.91632, fixed reference 346.91633, accepted 0/32, evaluations 3552
DE generation 120: best fitness 346.91632, fixed reference 346.91633, accepted 1/32, evaluations 3872
DE generation 130: best fitness 346.91632, fixed reference 346.91633, accepted 0/32, evaluations 4192
DE generation 140: best fitness 342.71072, fixed reference 342.71073, accepted 0/32, evaluations 4512
DE generation 150: best fitness 342.71072, fixed reference 342.71073, accepted 1/32, evaluations 4832
DE generation 160: best fitness 330.66611, fixed reference 330.66611, accepted 2/32, evaluations 5152
DE generation 170: best fitness 330.66611, fixed reference 330.66611, accepted 0/32, evaluations 5472
DE generation 180: best fitness 330.66611, fixed reference 330.66611, accepted 0/32, evaluations 5792
DE generation 190: best fitness 330.66611, fixed reference 330.66611, accepted 0/32, evaluations 6112
DE generation 200: best fitness 330.66611, fixed reference 330.66611, accepted 2/32, evaluations 6432
DE best fitness: 330.66611; starting Adam.
Iteration 0: total loss 309.9429, losses: [0.24802586436271667, 0.047643791884183884, 0.034996453672647476], weights: [-6.9067554 -6.9067554 -6.9067554], time: 0.1017s
Iteration 250: total loss 125.2676, losses: [0.1420678198337555, 0.011322328820824623, 0.011694221757352352], weights: [-6.7773004 -6.8080325 -6.816718 ], time: 0.0620s
Iteration 500: total loss 70.7269, losses: [0.07876177132129669, 0.007557839620858431, 0.025585416704416275], weights: [-6.7190876 -6.701861  -6.630074 ], time: 0.0451s
Iteration 750: total loss 56.0602, losses: [0.06526648998260498, 0.005968782585114241, 0.02951861545443535], weights: [-6.67431   -6.6409516 -6.498623 ], time: 0.0425s
Iteration 1000: total loss 44.3632, losses: [0.05498841404914856, 0.005530528258532286, 0.03024258464574814], weights: [-6.6340303 -6.5902567 -6.3956847], time: 0.0475s
Iteration 1250: total loss 35.0811, losses: [0.04696494713425636, 0.005237408448010683, 0.029866062104701996], weights: [-6.5980864 -6.5426297 -6.310072 ], time: 0.0482s
Iteration 1500: total loss 27.4389, losses: [0.04034015163779259, 0.004653953481465578, 0.02934829704463482], weights: [-6.5655985 -6.49957   -6.2356944], time: 0.0577s
Iteration 1750: total loss 21.2796, losses: [0.0347253642976284, 0.003972835373133421, 0.02919882908463478], weights: [-6.5362864 -6.4646764 -6.1684914], time: 0.0461s
Iteration 2000: total loss 16.5588, losses: [0.03044387325644493, 0.003533843671903014, 0.028880184516310692], weights: [-6.5094624 -6.435759  -6.106401 ], time: 0.0429s
Iteration 2250: total loss 12.5146, losses: [0.0267635565251112, 0.0030063451267778873, 0.028559047728776932], weights: [-6.4846215 -6.412285  -6.048509 ], time: 0.0391s
Iteration 2500: total loss 9.0731, losses: [0.02371210791170597, 0.0024759951047599316, 0.028076978400349617], weights: [-6.461523  -6.3957896 -5.9941115], time: 0.0464s
Iteration 2750: total loss 6.2778, losses: [0.021361881867051125, 0.0020668739452958107, 0.027395328506827354], weights: [-6.439734  -6.386015  -5.9429507], time: 0.0386s
Iteration 3000: total loss 3.9647, losses: [0.01947154477238655, 0.0017686611972749233, 0.026631001383066177], weights: [-6.418848  -6.381899  -5.8947616], time: 0.0426s
Iteration 3250: total loss 2.0116, losses: [0.017895275726914406, 0.0015471006045117974, 0.025852693244814873], weights: [-6.398624  -6.3824778 -5.8491526], time: 0.0879s
Iteration 3500: total loss 0.3492, losses: [0.016530698165297508, 0.0013910303823649883, 0.025139257311820984], weights: [-6.378896  -6.38721   -5.8057513], time: 0.0880s
Iteration 3750: total loss -1.0664, losses: [0.015406857244670391, 0.0012412049109116197, 0.024485189467668533], weights: [-6.359502  -6.3959565 -5.7641907], time: 0.0446s
Iteration 4000: total loss -2.2656, losses: [0.014432437717914581, 0.001130322110839188, 0.023964205756783485], weights: [-6.3403273 -6.4087133 -5.7240973], time: 0.0443s
Iteration 4250: total loss -3.2889, losses: [0.013598999939858913, 0.0010335341794416308, 0.02356470376253128], weights: [-6.321254  -6.4253764 -5.6851144], time: 0.0398s
Iteration 4500: total loss -4.1708, losses: [0.012875585816800594, 0.000959259457886219, 0.023256218060851097], weights: [-6.3021803 -6.44585   -5.6469564], time: 0.0410s
Iteration 4750: total loss -4.9417, losses: [0.012238407507538795, 0.0008890597382560372, 0.02305101789534092], weights: [-6.283089  -6.4699254 -5.6094317], time: 0.0403s
Iteration 5000: total loss -5.6273, losses: [0.011672046035528183, 0.0008292776183225214, 0.02289966680109501], weights: [-6.2638636 -6.4974055 -5.5724425], time: 0.0383s
Iteration 5250: total loss -6.2492, losses: [0.011181393638253212, 0.0007796032004989684, 0.022727089002728462], weights: [-6.2444835 -6.528     -5.5359397], time: 0.0411s
Iteration 5500: total loss -6.8135, losses: [0.010748456232249737, 0.0007322640740312636, 0.022577328607439995], weights: [-6.2248836 -6.561463  -5.4999056], time: 0.0421s
Iteration 5750: total loss -7.3332, losses: [0.010353414341807365, 0.0006871137884445488, 0.022452443838119507], weights: [-6.2050414 -6.597459  -5.4643335], time: 0.0689s
Iteration 6000: total loss -7.8019, losses: [0.009980886243283749, 0.0006461722077801824, 0.022415976971387863], weights: [-6.1849227 -6.6355896 -5.429224 ], time: 0.0398s
Iteration 6250: total loss -8.2494, losses: [0.009696681052446365, 0.0006066539790481329, 0.022214770317077637], weights: [-6.1645193 -6.6754007 -5.394562 ], time: 0.0502s
Iteration 6500: total loss -8.6515, losses: [0.009412161074578762, 0.0005664849886670709, 0.022162187844514847], weights: [-6.143788  -6.7163734 -5.360329 ], time: 0.0472s
Iteration 6750: total loss -9.0231, losses: [0.009169867262244225, 0.0005345921381376684, 0.022072430700063705], weights: [-6.1227264 -6.75817   -5.3265185], time: 0.0451s
Iteration 7000: total loss -9.3679, losses: [0.00894168857485056, 0.0005004922859370708, 0.02203713357448578], weights: [-6.1013346 -6.800398  -5.293111 ], time: 0.0527s
Iteration 7250: total loss -9.6847, losses: [0.008738307282328606, 0.0004748901992570609, 0.021997861564159393], weights: [-6.079614 -6.842767 -5.260107], time: 0.0480s
Iteration 7500: total loss -9.9830, losses: [0.0085581811144948, 0.00044419209007173777, 0.021977748721837997], weights: [-6.0575633 -6.8850656 -5.2274923], time: 0.0770s
Iteration 7750: total loss -10.2587, losses: [0.008404992520809174, 0.0004192053456790745, 0.021940741688013077], weights: [-6.035202  -6.9270334 -5.195267 ], time: 0.0541s
Iteration 8000: total loss -10.5169, losses: [0.008258295245468616, 0.0003954723943024874, 0.02193286269903183], weights: [-6.0125494 -6.968676  -5.1634355], time: 0.0498s
Iteration 8250: total loss -10.7591, losses: [0.008128855377435684, 0.00037371585494838655, 0.021919716149568558], weights: [-5.9896297 -7.0097632 -5.132002 ], time: 0.0426s
Iteration 8500: total loss -10.9856, losses: [0.008015005849301815, 0.00035396331804804504, 0.02190573513507843], weights: [-5.966469 -7.050303 -5.100964], time: 0.0522s
Iteration 8750: total loss -11.1979, losses: [0.007911190390586853, 0.00033717817859724164, 0.021889744326472282], weights: [-5.943097  -7.0902224 -5.0703354], time: 0.0405s
Iteration 9000: total loss -11.3984, losses: [0.007817430421710014, 0.00031940743792802095, 0.021888360381126404], weights: [-5.9195533 -7.1294966 -5.0401125], time: 0.0433s
Iteration 9250: total loss -11.5821, losses: [0.007728636264801025, 0.0003057765425182879, 0.021909745410084724], weights: [-5.8958693 -7.168131  -5.0102973], time: 0.0470s
Iteration 9500: total loss -11.7647, losses: [0.007655223831534386, 0.0002882850239984691, 0.021893715485930443], weights: [-5.8720765 -7.2060733 -4.9808984], time: 0.0509s
Iteration 9750: total loss -11.9302, losses: [0.0075792609713971615, 0.00027520075673237443, 0.021921666339039803], weights: [-5.8482347 -7.243346  -4.951903 ], time: 0.0408s
Iteration 10000: total loss -12.0891, losses: [0.00753066735342145, 0.00026276029529981315, 0.021883618086576462], weights: [-5.824393 -7.279963 -4.923329], time: 0.0429s
Iteration 10250: total loss -12.2378, losses: [0.007470847573131323, 0.0002508659672457725, 0.0219022985547781], weights: [-5.800551  -7.3159127 -4.895155 ], time: 0.0902s
Iteration 10500: total loss -12.3777, losses: [0.007432203274220228, 0.00024095943081192672, 0.021875979378819466], weights: [-5.776709  -7.351271  -4.8673954], time: 0.0419s
Iteration 10750: total loss -12.5116, losses: [0.007383436895906925, 0.00023029145086184144, 0.021892080083489418], weights: [-5.7529397 -7.385957  -4.8400373], time: 0.0449s
Iteration 11000: total loss -12.6375, losses: [0.007344214711338282, 0.00022084196098148823, 0.021896980702877045], weights: [-5.729268 -7.420087 -4.813079], time: 0.0756s
Iteration 11250: total loss -12.7569, losses: [0.007309551816433668, 0.00021207620739005506, 0.021899335086345673], weights: [-5.705727  -7.453601  -4.7865243], time: 0.0484s
Iteration 11500: total loss -12.8674, losses: [0.007272838149219751, 0.00020552783098537475, 0.021914204582571983], weights: [-5.682334  -7.4865255 -4.760361 ], time: 0.0428s
Iteration 11750: total loss -12.9769, losses: [0.0072524528950452805, 0.00019633321790024638, 0.02190290577709675], weights: [-5.659137  -7.5189347 -4.7345853], time: 0.0448s
Iteration 12000: total loss -13.0665, losses: [0.007208634167909622, 0.0001948871067725122, 0.021966591477394104], weights: [-5.636134  -7.5507727 -4.7091985], time: 0.0425s
Iteration 12250: total loss -13.1747, losses: [0.007206331007182598, 0.00018264571554027498, 0.02190970815718174], weights: [-5.613351  -7.582054  -4.6841936], time: 0.0449s
Iteration 12500: total loss -13.2665, losses: [0.007188062649220228, 0.00017624857719056308, 0.021911893039941788], weights: [-5.5908065 -7.6128445 -4.6595645], time: 0.0612s
Iteration 12750: total loss -13.3532, losses: [0.007170297671109438, 0.0001702695881249383, 0.021922659128904343], weights: [-5.5685134 -7.643126  -4.6353064], time: 0.0615s
Iteration 13000: total loss -13.4364, losses: [0.007155303377658129, 0.0001644543808652088, 0.021927829831838608], weights: [-5.546485  -7.6729274 -4.611416 ], time: 0.0465s
Iteration 13250: total loss -13.5157, losses: [0.007144813891500235, 0.00015909498324617743, 0.02192317508161068], weights: [-5.524741  -7.702227  -4.5878882], time: 0.0471s
Iteration 13500: total loss -13.5909, losses: [0.0071296896785497665, 0.00015385790902655572, 0.02194148302078247], weights: [-5.5032845 -7.7310896 -4.5647182], time: 0.0480s
Iteration 13750: total loss -13.6594, losses: [0.0071134320460259914, 0.00015000789426267147, 0.021972479298710823], weights: [-5.482127  -7.7595    -4.5419044], time: 0.0497s
Early stopping after 13860 iterations: no improvement greater than 1e-05 for 300 evaluations.
{
  "u": {
    "rmse": 0.17300945176253624,
    "mae": 0.10723600903667774,
    "maximum_absolute": 0.9393085624791633,
    "relative_l2": 0.2978786045451492
  },
  "v": {
    "rmse": 0.2023427839306109,
    "mae": 0.09670424561549103,
    "maximum_absolute": 1.674448441916442,
    "relative_l2": 0.4241578725895284
  }
}
Plot with: python -m utils.plot_pinn_results --run-directory /home/esterci/Repositorios/ppgmc/Evolutionary_Algorithms/work_4/studies/loss_weight_study_1789504965024236359/runs/seed_2029_pinn/1789508511774979692
