Artifacts: /home/thiago.esterci/Repositories/Evolutionary_Algorithms/work_4/studies/loss_weight_study_1789563353185616928/runs/seed_2034_de/1789569734496611467
DE: 400 generations, 32 individuals, 12832 fitness evaluations, 197 parameters; then 16168 Adam epochs.
DE generation 0: best fitness 505.90646, fixed reference 0.58067326, accepted 0/32, evaluations 32
DE generation 10: best fitness 370.33356, fixed reference 0.38339471, accepted 5/32, evaluations 352
DE generation 20: best fitness 305.70795, fixed reference 0.52723112, accepted 7/32, evaluations 672
DE generation 30: best fitness 198.12628, fixed reference 0.51724128, accepted 2/32, evaluations 992
DE generation 40: best fitness 148.96957, fixed reference 0.35565622, accepted 4/32, evaluations 1312
DE generation 50: best fitness 109.24756, fixed reference 0.34052921, accepted 2/32, evaluations 1632
DE generation 60: best fitness 82.129486, fixed reference 0.51070172, accepted 2/32, evaluations 1952
DE generation 70: best fitness 82.129486, fixed reference 0.51070172, accepted 2/32, evaluations 2272
DE generation 80: best fitness 82.129486, fixed reference 0.51070172, accepted 1/32, evaluations 2592
DE generation 90: best fitness 65.529984, fixed reference 0.39453739, accepted 1/32, evaluations 2912
DE generation 100: best fitness 58.767662, fixed reference 0.41588904, accepted 4/32, evaluations 3232
DE generation 110: best fitness 58.767662, fixed reference 0.41588904, accepted 1/32, evaluations 3552
DE generation 120: best fitness 24.18343, fixed reference 1.0044307, accepted 1/32, evaluations 3872
DE generation 130: best fitness 22.552198, fixed reference 1.0535691, accepted 2/32, evaluations 4192
DE generation 140: best fitness 12.353472, fixed reference 0.98218323, accepted 4/32, evaluations 4512
DE generation 150: best fitness 1.4944174, fixed reference 0.7651803, accepted 3/32, evaluations 4832
DE generation 160: best fitness 1.4944174, fixed reference 0.7651803, accepted 3/32, evaluations 5152
DE generation 170: best fitness 0.23805368, fixed reference 0.72781464, accepted 1/32, evaluations 5472
DE generation 180: best fitness -0.1300267, fixed reference 0.72853398, accepted 2/32, evaluations 5792
DE generation 190: best fitness -0.1300267, fixed reference 0.72853398, accepted 2/32, evaluations 6112
DE generation 200: best fitness -2.1994815, fixed reference 0.61103993, accepted 2/32, evaluations 6432
DE generation 210: best fitness -2.1994815, fixed reference 0.61103993, accepted 3/32, evaluations 6752
DE generation 220: best fitness -2.1994815, fixed reference 0.61103993, accepted 4/32, evaluations 7072
DE generation 230: best fitness -2.1994815, fixed reference 0.61103993, accepted 3/32, evaluations 7392
DE generation 240: best fitness -2.1994815, fixed reference 0.61103993, accepted 3/32, evaluations 7712
DE generation 250: best fitness -2.1994815, fixed reference 0.61103993, accepted 2/32, evaluations 8032
DE generation 260: best fitness -2.1994815, fixed reference 0.61103993, accepted 4/32, evaluations 8352
DE generation 270: best fitness -2.1994815, fixed reference 0.61103993, accepted 3/32, evaluations 8672
DE generation 280: best fitness -2.1994815, fixed reference 0.61103993, accepted 3/32, evaluations 8992
DE generation 290: best fitness -2.1994815, fixed reference 0.61103993, accepted 1/32, evaluations 9312
DE generation 300: best fitness -2.2312145, fixed reference 0.49791947, accepted 2/32, evaluations 9632
DE generation 310: best fitness -2.2312145, fixed reference 0.49791947, accepted 1/32, evaluations 9952
DE generation 320: best fitness -2.2312145, fixed reference 0.49791947, accepted 0/32, evaluations 10272
DE generation 330: best fitness -2.2312145, fixed reference 0.49791947, accepted 2/32, evaluations 10592
DE generation 340: best fitness -2.2312145, fixed reference 0.49791947, accepted 2/32, evaluations 10912
DE generation 350: best fitness -2.2312145, fixed reference 0.49791947, accepted 2/32, evaluations 11232
DE generation 360: best fitness -2.2312145, fixed reference 0.49791947, accepted 0/32, evaluations 11552
DE generation 370: best fitness -2.2312145, fixed reference 0.49791947, accepted 0/32, evaluations 11872
DE generation 380: best fitness -2.2312145, fixed reference 0.49791947, accepted 3/32, evaluations 12192
DE generation 390: best fitness -2.2312145, fixed reference 0.49791947, accepted 0/32, evaluations 12512
DE generation 400: best fitness -2.6645041, fixed reference 0.51845139, accepted 1/32, evaluations 12832
DE best fitness: -2.6645041; starting Adam.
Iteration 0: total loss -2.6645, losses: [0.3214746415615082, 0.04884040355682373, 0.14813634753227234], weights: [-1.7713062 -3.0847452 -2.4016914], time: 0.0341s
Iteration 250: total loss -5.6402, losses: [0.2459755539894104, 0.0029831340070813894, 0.00963621400296688], weights: [-1.7713062 -3.0847452 -2.4016914], time: 0.0108s
Iteration 500: total loss -5.7503, losses: [0.24568991363048553, 0.0013910362031310797, 0.0029643927700817585], weights: [-1.7713062 -3.0847452 -2.4016914], time: 0.0107s
Iteration 750: total loss -5.7790, losses: [0.24514344334602356, 0.0009157579042948782, 0.0015961929457262158], weights: [-1.7713062 -3.0847452 -2.4016914], time: 0.0108s
Iteration 1000: total loss -5.7931, losses: [0.24431104958057404, 0.00073448900366202, 0.0011238305596634746], weights: [-1.7713062 -3.0847452 -2.4016914], time: 0.0115s
Iteration 1250: total loss -5.8025, losses: [0.24337022006511688, 0.0006695226766169071, 0.0008990971837192774], weights: [-1.7713062 -3.0847452 -2.4016914], time: 0.0107s
Iteration 1500: total loss -5.8099, losses: [0.24237118661403656, 0.0006598812760785222, 0.0007783453911542892], weights: [-1.7713062 -3.0847452 -2.4016914], time: 0.0109s
Iteration 1750: total loss -5.8166, losses: [0.24128736555576324, 0.0006797336973249912, 0.0007169765885919333], weights: [-1.7713062 -3.0847452 -2.4016914], time: 0.0107s
Iteration 2000: total loss -5.8232, losses: [0.24004656076431274, 0.0007184052956290543, 0.0006986735388636589], weights: [-1.7713062 -3.0847452 -2.4016914], time: 0.0107s
Iteration 2250: total loss -5.8307, losses: [0.23852981626987457, 0.0007739907596260309, 0.0007197402883321047], weights: [-1.7713062 -3.0847452 -2.4016914], time: 0.0106s
Iteration 2500: total loss -5.8398, losses: [0.236565962433815, 0.0008499011164531112, 0.0007863581413403153], weights: [-1.7713062 -3.0847452 -2.4016914], time: 0.0108s
Iteration 2750: total loss -5.8516, losses: [0.23393966257572174, 0.0009516027057543397, 0.0009151689591817558], weights: [-1.7713062 -3.0847452 -2.4016914], time: 0.0108s
Iteration 3000: total loss -5.8671, losses: [0.23042148351669312, 0.0010820480529218912, 0.0011296635493636131], weights: [-1.7713062 -3.0847452 -2.4016914], time: 0.0108s
Iteration 3250: total loss -5.8875, losses: [0.2257637232542038, 0.001237761927768588, 0.00145421689376235], weights: [-1.7713062 -3.0847452 -2.4016914], time: 0.0107s
Iteration 3500: total loss -5.9138, losses: [0.21966783702373505, 0.0014259092276915908, 0.0019378651631996036], weights: [-1.7713062 -3.0847452 -2.4016914], time: 0.0107s
Iteration 3750: total loss -5.9453, losses: [0.21212197840213776, 0.0016650508623570204, 0.002637153258547187], weights: [-1.7713062 -3.0847452 -2.4016914], time: 0.0107s
Iteration 4000: total loss -5.9787, losses: [0.20380669832229614, 0.0019471090054139495, 0.003480177838355303], weights: [-1.7713062 -3.0847452 -2.4016914], time: 0.0107s
Iteration 4250: total loss -6.0112, losses: [0.19557349383831024, 0.002251490717753768, 0.004312700126320124], weights: [-1.7713062 -3.0847452 -2.4016914], time: 0.0111s
Iteration 4500: total loss -6.0421, losses: [0.18783709406852722, 0.002540154382586479, 0.005067481659352779], weights: [-1.7713062 -3.0847452 -2.4016914], time: 0.0107s
Iteration 4750: total loss -6.0721, losses: [0.18069124221801758, 0.0027625474613159895, 0.005707466509193182], weights: [-1.7713062 -3.0847452 -2.4016914], time: 0.0108s
Iteration 5000: total loss -6.1018, losses: [0.17400915920734406, 0.002932189730927348, 0.006239078938961029], weights: [-1.7713062 -3.0847452 -2.4016914], time: 0.0107s
Iteration 5250: total loss -6.1305, losses: [0.16775929927825928, 0.0030708415433764458, 0.0066933403722941875], weights: [-1.7713062 -3.0847452 -2.4016914], time: 0.0107s
Iteration 5500: total loss -6.1572, losses: [0.16220307350158691, 0.0031484831124544144, 0.0070829130709171295], weights: [-1.7713062 -3.0847452 -2.4016914], time: 0.0107s
Iteration 5750: total loss -6.1816, losses: [0.15736174583435059, 0.003158165607601404, 0.007433892227709293], weights: [-1.7713062 -3.0847452 -2.4016914], time: 0.0107s
Iteration 6000: total loss -6.2041, losses: [0.153019517660141, 0.003125131595879793, 0.007770499214529991], weights: [-1.7713062 -3.0847452 -2.4016914], time: 0.0108s
Iteration 6250: total loss -6.2257, losses: [0.1489933878183365, 0.0030583248008042574, 0.00809002947062254], weights: [-1.7713062 -3.0847452 -2.4016914], time: 0.0110s
Iteration 6500: total loss -6.2473, losses: [0.14513982832431793, 0.0029617638792842627, 0.008378718048334122], weights: [-1.7713062 -3.0847452 -2.4016914], time: 0.0107s
Iteration 6750: total loss -6.2693, losses: [0.14130601286888123, 0.0028453399427235126, 0.008657008409500122], weights: [-1.7713062 -3.0847452 -2.4016914], time: 0.0107s
Iteration 7000: total loss -6.2911, losses: [0.13743215799331665, 0.002730616368353367, 0.008966072462499142], weights: [-1.7713062 -3.0847452 -2.4016914], time: 0.0107s
Iteration 7250: total loss -6.3121, losses: [0.13353481888771057, 0.002656712895259261, 0.009293848648667336], weights: [-1.7713062 -3.0847452 -2.4016914], time: 0.0108s
Iteration 7500: total loss -6.3326, losses: [0.12958434224128723, 0.0026279103476554155, 0.009590761736035347], weights: [-1.7713062 -3.0847452 -2.4016914], time: 0.0108s
Iteration 7750: total loss -6.3519, losses: [0.12578725814819336, 0.0026158872060477734, 0.009887085296213627], weights: [-1.7713062 -3.0847452 -2.4016914], time: 0.0108s
Iteration 8000: total loss -6.3689, losses: [0.12240788340568542, 0.0026096818037331104, 0.010165308602154255], weights: [-1.7713062 -3.0847452 -2.4016914], time: 0.0108s
Iteration 8250: total loss -6.3835, losses: [0.11942118406295776, 0.0025946826208382845, 0.010456588119268417], weights: [-1.7713062 -3.0847452 -2.4016914], time: 0.0108s
Iteration 8500: total loss -6.3961, losses: [0.116850845515728, 0.0025570420548319817, 0.010758072137832642], weights: [-1.7713062 -3.0847452 -2.4016914], time: 0.0107s
Iteration 8750: total loss -6.4076, losses: [0.11465167999267578, 0.0024826964363455772, 0.011039541102945805], weights: [-1.7713062 -3.0847452 -2.4016914], time: 0.0107s
Iteration 9000: total loss -6.4188, losses: [0.11265290528535843, 0.0023770222906023264, 0.011299698613584042], weights: [-1.7713062 -3.0847452 -2.4016914], time: 0.0107s
Iteration 9250: total loss -6.4304, losses: [0.11060544103384018, 0.002263745293021202, 0.011561432853341103], weights: [-1.7713062 -3.0847452 -2.4016914], time: 0.0108s
Iteration 9500: total loss -6.4422, losses: [0.10841193795204163, 0.002172692446038127, 0.011837227270007133], weights: [-1.7713062 -3.0847452 -2.4016914], time: 0.0108s
Iteration 9750: total loss -6.4535, losses: [0.10625072568655014, 0.0021064940374344587, 0.01210106909275055], weights: [-1.7713062 -3.0847452 -2.4016914], time: 0.0108s
Iteration 10000: total loss -6.4638, losses: [0.10422585904598236, 0.0020520309917628765, 0.012352910824120045], weights: [-1.7713062 -3.0847452 -2.4016914], time: 0.0107s
Iteration 10250: total loss -6.4729, losses: [0.10239588469266891, 0.0020082725677639246, 0.012584373354911804], weights: [-1.7713062 -3.0847452 -2.4016914], time: 0.0107s
Iteration 10500: total loss -6.4808, losses: [0.10081247985363007, 0.001969217322766781, 0.012796147726476192], weights: [-1.7713062 -3.0847452 -2.4016914], time: 0.0107s
Iteration 10750: total loss -6.4875, losses: [0.09949652850627899, 0.001926769851706922, 0.012969298288226128], weights: [-1.7713062 -3.0847452 -2.4016914], time: 0.0107s
Iteration 11000: total loss -6.4938, losses: [0.09836076200008392, 0.001874346169643104, 0.013109451159834862], weights: [-1.7713062 -3.0847452 -2.4016914], time: 0.0107s
Iteration 11250: total loss -6.5000, losses: [0.0972856655716896, 0.001817842130549252, 0.013236078433692455], weights: [-1.7713062 -3.0847452 -2.4016914], time: 0.0108s
Iteration 11500: total loss -6.5059, losses: [0.09622938930988312, 0.0017697402508929372, 0.013357909396290779], weights: [-1.7713062 -3.0847452 -2.4016914], time: 0.0109s
Iteration 11750: total loss -6.5113, losses: [0.09521450847387314, 0.0017330627888441086, 0.013482052832841873], weights: [-1.7713062 -3.0847452 -2.4016914], time: 0.0110s
Iteration 12000: total loss -6.5163, losses: [0.09426652640104294, 0.0016961426008492708, 0.013608257286250591], weights: [-1.7713062 -3.0847452 -2.4016914], time: 0.0112s
Iteration 12250: total loss -6.5213, losses: [0.09336962550878525, 0.0016434567514806986, 0.01373335812240839], weights: [-1.7713062 -3.0847452 -2.4016914], time: 0.0105s
Iteration 12500: total loss -6.5273, losses: [0.09239879995584488, 0.0015516069252043962, 0.013884665444493294], weights: [-1.7713062 -3.0847452 -2.4016914], time: 0.0108s
Iteration 12750: total loss -6.5344, losses: [0.0912877544760704, 0.0014455864438787103, 0.014046096242964268], weights: [-1.7713062 -3.0847452 -2.4016914], time: 0.0107s
Iteration 13000: total loss -6.5413, losses: [0.0901307761669159, 0.0013731091748923063, 0.014177946373820305], weights: [-1.7713062 -3.0847452 -2.4016914], time: 0.0108s
Iteration 13250: total loss -6.5475, losses: [0.08901932090520859, 0.001331569510512054, 0.01429638173431158], weights: [-1.7713062 -3.0847452 -2.4016914], time: 0.0110s
Iteration 13500: total loss -6.5527, losses: [0.08803694695234299, 0.00130363367497921, 0.014401020482182503], weights: [-1.7713062 -3.0847452 -2.4016914], time: 0.0110s
Iteration 13750: total loss -6.5573, losses: [0.08718417584896088, 0.0012823588913306594, 0.014483404345810413], weights: [-1.7713062 -3.0847452 -2.4016914], time: 0.0110s
Iteration 14000: total loss -6.5615, losses: [0.08643773943185806, 0.0012677839258685708, 0.014527966268360615], weights: [-1.7713062 -3.0847452 -2.4016914], time: 0.0107s
Iteration 14250: total loss -6.5655, losses: [0.08572210371494293, 0.001256341114640236, 0.014565221033990383], weights: [-1.7713062 -3.0847452 -2.4016914], time: 0.0107s
Iteration 14500: total loss -6.5694, losses: [0.08502929657697678, 0.001247616484761238, 0.014598505571484566], weights: [-1.7713062 -3.0847452 -2.4016914], time: 0.0107s
Iteration 14750: total loss -6.5731, losses: [0.08436855673789978, 0.0012419815175235271, 0.014629892073571682], weights: [-1.7713062 -3.0847452 -2.4016914], time: 0.0108s
Iteration 15000: total loss -6.5764, losses: [0.08374638855457306, 0.00123824761249125, 0.01467099878937006], weights: [-1.7713062 -3.0847452 -2.4016914], time: 0.0108s
Iteration 15250: total loss -6.5792, losses: [0.08318372070789337, 0.0012359191896393895, 0.014717187732458115], weights: [-1.7713062 -3.0847452 -2.4016914], time: 0.0107s
Iteration 15500: total loss -6.5816, losses: [0.08268953859806061, 0.0012347311712801456, 0.014765342697501183], weights: [-1.7713062 -3.0847452 -2.4016914], time: 0.0108s
Iteration 15750: total loss -6.5836, losses: [0.08226726949214935, 0.0012344677234068513, 0.014811329543590546], weights: [-1.7713062 -3.0847452 -2.4016914], time: 0.0107s
Iteration 16000: total loss -6.5852, losses: [0.08191181719303131, 0.001235082745552063, 0.01485256664454937], weights: [-1.7713062 -3.0847452 -2.4016914], time: 0.0106s
{
  "u": {
    "rmse": 0.2688789834159412,
    "mae": 0.19605564468571995,
    "maximum_absolute": 1.3579132272730972,
    "relative_l2": 0.4629417384744436
  },
  "v": {
    "rmse": 0.2987798353325909,
    "mae": 0.21244299920089077,
    "maximum_absolute": 1.6429146045980216,
    "relative_l2": 0.6263125220753146
  }
}
Plot with: python -m utils.plot_pinn_results --run-directory /home/thiago.esterci/Repositories/Evolutionary_Algorithms/work_4/studies/loss_weight_study_1789563353185616928/runs/seed_2034_de/1789569734496611467
