Artifacts: /home/thiago.esterci/Repositories/Evolutionary_Algorithms/work_4/studies/loss_weight_study_1789563353185616928/runs/seed_2029_none/1789564774197832972
DE: 400 generations, 32 individuals, 12832 fitness evaluations, 194 parameters; then 16168 Adam epochs.
DE generation 0: best fitness 660.44672, fixed reference 660.44669, accepted 0/32, evaluations 32
DE generation 10: best fitness 413.2601, fixed reference 413.26009, accepted 4/32, evaluations 352
DE generation 20: best fitness 291.93301, fixed reference 291.933, accepted 0/32, evaluations 672
DE generation 30: best fitness 291.93301, fixed reference 291.933, accepted 1/32, evaluations 992
DE generation 40: best fitness 291.93301, fixed reference 291.933, accepted 2/32, evaluations 1312
DE generation 50: best fitness 291.93301, fixed reference 291.933, accepted 1/32, evaluations 1632
DE generation 60: best fitness 291.93301, fixed reference 291.933, accepted 0/32, evaluations 1952
DE generation 70: best fitness 291.93301, fixed reference 291.933, accepted 1/32, evaluations 2272
DE generation 80: best fitness 291.93301, fixed reference 291.933, accepted 1/32, evaluations 2592
DE generation 90: best fitness 291.93301, fixed reference 291.933, accepted 0/32, evaluations 2912
DE generation 100: best fitness 291.93301, fixed reference 291.933, accepted 1/32, evaluations 3232
DE generation 110: best fitness 291.93301, fixed reference 291.933, accepted 0/32, evaluations 3552
DE generation 120: best fitness 286.72141, fixed reference 286.7214, accepted 0/32, evaluations 3872
DE generation 130: best fitness 286.72141, fixed reference 286.7214, accepted 1/32, evaluations 4192
DE generation 140: best fitness 286.72141, fixed reference 286.7214, accepted 1/32, evaluations 4512
DE generation 150: best fitness 273.91415, fixed reference 273.91415, accepted 0/32, evaluations 4832
DE generation 160: best fitness 273.91415, fixed reference 273.91415, accepted 0/32, evaluations 5152
DE generation 170: best fitness 273.91415, fixed reference 273.91415, accepted 0/32, evaluations 5472
DE generation 180: best fitness 271.88232, fixed reference 271.88233, accepted 1/32, evaluations 5792
DE generation 190: best fitness 271.88232, fixed reference 271.88233, accepted 1/32, evaluations 6112
DE generation 200: best fitness 271.88232, fixed reference 271.88233, accepted 0/32, evaluations 6432
DE generation 210: best fitness 269.09848, fixed reference 269.09848, accepted 0/32, evaluations 6752
DE generation 220: best fitness 268.28183, fixed reference 268.28183, accepted 0/32, evaluations 7072
DE generation 230: best fitness 268.28183, fixed reference 268.28183, accepted 1/32, evaluations 7392
DE generation 240: best fitness 267.53125, fixed reference 267.53124, accepted 0/32, evaluations 7712
DE generation 250: best fitness 265.51266, fixed reference 265.51266, accepted 0/32, evaluations 8032
DE generation 260: best fitness 265.51266, fixed reference 265.51266, accepted 0/32, evaluations 8352
DE generation 270: best fitness 264.38318, fixed reference 264.38318, accepted 0/32, evaluations 8672
DE generation 280: best fitness 263.7554, fixed reference 263.7554, accepted 0/32, evaluations 8992
DE generation 290: best fitness 263.7554, fixed reference 263.7554, accepted 0/32, evaluations 9312
DE generation 300: best fitness 263.7554, fixed reference 263.7554, accepted 0/32, evaluations 9632
DE generation 310: best fitness 263.42477, fixed reference 263.42476, accepted 0/32, evaluations 9952
DE generation 320: best fitness 261.4274, fixed reference 261.4274, accepted 1/32, evaluations 10272
DE generation 330: best fitness 261.4274, fixed reference 261.4274, accepted 0/32, evaluations 10592
DE generation 340: best fitness 261.4274, fixed reference 261.4274, accepted 0/32, evaluations 10912
DE generation 350: best fitness 261.4274, fixed reference 261.4274, accepted 0/32, evaluations 11232
DE generation 360: best fitness 261.4274, fixed reference 261.4274, accepted 0/32, evaluations 11552
DE generation 370: best fitness 261.4274, fixed reference 261.4274, accepted 0/32, evaluations 11872
DE generation 380: best fitness 261.4274, fixed reference 261.4274, accepted 0/32, evaluations 12192
DE generation 390: best fitness 261.4274, fixed reference 261.4274, accepted 0/32, evaluations 12512
DE generation 400: best fitness 261.4274, fixed reference 261.4274, accepted 0/32, evaluations 12832
DE best fitness: 261.4274; starting Adam.
Iteration 0: total loss 261.42739868, losses: [251.63681030273438, 3.9629428386688232, 5.827650547027588], time: 0.0501s
Iteration 250: total loss 246.55107117, losses: [244.1327362060547, 2.1924095153808594, 0.2259216010570526], time: 0.0110s
Iteration 500: total loss 243.50126648, losses: [238.8168182373047, 4.488313674926758, 0.19614148139953613], time: 0.0106s
Iteration 750: total loss 237.47206116, losses: [231.73135375976562, 5.368364334106445, 0.37234294414520264], time: 0.0106s
Iteration 1000: total loss 220.89883423, losses: [210.89932250976562, 8.402195930480957, 1.597322702407837], time: 0.0105s
Iteration 1250: total loss 202.24586487, losses: [182.7852783203125, 14.467037200927734, 4.993544101715088], time: 0.0106s
Iteration 1500: total loss 184.58027649, losses: [160.36077880859375, 16.580224990844727, 7.639267444610596], time: 0.0107s
Iteration 1750: total loss 167.64865112, losses: [140.7111358642578, 16.92276954650879, 10.014744758605957], time: 0.0106s
Iteration 2000: total loss 153.09541321, losses: [124.42317962646484, 15.469001770019531, 13.203225135803223], time: 0.0106s
Iteration 2250: total loss 141.55149841, losses: [112.01160430908203, 12.970191955566406, 16.569700241088867], time: 0.0106s
Iteration 2500: total loss 132.48855591, losses: [102.22083282470703, 11.157873153686523, 19.109840393066406], time: 0.0106s
Iteration 2750: total loss 126.38027954, losses: [94.82087707519531, 10.665488243103027, 20.893917083740234], time: 0.0106s
Iteration 3000: total loss 122.46028900, losses: [89.65083312988281, 10.528268814086914, 22.28118896484375], time: 0.0107s
Iteration 3250: total loss 119.58691406, losses: [85.94204711914062, 10.367636680603027, 23.277225494384766], time: 0.0106s
Iteration 3500: total loss 116.77712250, losses: [82.847900390625, 10.12004280090332, 23.809179306030273], time: 0.0110s
Iteration 3750: total loss 113.80161285, losses: [79.99898529052734, 9.793424606323242, 24.009201049804688], time: 0.0106s
Iteration 4000: total loss 110.96697998, losses: [77.339111328125, 9.446996688842773, 24.18086814880371], time: 0.0105s
Iteration 4250: total loss 108.51779938, losses: [74.84071350097656, 9.143231391906738, 24.533851623535156], time: 0.0106s
Iteration 4500: total loss 106.54003143, losses: [72.52059936523438, 8.869210243225098, 25.150222778320312], time: 0.0105s
Iteration 4750: total loss 104.96009827, losses: [70.48432159423828, 8.587352752685547, 25.888427734375], time: 0.0106s
Iteration 5000: total loss 103.62610626, losses: [68.78401947021484, 8.270325660705566, 26.571762084960938], time: 0.0106s
Iteration 5250: total loss 102.39748383, losses: [67.35643768310547, 7.936232566833496, 27.104812622070312], time: 0.0106s
Iteration 5500: total loss 101.18965912, losses: [66.11194610595703, 7.64657735824585, 27.431135177612305], time: 0.0106s
Iteration 5750: total loss 99.95243835, losses: [64.9481201171875, 7.429474353790283, 27.57484245300293], time: 0.0106s
Iteration 6000: total loss 98.84960938, losses: [63.9974250793457, 7.2555694580078125, 27.596620559692383], time: 0.0105s
Iteration 6250: total loss 97.92626190, losses: [63.282230377197266, 7.0981574058532715, 27.545875549316406], time: 0.0105s
Iteration 6500: total loss 97.08092499, losses: [62.69007110595703, 6.946152210235596, 27.4447021484375], time: 0.0106s
Iteration 6750: total loss 96.29016113, losses: [62.1920280456543, 6.7953996658325195, 27.302734375], time: 0.0105s
Iteration 7000: total loss 95.54003143, losses: [61.66414260864258, 6.640383243560791, 27.235506057739258], time: 0.0105s
Iteration 7250: total loss 94.80116272, losses: [61.18061828613281, 6.4922332763671875, 27.128314971923828], time: 0.0106s
Iteration 7500: total loss 94.04536438, losses: [60.66081619262695, 6.348197937011719, 27.036346435546875], time: 0.0107s
Iteration 7750: total loss 93.26089478, losses: [60.109127044677734, 6.2075018882751465, 26.94426727294922], time: 0.0105s
Iteration 8000: total loss 92.46664429, losses: [59.520286560058594, 6.066466808319092, 26.8798885345459], time: 0.0106s
Iteration 8250: total loss 91.69488525, losses: [58.93500518798828, 5.940474510192871, 26.819406509399414], time: 0.0105s
Iteration 8500: total loss 90.94131470, losses: [58.35215377807617, 5.845176696777344, 26.743989944458008], time: 0.0106s
Iteration 8750: total loss 90.15258789, losses: [57.73466491699219, 5.785020351409912, 26.632905960083008], time: 0.0106s
Iteration 9000: total loss 89.21793365, losses: [57.04501724243164, 5.753393173217773, 26.419525146484375], time: 0.0105s
Iteration 9250: total loss 88.22773743, losses: [56.28197479248047, 5.73164701461792, 26.214111328125], time: 0.0105s
Iteration 9500: total loss 87.42814636, losses: [55.5507698059082, 5.723822593688965, 26.15355110168457], time: 0.0106s
Iteration 9750: total loss 86.80648804, losses: [54.92585754394531, 5.715792655944824, 26.164833068847656], time: 0.0105s
Iteration 10000: total loss 86.30780029, losses: [54.401363372802734, 5.69288444519043, 26.213558197021484], time: 0.0107s
Iteration 10250: total loss 85.89788055, losses: [53.96510696411133, 5.653913974761963, 26.278860092163086], time: 0.0105s
Iteration 10500: total loss 85.55555725, losses: [53.590736389160156, 5.606396675109863, 26.358428955078125], time: 0.0105s
Iteration 10750: total loss 85.26641846, losses: [53.25517272949219, 5.5556511878967285, 26.455596923828125], time: 0.0105s
Iteration 11000: total loss 85.01689911, losses: [52.967350006103516, 5.504717826843262, 26.544830322265625], time: 0.0106s
Iteration 11250: total loss 84.79275513, losses: [52.69678497314453, 5.450057506561279, 26.645912170410156], time: 0.0106s
Iteration 11500: total loss 84.58635712, losses: [52.499481201171875, 5.398534774780273, 26.68834114074707], time: 0.0106s
Iteration 11750: total loss 84.39394379, losses: [52.313785552978516, 5.345005512237549, 26.735151290893555], time: 0.0106s
Iteration 12000: total loss 84.21211243, losses: [52.1571044921875, 5.292654037475586, 26.762348175048828], time: 0.0106s
Iteration 12250: total loss 84.03777313, losses: [52.01260757446289, 5.238251686096191, 26.786914825439453], time: 0.0107s
Iteration 12500: total loss 83.86855316, losses: [51.888877868652344, 5.182831287384033, 26.796842575073242], time: 0.0106s
Iteration 12750: total loss 83.70107269, losses: [51.77567672729492, 5.127208232879639, 26.798189163208008], time: 0.0106s
Iteration 13000: total loss 83.53581238, losses: [51.67572784423828, 5.071115016937256, 26.788970947265625], time: 0.0105s
Iteration 13250: total loss 83.37208557, losses: [51.5866584777832, 5.016033172607422, 26.769390106201172], time: 0.0105s
Iteration 13500: total loss 83.21140289, losses: [51.506473541259766, 4.965076923370361, 26.73985481262207], time: 0.0110s
Iteration 13750: total loss 83.05394745, losses: [51.43524932861328, 4.91854190826416, 26.700157165527344], time: 0.0105s
Iteration 14000: total loss 82.90141296, losses: [51.372554779052734, 4.877936840057373, 26.650917053222656], time: 0.0105s
Iteration 14250: total loss 82.75503540, losses: [51.31657028198242, 4.843484401702881, 26.594982147216797], time: 0.0106s
Iteration 14500: total loss 82.61360168, losses: [51.261741638183594, 4.814850330352783, 26.53701400756836], time: 0.0106s
Iteration 14750: total loss 82.47664642, losses: [51.20820617675781, 4.79151725769043, 26.47692108154297], time: 0.0106s
Iteration 15000: total loss 82.34261322, losses: [51.154563903808594, 4.772032737731934, 26.416017532348633], time: 0.0106s
Iteration 15250: total loss 82.21050262, losses: [51.09874725341797, 4.754518985748291, 26.357236862182617], time: 0.0107s
Iteration 15500: total loss 82.07783508, losses: [51.042076110839844, 4.739589214324951, 26.296173095703125], time: 0.0106s
Iteration 15750: total loss 81.94429016, losses: [50.985774993896484, 4.724677085876465, 26.23383331298828], time: 0.0106s
Iteration 16000: total loss 81.80828857, losses: [50.9266471862793, 4.709761619567871, 26.171876907348633], time: 0.0105s
{
  "u": {
    "rmse": 0.23777810770958085,
    "mae": 0.16726699813358456,
    "maximum_absolute": 1.2410534336100723,
    "relative_l2": 0.4093938810529981
  },
  "v": {
    "rmse": 0.2654351375856247,
    "mae": 0.17215018695010534,
    "maximum_absolute": 1.6908017212686302,
    "relative_l2": 0.5564142248207694
  }
}
Plot with: python -m utils.plot_pinn_results --run-directory /home/thiago.esterci/Repositories/Evolutionary_Algorithms/work_4/studies/loss_weight_study_1789563353185616928/runs/seed_2029_none/1789564774197832972
