Artifacts: /home/thiago.esterci/Repositories/Evolutionary_Algorithms/work_4/studies/loss_weight_study_1789563353185616928/runs/seed_2036_pinn/1789571623930657989
DE: 400 generations, 32 individuals, 12832 fitness evaluations, 194 parameters; then 16168 Adam epochs.
DE generation 0: best fitness 858.65833, fixed reference 858.65831, accepted 0/32, evaluations 32
DE generation 10: best fitness 402.44995, fixed reference 402.44994, accepted 6/32, evaluations 352
DE generation 20: best fitness 377.60751, fixed reference 377.60752, accepted 1/32, evaluations 672
DE generation 30: best fitness 366.98547, fixed reference 366.98547, accepted 4/32, evaluations 992
DE generation 40: best fitness 320.92252, fixed reference 320.9225, accepted 3/32, evaluations 1312
DE generation 50: best fitness 320.92252, fixed reference 320.9225, accepted 1/32, evaluations 1632
DE generation 60: best fitness 306.66095, fixed reference 306.66095, accepted 2/32, evaluations 1952
DE generation 70: best fitness 300.24902, fixed reference 300.24902, accepted 1/32, evaluations 2272
DE generation 80: best fitness 300.24902, fixed reference 300.24902, accepted 0/32, evaluations 2592
DE generation 90: best fitness 300.1665, fixed reference 300.16651, accepted 2/32, evaluations 2912
DE generation 100: best fitness 298.29083, fixed reference 298.29084, accepted 0/32, evaluations 3232
DE generation 110: best fitness 295.37881, fixed reference 295.37882, accepted 0/32, evaluations 3552
DE generation 120: best fitness 295.37881, fixed reference 295.37882, accepted 1/32, evaluations 3872
DE generation 130: best fitness 289.45267, fixed reference 289.45268, accepted 0/32, evaluations 4192
DE generation 140: best fitness 289.45267, fixed reference 289.45268, accepted 0/32, evaluations 4512
DE generation 150: best fitness 273.38797, fixed reference 273.38797, accepted 1/32, evaluations 4832
DE generation 160: best fitness 273.38797, fixed reference 273.38797, accepted 0/32, evaluations 5152
DE generation 170: best fitness 273.38797, fixed reference 273.38797, accepted 0/32, evaluations 5472
DE generation 180: best fitness 273.38797, fixed reference 273.38797, accepted 1/32, evaluations 5792
DE generation 190: best fitness 273.38797, fixed reference 273.38797, accepted 1/32, evaluations 6112
DE generation 200: best fitness 273.38797, fixed reference 273.38797, accepted 1/32, evaluations 6432
DE generation 210: best fitness 273.25784, fixed reference 273.25784, accepted 0/32, evaluations 6752
DE generation 220: best fitness 271.19238, fixed reference 271.19239, accepted 0/32, evaluations 7072
DE generation 230: best fitness 271.18158, fixed reference 271.18159, accepted 1/32, evaluations 7392
DE generation 240: best fitness 267.17606, fixed reference 267.17606, accepted 0/32, evaluations 7712
DE generation 250: best fitness 267.17606, fixed reference 267.17606, accepted 0/32, evaluations 8032
DE generation 260: best fitness 267.17606, fixed reference 267.17606, accepted 0/32, evaluations 8352
DE generation 270: best fitness 267.17606, fixed reference 267.17606, accepted 1/32, evaluations 8672
DE generation 280: best fitness 263.79309, fixed reference 263.7931, accepted 0/32, evaluations 8992
DE generation 290: best fitness 263.79309, fixed reference 263.7931, accepted 1/32, evaluations 9312
DE generation 300: best fitness 263.79309, fixed reference 263.7931, accepted 0/32, evaluations 9632
DE generation 310: best fitness 263.79309, fixed reference 263.7931, accepted 1/32, evaluations 9952
DE generation 320: best fitness 263.79309, fixed reference 263.7931, accepted 0/32, evaluations 10272
DE generation 330: best fitness 263.79309, fixed reference 263.7931, accepted 1/32, evaluations 10592
DE generation 340: best fitness 263.79309, fixed reference 263.7931, accepted 0/32, evaluations 10912
DE generation 350: best fitness 263.79309, fixed reference 263.7931, accepted 0/32, evaluations 11232
DE generation 360: best fitness 263.79309, fixed reference 263.7931, accepted 0/32, evaluations 11552
DE generation 370: best fitness 263.79309, fixed reference 263.7931, accepted 0/32, evaluations 11872
DE generation 380: best fitness 263.79309, fixed reference 263.7931, accepted 0/32, evaluations 12192
DE generation 390: best fitness 263.79309, fixed reference 263.7931, accepted 0/32, evaluations 12512
DE generation 400: best fitness 263.79309, fixed reference 263.7931, accepted 0/32, evaluations 12832
DE best fitness: 263.79309; starting Adam.
Iteration 0: total loss 243.0699, losses: [0.2511100172996521, 0.006921910680830479, 0.005761175416409969], weights: [-6.9067554 -6.9067554 -6.9067554], time: 0.0360s
Iteration 250: total loss 194.1657, losses: [0.24480344355106354, 0.0016548805870115757, 0.0003261584497522563], weights: [-6.7671814 -6.850004  -6.898562 ], time: 0.0112s
Iteration 500: total loss 171.2214, losses: [0.23989346623420715, 0.0037163780070841312, 0.0002521368151064962], weights: [-6.6646633 -6.735001  -6.969958 ], time: 0.0110s
Iteration 750: total loss 152.4924, losses: [0.23369111120700836, 0.0060308026149868965, 0.0003003177116625011], weights: [-6.5773783 -6.581922  -7.046548 ], time: 0.0112s
Iteration 1000: total loss 135.7714, losses: [0.22426971793174744, 0.009118538349866867, 0.0006686522392556071], weights: [-6.5006413 -6.435136  -7.0986905], time: 0.0110s
Iteration 1250: total loss 119.3101, losses: [0.21064393222332, 0.011962337419390678, 0.0013429666869342327], weights: [-6.432458  -6.303574  -7.0789847], time: 0.0112s
Iteration 1500: total loss 101.6161, losses: [0.19042202830314636, 0.014194856397807598, 0.002589589450508356], weights: [-6.3722773 -6.188294  -6.95748  ], time: 0.0110s
Iteration 1750: total loss 84.0823, losses: [0.16617174446582794, 0.015155266039073467, 0.004758281167596579], weights: [-6.3200793 -6.090812  -6.7926345], time: 0.0110s
Iteration 2000: total loss 70.8994, losses: [0.14518582820892334, 0.016779404133558273, 0.007731464225798845], weights: [-6.274797 -6.004476 -6.637892], time: 0.0110s
Iteration 2250: total loss 61.5311, losses: [0.12980027496814728, 0.018231892958283424, 0.010734345763921738], weights: [-6.2343426 -5.9235725 -6.504308 ], time: 0.0110s
Iteration 2500: total loss 54.1571, losses: [0.11794425547122955, 0.018998658284544945, 0.013498757965862751], weights: [-6.19711   -5.849059  -6.3895926], time: 0.0110s
Iteration 2750: total loss 48.1032, losses: [0.10827161371707916, 0.01949654147028923, 0.016028398647904396], weights: [-6.1621985 -5.7811766 -6.2890058], time: 0.0112s
Iteration 3000: total loss 43.1763, losses: [0.10038001090288162, 0.0200639721006155, 0.01835285872220993], weights: [-6.1290145 -5.7180734 -6.1989555], time: 0.0110s
Iteration 3250: total loss 39.1080, losses: [0.09399718046188354, 0.020456932485103607, 0.02054978534579277], weights: [-6.0970707 -5.658727  -6.116889 ], time: 0.0112s
Iteration 3500: total loss 35.6500, losses: [0.08877791464328766, 0.020631833001971245, 0.022594979032874107], weights: [-6.065977  -5.602962  -6.0410786], time: 0.0110s
Iteration 3750: total loss 32.6418, losses: [0.08443047106266022, 0.020748775452375412, 0.024406516924500465], weights: [-6.0354514 -5.5503964 -5.9705386], time: 0.0110s
Iteration 4000: total loss 29.9871, losses: [0.08077577501535416, 0.02089868299663067, 0.02594401128590107], weights: [-6.0052905 -5.500397  -5.904662 ], time: 0.0110s
Iteration 4250: total loss 27.5813, losses: [0.07763306051492691, 0.02102740854024887, 0.027214225381612778], weights: [-5.97533  -5.452453 -5.842941], time: 0.0110s
Iteration 4500: total loss 25.3059, losses: [0.0747971311211586, 0.02093528024852276, 0.02826797217130661], weights: [-5.945497 -5.40651  -5.784887], time: 0.0110s
Iteration 4750: total loss 23.1268, losses: [0.07212375104427338, 0.020559221506118774, 0.029217220842838287], weights: [-5.9157605 -5.3629446 -5.7299643], time: 0.0110s
Iteration 5000: total loss 21.1353, losses: [0.06963344663381577, 0.020195748656988144, 0.030153458938002586], weights: [-5.8861322 -5.321718  -5.6775975], time: 0.0110s
Iteration 5250: total loss 19.3796, losses: [0.06742534041404724, 0.019951216876506805, 0.03111731819808483], weights: [-5.8565683 -5.2822657 -5.6272826], time: 0.0112s
Iteration 5500: total loss 17.8281, losses: [0.06550779193639755, 0.019795792177319527, 0.032086584717035294], weights: [-5.8270044 -5.244108  -5.578653 ], time: 0.0110s
Iteration 5750: total loss 16.4256, losses: [0.0638241395354271, 0.019704151898622513, 0.033000558614730835], weights: [-5.7974405 -5.2069354 -5.531513 ], time: 0.0110s
Iteration 6000: total loss 15.1227, losses: [0.06229202449321747, 0.019646964967250824, 0.03383219987154007], weights: [-5.7678123 -5.170556  -5.485777 ], time: 0.0110s
Iteration 6250: total loss 13.8894, losses: [0.060831692069768906, 0.019605981186032295, 0.0345943346619606], weights: [-5.738129  -5.1348667 -5.4413714], time: 0.0110s
Iteration 6500: total loss 12.7070, losses: [0.05939039960503578, 0.019521037116646767, 0.03532954305410385], weights: [-5.7084503 -5.0998588 -5.398197 ], time: 0.0110s
Iteration 6750: total loss 11.5620, losses: [0.05796398967504501, 0.01927754655480385, 0.03606588765978813], weights: [-5.6788864 -5.065737  -5.3561225], time: 0.0110s
Iteration 7000: total loss 10.4546, losses: [0.05657736212015152, 0.01882348209619522, 0.036812879145145416], weights: [-5.6494246 -5.0329027 -5.3150125], time: 0.0110s
Iteration 7250: total loss 9.4057, losses: [0.05528252571821213, 0.01823042705655098, 0.037551358342170715], weights: [-5.6201124 -5.0016727 -5.2747846], time: 0.0110s
Iteration 7500: total loss 8.4320, losses: [0.05412602797150612, 0.017588719725608826, 0.03825385123491287], weights: [-5.590921  -4.972135  -5.2353983], time: 0.0110s
Iteration 7750: total loss 7.5356, losses: [0.053109269589185715, 0.01695920340716839, 0.038911230862140656], weights: [-5.561834 -4.944206 -5.196826], time: 0.0110s
Iteration 8000: total loss 6.7041, losses: [0.05222067981958389, 0.0163620226085186, 0.03948323056101799], weights: [-5.5328407 -4.917738  -5.15907  ], time: 0.0110s
Iteration 8250: total loss 5.9200, losses: [0.051422376185655594, 0.015786658972501755, 0.039955079555511475], weights: [-5.5038853 -4.8926096 -5.122158 ], time: 0.0110s
Iteration 8500: total loss 5.1739, losses: [0.05070464685559273, 0.015234149061143398, 0.04029245302081108], weights: [-5.4750366 -4.86876   -5.0861063], time: 0.0110s
Iteration 8750: total loss 4.4654, losses: [0.04998903349041939, 0.014715303666889668, 0.04061146453022957], weights: [-5.446288 -4.84612  -5.050899], time: 0.0112s
Iteration 9000: total loss 3.7994, losses: [0.04933485761284828, 0.014249957166612148, 0.04085171967744827], weights: [-5.4176736 -4.8245845 -5.0165024], time: 0.0110s
Iteration 9250: total loss 3.1777, losses: [0.048755452036857605, 0.013831551186740398, 0.041026756167411804], weights: [-5.3892097 -4.8040466 -4.9828835], time: 0.0110s
Iteration 9500: total loss 2.5973, losses: [0.04823675379157066, 0.013446780852973461, 0.04116860032081604], weights: [-5.3608837 -4.7844415 -4.950009 ], time: 0.0110s
Iteration 9750: total loss 2.0538, losses: [0.047786686569452286, 0.0130912559106946, 0.041253700852394104], weights: [-5.332697  -4.7657394 -4.917848 ], time: 0.0110s
Iteration 10000: total loss 1.5430, losses: [0.047390181571245193, 0.01277193333953619, 0.041284311562776566], weights: [-5.304652  -4.7479067 -4.8863716], time: 0.0110s
Iteration 10250: total loss 1.0622, losses: [0.04703136906027794, 0.012486498802900314, 0.04127708449959755], weights: [-5.276786 -4.730901 -4.855556], time: 0.0110s
Iteration 10500: total loss 0.6092, losses: [0.04670418053865433, 0.012234634719789028, 0.041239626705646515], weights: [-5.249079  -4.7146835 -4.825373 ], time: 0.0110s
Iteration 10750: total loss 0.1836, losses: [0.04640818387269974, 0.012010516598820686, 0.041185084730386734], weights: [-5.2215734 -4.699219  -4.795791 ], time: 0.0110s
Iteration 11000: total loss -0.2148, losses: [0.04614504426717758, 0.011809729039669037, 0.04112754389643669], weights: [-5.1942625 -4.6845055 -4.766763 ], time: 0.0112s
Iteration 11250: total loss -0.5861, losses: [0.045901454985141754, 0.011621245183050632, 0.041110146790742874], weights: [-5.1671605 -4.670555  -4.738244 ], time: 0.0110s
Iteration 11500: total loss -0.9315, losses: [0.04570045694708824, 0.011446094140410423, 0.041101519018411636], weights: [-5.1402793 -4.6574225 -4.710182 ], time: 0.0112s
Iteration 11750: total loss -1.2535, losses: [0.04552726075053215, 0.011275062337517738, 0.041125018149614334], weights: [-5.113623 -4.645196 -4.682541], time: 0.0110s
Iteration 12000: total loss -1.5554, losses: [0.045385077595710754, 0.011106991209089756, 0.04115944728255272], weights: [-5.087192  -4.633991  -4.6552835], time: 0.0110s
Iteration 12250: total loss -1.8403, losses: [0.04525061696767807, 0.010932084172964096, 0.04123062267899513], weights: [-5.0609927 -4.6239653 -4.628389 ], time: 0.0110s
Iteration 12500: total loss -2.1112, losses: [0.04513797536492348, 0.010748603381216526, 0.041300218552351], weights: [-5.035034  -4.615343  -4.6018434], time: 0.0110s
Iteration 12750: total loss -2.3701, losses: [0.045035671442747116, 0.010546155273914337, 0.0413828082382679], weights: [-5.009324  -4.6084423 -4.575633 ], time: 0.0110s
Iteration 13000: total loss -2.6190, losses: [0.044944051653146744, 0.010314649902284145, 0.04147540032863617], weights: [-4.9838777 -4.6037183 -4.5497556], time: 0.0110s
Iteration 13250: total loss -2.8602, losses: [0.04484943673014641, 0.010041841305792332, 0.04159453883767128], weights: [-4.9586997 -4.601809  -4.524193 ], time: 0.0110s
Iteration 13500: total loss -3.0960, losses: [0.04477928951382637, 0.009733423590660095, 0.04167715460062027], weights: [-4.9337893 -4.6035194 -4.4989448], time: 0.0110s
Iteration 13750: total loss -3.3263, losses: [0.04472912475466728, 0.009397463873028755, 0.041728366166353226], weights: [-4.909144  -4.6096144 -4.474041 ], time: 0.0110s
Iteration 14000: total loss -3.5495, losses: [0.04471631348133087, 0.009046520106494427, 0.041734278202056885], weights: [-4.884756  -4.6206145 -4.449509 ], time: 0.0110s
Iteration 14250: total loss -3.7651, losses: [0.04475007951259613, 0.008676273748278618, 0.04170401394367218], weights: [-4.860613 -4.636735 -4.425364], time: 0.0112s
Iteration 14500: total loss -3.9747, losses: [0.04482502117753029, 0.00826978962868452, 0.04166103154420853], weights: [-4.836697  -4.657984  -4.4016085], time: 0.0112s
Iteration 14750: total loss -4.1819, losses: [0.04495871812105179, 0.007815040647983551, 0.0415654294192791], weights: [-4.812997  -4.68415   -4.3782415], time: 0.0110s
Iteration 15000: total loss -4.3910, losses: [0.04508627951145172, 0.0072973500937223434, 0.04150081053376198], weights: [-4.7895117 -4.7147384 -4.3552485], time: 0.0110s
Iteration 15250: total loss -4.6002, losses: [0.045188210904598236, 0.006760229356586933, 0.04147154092788696], weights: [-4.766265  -4.7486634 -4.3325996], time: 0.0110s
Iteration 15500: total loss -4.7995, losses: [0.04526356980204582, 0.006282528396695852, 0.041491877287626266], weights: [-4.7432804 -4.7838964 -4.3102508], time: 0.0112s
Iteration 15750: total loss -4.9852, losses: [0.04534038156270981, 0.00588125828653574, 0.041531432420015335], weights: [-4.7205777 -4.8186736 -4.288177 ], time: 0.0110s
Iteration 16000: total loss -5.1592, losses: [0.045427676290273666, 0.005535764154046774, 0.04157644882798195], weights: [-4.69815   -4.8522444 -4.2663665], time: 0.0110s
{
  "u": {
    "rmse": 0.25274470637067276,
    "mae": 0.17738019171130115,
    "maximum_absolute": 1.3460397436152602,
    "relative_l2": 0.435162586048795
  },
  "v": {
    "rmse": 0.2532663434422495,
    "mae": 0.16977497342474399,
    "maximum_absolute": 1.5894294494924308,
    "relative_l2": 0.530905581835982
  }
}
Plot with: python -m utils.plot_pinn_results --run-directory /home/thiago.esterci/Repositories/Evolutionary_Algorithms/work_4/studies/loss_weight_study_1789563353185616928/runs/seed_2036_pinn/1789571623930657989
