Artifacts: /home/thiago.esterci/Repositories/Evolutionary_Algorithms/work_4/studies/loss_weight_study_1789563353185616928/runs/seed_2035_pinn/1789570825419491461
DE: 400 generations, 32 individuals, 12832 fitness evaluations, 194 parameters; then 16168 Adam epochs.
DE generation 0: best fitness 637.92468, fixed reference 637.92468, accepted 0/32, evaluations 32
DE generation 10: best fitness 396.03162, fixed reference 396.03161, accepted 8/32, evaluations 352
DE generation 20: best fitness 327.73923, fixed reference 327.73921, accepted 2/32, evaluations 672
DE generation 30: best fitness 322.81018, fixed reference 322.81017, accepted 3/32, evaluations 992
DE generation 40: best fitness 317.01672, fixed reference 317.01671, accepted 1/32, evaluations 1312
DE generation 50: best fitness 314.31787, fixed reference 314.31788, accepted 1/32, evaluations 1632
DE generation 60: best fitness 314.31787, fixed reference 314.31788, accepted 0/32, evaluations 1952
DE generation 70: best fitness 314.31787, fixed reference 314.31788, accepted 0/32, evaluations 2272
DE generation 80: best fitness 314.31787, fixed reference 314.31788, accepted 0/32, evaluations 2592
DE generation 90: best fitness 314.31787, fixed reference 314.31788, accepted 0/32, evaluations 2912
DE generation 100: best fitness 314.31787, fixed reference 314.31788, accepted 1/32, evaluations 3232
DE generation 110: best fitness 314.31787, fixed reference 314.31788, accepted 0/32, evaluations 3552
DE generation 120: best fitness 314.31787, fixed reference 314.31788, accepted 0/32, evaluations 3872
DE generation 130: best fitness 301.17346, fixed reference 301.17346, accepted 0/32, evaluations 4192
DE generation 140: best fitness 298.65121, fixed reference 298.65122, accepted 1/32, evaluations 4512
DE generation 150: best fitness 293.49661, fixed reference 293.49662, accepted 0/32, evaluations 4832
DE generation 160: best fitness 287.06384, fixed reference 287.06383, accepted 1/32, evaluations 5152
DE generation 170: best fitness 285.50909, fixed reference 285.50909, accepted 1/32, evaluations 5472
DE generation 180: best fitness 285.45157, fixed reference 285.45158, accepted 2/32, evaluations 5792
DE generation 190: best fitness 285.45157, fixed reference 285.45158, accepted 0/32, evaluations 6112
DE generation 200: best fitness 285.45157, fixed reference 285.45158, accepted 0/32, evaluations 6432
DE generation 210: best fitness 285.45157, fixed reference 285.45158, accepted 1/32, evaluations 6752
DE generation 220: best fitness 285.45157, fixed reference 285.45158, accepted 0/32, evaluations 7072
DE generation 230: best fitness 285.45157, fixed reference 285.45158, accepted 1/32, evaluations 7392
DE generation 240: best fitness 285.45157, fixed reference 285.45158, accepted 0/32, evaluations 7712
DE generation 250: best fitness 285.45157, fixed reference 285.45158, accepted 0/32, evaluations 8032
DE generation 260: best fitness 285.45157, fixed reference 285.45158, accepted 0/32, evaluations 8352
DE generation 270: best fitness 284.75424, fixed reference 284.75425, accepted 1/32, evaluations 8672
DE generation 280: best fitness 281.3941, fixed reference 281.39412, accepted 0/32, evaluations 8992
DE generation 290: best fitness 269.08987, fixed reference 269.08988, accepted 1/32, evaluations 9312
DE generation 300: best fitness 269.08987, fixed reference 269.08988, accepted 0/32, evaluations 9632
DE generation 310: best fitness 269.08987, fixed reference 269.08988, accepted 0/32, evaluations 9952
DE generation 320: best fitness 269.08987, fixed reference 269.08988, accepted 0/32, evaluations 10272
DE generation 330: best fitness 269.08987, fixed reference 269.08988, accepted 0/32, evaluations 10592
DE generation 340: best fitness 269.08987, fixed reference 269.08988, accepted 1/32, evaluations 10912
DE generation 350: best fitness 269.08987, fixed reference 269.08988, accepted 0/32, evaluations 11232
DE generation 360: best fitness 269.08987, fixed reference 269.08988, accepted 0/32, evaluations 11552
DE generation 370: best fitness 269.08987, fixed reference 269.08988, accepted 1/32, evaluations 11872
DE generation 380: best fitness 269.08987, fixed reference 269.08988, accepted 0/32, evaluations 12192
DE generation 390: best fitness 269.08987, fixed reference 269.08988, accepted 0/32, evaluations 12512
DE generation 400: best fitness 269.08987, fixed reference 269.08988, accepted 0/32, evaluations 12832
DE best fitness: 269.08987; starting Adam.
Iteration 0: total loss 248.3666, losses: [0.25066229701042175, 0.007367414887994528, 0.011060169897973537], weights: [-6.9067554 -6.9067554 -6.9067554], time: 0.0366s
Iteration 250: total loss 194.2400, losses: [0.2430131733417511, 0.0030463587027043104, 0.0007007030071690679], weights: [-6.7673106 -6.799128  -6.8665543], time: 0.0109s
Iteration 500: total loss 171.2512, losses: [0.23946870863437653, 0.004018764477223158, 0.00043269663001410663], weights: [-6.6645613 -6.693729  -6.9138174], time: 0.0112s
Iteration 750: total loss 152.7969, losses: [0.23514245450496674, 0.004881290718913078, 0.0004380098544061184], weights: [-6.5767403 -6.5838485 -6.977284 ], time: 0.0109s
Iteration 1000: total loss 136.0512, losses: [0.2277338057756424, 0.005904525984078646, 0.0007369628874585032], weights: [-6.4991026 -6.47732   -7.024661 ], time: 0.0109s
Iteration 1250: total loss 119.4159, losses: [0.21469466388225555, 0.0075490958988666534, 0.001476155943237245], weights: [-6.429996  -6.3709707 -7.001676 ], time: 0.0110s
Iteration 1500: total loss 103.7465, losses: [0.19813375174999237, 0.009718098677694798, 0.0026423397939652205], weights: [-6.368681  -6.2625613 -6.8747063], time: 0.0110s
Iteration 1750: total loss 90.4026, losses: [0.18173620104789734, 0.012533631175756454, 0.003970632329583168], weights: [-6.3139763 -6.1543484 -6.726222 ], time: 0.0110s
Iteration 2000: total loss 79.7726, losses: [0.16768008470535278, 0.015302241779863834, 0.005551592446863651], weights: [-6.264421  -6.0501685 -6.591139 ], time: 0.0108s
Iteration 2250: total loss 71.1993, losses: [0.15604136884212494, 0.01787760853767395, 0.007120442111045122], weights: [-6.218696  -5.9536443 -6.4705873], time: 0.0110s
Iteration 2500: total loss 63.9654, losses: [0.14599058032035828, 0.020513953641057014, 0.008443117141723633], weights: [-6.17587  -5.864344 -6.365246], time: 0.0110s
Iteration 2750: total loss 57.7056, losses: [0.1367606818675995, 0.023180054500699043, 0.009822237305343151], weights: [-6.135414  -5.7804723 -6.2712007], time: 0.0110s
Iteration 3000: total loss 51.8954, losses: [0.12792319059371948, 0.02482599951326847, 0.011468504555523396], weights: [-6.097015  -5.7028813 -6.18388  ], time: 0.0110s
Iteration 3250: total loss 46.3704, losses: [0.11894010752439499, 0.025362683460116386, 0.013647770509123802], weights: [-6.0605583 -5.633133  -6.0999   ], time: 0.0110s
Iteration 3500: total loss 41.4688, losses: [0.1103600487112999, 0.025552716106176376, 0.016245806589722633], weights: [-6.0259733 -5.5704937 -6.0176   ], time: 0.0110s
Iteration 3750: total loss 37.2920, losses: [0.10276954621076584, 0.02593008242547512, 0.01879981718957424], weights: [-5.993004  -5.512857  -5.9381647], time: 0.0110s
Iteration 4000: total loss 33.6252, losses: [0.09615328907966614, 0.026295552030205727, 0.02105344831943512], weights: [-5.9613385 -5.4585943 -5.8631973], time: 0.0110s
Iteration 4250: total loss 30.2912, losses: [0.09036877006292343, 0.026123661547899246, 0.023080989718437195], weights: [-5.9307084 -5.407548  -5.793127 ], time: 0.0110s
Iteration 4500: total loss 27.2795, losses: [0.08531789481639862, 0.025400064885616302, 0.025022022426128387], weights: [-5.9008956 -5.3602014 -5.7273154], time: 0.0110s
Iteration 4750: total loss 24.5295, losses: [0.08081220835447311, 0.024357184767723083, 0.02681238390505314], weights: [-5.8717227 -5.316628  -5.665171 ], time: 0.0110s
Iteration 5000: total loss 22.0645, losses: [0.07671812176704407, 0.023414386436343193, 0.028473172336816788], weights: [-5.8430886 -5.276366  -5.606272 ], time: 0.0113s
Iteration 5250: total loss 19.9103, losses: [0.07311932742595673, 0.022735077887773514, 0.029976891353726387], weights: [-5.8148804 -5.238457  -5.550258 ], time: 0.0110s
Iteration 5500: total loss 18.0019, losses: [0.06991882622241974, 0.022207582369446754, 0.03137808293104172], weights: [-5.7869873 -5.2021885 -5.4968185], time: 0.0110s
Iteration 5750: total loss 16.2992, losses: [0.06706409156322479, 0.02172348089516163, 0.032745905220508575], weights: [-5.759324 -5.167198 -5.445587], time: 0.0110s
Iteration 6000: total loss 14.7721, losses: [0.06456180661916733, 0.0211758054792881, 0.03409028798341751], weights: [-5.7318172 -5.133408  -5.396225 ], time: 0.0110s
Iteration 6250: total loss 13.3910, losses: [0.062412917613983154, 0.020538199692964554, 0.03535056486725807], weights: [-5.704399  -5.1009097 -5.348525 ], time: 0.0110s
Iteration 6500: total loss 12.1391, losses: [0.060579318553209305, 0.019905580207705498, 0.03647221252322197], weights: [-5.6769757 -5.0697207 -5.302408 ], time: 0.0110s
Iteration 6750: total loss 10.9880, losses: [0.05898069217801094, 0.019331904128193855, 0.03742644190788269], weights: [-5.6494384 -5.0396895 -5.2578373], time: 0.0110s
Iteration 7000: total loss 9.9071, losses: [0.05753098055720329, 0.01878458634018898, 0.038226667791604996], weights: [-5.6218204 -5.010672  -5.214775 ], time: 0.0114s
Iteration 7250: total loss 8.8882, losses: [0.05620364099740982, 0.018242308869957924, 0.03889932110905647], weights: [-5.59414   -4.9826207 -5.1731405], time: 0.0110s
Iteration 7500: total loss 7.9307, losses: [0.05498101934790611, 0.017695777118206024, 0.03949529305100441], weights: [-5.5663643 -4.955523  -5.132833 ], time: 0.0110s
Iteration 7750: total loss 7.0303, losses: [0.05384289473295212, 0.01710757240653038, 0.04006551206111908], weights: [-5.5385885 -4.9294324 -5.0937014], time: 0.0110s
Iteration 8000: total loss 6.1848, losses: [0.052796803414821625, 0.016471805050969124, 0.04061505198478699], weights: [-5.510777  -4.9044824 -5.0556045], time: 0.0110s
Iteration 8250: total loss 5.4011, losses: [0.05186375975608826, 0.015849176794290543, 0.04113031178712845], weights: [-5.482882  -4.880741  -5.0184484], time: 0.0110s
Iteration 8500: total loss 4.6802, losses: [0.05103897303342819, 0.015268058516085148, 0.04162249341607094], weights: [-5.454987  -4.858152  -4.9821506], time: 0.0110s
Iteration 8750: total loss 4.0099, losses: [0.05031326413154602, 0.01470356434583664, 0.04207060486078262], weights: [-5.427092  -4.8366733 -4.946648 ], time: 0.0110s
Iteration 9000: total loss 3.3744, losses: [0.04965987801551819, 0.014127221889793873, 0.042449481785297394], weights: [-5.399197  -4.816371  -4.9119215], time: 0.0114s
Iteration 9250: total loss 2.7659, losses: [0.04903453215956688, 0.013576825149357319, 0.042746253311634064], weights: [-5.3713846 -4.797328  -4.8779616], time: 0.0110s
Iteration 9500: total loss 2.1895, losses: [0.048416104167699814, 0.013096770271658897, 0.04300372302532196], weights: [-5.34364  -4.779471 -4.844745], time: 0.0110s
Iteration 9750: total loss 1.6426, losses: [0.04783216863870621, 0.012646753340959549, 0.043203093111515045], weights: [-5.31602   -4.7627172 -4.8122377], time: 0.0110s
Iteration 10000: total loss 1.1143, losses: [0.04728236794471741, 0.012167138047516346, 0.043322961777448654], weights: [-5.2885404 -4.747202  -4.7804265], time: 0.0110s
Iteration 10250: total loss 0.5992, losses: [0.04676789045333862, 0.011624297127127647, 0.04335255175828934], weights: [-5.261216  -4.7332835 -4.749315 ], time: 0.0112s
Iteration 10500: total loss 0.0967, losses: [0.04627150297164917, 0.011020885780453682, 0.04331591725349426], weights: [-5.2340856 -4.7214665 -4.718896 ], time: 0.0110s
Iteration 10750: total loss -0.3887, losses: [0.04578223451972008, 0.010398090817034245, 0.04323836416006088], weights: [-5.2071576 -4.7122536 -4.689146 ], time: 0.0109s
Iteration 11000: total loss -0.8480, losses: [0.04527409374713898, 0.009802023880183697, 0.04321426525712013], weights: [-5.180465  -4.7060146 -4.660001 ], time: 0.0110s
Iteration 11250: total loss -1.2730, losses: [0.044790007174015045, 0.009271394461393356, 0.043227389454841614], weights: [-5.154028  -4.7029376 -4.6313825], time: 0.0110s
Iteration 11500: total loss -1.6623, losses: [0.044351618736982346, 0.008798462338745594, 0.04328886792063713], weights: [-5.127847 -4.70313  -4.603212], time: 0.0110s
Iteration 11750: total loss -2.0207, losses: [0.043976686894893646, 0.008360941894352436, 0.04336988553404808], weights: [-5.101909 -4.706778 -4.575455], time: 0.0110s
Iteration 12000: total loss -2.3544, losses: [0.043662626296281815, 0.00794089026749134, 0.043455470353364944], weights: [-5.0761924 -4.7141843 -4.5480833], time: 0.0114s
Iteration 12250: total loss -2.6681, losses: [0.04340033233165741, 0.0075340233743190765, 0.04353664442896843], weights: [-5.0506763 -4.725654  -4.5210896], time: 0.0110s
Iteration 12500: total loss -2.9649, losses: [0.04317963495850563, 0.007139724679291248, 0.04361360892653465], weights: [-5.025355  -4.7413507 -4.4944696], time: 0.0110s
Iteration 12750: total loss -3.2465, losses: [0.04298820719122887, 0.006757819093763828, 0.04370133951306343], weights: [-5.0002484 -4.761195  -4.4682155], time: 0.0110s
Iteration 13000: total loss -3.5143, losses: [0.04283079504966736, 0.006390675436705351, 0.04378769174218178], weights: [-4.97534   -4.784791  -4.4423184], time: 0.0108s
Iteration 13250: total loss -3.7688, losses: [0.042704612016677856, 0.006040675099939108, 0.04387583211064339], weights: [-4.950632  -4.8114667 -4.416771 ], time: 0.0110s
Iteration 13500: total loss -4.0107, losses: [0.04260788857936859, 0.005709990859031677, 0.04396520182490349], weights: [-4.926135  -4.8404036 -4.3915663], time: 0.0110s
Iteration 13750: total loss -4.2406, losses: [0.0425456203520298, 0.005400712601840496, 0.04403931647539139], weights: [-4.9018517 -4.8707876 -4.366701 ], time: 0.0112s
Iteration 14000: total loss -4.4595, losses: [0.042496711015701294, 0.005110736936330795, 0.04413170740008354], weights: [-4.8777742 -4.901942  -4.3421755], time: 0.0111s
Iteration 14250: total loss -4.6677, losses: [0.04247979074716568, 0.0048422375693917274, 0.044203635305166245], weights: [-4.8539047 -4.933377  -4.31799  ], time: 0.0110s
Iteration 14500: total loss -4.8656, losses: [0.042482633143663406, 0.004593610763549805, 0.0442766509950161], weights: [-4.8302474 -4.9646926 -4.294146 ], time: 0.0110s
Iteration 14750: total loss -5.0537, losses: [0.042535003274679184, 0.00436529191210866, 0.04429337754845619], weights: [-4.8068156 -4.995696  -4.27064  ], time: 0.0110s
Iteration 15000: total loss -5.2328, losses: [0.04258136451244354, 0.004150638356804848, 0.04435357451438904], weights: [-4.7836003 -5.0262527 -4.2474637], time: 0.0110s
Iteration 15250: total loss -5.4040, losses: [0.04265512898564339, 0.003950114361941814, 0.044388312846422195], weights: [-4.7606044 -5.0563035 -4.224614 ], time: 0.0110s
Iteration 15500: total loss -5.5682, losses: [0.042740173637866974, 0.003760596737265587, 0.04442167654633522], weights: [-4.7378325 -5.085836  -4.202091 ], time: 0.0110s
Iteration 15750: total loss -5.7259, losses: [0.042839109897613525, 0.0035809671971946955, 0.04444371908903122], weights: [-4.715289  -5.1148415 -4.1799   ], time: 0.0112s
Iteration 16000: total loss -5.8779, losses: [0.042947735637426376, 0.0034113693982362747, 0.04445471242070198], weights: [-4.692979  -5.1433363 -4.15803  ], time: 0.0110s
{
  "u": {
    "rmse": 0.2406070188378755,
    "mae": 0.16320641953864268,
    "maximum_absolute": 1.2637913157106588,
    "relative_l2": 0.4142645519365475
  },
  "v": {
    "rmse": 0.2516594249359876,
    "mae": 0.16142222164519945,
    "maximum_absolute": 1.6334520096120597,
    "relative_l2": 0.5275371042367288
  }
}
Plot with: python -m utils.plot_pinn_results --run-directory /home/thiago.esterci/Repositories/Evolutionary_Algorithms/work_4/studies/loss_weight_study_1789563353185616928/runs/seed_2035_pinn/1789570825419491461
