Artifacts: /home/thiago.esterci/Repositories/Evolutionary_Algorithms/work_4/studies/loss_weight_study_1789563353185616928/runs/seed_2032_both/1789567834152611936
DE: 400 generations, 32 individuals, 12832 fitness evaluations, 197 parameters; then 16168 Adam epochs.
DE generation 0: best fitness 764.07935, fixed reference 0.77620038, accepted 0/32, evaluations 32
DE generation 10: best fitness 153.86841, fixed reference 0.42493828, accepted 5/32, evaluations 352
DE generation 20: best fitness 76.374527, fixed reference 0.41164513, accepted 2/32, evaluations 672
DE generation 30: best fitness 67.299728, fixed reference 0.56895555, accepted 3/32, evaluations 992
DE generation 40: best fitness 67.299728, fixed reference 0.56895555, accepted 1/32, evaluations 1312
DE generation 50: best fitness 37.353268, fixed reference 0.4109964, accepted 2/32, evaluations 1632
DE generation 60: best fitness 37.353268, fixed reference 0.4109964, accepted 2/32, evaluations 1952
DE generation 70: best fitness 37.296329, fixed reference 0.46024526, accepted 3/32, evaluations 2272
DE generation 80: best fitness 36.099403, fixed reference 0.51393532, accepted 0/32, evaluations 2592
DE generation 90: best fitness 28.819607, fixed reference 0.50310003, accepted 2/32, evaluations 2912
DE generation 100: best fitness 20.612839, fixed reference 0.48617485, accepted 1/32, evaluations 3232
DE generation 110: best fitness 11.506395, fixed reference 0.42697166, accepted 3/32, evaluations 3552
DE generation 120: best fitness 11.005379, fixed reference 0.43298223, accepted 0/32, evaluations 3872
DE generation 130: best fitness 0.96456909, fixed reference 0.41636576, accepted 1/32, evaluations 4192
DE generation 140: best fitness 0.96456909, fixed reference 0.41636576, accepted 0/32, evaluations 4512
DE generation 150: best fitness 0.32257271, fixed reference 0.39227926, accepted 3/32, evaluations 4832
DE generation 160: best fitness 0.32257271, fixed reference 0.39227926, accepted 1/32, evaluations 5152
DE generation 170: best fitness 0.32257271, fixed reference 0.39227926, accepted 0/32, evaluations 5472
DE generation 180: best fitness -0.42104506, fixed reference 0.38480269, accepted 0/32, evaluations 5792
DE generation 190: best fitness -0.42104506, fixed reference 0.38480269, accepted 0/32, evaluations 6112
DE generation 200: best fitness -0.49011707, fixed reference 0.38101271, accepted 0/32, evaluations 6432
DE generation 210: best fitness -0.49011707, fixed reference 0.38101271, accepted 0/32, evaluations 6752
DE generation 220: best fitness -0.49011707, fixed reference 0.38101271, accepted 0/32, evaluations 7072
DE generation 230: best fitness -0.49011707, fixed reference 0.38101271, accepted 0/32, evaluations 7392
DE generation 240: best fitness -0.49011707, fixed reference 0.38101271, accepted 0/32, evaluations 7712
DE generation 250: best fitness -0.49011707, fixed reference 0.38101271, accepted 0/32, evaluations 8032
DE generation 260: best fitness -0.76488686, fixed reference 0.38327962, accepted 1/32, evaluations 8352
DE generation 270: best fitness -0.76488686, fixed reference 0.38327962, accepted 2/32, evaluations 8672
DE generation 280: best fitness -0.76488686, fixed reference 0.38327962, accepted 1/32, evaluations 8992
DE generation 290: best fitness -0.76488686, fixed reference 0.38327962, accepted 0/32, evaluations 9312
DE generation 300: best fitness -0.76488686, fixed reference 0.38327962, accepted 0/32, evaluations 9632
DE generation 310: best fitness -0.76488686, fixed reference 0.38327962, accepted 0/32, evaluations 9952
DE generation 320: best fitness -2.3071496, fixed reference 0.34470457, accepted 0/32, evaluations 10272
DE generation 330: best fitness -2.3071496, fixed reference 0.34470457, accepted 1/32, evaluations 10592
DE generation 340: best fitness -2.3071496, fixed reference 0.34470457, accepted 0/32, evaluations 10912
DE generation 350: best fitness -2.3071496, fixed reference 0.34470457, accepted 1/32, evaluations 11232
DE generation 360: best fitness -2.3071496, fixed reference 0.34470457, accepted 1/32, evaluations 11552
DE generation 370: best fitness -2.3785877, fixed reference 0.34398302, accepted 2/32, evaluations 11872
DE generation 380: best fitness -2.3785877, fixed reference 0.34398302, accepted 0/32, evaluations 12192
DE generation 390: best fitness -2.7785425, fixed reference 0.2821066, accepted 0/32, evaluations 12512
DE generation 400: best fitness -2.7785425, fixed reference 0.2821066, accepted 1/32, evaluations 12832
DE best fitness: -2.7785425; starting Adam.
Iteration 0: total loss -2.7785, losses: [0.26882269978523254, 0.005376175977289677, 0.007907724007964134], weights: [-3.307235  -5.1657667 -6.090703 ], time: 0.0353s
Iteration 250: total loss -8.3457, losses: [0.2540580630302429, 0.0005904788849875331, 0.000318144797347486], weights: [-3.169342  -5.326728  -6.1711636], time: 0.0114s
Iteration 500: total loss -9.3181, losses: [0.25120630860328674, 0.00019389030057936907, 0.00010129644942935556], weights: [-3.0686817 -5.45209   -6.304891 ], time: 0.0110s
Iteration 750: total loss -9.9668, losses: [0.2501510977745056, 8.322906796820462e-05, 5.3871917771175504e-05], weights: [-2.982718  -5.5615387 -6.4176044], time: 0.0110s
Iteration 1000: total loss -10.4766, losses: [0.2497670203447342, 5.0213606300530955e-05, 3.5628301702672616e-05], weights: [-2.9061038 -5.6601076 -6.517847 ], time: 0.0112s
Iteration 1250: total loss -10.9078, losses: [0.24962526559829712, 3.724907583091408e-05, 2.5818417270784266e-05], weights: [-2.836265  -5.750874  -6.6097517], time: 0.0110s
Iteration 1500: total loss -11.2862, losses: [0.24957415461540222, 2.9319688110263087e-05, 1.946232805494219e-05], weights: [-2.7716734 -5.8357687 -6.6955175], time: 0.0110s
Iteration 1750: total loss -11.6252, losses: [0.24955998361110687, 2.323258013348095e-05, 1.496324512118008e-05], weights: [-2.7113085 -5.9160304 -6.7764664], time: 0.0110s
Iteration 2000: total loss -11.9328, losses: [0.24956198036670685, 1.8421082131681032e-05, 1.1641272067208774e-05], weights: [-2.6544454 -5.9924793 -6.853454 ], time: 0.0110s
Early stopping after 2002 iterations: no improvement greater than 1e-05 for 300 evaluations.
{
  "u": {
    "rmse": 0.42563968559421805,
    "mae": 0.3390393727699974,
    "maximum_absolute": 1.7479079677592422,
    "relative_l2": 0.7328440977771877
  },
  "v": {
    "rmse": 0.42219510180815256,
    "mae": 0.32650209616269893,
    "maximum_absolute": 1.716532182150817,
    "relative_l2": 0.8850198298253917
  }
}
Plot with: python -m utils.plot_pinn_results --run-directory /home/thiago.esterci/Repositories/Evolutionary_Algorithms/work_4/studies/loss_weight_study_1789563353185616928/runs/seed_2032_both/1789567834152611936
