Artifacts: /home/thiago.esterci/Repositories/Evolutionary_Algorithms/work_4/studies/loss_weight_study_1789563353185616928/runs/seed_2033_de/1789569003549630262
DE: 400 generations, 32 individuals, 12832 fitness evaluations, 197 parameters; then 16168 Adam epochs.
DE generation 0: best fitness 472.09775, fixed reference 0.66126465, accepted 0/32, evaluations 32
DE generation 10: best fitness 252.89589, fixed reference 0.42059232, accepted 9/32, evaluations 352
DE generation 20: best fitness 210.6404, fixed reference 0.45301408, accepted 4/32, evaluations 672
DE generation 30: best fitness 196.22624, fixed reference 0.34480813, accepted 1/32, evaluations 992
DE generation 40: best fitness 196.22624, fixed reference 0.34480813, accepted 3/32, evaluations 1312
DE generation 50: best fitness 177.18729, fixed reference 0.32024667, accepted 3/32, evaluations 1632
DE generation 60: best fitness 157.52512, fixed reference 0.58119845, accepted 2/32, evaluations 1952
DE generation 70: best fitness 157.52512, fixed reference 0.58119845, accepted 0/32, evaluations 2272
DE generation 80: best fitness 97.269844, fixed reference 0.74080072, accepted 1/32, evaluations 2592
DE generation 90: best fitness 97.269844, fixed reference 0.74080072, accepted 0/32, evaluations 2912
DE generation 100: best fitness 82.166664, fixed reference 0.33956187, accepted 2/32, evaluations 3232
DE generation 110: best fitness 74.45018, fixed reference 1.0459096, accepted 1/32, evaluations 3552
DE generation 120: best fitness 55.646656, fixed reference 1.0034532, accepted 0/32, evaluations 3872
DE generation 130: best fitness 19.228527, fixed reference 2.1161551, accepted 4/32, evaluations 4192
DE generation 140: best fitness 8.9600716, fixed reference 4.4704873, accepted 5/32, evaluations 4512
DE generation 150: best fitness 6.8483682, fixed reference 10.217737, accepted 8/32, evaluations 4832
DE generation 160: best fitness 5.4721756, fixed reference 4.0024225, accepted 4/32, evaluations 5152
DE generation 170: best fitness 2.0188599, fixed reference 1.9269668, accepted 3/32, evaluations 5472
DE generation 180: best fitness 2.0188599, fixed reference 1.9269668, accepted 1/32, evaluations 5792
DE generation 190: best fitness 1.8244405, fixed reference 1.6800744, accepted 1/32, evaluations 6112
DE generation 200: best fitness 1.8244405, fixed reference 1.6800744, accepted 2/32, evaluations 6432
DE generation 210: best fitness 1.2198508, fixed reference 1.3231536, accepted 6/32, evaluations 6752
DE generation 220: best fitness 1.119612, fixed reference 1.6348449, accepted 6/32, evaluations 7072
DE generation 230: best fitness 1.119612, fixed reference 1.6348449, accepted 1/32, evaluations 7392
DE generation 240: best fitness 0.80023646, fixed reference 1.4010201, accepted 3/32, evaluations 7712
DE generation 250: best fitness 0.80023646, fixed reference 1.4010201, accepted 2/32, evaluations 8032
DE generation 260: best fitness 0.80023646, fixed reference 1.4010201, accepted 1/32, evaluations 8352
DE generation 270: best fitness 0.80023646, fixed reference 1.4010201, accepted 0/32, evaluations 8672
DE generation 280: best fitness 0.59922504, fixed reference 0.99668959, accepted 1/32, evaluations 8992
DE generation 290: best fitness 0.59922504, fixed reference 0.99668959, accepted 3/32, evaluations 9312
DE generation 300: best fitness 0.59922504, fixed reference 0.99668959, accepted 3/32, evaluations 9632
DE generation 310: best fitness 0.59922504, fixed reference 0.99668959, accepted 1/32, evaluations 9952
DE generation 320: best fitness 0.59922504, fixed reference 0.99668959, accepted 2/32, evaluations 10272
DE generation 330: best fitness 0.59922504, fixed reference 0.99668959, accepted 0/32, evaluations 10592
DE generation 340: best fitness -0.023159385, fixed reference 1.0882827, accepted 2/32, evaluations 10912
DE generation 350: best fitness -0.023159385, fixed reference 1.0882827, accepted 1/32, evaluations 11232
DE generation 360: best fitness -0.16896969, fixed reference 0.92400868, accepted 1/32, evaluations 11552
DE generation 370: best fitness -0.53857225, fixed reference 0.79947527, accepted 2/32, evaluations 11872
DE generation 380: best fitness -0.53857225, fixed reference 0.79947527, accepted 4/32, evaluations 12192
DE generation 390: best fitness -0.60071301, fixed reference 0.76215866, accepted 2/32, evaluations 12512
DE generation 400: best fitness -0.60071301, fixed reference 0.76215866, accepted 1/32, evaluations 12832
DE best fitness: -0.60071301; starting Adam.
Iteration 0: total loss -0.6007, losses: [0.4916076064109802, 0.10435877740383148, 0.16619227826595306], weights: [-0.21399073 -1.4865971  -0.16688937], time: 0.0345s
Iteration 250: total loss -1.4712, losses: [0.24415220320224762, 0.015221760608255863, 0.022480148822069168], weights: [-0.21399073 -1.4865971  -0.16688937], time: 0.0106s
Iteration 500: total loss -1.5362, losses: [0.24102427065372467, 0.005514631047844887, 0.007096407935023308], weights: [-0.21399073 -1.4865971  -0.16688937], time: 0.0107s
Iteration 750: total loss -1.5547, losses: [0.23902344703674316, 0.002863507252186537, 0.0034145612735301256], weights: [-0.21399073 -1.4865971  -0.16688937], time: 0.0106s
Iteration 1000: total loss -1.5624, losses: [0.23662346601486206, 0.0020543572027236223, 0.002473390195518732], weights: [-0.21399073 -1.4865971  -0.16688937], time: 0.0106s
Iteration 1250: total loss -1.5667, losses: [0.23410339653491974, 0.0018102896865457296, 0.0023357642348855734], weights: [-0.21399073 -1.4865971  -0.16688937], time: 0.0106s
Iteration 1500: total loss -1.5701, losses: [0.2315484881401062, 0.001739285420626402, 0.0024568731896579266], weights: [-0.21399073 -1.4865971  -0.16688937], time: 0.0106s
Iteration 1750: total loss -1.5732, losses: [0.22876805067062378, 0.001741466112434864, 0.0027038580738008022], weights: [-0.21399073 -1.4865971  -0.16688937], time: 0.0106s
Iteration 2000: total loss -1.5765, losses: [0.22552582621574402, 0.0018098837463185191, 0.0030369977466762066], weights: [-0.21399073 -1.4865971  -0.16688937], time: 0.0106s
Iteration 2250: total loss -1.5802, losses: [0.2216925173997879, 0.001957451459020376, 0.003445572219789028], weights: [-0.21399073 -1.4865971  -0.16688937], time: 0.0106s
Iteration 2500: total loss -1.5840, losses: [0.21731500327587128, 0.002178081776946783, 0.0039571612142026424], weights: [-0.21399073 -1.4865971  -0.16688937], time: 0.0110s
Iteration 2750: total loss -1.5880, losses: [0.21256670355796814, 0.0024254093877971172, 0.004588452633470297], weights: [-0.21399073 -1.4865971  -0.16688937], time: 0.0106s
Iteration 3000: total loss -1.5926, losses: [0.20748478174209595, 0.0026266153436154127, 0.005297855474054813], weights: [-0.21399073 -1.4865971  -0.16688937], time: 0.0106s
Iteration 3250: total loss -1.5979, losses: [0.20188812911510468, 0.002781188813969493, 0.006102025043219328], weights: [-0.21399073 -1.4865971  -0.16688937], time: 0.0108s
Iteration 3500: total loss -1.6034, losses: [0.19580845534801483, 0.0029876844491809607, 0.007043323013931513], weights: [-0.21399073 -1.4865971  -0.16688937], time: 0.0106s
Iteration 3750: total loss -1.6087, losses: [0.18968333303928375, 0.0032572373747825623, 0.007960321381688118], weights: [-0.21399073 -1.4865971  -0.16688937], time: 0.0105s
Iteration 4000: total loss -1.6136, losses: [0.18381249904632568, 0.0035732805263251066, 0.008780851028859615], weights: [-0.21399073 -1.4865971  -0.16688937], time: 0.0106s
Iteration 4250: total loss -1.6181, losses: [0.17831622064113617, 0.00391309754922986, 0.00951866153627634], weights: [-0.21399073 -1.4865971  -0.16688937], time: 0.0106s
Iteration 4500: total loss -1.6220, losses: [0.17322930693626404, 0.004255253821611404, 0.010231074877083302], weights: [-0.21399073 -1.4865971  -0.16688937], time: 0.0106s
Iteration 4750: total loss -1.6255, losses: [0.16865262389183044, 0.004557464737445116, 0.010960735380649567], weights: [-0.21399073 -1.4865971  -0.16688937], time: 0.0106s
Iteration 5000: total loss -1.6286, losses: [0.16466593742370605, 0.004767397418618202, 0.01168548222631216], weights: [-0.21399073 -1.4865971  -0.16688937], time: 0.0106s
Iteration 5250: total loss -1.6318, losses: [0.16110415756702423, 0.004847905598580837, 0.01241592038422823], weights: [-0.21399073 -1.4865971  -0.16688937], time: 0.0108s
Iteration 5500: total loss -1.6357, losses: [0.1575886756181717, 0.0047395359724760056, 0.01323801837861538], weights: [-0.21399073 -1.4865971  -0.16688937], time: 0.0106s
Iteration 5750: total loss -1.6406, losses: [0.15360163152217865, 0.0045096674002707005, 0.01414549071341753], weights: [-0.21399073 -1.4865971  -0.16688937], time: 0.0106s
Iteration 6000: total loss -1.6461, losses: [0.1488654613494873, 0.004353105556219816, 0.0150558240711689], weights: [-0.21399073 -1.4865971  -0.16688937], time: 0.0108s
Iteration 6250: total loss -1.6519, losses: [0.14361843466758728, 0.00429422315210104, 0.015827471390366554], weights: [-0.21399073 -1.4865971  -0.16688937], time: 0.0106s
Iteration 6500: total loss -1.6581, losses: [0.1380416452884674, 0.004299132619053125, 0.016403958201408386], weights: [-0.21399073 -1.4865971  -0.16688937], time: 0.0106s
Iteration 6750: total loss -1.6646, losses: [0.13237126171588898, 0.004292517900466919, 0.016887761652469635], weights: [-0.21399073 -1.4865971  -0.16688937], time: 0.0106s
Iteration 7000: total loss -1.6714, losses: [0.12686225771903992, 0.004129695240408182, 0.017511846497654915], weights: [-0.21399073 -1.4865971  -0.16688937], time: 0.0106s
Iteration 7250: total loss -1.6786, losses: [0.1212889775633812, 0.003729931777343154, 0.01872263476252556], weights: [-0.21399073 -1.4865971  -0.16688937], time: 0.0105s
Iteration 7500: total loss -1.6851, losses: [0.11590681225061417, 0.0033857030794024467, 0.020197300240397453], weights: [-0.21399073 -1.4865971  -0.16688937], time: 0.0106s
Iteration 7750: total loss -1.6903, losses: [0.11118002980947495, 0.003156336024403572, 0.021550128236413002], weights: [-0.21399073 -1.4865971  -0.16688937], time: 0.0108s
Iteration 8000: total loss -1.6947, losses: [0.10710936039686203, 0.002977251075208187, 0.02278926968574524], weights: [-0.21399073 -1.4865971  -0.16688937], time: 0.0106s
Iteration 8250: total loss -1.6983, losses: [0.10374432802200317, 0.0028319626580923796, 0.02383434772491455], weights: [-0.21399073 -1.4865971  -0.16688937], time: 0.0106s
Iteration 8500: total loss -1.7013, losses: [0.10101659595966339, 0.0026975220534950495, 0.024639448150992393], weights: [-0.21399073 -1.4865971  -0.16688937], time: 0.0106s
Iteration 8750: total loss -1.7041, losses: [0.09873218089342117, 0.00255778175778687, 0.02523098513484001], weights: [-0.21399073 -1.4865971  -0.16688937], time: 0.0106s
Iteration 9000: total loss -1.7067, losses: [0.09668616950511932, 0.002412318019196391, 0.025691010057926178], weights: [-0.21399073 -1.4865971  -0.16688937], time: 0.0106s
Iteration 9250: total loss -1.7092, losses: [0.094706691801548, 0.0022733958903700113, 0.026127316057682037], weights: [-0.21399073 -1.4865971  -0.16688937], time: 0.0106s
Iteration 9500: total loss -1.7118, losses: [0.0927848070859909, 0.0021368362940847874, 0.026487503200769424], weights: [-0.21399073 -1.4865971  -0.16688937], time: 0.0106s
Iteration 9750: total loss -1.7141, losses: [0.09100230783224106, 0.0020220151636749506, 0.026812724769115448], weights: [-0.21399073 -1.4865971  -0.16688937], time: 0.0106s
Iteration 10000: total loss -1.7160, losses: [0.08943057805299759, 0.0019503652583807707, 0.02714421972632408], weights: [-0.21399073 -1.4865971  -0.16688937], time: 0.0106s
Iteration 10250: total loss -1.7175, losses: [0.08807815611362457, 0.0019048068206757307, 0.027456214651465416], weights: [-0.21399073 -1.4865971  -0.16688937], time: 0.0108s
Iteration 10500: total loss -1.7188, losses: [0.0869171991944313, 0.0018665085081011057, 0.027725854888558388], weights: [-0.21399073 -1.4865971  -0.16688937], time: 0.0106s
Iteration 10750: total loss -1.7200, losses: [0.08588138967752457, 0.0018289900617673993, 0.02794088050723076], weights: [-0.21399073 -1.4865971  -0.16688937], time: 0.0106s
Iteration 11000: total loss -1.7212, losses: [0.08488769829273224, 0.0017950375331565738, 0.028091751039028168], weights: [-0.21399073 -1.4865971  -0.16688937], time: 0.0106s
Iteration 11250: total loss -1.7225, losses: [0.08386056125164032, 0.00176833791192621, 0.02819734811782837], weights: [-0.21399073 -1.4865971  -0.16688937], time: 0.0105s
Iteration 11500: total loss -1.7238, losses: [0.08277879655361176, 0.0017509965691715479, 0.028273969888687134], weights: [-0.21399073 -1.4865971  -0.16688937], time: 0.0106s
Iteration 11750: total loss -1.7251, losses: [0.08164646476507187, 0.001738957827910781, 0.028363894671201706], weights: [-0.21399073 -1.4865971  -0.16688937], time: 0.0106s
Iteration 12000: total loss -1.7265, losses: [0.080535888671875, 0.00172455795109272, 0.02845354937016964], weights: [-0.21399073 -1.4865971  -0.16688937], time: 0.0107s
Iteration 12250: total loss -1.7278, losses: [0.07944688200950623, 0.0017007988644763827, 0.02859669364988804], weights: [-0.21399073 -1.4865971  -0.16688937], time: 0.0106s
Iteration 12500: total loss -1.7290, losses: [0.0784386694431305, 0.0016688001342117786, 0.02875967137515545], weights: [-0.21399073 -1.4865971  -0.16688937], time: 0.0106s
Iteration 12750: total loss -1.7300, losses: [0.0775708332657814, 0.0016380083980038762, 0.02887785993516445], weights: [-0.21399073 -1.4865971  -0.16688937], time: 0.0110s
Iteration 13000: total loss -1.7310, losses: [0.07681313902139664, 0.0016084864037111402, 0.029002167284488678], weights: [-0.21399073 -1.4865971  -0.16688937], time: 0.0106s
Iteration 13250: total loss -1.7318, losses: [0.07618815451860428, 0.0015761196846142411, 0.02909369021654129], weights: [-0.21399073 -1.4865971  -0.16688937], time: 0.0106s
Iteration 13500: total loss -1.7325, losses: [0.0756562277674675, 0.001540118595585227, 0.029158247634768486], weights: [-0.21399073 -1.4865971  -0.16688937], time: 0.0106s
Iteration 13750: total loss -1.7332, losses: [0.0751555785536766, 0.0015055707190185785, 0.029209166765213013], weights: [-0.21399073 -1.4865971  -0.16688937], time: 0.0106s
Iteration 14000: total loss -1.7339, losses: [0.07464221864938736, 0.0014772536233067513, 0.02925950288772583], weights: [-0.21399073 -1.4865971  -0.16688937], time: 0.0106s
Iteration 14250: total loss -1.7346, losses: [0.07410009205341339, 0.0014564618468284607, 0.029330577701330185], weights: [-0.21399073 -1.4865971  -0.16688937], time: 0.0106s
Iteration 14500: total loss -1.7352, losses: [0.07359332591295242, 0.0014438610523939133, 0.029374809935688972], weights: [-0.21399073 -1.4865971  -0.16688937], time: 0.0106s
Iteration 14750: total loss -1.7358, losses: [0.07308220863342285, 0.0014373535523191094, 0.029458485543727875], weights: [-0.21399073 -1.4865971  -0.16688937], time: 0.0110s
Iteration 15000: total loss -1.7363, losses: [0.07263293862342834, 0.0014363471418619156, 0.029517583549022675], weights: [-0.21399073 -1.4865971  -0.16688937], time: 0.0106s
Iteration 15250: total loss -1.7367, losses: [0.07224709540605545, 0.0014390470460057259, 0.02954847365617752], weights: [-0.21399073 -1.4865971  -0.16688937], time: 0.0106s
Iteration 15500: total loss -1.7371, losses: [0.07190150022506714, 0.001442313427105546, 0.029576852917671204], weights: [-0.21399073 -1.4865971  -0.16688937], time: 0.0106s
Iteration 15750: total loss -1.7374, losses: [0.0716109424829483, 0.0014459025114774704, 0.029576312750577927], weights: [-0.21399073 -1.4865971  -0.16688937], time: 0.0106s
Iteration 16000: total loss -1.7378, losses: [0.07135549187660217, 0.0014478679513558745, 0.029564620926976204], weights: [-0.21399073 -1.4865971  -0.16688937], time: 0.0108s
{
  "u": {
    "rmse": 0.27126555444741896,
    "mae": 0.19923684278790443,
    "maximum_absolute": 1.3572559072505141,
    "relative_l2": 0.4670508113676415
  },
  "v": {
    "rmse": 0.3033658521360363,
    "mae": 0.2155637494238777,
    "maximum_absolute": 1.662614774161315,
    "relative_l2": 0.6359258875397155
  }
}
Plot with: python -m utils.plot_pinn_results --run-directory /home/thiago.esterci/Repositories/Evolutionary_Algorithms/work_4/studies/loss_weight_study_1789563353185616928/runs/seed_2033_de/1789569003549630262
