Artifacts: /home/thiago.esterci/Repositories/Evolutionary_Algorithms/work_4/studies/loss_weight_study_1789563353185616928/runs/seed_2032_de/1789567278507839406
DE: 400 generations, 32 individuals, 12832 fitness evaluations, 197 parameters; then 16168 Adam epochs.
DE generation 0: best fitness 764.07935, fixed reference 0.77620038, accepted 0/32, evaluations 32
DE generation 10: best fitness 153.86841, fixed reference 0.42493828, accepted 5/32, evaluations 352
DE generation 20: best fitness 76.374527, fixed reference 0.41164513, accepted 2/32, evaluations 672
DE generation 30: best fitness 67.299728, fixed reference 0.56895555, accepted 3/32, evaluations 992
DE generation 40: best fitness 67.299728, fixed reference 0.56895555, accepted 1/32, evaluations 1312
DE generation 50: best fitness 37.353268, fixed reference 0.4109964, accepted 2/32, evaluations 1632
DE generation 60: best fitness 37.353268, fixed reference 0.4109964, accepted 2/32, evaluations 1952
DE generation 70: best fitness 37.296329, fixed reference 0.46024526, accepted 3/32, evaluations 2272
DE generation 80: best fitness 36.099403, fixed reference 0.51393532, accepted 0/32, evaluations 2592
DE generation 90: best fitness 28.819607, fixed reference 0.50310003, accepted 2/32, evaluations 2912
DE generation 100: best fitness 20.612839, fixed reference 0.48617485, accepted 1/32, evaluations 3232
DE generation 110: best fitness 11.506395, fixed reference 0.42697166, accepted 3/32, evaluations 3552
DE generation 120: best fitness 11.005379, fixed reference 0.43298223, accepted 0/32, evaluations 3872
DE generation 130: best fitness 0.96456909, fixed reference 0.41636576, accepted 1/32, evaluations 4192
DE generation 140: best fitness 0.96456909, fixed reference 0.41636576, accepted 0/32, evaluations 4512
DE generation 150: best fitness 0.32257271, fixed reference 0.39227926, accepted 3/32, evaluations 4832
DE generation 160: best fitness 0.32257271, fixed reference 0.39227926, accepted 1/32, evaluations 5152
DE generation 170: best fitness 0.32257271, fixed reference 0.39227926, accepted 0/32, evaluations 5472
DE generation 180: best fitness -0.42104506, fixed reference 0.38480269, accepted 0/32, evaluations 5792
DE generation 190: best fitness -0.42104506, fixed reference 0.38480269, accepted 0/32, evaluations 6112
DE generation 200: best fitness -0.49011707, fixed reference 0.38101271, accepted 0/32, evaluations 6432
DE generation 210: best fitness -0.49011707, fixed reference 0.38101271, accepted 0/32, evaluations 6752
DE generation 220: best fitness -0.49011707, fixed reference 0.38101271, accepted 0/32, evaluations 7072
DE generation 230: best fitness -0.49011707, fixed reference 0.38101271, accepted 0/32, evaluations 7392
DE generation 240: best fitness -0.49011707, fixed reference 0.38101271, accepted 0/32, evaluations 7712
DE generation 250: best fitness -0.49011707, fixed reference 0.38101271, accepted 0/32, evaluations 8032
DE generation 260: best fitness -0.76488686, fixed reference 0.38327962, accepted 1/32, evaluations 8352
DE generation 270: best fitness -0.76488686, fixed reference 0.38327962, accepted 2/32, evaluations 8672
DE generation 280: best fitness -0.76488686, fixed reference 0.38327962, accepted 1/32, evaluations 8992
DE generation 290: best fitness -0.76488686, fixed reference 0.38327962, accepted 0/32, evaluations 9312
DE generation 300: best fitness -0.76488686, fixed reference 0.38327962, accepted 0/32, evaluations 9632
DE generation 310: best fitness -0.76488686, fixed reference 0.38327962, accepted 0/32, evaluations 9952
DE generation 320: best fitness -2.3071496, fixed reference 0.34470457, accepted 0/32, evaluations 10272
DE generation 330: best fitness -2.3071496, fixed reference 0.34470457, accepted 1/32, evaluations 10592
DE generation 340: best fitness -2.3071496, fixed reference 0.34470457, accepted 0/32, evaluations 10912
DE generation 350: best fitness -2.3071496, fixed reference 0.34470457, accepted 1/32, evaluations 11232
DE generation 360: best fitness -2.3071496, fixed reference 0.34470457, accepted 1/32, evaluations 11552
DE generation 370: best fitness -2.3785877, fixed reference 0.34398302, accepted 2/32, evaluations 11872
DE generation 380: best fitness -2.3785877, fixed reference 0.34398302, accepted 0/32, evaluations 12192
DE generation 390: best fitness -2.7785425, fixed reference 0.2821066, accepted 0/32, evaluations 12512
DE generation 400: best fitness -2.7785425, fixed reference 0.2821066, accepted 1/32, evaluations 12832
DE best fitness: -2.7785425; starting Adam.
Iteration 0: total loss -2.7785, losses: [0.26882269978523254, 0.005376175977289677, 0.007907724007964134], weights: [-3.308235 -5.164767 -6.091703], time: 0.0345s
Iteration 250: total loss -7.3702, losses: [0.25377729535102844, 0.0006501196185126901, 0.00032396242022514343], weights: [-3.308235 -5.164767 -6.091703], time: 0.0106s
Iteration 500: total loss -7.6137, losses: [0.2508867681026459, 0.00024879202828742564, 0.00011086066660936922], weights: [-3.308235 -5.164767 -6.091703], time: 0.0106s
Iteration 750: total loss -7.6876, losses: [0.24967508018016815, 0.000133690147777088, 6.419921555789188e-05], weights: [-3.308235 -5.164767 -6.091703], time: 0.0106s
Iteration 1000: total loss -7.7159, losses: [0.24910014867782593, 0.0001039460112224333, 4.753190296469256e-05], weights: [-3.308235 -5.164767 -6.091703], time: 0.0108s
Iteration 1250: total loss -7.7295, losses: [0.248765230178833, 9.893248352454975e-05, 3.939894668292254e-05], weights: [-3.308235 -5.164767 -6.091703], time: 0.0106s
Iteration 1500: total loss -7.7380, losses: [0.24851879477500916, 0.00010101307998411357, 3.4633012546692044e-05], weights: [-3.308235 -5.164767 -6.091703], time: 0.0106s
Iteration 1750: total loss -7.7444, losses: [0.2483052909374237, 0.00010524024401092902, 3.1622541428077966e-05], weights: [-3.308235 -5.164767 -6.091703], time: 0.0108s
Iteration 2000: total loss -7.7499, losses: [0.2481018751859665, 0.0001104450857383199, 2.9730997994192876e-05], weights: [-3.308235 -5.164767 -6.091703], time: 0.0106s
Iteration 2250: total loss -7.7550, losses: [0.2478950321674347, 0.00011651143722701818, 2.8641687094932422e-05], weights: [-3.308235 -5.164767 -6.091703], time: 0.0106s
Iteration 2500: total loss -7.7600, losses: [0.24767203629016876, 0.0001236135431099683, 2.8194395781611092e-05], weights: [-3.308235 -5.164767 -6.091703], time: 0.0111s
Iteration 2750: total loss -7.7655, losses: [0.24741630256175995, 0.00013206276344135404, 2.8320255296421237e-05], weights: [-3.308235 -5.164767 -6.091703], time: 0.0106s
Iteration 3000: total loss -7.7720, losses: [0.2471000850200653, 0.00014234210539143533, 2.8978734917473048e-05], weights: [-3.308235 -5.164767 -6.091703], time: 0.0106s
Iteration 3250: total loss -7.7810, losses: [0.24667425453662872, 0.00015505211194977164, 3.010276486747898e-05], weights: [-3.308235 -5.164767 -6.091703], time: 0.0106s
Iteration 3500: total loss -7.7944, losses: [0.24605917930603027, 0.00017051784379873425, 3.168771945638582e-05], weights: [-3.308235 -5.164767 -6.091703], time: 0.0106s
Iteration 3750: total loss -7.8158, losses: [0.24511303007602692, 0.00018925679614767432, 3.423031375859864e-05], weights: [-3.308235 -5.164767 -6.091703], time: 0.0106s
Iteration 4000: total loss -7.8523, losses: [0.24352970719337463, 0.00021435794769786298, 3.976595326093957e-05], weights: [-3.308235 -5.164767 -6.091703], time: 0.0106s
Iteration 4250: total loss -7.9112, losses: [0.2408941388130188, 0.0002534268132876605, 5.390266960603185e-05], weights: [-3.308235 -5.164767 -6.091703], time: 0.0106s
Iteration 4500: total loss -7.9934, losses: [0.23703821003437042, 0.0003159667830914259, 8.183268801076338e-05], weights: [-3.308235 -5.164767 -6.091703], time: 0.0108s
Iteration 4750: total loss -8.0918, losses: [0.23222243785858154, 0.00041346889338456094, 0.00011831303709186614], weights: [-3.308235 -5.164767 -6.091703], time: 0.0106s
Iteration 5000: total loss -8.1971, losses: [0.22684204578399658, 0.0005613859975710511, 0.00015439414710272104], weights: [-3.308235 -5.164767 -6.091703], time: 0.0106s
Iteration 5250: total loss -8.2940, losses: [0.22141648828983307, 0.0007561609381809831, 0.00019340190920047462], weights: [-3.308235 -5.164767 -6.091703], time: 0.0108s
Iteration 5500: total loss -8.3703, losses: [0.21657417714595795, 0.0009528811788186431, 0.00024250564456451684], weights: [-3.308235 -5.164767 -6.091703], time: 0.0106s
Iteration 5750: total loss -8.4272, losses: [0.2127445936203003, 0.0010908053955063224, 0.00029600693960674107], weights: [-3.308235 -5.164767 -6.091703], time: 0.0106s
Iteration 6000: total loss -8.4787, losses: [0.20966081321239471, 0.001142714056186378, 0.00034963697544299066], weights: [-3.308235 -5.164767 -6.091703], time: 0.0106s
Iteration 6250: total loss -8.5382, losses: [0.20664015412330627, 0.0011343811638653278, 0.00040511516272090375], weights: [-3.308235 -5.164767 -6.091703], time: 0.0106s
Iteration 6500: total loss -8.6107, losses: [0.20331309735774994, 0.0010958374477922916, 0.00046195730101317167], weights: [-3.308235 -5.164767 -6.091703], time: 0.0106s
Iteration 6750: total loss -8.6897, losses: [0.19978074729442596, 0.0010429724352434278, 0.0005225733621045947], weights: [-3.308235 -5.164767 -6.091703], time: 0.0106s
Iteration 7000: total loss -8.7630, losses: [0.19634893536567688, 0.0010064169764518738, 0.0005836435011588037], weights: [-3.308235 -5.164767 -6.091703], time: 0.0106s
Iteration 7250: total loss -8.8242, losses: [0.1933022141456604, 0.0010008723475039005, 0.0006357074598781765], weights: [-3.308235 -5.164767 -6.091703], time: 0.0106s
Iteration 7500: total loss -8.8741, losses: [0.19071443378925323, 0.0010175681672990322, 0.0006762852426618338], weights: [-3.308235 -5.164767 -6.091703], time: 0.0107s
Iteration 7750: total loss -8.9150, losses: [0.18849532306194305, 0.0010472399881109595, 0.000709161045961082], weights: [-3.308235 -5.164767 -6.091703], time: 0.0106s
Iteration 8000: total loss -8.9497, losses: [0.18660356104373932, 0.0010823843767866492, 0.0007336575072258711], weights: [-3.308235 -5.164767 -6.091703], time: 0.0106s
Iteration 8250: total loss -8.9812, losses: [0.18493478000164032, 0.0011176116531714797, 0.0007517793565057218], weights: [-3.308235 -5.164767 -6.091703], time: 0.0109s
Iteration 8500: total loss -9.0115, losses: [0.18341176211833954, 0.0011488284217193723, 0.0007651039049960673], weights: [-3.308235 -5.164767 -6.091703], time: 0.0106s
Iteration 8750: total loss -9.0430, losses: [0.1819162368774414, 0.0011742891510948539, 0.0007761500310152769], weights: [-3.308235 -5.164767 -6.091703], time: 0.0106s
Iteration 9000: total loss -9.0772, losses: [0.18039487302303314, 0.0011877043871209025, 0.0007874516886658967], weights: [-3.308235 -5.164767 -6.091703], time: 0.0106s
Iteration 9250: total loss -9.1158, losses: [0.17878349125385284, 0.0011913045309484005, 0.0007984584663063288], weights: [-3.308235 -5.164767 -6.091703], time: 0.0106s
Iteration 9500: total loss -9.1566, losses: [0.17704834043979645, 0.001195217133499682, 0.0008119043195620179], weights: [-3.308235 -5.164767 -6.091703], time: 0.0106s
Iteration 9750: total loss -9.1944, losses: [0.17525655031204224, 0.0012089763768017292, 0.0008318267646245658], weights: [-3.308235 -5.164767 -6.091703], time: 0.0106s
Iteration 10000: total loss -9.2270, losses: [0.17359104752540588, 0.0012265070108696818, 0.000853966805152595], weights: [-3.308235 -5.164767 -6.091703], time: 0.0106s
Iteration 10250: total loss -9.2562, losses: [0.17215366661548615, 0.0012342972913756967, 0.0008738662581890821], weights: [-3.308235 -5.164767 -6.091703], time: 0.0108s
Iteration 10500: total loss -9.2830, losses: [0.1709267497062683, 0.0012263081735000014, 0.0008921572589315474], weights: [-3.308235 -5.164767 -6.091703], time: 0.0106s
Iteration 10750: total loss -9.3075, losses: [0.16985975205898285, 0.0012104567140340805, 0.000909086549654603], weights: [-3.308235 -5.164767 -6.091703], time: 0.0106s
Iteration 11000: total loss -9.3295, losses: [0.16891087591648102, 0.0011908174492418766, 0.0009256965713575482], weights: [-3.308235 -5.164767 -6.091703], time: 0.0106s
Iteration 11250: total loss -9.3495, losses: [0.1680612564086914, 0.0011707309167832136, 0.0009408657788299024], weights: [-3.308235 -5.164767 -6.091703], time: 0.0108s
Iteration 11500: total loss -9.3683, losses: [0.1672728806734085, 0.0011500061955302954, 0.0009553363197483122], weights: [-3.308235 -5.164767 -6.091703], time: 0.0106s
Iteration 11750: total loss -9.3860, losses: [0.16652479767799377, 0.0011313777649775147, 0.0009690529550425708], weights: [-3.308235 -5.164767 -6.091703], time: 0.0106s
Iteration 12000: total loss -9.4029, losses: [0.1657962203025818, 0.0011146409669891, 0.0009824044536799192], weights: [-3.308235 -5.164767 -6.091703], time: 0.0106s
Iteration 12250: total loss -9.4191, losses: [0.16507486999034882, 0.001101666479371488, 0.0009955170098692179], weights: [-3.308235 -5.164767 -6.091703], time: 0.0106s
Iteration 12500: total loss -9.4345, losses: [0.16437307000160217, 0.0010921884095296264, 0.0010078538907691836], weights: [-3.308235 -5.164767 -6.091703], time: 0.0108s
Iteration 12750: total loss -9.4492, losses: [0.1636822372674942, 0.0010864462237805128, 0.0010194566566497087], weights: [-3.308235 -5.164767 -6.091703], time: 0.0106s
Iteration 13000: total loss -9.4632, losses: [0.16302019357681274, 0.0010837691370397806, 0.0010298795532435179], weights: [-3.308235 -5.164767 -6.091703], time: 0.0106s
Iteration 13250: total loss -9.4764, losses: [0.16239359974861145, 0.0010831973049789667, 0.0010389045346528292], weights: [-3.308235 -5.164767 -6.091703], time: 0.0106s
Iteration 13500: total loss -9.4890, losses: [0.16180390119552612, 0.0010831007966771722, 0.001047087600454688], weights: [-3.308235 -5.164767 -6.091703], time: 0.0106s
Iteration 13750: total loss -9.5010, losses: [0.16125918924808502, 0.0010843694908544421, 0.0010531479492783546], weights: [-3.308235 -5.164767 -6.091703], time: 0.0106s
Iteration 14000: total loss -9.5123, losses: [0.1607607752084732, 0.0010863251518458128, 0.0010575681226328015], weights: [-3.308235 -5.164767 -6.091703], time: 0.0104s
Iteration 14250: total loss -9.5230, losses: [0.16030286252498627, 0.001087179989553988, 0.0010614105267450213], weights: [-3.308235 -5.164767 -6.091703], time: 0.0106s
Iteration 14500: total loss -9.5331, losses: [0.15988217294216156, 0.0010874370345845819, 0.0010644454741850495], weights: [-3.308235 -5.164767 -6.091703], time: 0.0108s
Iteration 14750: total loss -9.5426, losses: [0.159490704536438, 0.001086805947124958, 0.0010672366479411721], weights: [-3.308235 -5.164767 -6.091703], time: 0.0106s
Iteration 15000: total loss -9.5518, losses: [0.15912079811096191, 0.0010846316581591964, 0.0010703339939936996], weights: [-3.308235 -5.164767 -6.091703], time: 0.0106s
Iteration 15250: total loss -9.5604, losses: [0.15877275168895721, 0.0010827818186953664, 0.001072978018783033], weights: [-3.308235 -5.164767 -6.091703], time: 0.0108s
Iteration 15500: total loss -9.5687, losses: [0.15844202041625977, 0.001079415320418775, 0.001076055341400206], weights: [-3.308235 -5.164767 -6.091703], time: 0.0106s
Iteration 15750: total loss -9.5766, losses: [0.15812642872333527, 0.00107544322963804, 0.0010793867986649275], weights: [-3.308235 -5.164767 -6.091703], time: 0.0106s
Iteration 16000: total loss -9.5841, losses: [0.15782681107521057, 0.0010709107154980302, 0.0010827338555827737], weights: [-3.308235 -5.164767 -6.091703], time: 0.0106s
{
  "u": {
    "rmse": 0.31980497960374543,
    "mae": 0.24589859165339722,
    "maximum_absolute": 1.5146178915034438,
    "relative_l2": 0.5506234490685904
  },
  "v": {
    "rmse": 0.385878715248768,
    "mae": 0.28648562367229646,
    "maximum_absolute": 1.7385902220544578,
    "relative_l2": 0.8088921767213905
  }
}
Plot with: python -m utils.plot_pinn_results --run-directory /home/thiago.esterci/Repositories/Evolutionary_Algorithms/work_4/studies/loss_weight_study_1789563353185616928/runs/seed_2032_de/1789567278507839406
