Artifacts: /home/thiago.esterci/Repositories/Evolutionary_Algorithms/work_4/studies/loss_weight_study_1789563353185616928/runs/seed_2029_de/1789565039294726398
DE: 400 generations, 32 individuals, 12832 fitness evaluations, 197 parameters; then 16168 Adam epochs.
DE generation 0: best fitness 494.94556, fixed reference 0.57097325, accepted 0/32, evaluations 32
DE generation 10: best fitness 267.86743, fixed reference 0.42626507, accepted 5/32, evaluations 352
DE generation 20: best fitness 238.49261, fixed reference 0.47462601, accepted 2/32, evaluations 672
DE generation 30: best fitness 187.22653, fixed reference 0.41008198, accepted 5/32, evaluations 992
DE generation 40: best fitness 140.04579, fixed reference 0.3182646, accepted 4/32, evaluations 1312
DE generation 50: best fitness 78.12529, fixed reference 0.36137995, accepted 4/32, evaluations 1632
DE generation 60: best fitness 78.12529, fixed reference 0.36137995, accepted 0/32, evaluations 1952
DE generation 70: best fitness 78.12529, fixed reference 0.36137995, accepted 0/32, evaluations 2272
DE generation 80: best fitness 78.12529, fixed reference 0.36137995, accepted 1/32, evaluations 2592
DE generation 90: best fitness 78.12529, fixed reference 0.36137995, accepted 0/32, evaluations 2912
DE generation 100: best fitness 77.916824, fixed reference 0.34192694, accepted 0/32, evaluations 3232
DE generation 110: best fitness 77.916824, fixed reference 0.34192694, accepted 0/32, evaluations 3552
DE generation 120: best fitness 77.916824, fixed reference 0.34192694, accepted 0/32, evaluations 3872
DE generation 130: best fitness 77.916824, fixed reference 0.34192694, accepted 0/32, evaluations 4192
DE generation 140: best fitness 77.916824, fixed reference 0.34192694, accepted 0/32, evaluations 4512
DE generation 150: best fitness 61.644802, fixed reference 0.32685831, accepted 0/32, evaluations 4832
DE generation 160: best fitness 59.607075, fixed reference 0.32072663, accepted 0/32, evaluations 5152
DE generation 170: best fitness 59.607075, fixed reference 0.32072663, accepted 1/32, evaluations 5472
DE generation 180: best fitness 58.442036, fixed reference 0.31270852, accepted 1/32, evaluations 5792
DE generation 190: best fitness 58.442036, fixed reference 0.31270852, accepted 1/32, evaluations 6112
DE generation 200: best fitness 54.902218, fixed reference 0.35358003, accepted 0/32, evaluations 6432
DE generation 210: best fitness 37.89183, fixed reference 0.29599364, accepted 2/32, evaluations 6752
DE generation 220: best fitness 37.89183, fixed reference 0.29599364, accepted 0/32, evaluations 7072
DE generation 230: best fitness 37.582611, fixed reference 0.2917917, accepted 2/32, evaluations 7392
DE generation 240: best fitness 35.148544, fixed reference 0.29814626, accepted 2/32, evaluations 7712
DE generation 250: best fitness 35.148544, fixed reference 0.29814626, accepted 2/32, evaluations 8032
DE generation 260: best fitness 35.148544, fixed reference 0.29814626, accepted 0/32, evaluations 8352
DE generation 270: best fitness 32.838333, fixed reference 0.29979243, accepted 1/32, evaluations 8672
DE generation 280: best fitness 32.838333, fixed reference 0.29979243, accepted 1/32, evaluations 8992
DE generation 290: best fitness 32.838333, fixed reference 0.29979243, accepted 4/32, evaluations 9312
DE generation 300: best fitness 27.027704, fixed reference 0.31645799, accepted 1/32, evaluations 9632
DE generation 310: best fitness 27.027704, fixed reference 0.31645799, accepted 2/32, evaluations 9952
DE generation 320: best fitness 27.027704, fixed reference 0.31645799, accepted 0/32, evaluations 10272
DE generation 330: best fitness 27.027704, fixed reference 0.31645799, accepted 3/32, evaluations 10592
DE generation 340: best fitness 27.027704, fixed reference 0.31645799, accepted 0/32, evaluations 10912
DE generation 350: best fitness 27.027704, fixed reference 0.31645799, accepted 0/32, evaluations 11232
DE generation 360: best fitness 26.072948, fixed reference 0.30985725, accepted 0/32, evaluations 11552
DE generation 370: best fitness 23.718086, fixed reference 0.29491753, accepted 2/32, evaluations 11872
DE generation 380: best fitness 23.718086, fixed reference 0.29491753, accepted 1/32, evaluations 12192
DE generation 390: best fitness 23.718086, fixed reference 0.29491753, accepted 1/32, evaluations 12512
DE generation 400: best fitness 23.473019, fixed reference 0.30169929, accepted 3/32, evaluations 12832
DE best fitness: 23.473019; starting Adam.
Iteration 0: total loss 23.4730, losses: [0.2735900580883026, 0.013306331820786, 0.014802903868258], weights: [-4.466481  -6.142059  -6.5791645], time: 0.0338s
Iteration 250: total loss 5.1132, losses: [0.25071102380752563, 0.0004627904563676566, 0.00036300893407315016], weights: [-4.466481  -6.142059  -6.5791645], time: 0.0109s
Iteration 500: total loss 4.6975, losses: [0.2496432512998581, 0.00017763671348802745, 9.893868991639465e-05], weights: [-4.466481  -6.142059  -6.5791645], time: 0.0110s
Iteration 750: total loss 4.6129, losses: [0.24909475445747375, 0.00013699140981771052, 7.395121792796999e-05], weights: [-4.466481  -6.142059  -6.5791645], time: 0.0112s
Iteration 1000: total loss 4.5605, losses: [0.2486143708229065, 0.0001341068564215675, 6.113694689702243e-05], weights: [-4.466481  -6.142059  -6.5791645], time: 0.0109s
Iteration 1250: total loss 4.5186, losses: [0.24813207983970642, 0.00014820622163824737, 5.2101055189268664e-05], weights: [-4.466481  -6.142059  -6.5791645], time: 0.0113s
Iteration 1500: total loss 4.4831, losses: [0.24766290187835693, 0.0001690365024842322, 4.60369155916851e-05], weights: [-4.466481  -6.142059  -6.5791645], time: 0.0109s
Iteration 1750: total loss 4.4543, losses: [0.24722708761692047, 0.00019385077757760882, 4.268536577001214e-05], weights: [-4.466481  -6.142059  -6.5791645], time: 0.0109s
Iteration 2000: total loss 4.4318, losses: [0.24683058261871338, 0.0002217628643848002, 4.147407889831811e-05], weights: [-4.466481  -6.142059  -6.5791645], time: 0.0109s
Iteration 2250: total loss 4.4137, losses: [0.24647000432014465, 0.0002501723065506667, 4.155168426223099e-05], weights: [-4.466481  -6.142059  -6.5791645], time: 0.0109s
Iteration 2500: total loss 4.3971, losses: [0.2461320012807846, 0.0002766892430372536, 4.218671529088169e-05], weights: [-4.466481  -6.142059  -6.5791645], time: 0.0110s
Iteration 2750: total loss 4.3794, losses: [0.24579185247421265, 0.00030103776953183115, 4.303986133891158e-05], weights: [-4.466481  -6.142059  -6.5791645], time: 0.0110s
Iteration 3000: total loss 4.3586, losses: [0.24541465938091278, 0.0003249808505643159, 4.421010089572519e-05], weights: [-4.466481  -6.142059  -6.5791645], time: 0.0111s
Iteration 3250: total loss 4.3325, losses: [0.2449560910463333, 0.000351869995938614, 4.615420402842574e-05], weights: [-4.466481  -6.142059  -6.5791645], time: 0.0109s
Iteration 3500: total loss 4.2997, losses: [0.24436330795288086, 0.00038687034975737333, 4.963497121934779e-05], weights: [-4.466481  -6.142059  -6.5791645], time: 0.0109s
Iteration 3750: total loss 4.2594, losses: [0.2435876578092575, 0.0004360737802926451, 5.561040234169923e-05], weights: [-4.466481  -6.142059  -6.5791645], time: 0.0111s
Iteration 4000: total loss 4.2116, losses: [0.24261236190795898, 0.000501503178384155, 6.485020276159048e-05], weights: [-4.466481  -6.142059  -6.5791645], time: 0.0109s
Iteration 4250: total loss 4.1536, losses: [0.24143493175506592, 0.000576831167563796, 7.801715401001275e-05], weights: [-4.466481  -6.142059  -6.5791645], time: 0.0109s
Iteration 4500: total loss 4.0728, losses: [0.23990498483181, 0.0006594220758415759, 9.750307799549773e-05], weights: [-4.466481  -6.142059  -6.5791645], time: 0.0109s
Iteration 4750: total loss 3.9421, losses: [0.2375364750623703, 0.0007669593906030059, 0.00013291288632899523], weights: [-4.466481  -6.142059  -6.5791645], time: 0.0109s
Iteration 5000: total loss 3.7228, losses: [0.23381581902503967, 0.0008756578317843378, 0.00020789311383850873], weights: [-4.466481  -6.142059  -6.5791645], time: 0.0109s
Iteration 5250: total loss 3.4008, losses: [0.22870664298534393, 0.0009237105841748416, 0.0003473633842077106], weights: [-4.466481  -6.142059  -6.5791645], time: 0.0109s
Iteration 5500: total loss 3.0152, losses: [0.22256684303283691, 0.0010215368820354342, 0.0004909028648398817], weights: [-4.466481  -6.142059  -6.5791645], time: 0.0109s
Iteration 5750: total loss 2.5829, losses: [0.2159065157175064, 0.001188361900858581, 0.0005881129764020443], weights: [-4.466481  -6.142059  -6.5791645], time: 0.0109s
Iteration 6000: total loss 2.1054, losses: [0.2087821215391159, 0.0013223597779870033, 0.0006996494485065341], weights: [-4.466481  -6.142059  -6.5791645], time: 0.0109s
Iteration 6250: total loss 1.6253, losses: [0.2013978511095047, 0.0014288375386968255, 0.0008569577476009727], weights: [-4.466481  -6.142059  -6.5791645], time: 0.0110s
Iteration 6500: total loss 1.1800, losses: [0.19429850578308105, 0.0015178065514191985, 0.0010393293341621757], weights: [-4.466481  -6.142059  -6.5791645], time: 0.0109s
Iteration 6750: total loss 0.7709, losses: [0.18776682019233704, 0.0015795964282006025, 0.001220920355990529], weights: [-4.466481  -6.142059  -6.5791645], time: 0.0109s
Iteration 7000: total loss 0.3461, losses: [0.18182890117168427, 0.0015609997790306807, 0.0013608174631372094], weights: [-4.466481  -6.142059  -6.5791645], time: 0.0109s
Iteration 7250: total loss -0.0704, losses: [0.17628730833530426, 0.001500848331488669, 0.0014913163613528013], weights: [-4.466481  -6.142059  -6.5791645], time: 0.0111s
Iteration 7500: total loss -0.4064, losses: [0.1713808923959732, 0.0014571051578968763, 0.0016460968181490898], weights: [-4.466481  -6.142059  -6.5791645], time: 0.0109s
Iteration 7750: total loss -0.6538, losses: [0.16754809021949768, 0.001421564258635044, 0.0017887890571728349], weights: [-4.466481  -6.142059  -6.5791645], time: 0.0111s
Iteration 8000: total loss -0.8469, losses: [0.16471409797668457, 0.001370015786960721, 0.0018965223571285605], weights: [-4.466481  -6.142059  -6.5791645], time: 0.0109s
Iteration 8250: total loss -1.0173, losses: [0.1625560075044632, 0.0012896799016743898, 0.00197273469530046], weights: [-4.466481  -6.142059  -6.5791645], time: 0.0109s
Iteration 8500: total loss -1.1817, losses: [0.1607058197259903, 0.0011860282393172383, 0.00203494168817997], weights: [-4.466481  -6.142059  -6.5791645], time: 0.0109s
Iteration 8750: total loss -1.3409, losses: [0.15893712639808655, 0.0010894609149545431, 0.002090104389935732], weights: [-4.466481  -6.142059  -6.5791645], time: 0.0109s
Iteration 9000: total loss -1.4856, losses: [0.15712860226631165, 0.001024133525788784, 0.002150001237168908], weights: [-4.466481  -6.142059  -6.5791645], time: 0.0109s
Iteration 9250: total loss -1.6113, losses: [0.15531787276268005, 0.0010017649037763476, 0.002208751393482089], weights: [-4.466481  -6.142059  -6.5791645], time: 0.0109s
Iteration 9500: total loss -1.7178, losses: [0.15359902381896973, 0.0010140561498701572, 0.002260789042338729], weights: [-4.466481  -6.142059  -6.5791645], time: 0.0109s
Iteration 9750: total loss -1.8038, losses: [0.1520417332649231, 0.00104543287307024, 0.0023092569317668676], weights: [-4.466481  -6.142059  -6.5791645], time: 0.0109s
Iteration 10000: total loss -1.8708, losses: [0.15071125328540802, 0.0010827393271028996, 0.002353081712499261], weights: [-4.466481  -6.142059  -6.5791645], time: 0.0109s
Iteration 10250: total loss -1.9235, losses: [0.14962497353553772, 0.001117073348723352, 0.002388936700299382], weights: [-4.466481  -6.142059  -6.5791645], time: 0.0111s
Iteration 10500: total loss -1.9683, losses: [0.14874760806560516, 0.00114479660987854, 0.002414983231574297], weights: [-4.466481  -6.142059  -6.5791645], time: 0.0109s
Iteration 10750: total loss -2.0095, losses: [0.14801061153411865, 0.0011636496055871248, 0.002434695838019252], weights: [-4.466481  -6.142059  -6.5791645], time: 0.0109s
Iteration 11000: total loss -2.0499, losses: [0.14736145734786987, 0.0011762313079088926, 0.0024488973431289196], weights: [-4.466481  -6.142059  -6.5791645], time: 0.0109s
Iteration 11250: total loss -2.0912, losses: [0.14674802124500275, 0.0011834937613457441, 0.0024609584361314774], weights: [-4.466481  -6.142059  -6.5791645], time: 0.0109s
Iteration 11500: total loss -2.1334, losses: [0.14614026248455048, 0.0011867308057844639, 0.0024737603962421417], weights: [-4.466481  -6.142059  -6.5791645], time: 0.0109s
Iteration 11750: total loss -2.1766, losses: [0.14553633332252502, 0.001188907423056662, 0.0024854340590536594], weights: [-4.466481  -6.142059  -6.5791645], time: 0.0109s
Iteration 12000: total loss -2.2213, losses: [0.14490346610546112, 0.0011890381574630737, 0.0024997456930577755], weights: [-4.466481  -6.142059  -6.5791645], time: 0.0110s
Iteration 12250: total loss -2.2677, losses: [0.14426001906394958, 0.0011919416720047593, 0.0025112631265074015], weights: [-4.466481  -6.142059  -6.5791645], time: 0.0109s
Iteration 12500: total loss -2.3160, losses: [0.14361479878425598, 0.001199103775434196, 0.0025175814516842365], weights: [-4.466481  -6.142059  -6.5791645], time: 0.0109s
Iteration 12750: total loss -2.3664, losses: [0.14296014606952667, 0.0012117510195821524, 0.0025184645783156157], weights: [-4.466481  -6.142059  -6.5791645], time: 0.0109s
Iteration 13000: total loss -2.4178, losses: [0.14230948686599731, 0.0012292418396100402, 0.0025144205428659916], weights: [-4.466481  -6.142059  -6.5791645], time: 0.0109s
Iteration 13250: total loss -2.4692, losses: [0.14166797697544098, 0.001252089743502438, 0.002505918499082327], weights: [-4.466481  -6.142059  -6.5791645], time: 0.0109s
Iteration 13500: total loss -2.5184, losses: [0.14105133712291718, 0.0012778070522472262, 0.002495513530448079], weights: [-4.466481  -6.142059  -6.5791645], time: 0.0109s
Iteration 13750: total loss -2.5645, losses: [0.14047028124332428, 0.0013028034009039402, 0.002485564909875393], weights: [-4.466481  -6.142059  -6.5791645], time: 0.0109s
Iteration 14000: total loss -2.6075, losses: [0.13993461430072784, 0.001326827914454043, 0.002475050976499915], weights: [-4.466481  -6.142059  -6.5791645], time: 0.0109s
Iteration 14250: total loss -2.6479, losses: [0.13944345712661743, 0.0013485781382769346, 0.002464297227561474], weights: [-4.466481  -6.142059  -6.5791645], time: 0.0109s
Iteration 14500: total loss -2.6865, losses: [0.13899344205856323, 0.0013672208879143, 0.002453077118843794], weights: [-4.466481  -6.142059  -6.5791645], time: 0.0109s
Iteration 14750: total loss -2.7239, losses: [0.13856013119220734, 0.0013803013134747744, 0.0024451161734759808], weights: [-4.466481  -6.142059  -6.5791645], time: 0.0109s
Iteration 15000: total loss -2.7608, losses: [0.13813699781894684, 0.0013877283781766891, 0.002440264681354165], weights: [-4.466481  -6.142059  -6.5791645], time: 0.0109s
Iteration 15250: total loss -2.7979, losses: [0.13775765895843506, 0.0013932728907093406, 0.002430912107229233], weights: [-4.466481  -6.142059  -6.5791645], time: 0.0109s
Iteration 15500: total loss -2.8353, losses: [0.13737519085407257, 0.0013930689310654998, 0.0024253358133137226], weights: [-4.466481  -6.142059  -6.5791645], time: 0.0111s
Iteration 15750: total loss -2.8725, losses: [0.13700565695762634, 0.0013896547025069594, 0.0024206191301345825], weights: [-4.466481  -6.142059  -6.5791645], time: 0.0109s
Iteration 16000: total loss -2.9090, losses: [0.13665202260017395, 0.001384339528158307, 0.0024160786997526884], weights: [-4.466481  -6.142059  -6.5791645], time: 0.0109s
{
  "u": {
    "rmse": 0.3033742677635206,
    "mae": 0.22901029410381485,
    "maximum_absolute": 1.456928224755397,
    "relative_l2": 0.5223339107526874
  },
  "v": {
    "rmse": 0.3622565320406837,
    "mae": 0.26851992608763037,
    "maximum_absolute": 1.6954094285306693,
    "relative_l2": 0.75937454737565
  }
}
Plot with: python -m utils.plot_pinn_results --run-directory /home/thiago.esterci/Repositories/Evolutionary_Algorithms/work_4/studies/loss_weight_study_1789563353185616928/runs/seed_2029_de/1789565039294726398
