Artifacts: /home/thiago.esterci/Repositories/Evolutionary_Algorithms/work_4/studies/loss_weight_study_1789563353185616928/runs/seed_2032_pinn/1789567554730711933
DE: 400 generations, 32 individuals, 12832 fitness evaluations, 194 parameters; then 16168 Adam epochs.
DE generation 0: best fitness 555.15234, fixed reference 555.15237, accepted 0/32, evaluations 32
DE generation 10: best fitness 421.64032, fixed reference 421.64031, accepted 5/32, evaluations 352
DE generation 20: best fitness 362.4306, fixed reference 362.43059, accepted 3/32, evaluations 672
DE generation 30: best fitness 334.10257, fixed reference 334.10257, accepted 0/32, evaluations 992
DE generation 40: best fitness 334.10257, fixed reference 334.10257, accepted 1/32, evaluations 1312
DE generation 50: best fitness 319.57748, fixed reference 319.57748, accepted 2/32, evaluations 1632
DE generation 60: best fitness 310.0867, fixed reference 310.08671, accepted 1/32, evaluations 1952
DE generation 70: best fitness 289.71732, fixed reference 289.71733, accepted 0/32, evaluations 2272
DE generation 80: best fitness 289.71732, fixed reference 289.71733, accepted 1/32, evaluations 2592
DE generation 90: best fitness 289.71732, fixed reference 289.71733, accepted 0/32, evaluations 2912
DE generation 100: best fitness 284.72763, fixed reference 284.72762, accepted 4/32, evaluations 3232
DE generation 110: best fitness 284.56445, fixed reference 284.56447, accepted 0/32, evaluations 3552
DE generation 120: best fitness 283.14594, fixed reference 283.14595, accepted 2/32, evaluations 3872
DE generation 130: best fitness 278.6835, fixed reference 278.68351, accepted 0/32, evaluations 4192
DE generation 140: best fitness 278.6835, fixed reference 278.68351, accepted 1/32, evaluations 4512
DE generation 150: best fitness 278.6835, fixed reference 278.68351, accepted 0/32, evaluations 4832
DE generation 160: best fitness 278.6835, fixed reference 278.68351, accepted 0/32, evaluations 5152
DE generation 170: best fitness 275.60193, fixed reference 275.60193, accepted 0/32, evaluations 5472
DE generation 180: best fitness 275.60193, fixed reference 275.60193, accepted 1/32, evaluations 5792
DE generation 190: best fitness 275.60193, fixed reference 275.60193, accepted 0/32, evaluations 6112
DE generation 200: best fitness 275.60193, fixed reference 275.60193, accepted 1/32, evaluations 6432
DE generation 210: best fitness 275.60193, fixed reference 275.60193, accepted 0/32, evaluations 6752
DE generation 220: best fitness 272.52057, fixed reference 272.52057, accepted 0/32, evaluations 7072
DE generation 230: best fitness 272.52057, fixed reference 272.52057, accepted 0/32, evaluations 7392
DE generation 240: best fitness 270.79315, fixed reference 270.79314, accepted 1/32, evaluations 7712
DE generation 250: best fitness 270.79315, fixed reference 270.79314, accepted 0/32, evaluations 8032
DE generation 260: best fitness 270.31564, fixed reference 270.31565, accepted 1/32, evaluations 8352
DE generation 270: best fitness 270.31564, fixed reference 270.31565, accepted 0/32, evaluations 8672
DE generation 280: best fitness 270.31564, fixed reference 270.31565, accepted 0/32, evaluations 8992
DE generation 290: best fitness 270.31564, fixed reference 270.31565, accepted 1/32, evaluations 9312
DE generation 300: best fitness 270.20142, fixed reference 270.2014, accepted 1/32, evaluations 9632
DE generation 310: best fitness 270.19958, fixed reference 270.19959, accepted 0/32, evaluations 9952
DE generation 320: best fitness 270.19958, fixed reference 270.19959, accepted 0/32, evaluations 10272
DE generation 330: best fitness 270.19958, fixed reference 270.19959, accepted 1/32, evaluations 10592
DE generation 340: best fitness 270.19958, fixed reference 270.19959, accepted 0/32, evaluations 10912
DE generation 350: best fitness 270.14508, fixed reference 270.14507, accepted 0/32, evaluations 11232
DE generation 360: best fitness 270.14508, fixed reference 270.14507, accepted 0/32, evaluations 11552
DE generation 370: best fitness 270.02847, fixed reference 270.02848, accepted 0/32, evaluations 11872
DE generation 380: best fitness 270.02847, fixed reference 270.02848, accepted 0/32, evaluations 12192
DE generation 390: best fitness 270.02847, fixed reference 270.02848, accepted 0/32, evaluations 12512
DE generation 400: best fitness 269.7515, fixed reference 269.75148, accepted 0/32, evaluations 12832
DE best fitness: 269.7515; starting Adam.
Iteration 0: total loss 249.0282, losses: [0.24949581921100616, 0.008860968984663486, 0.011394692584872246], weights: [-6.9067554 -6.9067554 -6.9067554], time: 0.0356s
Iteration 250: total loss 193.6375, losses: [0.24086230993270874, 0.003986045718193054, 0.001192163210362196], weights: [-6.7671432 -6.795559  -6.837578 ], time: 0.0110s
Iteration 500: total loss 170.5243, losses: [0.2373485267162323, 0.005209782626479864, 0.0004455560992937535], weights: [-6.664231  -6.6894774 -6.849938 ], time: 0.0110s
Iteration 750: total loss 151.5990, losses: [0.23179368674755096, 0.006587174721062183, 0.0004134460468776524], weights: [-6.5764933 -6.5794373 -6.8777475], time: 0.0110s
Iteration 1000: total loss 133.8407, losses: [0.22143413126468658, 0.00883109774440527, 0.0007763831526972353], weights: [-6.499512  -6.4661813 -6.901209 ], time: 0.0110s
Iteration 1250: total loss 115.6785, losses: [0.20447638630867004, 0.011903172358870506, 0.0014817732153460383], weights: [-6.4318237 -6.350029  -6.8962417], time: 0.0110s
Iteration 1500: total loss 98.0824, losses: [0.18314313888549805, 0.01564667746424675, 0.002404207829385996], weights: [-6.372802  -6.2351174 -6.843962 ], time: 0.0110s
Iteration 1750: total loss 83.2944, losses: [0.16198989748954773, 0.019212691113352776, 0.004207408055663109], weights: [-6.3213463 -6.126169  -6.73642  ], time: 0.0111s
Iteration 2000: total loss 71.3542, losses: [0.1439298540353775, 0.020894896239042282, 0.006879790686070919], weights: [-6.2758703 -6.02918   -6.5983233], time: 0.0111s
Iteration 2250: total loss 61.6613, losses: [0.1291341632604599, 0.020671866834163666, 0.010113782249391079], weights: [-6.2348614 -5.947404  -6.4645133], time: 0.0110s
Iteration 2500: total loss 53.8839, losses: [0.11724440008401871, 0.019895389676094055, 0.013301651924848557], weights: [-6.1971574 -5.8785114 -6.3447657], time: 0.0110s
Iteration 2750: total loss 47.5549, losses: [0.10778898745775223, 0.019091011956334114, 0.016019685193896294], weights: [-6.161845 -5.818545 -6.240019], time: 0.0111s
Iteration 3000: total loss 42.3663, losses: [0.10007249563932419, 0.018462151288986206, 0.018421463668346405], weights: [-6.1282635 -5.764798  -6.1475096], time: 0.0110s
Iteration 3250: total loss 38.1296, losses: [0.09370741248130798, 0.01820293813943863, 0.020604602992534637], weights: [-6.0959506 -5.7149496 -6.0640664], time: 0.0112s
Iteration 3500: total loss 34.5686, losses: [0.0884314477443695, 0.018150826916098595, 0.022522589191794395], weights: [-6.0645447 -5.6673717 -5.9877443], time: 0.0110s
Iteration 3750: total loss 31.4770, losses: [0.08397874981164932, 0.0181488748639822, 0.024191461503505707], weights: [-6.033781  -5.6214037 -5.9172883], time: 0.0110s
Iteration 4000: total loss 28.7664, losses: [0.0801839753985405, 0.018199454993009567, 0.02565312758088112], weights: [-6.0034537 -5.5767407 -5.851715 ], time: 0.0111s
Iteration 4250: total loss 26.3768, losses: [0.0769214853644371, 0.018305622041225433, 0.02696429006755352], weights: [-5.9734087 -5.5330954 -5.790207 ], time: 0.0110s
Iteration 4500: total loss 24.2403, losses: [0.07407920062541962, 0.018412340432405472, 0.02817082218825817], weights: [-5.9435334 -5.4903173 -5.732076 ], time: 0.0110s
Iteration 4750: total loss 22.2815, losses: [0.07153069227933884, 0.018452318385243416, 0.02929568663239479], weights: [-5.913731 -5.448451 -5.676781], time: 0.0110s
Iteration 5000: total loss 20.4433, losses: [0.06913197040557861, 0.01840551570057869, 0.030370626598596573], weights: [-5.884032 -5.407661 -5.623889], time: 0.0111s
Iteration 5250: total loss 18.7097, losses: [0.06681860983371735, 0.018313802778720856, 0.031413909047842026], weights: [-5.8544083 -5.3680305 -5.5730386], time: 0.0113s
Iteration 5500: total loss 17.0830, losses: [0.06462667137384415, 0.01816653087735176, 0.03241551294922829], weights: [-5.8249035 -5.3295584 -5.5239615], time: 0.0111s
Iteration 5750: total loss 15.5541, losses: [0.06260194629430771, 0.017880484461784363, 0.0333668477833271], weights: [-5.795514  -5.292376  -5.4764695], time: 0.0111s
Iteration 6000: total loss 14.1148, losses: [0.06074555590748787, 0.017444711178541183, 0.03426089882850647], weights: [-5.766215  -5.256757  -5.4304256], time: 0.0113s
Iteration 6250: total loss 12.7854, losses: [0.0590713694691658, 0.016964221373200417, 0.03510037064552307], weights: [-5.7370086 -5.2227983 -5.3857203], time: 0.0111s
Iteration 6500: total loss 11.5711, losses: [0.05761507526040077, 0.016453489661216736, 0.03588841110467911], weights: [-5.7078023 -5.1904054 -5.3422546], time: 0.0114s
Iteration 6750: total loss 10.4472, losses: [0.056340597569942474, 0.01586507447063923, 0.0366327129304409], weights: [-5.678596  -5.1596055 -5.299941 ], time: 0.0110s
Iteration 7000: total loss 9.4058, losses: [0.05520843341946602, 0.015264288522303104, 0.03732309117913246], weights: [-5.6493897 -5.1304502 -5.2587013], time: 0.0110s
Iteration 7250: total loss 8.4471, losses: [0.05420888215303421, 0.014755548909306526, 0.037910740822553635], weights: [-5.6201835 -5.1027317 -5.2185035], time: 0.0111s
Iteration 7500: total loss 7.5523, losses: [0.05331774055957794, 0.014342297799885273, 0.03835240378975868], weights: [-5.590977 -5.076111 -5.179365], time: 0.0114s
Iteration 7750: total loss 6.7032, losses: [0.052492398768663406, 0.013991563580930233, 0.03865410014986992], weights: [-5.561771 -5.050349 -5.141312], time: 0.0110s
Iteration 8000: total loss 5.9039, losses: [0.05173797905445099, 0.013682365417480469, 0.038864437490701675], weights: [-5.5325646 -5.025297  -5.1043243], time: 0.0110s
Iteration 8250: total loss 5.1666, losses: [0.0511004664003849, 0.013388828374445438, 0.03902978450059891], weights: [-5.5033584 -5.0009055 -5.0683274], time: 0.0112s
Iteration 8500: total loss 4.4896, losses: [0.05057739466428757, 0.013106786645948887, 0.039176177233457565], weights: [-5.474152  -4.9771724 -5.0332313], time: 0.0110s
Iteration 8750: total loss 3.8637, losses: [0.050143543630838394, 0.012840796262025833, 0.03930101916193962], weights: [-5.4449706 -4.9540977 -4.9989595], time: 0.0110s
Iteration 9000: total loss 3.2790, losses: [0.04977942258119583, 0.012584583833813667, 0.039392489939928055], weights: [-5.4158835 -4.931679  -4.9654465], time: 0.0110s
Iteration 9250: total loss 2.7246, losses: [0.04944367706775665, 0.012320698238909245, 0.03947814553976059], weights: [-5.3868136 -4.909965  -4.932632 ], time: 0.0113s
Iteration 9500: total loss 2.1919, losses: [0.04911351948976517, 0.01203140802681446, 0.03955335542559624], weights: [-5.357865 -4.889081 -4.900472], time: 0.0111s
Iteration 9750: total loss 1.6739, losses: [0.04877709969878197, 0.011703390628099442, 0.039602458477020264], weights: [-5.329067  -4.8692317 -4.8689256], time: 0.0110s
Iteration 10000: total loss 1.1701, losses: [0.04843055084347725, 0.011343734338879585, 0.039621420204639435], weights: [-5.3004656 -4.8506618 -4.8379736], time: 0.0113s
Iteration 10250: total loss 0.6856, losses: [0.04807398095726967, 0.01097917277365923, 0.03962709754705429], weights: [-5.272098  -4.8335505 -4.807593 ], time: 0.0110s
Iteration 10500: total loss 0.2256, losses: [0.0477084144949913, 0.010634558275341988, 0.039643578231334686], weights: [-5.2439923 -4.8179727 -4.777751 ], time: 0.0110s
Iteration 10750: total loss -0.2074, losses: [0.04734571650624275, 0.010316209867596626, 0.03967839851975441], weights: [-5.216183  -4.803936  -4.7483974], time: 0.0112s
Iteration 11000: total loss -0.6119, losses: [0.047005921602249146, 0.01002560742199421, 0.03972690925002098], weights: [-5.18866   -4.7914424 -4.7194943], time: 0.0111s
Iteration 11250: total loss -0.9872, losses: [0.0467088408768177, 0.009759795852005482, 0.03978347033262253], weights: [-5.1614265 -4.7805142 -4.6910214], time: 0.0110s
Iteration 11500: total loss -1.3352, losses: [0.04646889865398407, 0.009514889679849148, 0.039828501641750336], weights: [-5.1344614 -4.7711964 -4.6629605], time: 0.0115s
Iteration 11750: total loss -1.6604, losses: [0.046281393617391586, 0.009279578924179077, 0.039858028292655945], weights: [-5.107744  -4.763598  -4.6353173], time: 0.0110s
Iteration 12000: total loss -1.9670, losses: [0.04613679647445679, 0.009042547084391117, 0.039871420711278915], weights: [-5.081264 -4.757938 -4.608086], time: 0.0110s
Iteration 12250: total loss -2.2589, losses: [0.04603041708469391, 0.008793848566710949, 0.039861034601926804], weights: [-5.0550165 -4.7545686 -4.5812726], time: 0.0111s
Iteration 12500: total loss -2.5396, losses: [0.045938968658447266, 0.008528237231075764, 0.03984503448009491], weights: [-5.029004  -4.7539682 -4.5548725], time: 0.0112s
Iteration 12750: total loss -2.8116, losses: [0.045873288065195084, 0.008244278840720654, 0.03978997841477394], weights: [-5.0032334 -4.756715  -4.5288897], time: 0.0111s
Iteration 13000: total loss -3.0779, losses: [0.04580850526690483, 0.007945248857140541, 0.0397072471678257], weights: [-4.9777126 -4.7633944 -4.503327 ], time: 0.0111s
Iteration 13250: total loss -3.3423, losses: [0.045724574476480484, 0.0076217749156057835, 0.03960411250591278], weights: [-4.952454  -4.7745667 -4.4782023], time: 0.0110s
Iteration 13500: total loss -3.5973, losses: [0.04564584791660309, 0.0072675286792218685, 0.03954797238111496], weights: [-4.9274826 -4.7907867 -4.453477 ], time: 0.0114s
Iteration 13750: total loss -3.8377, losses: [0.045642271637916565, 0.006885589100420475, 0.03950062394142151], weights: [-4.90278   -4.8122683 -4.429105 ], time: 0.0110s
Iteration 14000: total loss -4.0676, losses: [0.0457017607986927, 0.006470987107604742, 0.039465636014938354], weights: [-4.8783083 -4.838747  -4.405069 ], time: 0.0111s
Iteration 14250: total loss -4.2909, losses: [0.04579775780439377, 0.006026438903063536, 0.03945602476596832], weights: [-4.8540535 -4.8694897 -4.3813543], time: 0.0113s
Iteration 14500: total loss -4.5095, losses: [0.0459069088101387, 0.00556469289585948, 0.039479177445173264], weights: [-4.830025  -4.9033623 -4.3579416], time: 0.0110s
Iteration 14750: total loss -4.7229, losses: [0.04599979892373085, 0.005111143924295902, 0.03955521062016487], weights: [-4.8062286 -4.9390187 -4.3347983], time: 0.0113s
Iteration 15000: total loss -4.9283, losses: [0.04609168320894241, 0.004696299321949482, 0.03963910788297653], weights: [-4.78269   -4.9751153 -4.3118997], time: 0.0111s
Iteration 15250: total loss -5.1236, losses: [0.04616269841790199, 0.004333813674747944, 0.039758361876010895], weights: [-4.7594237 -5.010661  -4.2892356], time: 0.0110s
Iteration 15500: total loss -5.3085, losses: [0.04623600095510483, 0.004020391497761011, 0.03987525403499603], weights: [-4.7364297 -5.045111  -4.2668104], time: 0.0111s
Iteration 15750: total loss -5.4841, losses: [0.04630627483129501, 0.0037473593838512897, 0.03999633714556694], weights: [-4.7137175 -5.0783014 -4.2446313], time: 0.0111s
Iteration 16000: total loss -5.6511, losses: [0.04637710377573967, 0.0035075393971055746, 0.040114302188158035], weights: [-4.6912894 -5.110249  -4.222707 ], time: 0.0111s
{
  "u": {
    "rmse": 0.23472515342117736,
    "mae": 0.1616292714447105,
    "maximum_absolute": 1.2749173571230124,
    "relative_l2": 0.4041374644011613
  },
  "v": {
    "rmse": 0.2600111076778363,
    "mae": 0.16758726326076873,
    "maximum_absolute": 1.7146082932290794,
    "relative_l2": 0.5450441875905883
  }
}
Plot with: python -m utils.plot_pinn_results --run-directory /home/thiago.esterci/Repositories/Evolutionary_Algorithms/work_4/studies/loss_weight_study_1789563353185616928/runs/seed_2032_pinn/1789567554730711933
