Artifacts: /home/thiago.esterci/Repositories/Evolutionary_Algorithms/work_4/studies/loss_weight_study_1789563353185616928/runs/seed_2028_pinn/1789563647938019267
DE: 400 generations, 32 individuals, 12832 fitness evaluations, 194 parameters; then 16168 Adam epochs.
DE generation 0: best fitness 453.70447, fixed reference 453.70447, accepted 0/32, evaluations 32
DE generation 10: best fitness 322.71899, fixed reference 322.71899, accepted 7/32, evaluations 352
DE generation 20: best fitness 322.71899, fixed reference 322.71899, accepted 4/32, evaluations 672
DE generation 30: best fitness 298.88928, fixed reference 298.88928, accepted 6/32, evaluations 992
DE generation 40: best fitness 298.88928, fixed reference 298.88928, accepted 1/32, evaluations 1312
DE generation 50: best fitness 297.11835, fixed reference 297.11835, accepted 2/32, evaluations 1632
DE generation 60: best fitness 297.11835, fixed reference 297.11835, accepted 2/32, evaluations 1952
DE generation 70: best fitness 297.11835, fixed reference 297.11835, accepted 0/32, evaluations 2272
DE generation 80: best fitness 288.90033, fixed reference 288.90033, accepted 1/32, evaluations 2592
DE generation 90: best fitness 288.90033, fixed reference 288.90033, accepted 1/32, evaluations 2912
DE generation 100: best fitness 288.90033, fixed reference 288.90033, accepted 0/32, evaluations 3232
DE generation 110: best fitness 288.90033, fixed reference 288.90033, accepted 2/32, evaluations 3552
DE generation 120: best fitness 282.72159, fixed reference 282.72158, accepted 0/32, evaluations 3872
DE generation 130: best fitness 281.09128, fixed reference 281.09129, accepted 1/32, evaluations 4192
DE generation 140: best fitness 278.55112, fixed reference 278.55111, accepted 0/32, evaluations 4512
DE generation 150: best fitness 278.55112, fixed reference 278.55111, accepted 0/32, evaluations 4832
DE generation 160: best fitness 274.45795, fixed reference 274.45794, accepted 1/32, evaluations 5152
DE generation 170: best fitness 271.9422, fixed reference 271.94221, accepted 2/32, evaluations 5472
DE generation 180: best fitness 268.28717, fixed reference 268.28717, accepted 1/32, evaluations 5792
DE generation 190: best fitness 268.09521, fixed reference 268.09522, accepted 1/32, evaluations 6112
DE generation 200: best fitness 264.05719, fixed reference 264.05719, accepted 2/32, evaluations 6432
DE generation 210: best fitness 264.05719, fixed reference 264.05719, accepted 1/32, evaluations 6752
DE generation 220: best fitness 263.67459, fixed reference 263.6746, accepted 1/32, evaluations 7072
DE generation 230: best fitness 263.45483, fixed reference 263.45483, accepted 2/32, evaluations 7392
DE generation 240: best fitness 263.45483, fixed reference 263.45483, accepted 0/32, evaluations 7712
DE generation 250: best fitness 263.45483, fixed reference 263.45483, accepted 1/32, evaluations 8032
DE generation 260: best fitness 263.45483, fixed reference 263.45483, accepted 1/32, evaluations 8352
DE generation 270: best fitness 263.45483, fixed reference 263.45483, accepted 0/32, evaluations 8672
DE generation 280: best fitness 263.45483, fixed reference 263.45483, accepted 0/32, evaluations 8992
DE generation 290: best fitness 261.41772, fixed reference 261.41773, accepted 0/32, evaluations 9312
DE generation 300: best fitness 261.41772, fixed reference 261.41773, accepted 2/32, evaluations 9632
DE generation 310: best fitness 261.41772, fixed reference 261.41773, accepted 0/32, evaluations 9952
DE generation 320: best fitness 261.41772, fixed reference 261.41773, accepted 0/32, evaluations 10272
DE generation 330: best fitness 261.41772, fixed reference 261.41773, accepted 0/32, evaluations 10592
DE generation 340: best fitness 261.41772, fixed reference 261.41773, accepted 0/32, evaluations 10912
DE generation 350: best fitness 261.41772, fixed reference 261.41773, accepted 1/32, evaluations 11232
DE generation 360: best fitness 260.62854, fixed reference 260.62853, accepted 1/32, evaluations 11552
DE generation 370: best fitness 260.62854, fixed reference 260.62853, accepted 0/32, evaluations 11872
DE generation 380: best fitness 260.62854, fixed reference 260.62853, accepted 1/32, evaluations 12192
DE generation 390: best fitness 260.62854, fixed reference 260.62853, accepted 0/32, evaluations 12512
DE generation 400: best fitness 260.22589, fixed reference 260.2259, accepted 2/32, evaluations 12832
DE best fitness: 260.22589; starting Adam.
Iteration 0: total loss 239.5027, losses: [0.2517763376235962, 0.003140839980915189, 0.005308717954903841], weights: [-6.9067554 -6.9067554 -6.9067554], time: 0.0355s
Iteration 250: total loss 192.9822, losses: [0.2428409904241562, 0.002170009771361947, 0.00034567088005132973], weights: [-6.767429  -6.817204  -6.9018326], time: 0.0111s
Iteration 500: total loss 168.6770, losses: [0.23541133105754852, 0.0048345415852963924, 0.0004318870196584612], weights: [-6.6655526 -6.622029  -6.9737177], time: 0.0112s
Iteration 750: total loss 146.8696, losses: [0.22275571525096893, 0.00815767515450716, 0.001076967571862042], weights: [-6.5798063 -6.4570546 -7.0057054], time: 0.0114s
Iteration 1000: total loss 125.8174, losses: [0.20096924901008606, 0.01517308596521616, 0.0026877394411712885], weights: [-6.506748 -6.296692 -6.899069], time: 0.0114s
Iteration 1250: total loss 107.8090, losses: [0.17814448475837708, 0.023350505158305168, 0.0049375914968550205], weights: [-6.444573  -6.1442714 -6.722425 ], time: 0.0114s
Iteration 1500: total loss 91.8209, losses: [0.15763486921787262, 0.028241552412509918, 0.007288509048521519], weights: [-6.390634  -6.0172253 -6.568717 ], time: 0.0115s
Iteration 1750: total loss 77.0158, losses: [0.13841256499290466, 0.029492435976862907, 0.009684395976364613], weights: [-6.3432198 -5.9152026 -6.4385037], time: 0.0114s
Iteration 2000: total loss 64.6198, losses: [0.12162710726261139, 0.028412001207470894, 0.012678115628659725], weights: [-6.301192 -5.832228 -6.321374], time: 0.0116s
Iteration 2250: total loss 54.9563, losses: [0.1080131083726883, 0.026020627468824387, 0.016419626772403717], weights: [-6.2633324 -5.7644496 -6.211607 ], time: 0.0114s
Iteration 2500: total loss 47.7914, losses: [0.09757628291845322, 0.023874804377555847, 0.02038107067346573], weights: [-6.2284884 -5.7076206 -6.108533 ], time: 0.0112s
Iteration 2750: total loss 42.0922, losses: [0.08929099142551422, 0.022292422130703926, 0.023837966844439507], weights: [-6.1957393 -5.657827  -6.0139165], time: 0.0114s
Iteration 3000: total loss 37.2238, losses: [0.08216634392738342, 0.021057898178696632, 0.026838889345526695], weights: [-6.164575  -5.612575  -5.9280224], time: 0.0112s
Iteration 3250: total loss 32.9858, losses: [0.07577364146709442, 0.020074933767318726, 0.029635285958647728], weights: [-6.1347437 -5.570676  -5.8492246], time: 0.0111s
Iteration 3500: total loss 29.4455, losses: [0.07030364125967026, 0.01941695623099804, 0.03230034187436104], weights: [-6.1060324 -5.5309463 -5.776046 ], time: 0.0111s
Iteration 3750: total loss 26.5226, losses: [0.0659220740199089, 0.018752429634332657, 0.03481783717870712], weights: [-6.078113  -5.4928665 -5.707418 ], time: 0.0112s
Iteration 4000: total loss 24.0427, losses: [0.06229439750313759, 0.01815406233072281, 0.03719436377286911], weights: [-6.050676 -5.456318 -5.642655], time: 0.0113s
Iteration 4250: total loss 21.9016, losses: [0.05919574573636055, 0.01771005056798458, 0.03944414481520653], weights: [-6.023539  -5.42093   -5.5811863], time: 0.0112s
Iteration 4500: total loss 20.0372, losses: [0.056597691029310226, 0.01741880550980568, 0.04146715998649597], weights: [-5.996559 -5.38628  -5.522641], time: 0.0112s
Iteration 4750: total loss 18.3941, losses: [0.054448772221803665, 0.017228228971362114, 0.0432363897562027], weights: [-5.969571  -5.3520565 -5.4668155], time: 0.0112s
Iteration 5000: total loss 16.9260, losses: [0.052677758038043976, 0.017108917236328125, 0.044749416410923004], weights: [-5.9424458 -5.318078  -5.413511 ], time: 0.0112s
Iteration 5250: total loss 15.5871, losses: [0.05119195953011513, 0.017036370933055878, 0.04601948708295822], weights: [-5.9150805 -5.2842474 -5.36253  ], time: 0.0112s
Iteration 5500: total loss 14.3377, losses: [0.04990071803331375, 0.016952192410826683, 0.04709601774811745], weights: [-5.8874335 -5.2505713 -5.31368  ], time: 0.0112s
Iteration 5750: total loss 13.1520, losses: [0.04872626066207886, 0.01680593192577362, 0.04805135726928711], weights: [-5.8595057 -5.2172256 -5.266732 ], time: 0.0114s
Iteration 6000: total loss 12.0276, losses: [0.04762519523501396, 0.016621898859739304, 0.04894097149372101], weights: [-5.8313146 -5.184402  -5.2214465], time: 0.0116s
Iteration 6250: total loss 10.9761, losses: [0.046604275703430176, 0.016462791711091995, 0.04977302625775337], weights: [-5.8028936 -5.1521316 -5.177622 ], time: 0.0116s
Iteration 6500: total loss 10.0005, losses: [0.04570179060101509, 0.016336912289261818, 0.0505087785422802], weights: [-5.7742805 -5.1203427 -5.135093 ], time: 0.0116s
Iteration 6750: total loss 9.0931, losses: [0.04486033320426941, 0.01622011326253414, 0.051263466477394104], weights: [-5.745486  -5.0889864 -5.093748 ], time: 0.0114s
Iteration 7000: total loss 8.2448, losses: [0.04415089264512062, 0.016110651195049286, 0.051869358867406845], weights: [-5.716517 -5.058065 -5.053496], time: 0.0114s
Iteration 7250: total loss 7.4462, losses: [0.04351207986474037, 0.015998544171452522, 0.052412599325180054], weights: [-5.6873937 -5.027605  -5.0142684], time: 0.0111s
Iteration 7500: total loss 6.6889, losses: [0.04293172433972359, 0.015874318778514862, 0.05288469418883324], weights: [-5.6581583 -4.9976473 -4.9760046], time: 0.0114s
Iteration 7750: total loss 5.9650, losses: [0.042397141456604004, 0.015721062198281288, 0.05328330025076866], weights: [-5.628833  -4.96826   -4.9386525], time: 0.0114s
Iteration 8000: total loss 5.2692, losses: [0.04191604256629944, 0.015527717769145966, 0.05356756970286369], weights: [-5.5995073 -4.9395614 -4.9021673], time: 0.0112s
Iteration 8250: total loss 4.5988, losses: [0.0414106622338295, 0.015288567170500755, 0.0538882277905941], weights: [-5.570182  -4.9116864 -4.866508 ], time: 0.0112s
Iteration 8500: total loss 3.9571, losses: [0.04095225781202316, 0.015027699060738087, 0.054108116775751114], weights: [-5.540886  -4.884722  -4.8316245], time: 0.0112s
Iteration 8750: total loss 3.3497, losses: [0.04051841050386429, 0.014761839993298054, 0.054307855665683746], weights: [-5.5116935 -4.858694  -4.7974753], time: 0.0112s
Iteration 9000: total loss 2.7786, losses: [0.04014459624886513, 0.014501688070595264, 0.05443685129284859], weights: [-5.482628 -4.833588 -4.764015], time: 0.0112s
Iteration 9250: total loss 2.2403, losses: [0.039767660200595856, 0.014236430637538433, 0.0546240359544754], weights: [-5.453703  -4.809392  -4.7311935], time: 0.0112s
Iteration 9500: total loss 1.7294, losses: [0.03942982107400894, 0.013958395458757877, 0.05476108938455582], weights: [-5.4249296 -4.786136  -4.6989765], time: 0.0112s
Iteration 9750: total loss 1.2417, losses: [0.0391240157186985, 0.013641509227454662, 0.05486254021525383], weights: [-5.3963575 -4.763931  -4.6673293], time: 0.0112s
Iteration 10000: total loss 0.7756, losses: [0.03882249444723129, 0.013265283778309822, 0.05500667542219162], weights: [-5.367979  -4.7430024 -4.6362224], time: 0.0112s
Iteration 10250: total loss 0.3333, losses: [0.03856813162565231, 0.0128620695322752, 0.0551007054746151], weights: [-5.339805  -4.7235756 -4.6056356], time: 0.0111s
Iteration 10500: total loss -0.0844, losses: [0.03835951164364815, 0.012471034191548824, 0.05512756109237671], weights: [-5.3118477 -4.7057366 -4.575567 ], time: 0.0112s
Iteration 10750: total loss -0.4782, losses: [0.038165830075740814, 0.01211002841591835, 0.05513913184404373], weights: [-5.284104  -4.6894617 -4.5460114], time: 0.0112s
Iteration 11000: total loss -0.8493, losses: [0.038010720163583755, 0.01178809441626072, 0.05507665500044823], weights: [-5.256573  -4.6746855 -4.5169735], time: 0.0112s
Iteration 11250: total loss -1.1996, losses: [0.03787485882639885, 0.01150102075189352, 0.05497974157333374], weights: [-5.229264  -4.6613445 -4.4884524], time: 0.0112s
Iteration 11500: total loss -1.5310, losses: [0.03775288164615631, 0.01123979315161705, 0.054858654737472534], weights: [-5.2021885 -4.6494164 -4.4604306], time: 0.0112s
Iteration 11750: total loss -1.8453, losses: [0.03763638064265251, 0.01099381223320961, 0.05473644658923149], weights: [-5.17536   -4.6389465 -4.4328885], time: 0.0111s
Iteration 12000: total loss -2.1434, losses: [0.03753604739904404, 0.010756034404039383, 0.05459873750805855], weights: [-5.148791  -4.6300526 -4.405795 ], time: 0.0112s
Iteration 12250: total loss -2.4263, losses: [0.03742755576968193, 0.010513906367123127, 0.054514262825250626], weights: [-5.1224923 -4.622933  -4.379129 ], time: 0.0112s
Iteration 12500: total loss -2.6958, losses: [0.03733344003558159, 0.01025376096367836, 0.0544407032430172], weights: [-5.0964785 -4.617926  -4.352852 ], time: 0.0112s
Iteration 12750: total loss -2.9541, losses: [0.03725973889231682, 0.009964944794774055, 0.054366614669561386], weights: [-5.070737  -4.6155486 -4.3269477], time: 0.0112s
Iteration 13000: total loss -3.2021, losses: [0.03719763830304146, 0.009645204059779644, 0.054312702268362045], weights: [-5.045265  -4.6164618 -4.301406 ], time: 0.0112s
Iteration 13250: total loss -3.4411, losses: [0.037168268114328384, 0.0092991404235363, 0.054227378219366074], weights: [-5.020068  -4.6213756 -4.276222 ], time: 0.0112s
Iteration 13500: total loss -3.6724, losses: [0.03717133775353432, 0.008934956975281239, 0.05409463122487068], weights: [-4.9951224 -4.6309233 -4.251406 ], time: 0.0112s
Iteration 13750: total loss -3.8983, losses: [0.03720420226454735, 0.008560115471482277, 0.053889334201812744], weights: [-4.9704194 -4.645463  -4.226985 ], time: 0.0115s
Iteration 14000: total loss -4.1218, losses: [0.03725578635931015, 0.008173967711627483, 0.0536043643951416], weights: [-4.945953  -4.6649313 -4.2029786], time: 0.0114s
Iteration 14250: total loss -4.3454, losses: [0.03732312098145485, 0.007750313729047775, 0.05325597897171974], weights: [-4.921724  -4.6890693 -4.179424 ], time: 0.0113s
Iteration 14500: total loss -4.5674, losses: [0.037390392273664474, 0.007284498307853937, 0.052928343415260315], weights: [-4.897742 -4.717533 -4.156294], time: 0.0116s
Iteration 14750: total loss -4.7831, losses: [0.03746127709746361, 0.006807554047554731, 0.052649229764938354], weights: [-4.874015  -4.749354  -4.1335516], time: 0.0116s
Iteration 15000: total loss -4.9885, losses: [0.03753669559955597, 0.006351597141474485, 0.05243245139718056], weights: [-4.850547 -4.783071 -4.111147], time: 0.0114s
Iteration 15250: total loss -5.1826, losses: [0.03761207312345505, 0.005931365303695202, 0.05228151008486748], weights: [-4.827342  -4.8173604 -4.0890393], time: 0.0116s
Iteration 15500: total loss -5.3660, losses: [0.03769484534859657, 0.005549833178520203, 0.052162859588861465], weights: [-4.804416  -4.8513436 -4.0671997], time: 0.0116s
Iteration 15750: total loss -5.5397, losses: [0.03777815029025078, 0.0052056871354579926, 0.05207580327987671], weights: [-4.781758  -4.8845825 -4.0456085], time: 0.0114s
Iteration 16000: total loss -5.7040, losses: [0.03784659132361412, 0.004898039158433676, 0.052045486867427826], weights: [-4.7593694 -4.9168735 -4.024257 ], time: 0.0114s
{
  "u": {
    "rmse": 0.227610296604243,
    "mae": 0.15496501109728092,
    "maximum_absolute": 1.2273957445155288,
    "relative_l2": 0.3918874769087097
  },
  "v": {
    "rmse": 0.2662541942515323,
    "mae": 0.16887445558004338,
    "maximum_absolute": 1.7810696477231742,
    "relative_l2": 0.5581311594511674
  }
}
Plot with: python -m utils.plot_pinn_results --run-directory /home/thiago.esterci/Repositories/Evolutionary_Algorithms/work_4/studies/loss_weight_study_1789563353185616928/runs/seed_2028_pinn/1789563647938019267
