Artifacts: /home/thiago.esterci/Repositories/Evolutionary_Algorithms/work_4/studies/loss_weight_study_1789563353185616928/runs/seed_2034_pinn/1789570008432222562
DE: 400 generations, 32 individuals, 12832 fitness evaluations, 194 parameters; then 16168 Adam epochs.
DE generation 0: best fitness 578.13165, fixed reference 578.13167, accepted 0/32, evaluations 32
DE generation 10: best fitness 383.49866, fixed reference 383.49866, accepted 3/32, evaluations 352
DE generation 20: best fitness 360.78445, fixed reference 360.78445, accepted 2/32, evaluations 672
DE generation 30: best fitness 328.94507, fixed reference 328.94506, accepted 2/32, evaluations 992
DE generation 40: best fitness 304.12662, fixed reference 304.12661, accepted 1/32, evaluations 1312
DE generation 50: best fitness 298.60916, fixed reference 298.60915, accepted 1/32, evaluations 1632
DE generation 60: best fitness 298.60916, fixed reference 298.60915, accepted 0/32, evaluations 1952
DE generation 70: best fitness 298.60916, fixed reference 298.60915, accepted 2/32, evaluations 2272
DE generation 80: best fitness 298.60916, fixed reference 298.60915, accepted 0/32, evaluations 2592
DE generation 90: best fitness 296.26053, fixed reference 296.26054, accepted 1/32, evaluations 2912
DE generation 100: best fitness 295.68289, fixed reference 295.6829, accepted 1/32, evaluations 3232
DE generation 110: best fitness 295.68289, fixed reference 295.6829, accepted 0/32, evaluations 3552
DE generation 120: best fitness 295.68289, fixed reference 295.6829, accepted 1/32, evaluations 3872
DE generation 130: best fitness 291.60962, fixed reference 291.60962, accepted 0/32, evaluations 4192
DE generation 140: best fitness 291.60962, fixed reference 291.60962, accepted 0/32, evaluations 4512
DE generation 150: best fitness 291.60962, fixed reference 291.60962, accepted 0/32, evaluations 4832
DE generation 160: best fitness 280.97464, fixed reference 280.97464, accepted 0/32, evaluations 5152
DE generation 170: best fitness 280.97464, fixed reference 280.97464, accepted 0/32, evaluations 5472
DE generation 180: best fitness 273.98392, fixed reference 273.98392, accepted 1/32, evaluations 5792
DE generation 190: best fitness 273.98392, fixed reference 273.98392, accepted 1/32, evaluations 6112
DE generation 200: best fitness 273.98392, fixed reference 273.98392, accepted 2/32, evaluations 6432
DE generation 210: best fitness 273.98392, fixed reference 273.98392, accepted 0/32, evaluations 6752
DE generation 220: best fitness 273.98392, fixed reference 273.98392, accepted 3/32, evaluations 7072
DE generation 230: best fitness 273.98392, fixed reference 273.98392, accepted 2/32, evaluations 7392
DE generation 240: best fitness 273.98392, fixed reference 273.98392, accepted 1/32, evaluations 7712
DE generation 250: best fitness 273.98392, fixed reference 273.98392, accepted 3/32, evaluations 8032
DE generation 260: best fitness 273.98392, fixed reference 273.98392, accepted 2/32, evaluations 8352
DE generation 270: best fitness 273.98392, fixed reference 273.98392, accepted 1/32, evaluations 8672
DE generation 280: best fitness 269.49863, fixed reference 269.49862, accepted 0/32, evaluations 8992
DE generation 290: best fitness 269.49863, fixed reference 269.49862, accepted 0/32, evaluations 9312
DE generation 300: best fitness 269.49863, fixed reference 269.49862, accepted 0/32, evaluations 9632
DE generation 310: best fitness 269.49863, fixed reference 269.49862, accepted 4/32, evaluations 9952
DE generation 320: best fitness 269.49863, fixed reference 269.49862, accepted 0/32, evaluations 10272
DE generation 330: best fitness 264.81421, fixed reference 264.81422, accepted 1/32, evaluations 10592
DE generation 340: best fitness 264.81421, fixed reference 264.81422, accepted 0/32, evaluations 10912
DE generation 350: best fitness 264.81421, fixed reference 264.81422, accepted 1/32, evaluations 11232
DE generation 360: best fitness 264.81421, fixed reference 264.81422, accepted 0/32, evaluations 11552
DE generation 370: best fitness 264.81421, fixed reference 264.81422, accepted 0/32, evaluations 11872
DE generation 380: best fitness 264.81421, fixed reference 264.81422, accepted 2/32, evaluations 12192
DE generation 390: best fitness 264.81421, fixed reference 264.81422, accepted 0/32, evaluations 12512
DE generation 400: best fitness 264.60788, fixed reference 264.60788, accepted 1/32, evaluations 12832
DE best fitness: 264.60788; starting Adam.
Iteration 0: total loss 243.8846, losses: [0.25079071521759033, 0.004310565069317818, 0.00950659904628992], weights: [-6.9067554 -6.9067554 -6.9067554], time: 0.0360s
Iteration 250: total loss 193.4676, losses: [0.24280840158462524, 0.002818180015310645, 0.00030705344397574663], weights: [-6.7672925 -6.7962217 -6.8721666], time: 0.0111s
Iteration 500: total loss 170.4764, losses: [0.2379944622516632, 0.004923711530864239, 0.00020798017794732004], weights: [-6.6647873 -6.6371355 -6.917803 ], time: 0.0111s
Iteration 750: total loss 151.0485, losses: [0.23098422586917877, 0.006724684499204159, 0.0005082503193989396], weights: [-6.5776205 -6.496018  -6.9636292], time: 0.0111s
Iteration 1000: total loss 133.1115, losses: [0.22013236582279205, 0.008980401791632175, 0.0010034365113824606], weights: [-6.50127   -6.3676577 -6.9792438], time: 0.0113s
Iteration 1250: total loss 114.4491, losses: [0.20317736268043518, 0.011314122006297112, 0.0016087805852293968], weights: [-6.4340343 -6.2491984 -6.9491143], time: 0.0111s
Iteration 1500: total loss 96.8683, losses: [0.18143558502197266, 0.01492348127067089, 0.0029185351449996233], weights: [-6.3754015 -6.1366363 -6.8523126], time: 0.0110s
Iteration 1750: total loss 83.2111, losses: [0.1611015349626541, 0.01990715228021145, 0.005066714249551296], weights: [-6.324264 -6.023881 -6.703042], time: 0.0111s
Iteration 2000: total loss 72.0942, losses: [0.14414286613464355, 0.02312621660530567, 0.007628453429788351], weights: [-6.2787323 -5.918424  -6.5604205], time: 0.0110s
Iteration 2250: total loss 62.3447, losses: [0.12927934527397156, 0.023319710046052933, 0.010880687274038792], weights: [-6.237549  -5.829846  -6.4305735], time: 0.0113s
Iteration 2500: total loss 54.5355, losses: [0.11695320904254913, 0.023042136803269386, 0.014302823692560196], weights: [-6.199781  -5.755911  -6.3132625], time: 0.0111s
Iteration 2750: total loss 48.2104, losses: [0.10696074366569519, 0.02294999547302723, 0.017290066927671432], weights: [-6.164565  -5.6907053 -6.209172 ], time: 0.0111s
Iteration 3000: total loss 42.7433, losses: [0.09859532117843628, 0.02240975759923458, 0.019852356985211372], weights: [-6.1312613 -5.631728  -6.116929 ], time: 0.0111s
Iteration 3250: total loss 37.8766, losses: [0.09134145826101303, 0.02096882276237011, 0.022346753627061844], weights: [-6.0994644 -5.579222  -6.0335526], time: 0.0113s
Iteration 3500: total loss 33.7959, losses: [0.08519711345434189, 0.019373493269085884, 0.02492196299135685], weights: [-6.068864  -5.5332227 -5.9563513], time: 0.0111s
Iteration 3750: total loss 30.5463, losses: [0.08026459813117981, 0.018437115475535393, 0.02729816921055317], weights: [-6.039114  -5.4917865 -5.8840528], time: 0.0110s
Iteration 4000: total loss 27.9005, losses: [0.0763235092163086, 0.018225539475679398, 0.0292582418769598], weights: [-6.009872  -5.4523373 -5.8164377], time: 0.0111s
Iteration 4250: total loss 25.6008, losses: [0.07305389642715454, 0.018341874703764915, 0.030813807621598244], weights: [-5.980884  -5.4132366 -5.7532783], time: 0.0111s
Iteration 4500: total loss 23.4398, losses: [0.07010645419359207, 0.018394099548459053, 0.03206547349691391], weights: [-5.9520426 -5.374252  -5.6941295], time: 0.0111s
Iteration 4750: total loss 21.2978, losses: [0.06718044728040695, 0.018148453906178474, 0.03316138684749603], weights: [-5.923353  -5.335959  -5.6384015], time: 0.0111s
Iteration 5000: total loss 19.2172, losses: [0.06425566971302032, 0.01764901541173458, 0.03423154354095459], weights: [-5.8948793 -5.2991195 -5.5854645], time: 0.0111s
Iteration 5250: total loss 17.3509, losses: [0.06150216609239578, 0.017209473997354507, 0.03541647642850876], weights: [-5.8666654 -5.2639017 -5.53468  ], time: 0.0111s
Iteration 5500: total loss 15.7116, losses: [0.05906037241220474, 0.016803888604044914, 0.03667976334691048], weights: [-5.8386707 -5.229925  -5.4855394], time: 0.0111s
Iteration 5750: total loss 14.2173, losses: [0.05691714212298393, 0.016225138679146767, 0.03793511167168617], weights: [-5.8107896 -5.1973314 -5.4377923], time: 0.0111s
Iteration 6000: total loss 12.8266, losses: [0.055025700479745865, 0.015475194901227951, 0.0390990786254406], weights: [-5.783014  -5.1665735 -5.3913493], time: 0.0111s
Iteration 6250: total loss 11.5493, losses: [0.05339743569493294, 0.014722095802426338, 0.040094152092933655], weights: [-5.755238  -5.1378355 -5.3462296], time: 0.0111s
Iteration 6500: total loss 10.3992, losses: [0.05202497914433479, 0.014093942008912563, 0.040930502116680145], weights: [-5.727354 -5.110844 -5.302461], time: 0.0111s
Iteration 6750: total loss 9.3546, losses: [0.050823237746953964, 0.013581032864749432, 0.041674721986055374], weights: [-5.6993656 -5.085185  -5.2600017], time: 0.0111s
Iteration 7000: total loss 8.3906, losses: [0.0497274324297905, 0.013125749304890633, 0.042381446808576584], weights: [-5.6712565 -5.060608  -5.2187347], time: 0.0113s
Iteration 7250: total loss 7.4986, losses: [0.04872799292206764, 0.012695221230387688, 0.043074700981378555], weights: [-5.6430473 -5.0370274 -5.178538 ], time: 0.0111s
Iteration 7500: total loss 6.6718, losses: [0.04782778024673462, 0.012276338413357735, 0.04374711960554123], weights: [-5.6147704 -5.0144496 -5.1392965], time: 0.0111s
Iteration 7750: total loss 5.8996, losses: [0.047029949724674225, 0.011853045783936977, 0.04436943680047989], weights: [-5.5863986 -4.992933  -5.1009493], time: 0.0111s
Iteration 8000: total loss 5.1690, losses: [0.04631916433572769, 0.011399106122553349, 0.04492548480629921], weights: [-5.5579743 -4.97263   -5.063459 ], time: 0.0111s
Iteration 8250: total loss 4.4700, losses: [0.0456533245742321, 0.010921945795416832, 0.04542645066976547], weights: [-5.5294833 -4.9537945 -5.026794 ], time: 0.0111s
Iteration 8500: total loss 3.8095, losses: [0.04505119472742081, 0.010486203245818615, 0.045832693576812744], weights: [-5.5009923 -4.9365144 -4.9909368], time: 0.0111s
Iteration 8750: total loss 3.1889, losses: [0.044537607580423355, 0.010084224864840508, 0.04613189771771431], weights: [-5.4725013 -4.9207387 -4.9558935], time: 0.0111s
Iteration 9000: total loss 2.6033, losses: [0.04408961907029152, 0.009689235128462315, 0.04636511579155922], weights: [-5.444052  -4.906551  -4.9216514], time: 0.0111s
Iteration 9250: total loss 2.0485, losses: [0.04369744285941124, 0.009296860545873642, 0.04653613269329071], weights: [-5.4156804 -4.894143  -4.8881726], time: 0.0111s
Iteration 9500: total loss 1.5211, losses: [0.04333466663956642, 0.008906117640435696, 0.04668065905570984], weights: [-5.387334  -4.883752  -4.8554215], time: 0.0110s
Iteration 9750: total loss 1.0188, losses: [0.04300825297832489, 0.008507625199854374, 0.04678997024893761], weights: [-5.3590927 -4.875696  -4.823346 ], time: 0.0115s
Iteration 10000: total loss 0.5399, losses: [0.042691029608249664, 0.008084800094366074, 0.046925581991672516], weights: [-5.3309884 -4.870474  -4.7918906], time: 0.0111s
Iteration 10250: total loss 0.0853, losses: [0.04238565266132355, 0.007651115767657757, 0.04709453135728836], weights: [-5.3030376 -4.8687162 -4.760991 ], time: 0.0111s
Iteration 10500: total loss -0.3418, losses: [0.04210823029279709, 0.0072519718669354916, 0.04726286977529526], weights: [-5.275281  -4.870886  -4.7305903], time: 0.0111s
Iteration 10750: total loss -0.7430, losses: [0.04187646880745888, 0.006907865405082703, 0.04737798497080803], weights: [-5.247706  -4.877055  -4.7006855], time: 0.0113s
Iteration 11000: total loss -1.1240, losses: [0.041691575199365616, 0.006596745923161507, 0.04742022603750229], weights: [-5.2203355 -4.8871765 -4.671299 ], time: 0.0111s
Iteration 11250: total loss -1.4908, losses: [0.041533712297677994, 0.006288562435656786, 0.04741782695055008], weights: [-5.1931524 -4.9013753 -4.6424403], time: 0.0111s
Iteration 11500: total loss -1.8454, losses: [0.04139391705393791, 0.005973741877824068, 0.047388140112161636], weights: [-5.166173  -4.919836  -4.6140976], time: 0.0111s
Iteration 11750: total loss -2.1868, losses: [0.04128109663724899, 0.005661201197654009, 0.04732478782534599], weights: [-5.1394134 -4.9425106 -4.5862584], time: 0.0112s
Iteration 12000: total loss -2.5141, losses: [0.04120570421218872, 0.005356545094400644, 0.04722141847014427], weights: [-5.1128855 -4.968932  -4.558906 ], time: 0.0111s
Iteration 12250: total loss -2.8275, losses: [0.0411253459751606, 0.00506241898983717, 0.0471542663872242], weights: [-5.0865855 -4.9983425 -4.532023 ], time: 0.0115s
Iteration 12500: total loss -3.1279, losses: [0.041082896292209625, 0.004779244773089886, 0.047046441584825516], weights: [-5.060518  -5.029908  -4.5055943], time: 0.0111s
Iteration 12750: total loss -3.4156, losses: [0.04106733575463295, 0.004507855512201786, 0.046918176114559174], weights: [-5.0346866 -5.0628653 -4.4796   ], time: 0.0111s
Iteration 13000: total loss -3.6906, losses: [0.04109244421124458, 0.00424876157194376, 0.04675127938389778], weights: [-5.009093 -5.096593 -4.454032], time: 0.0111s
Iteration 13250: total loss -3.9528, losses: [0.04111316427588463, 0.0040038092993199825, 0.0466274693608284], weights: [-4.9837337 -5.1305876 -4.428882 ], time: 0.0113s
Iteration 13500: total loss -4.2024, losses: [0.04118583723902702, 0.003773001953959465, 0.046452030539512634], weights: [-4.9586043 -5.164525  -4.404142 ], time: 0.0110s
Iteration 13750: total loss -4.4400, losses: [0.04128267243504524, 0.003557052696123719, 0.046270377933979034], weights: [-4.9337015 -5.198177  -4.379799 ], time: 0.0110s
Iteration 14000: total loss -4.6663, losses: [0.04140542820096016, 0.0033561494201421738, 0.046074278652668], weights: [-4.9090242 -5.2313704 -4.3558545], time: 0.0115s
Iteration 14250: total loss -4.8821, losses: [0.041545361280441284, 0.0031694439239799976, 0.04587331786751747], weights: [-4.884577  -5.2640085 -4.3322906], time: 0.0110s
Iteration 14500: total loss -5.0882, losses: [0.04169642925262451, 0.002997542731463909, 0.04566986858844757], weights: [-4.8603644 -5.296025  -4.3090982], time: 0.0111s
Iteration 14750: total loss -5.2851, losses: [0.04185232147574425, 0.002840907545760274, 0.04546842351555824], weights: [-4.8363943 -5.327372  -4.286269 ], time: 0.0111s
Iteration 15000: total loss -5.4734, losses: [0.04203210026025772, 0.0026980475522577763, 0.04523415490984917], weights: [-4.8126726 -5.358025  -4.2637935], time: 0.0111s
Iteration 15250: total loss -5.6534, losses: [0.04220400005578995, 0.0025679608806967735, 0.04501963406801224], weights: [-4.789205 -5.387978 -4.24166 ], time: 0.0111s
Iteration 15500: total loss -5.8257, losses: [0.042379237711429596, 0.0024494410026818514, 0.04480256512761116], weights: [-4.7659965 -5.4172387 -4.2198606], time: 0.0113s
Iteration 15750: total loss -5.9909, losses: [0.04255368560552597, 0.002340491395443678, 0.044590581208467484], weights: [-4.7430606 -5.44583   -4.1983953], time: 0.0111s
Iteration 16000: total loss -6.1493, losses: [0.042730920016765594, 0.0022403562907129526, 0.04437541961669922], weights: [-4.7203937 -5.473783  -4.1772494], time: 0.0111s
{
  "u": {
    "rmse": 0.2389897015142675,
    "mae": 0.16490118287240707,
    "maximum_absolute": 1.297833175850978,
    "relative_l2": 0.41147993975175023
  },
  "v": {
    "rmse": 0.2616793070074888,
    "mae": 0.17017681844881347,
    "maximum_absolute": 1.7506351733741523,
    "relative_l2": 0.5485411241502998
  }
}
Plot with: python -m utils.plot_pinn_results --run-directory /home/thiago.esterci/Repositories/Evolutionary_Algorithms/work_4/studies/loss_weight_study_1789563353185616928/runs/seed_2034_pinn/1789570008432222562
