Artifacts: /home/thiago.esterci/Repositories/Evolutionary_Algorithms/work_4/studies/loss_weight_study_1789563353185616928/runs/seed_2028_de/1789563370188996859
DE: 400 generations, 32 individuals, 12832 fitness evaluations, 197 parameters; then 16168 Adam epochs.
DE generation 0: best fitness 442.36426, fixed reference 0.57842087, accepted 0/32, evaluations 32
DE generation 10: best fitness 331.44028, fixed reference 0.38433521, accepted 6/32, evaluations 352
DE generation 20: best fitness 226.40338, fixed reference 0.44117419, accepted 1/32, evaluations 672
DE generation 30: best fitness 173.70065, fixed reference 0.42882206, accepted 3/32, evaluations 992
DE generation 40: best fitness 121.19677, fixed reference 0.37976257, accepted 0/32, evaluations 1312
DE generation 50: best fitness 119.58665, fixed reference 0.37289912, accepted 2/32, evaluations 1632
DE generation 60: best fitness 119.58665, fixed reference 0.37289912, accepted 1/32, evaluations 1952
DE generation 70: best fitness 89.8647, fixed reference 0.39905125, accepted 0/32, evaluations 2272
DE generation 80: best fitness 69.579163, fixed reference 0.37735082, accepted 1/32, evaluations 2592
DE generation 90: best fitness 55.912315, fixed reference 0.40204765, accepted 1/32, evaluations 2912
DE generation 100: best fitness 34.944221, fixed reference 0.33359105, accepted 3/32, evaluations 3232
DE generation 110: best fitness 21.209599, fixed reference 0.37189728, accepted 2/32, evaluations 3552
DE generation 120: best fitness 11.386509, fixed reference 0.42849726, accepted 5/32, evaluations 3872
DE generation 130: best fitness -0.27011549, fixed reference 0.80085787, accepted 4/32, evaluations 4192
DE generation 140: best fitness -0.60039186, fixed reference 0.85653868, accepted 3/32, evaluations 4512
DE generation 150: best fitness -0.60039186, fixed reference 0.85653868, accepted 2/32, evaluations 4832
DE generation 160: best fitness -0.60039186, fixed reference 0.85653868, accepted 2/32, evaluations 5152
DE generation 170: best fitness -0.60039186, fixed reference 0.85653868, accepted 2/32, evaluations 5472
DE generation 180: best fitness -0.60039186, fixed reference 0.85653868, accepted 1/32, evaluations 5792
DE generation 190: best fitness -1.4172442, fixed reference 0.74829596, accepted 2/32, evaluations 6112
DE generation 200: best fitness -1.4172442, fixed reference 0.74829596, accepted 2/32, evaluations 6432
DE generation 210: best fitness -1.4172442, fixed reference 0.74829596, accepted 1/32, evaluations 6752
DE generation 220: best fitness -1.5093156, fixed reference 0.63613437, accepted 3/32, evaluations 7072
DE generation 230: best fitness -1.837364, fixed reference 0.58038873, accepted 2/32, evaluations 7392
DE generation 240: best fitness -2.0633328, fixed reference 0.61672343, accepted 0/32, evaluations 7712
DE generation 250: best fitness -2.0633328, fixed reference 0.61672343, accepted 1/32, evaluations 8032
DE generation 260: best fitness -2.0633328, fixed reference 0.61672343, accepted 0/32, evaluations 8352
DE generation 270: best fitness -2.083868, fixed reference 0.62925713, accepted 1/32, evaluations 8672
DE generation 280: best fitness -2.5735736, fixed reference 0.50639335, accepted 3/32, evaluations 8992
DE generation 290: best fitness -2.8000364, fixed reference 0.46609174, accepted 0/32, evaluations 9312
DE generation 300: best fitness -2.8000364, fixed reference 0.46609174, accepted 1/32, evaluations 9632
DE generation 310: best fitness -2.9680324, fixed reference 0.43877568, accepted 0/32, evaluations 9952
DE generation 320: best fitness -3.340472, fixed reference 0.38393694, accepted 0/32, evaluations 10272
DE generation 330: best fitness -3.340472, fixed reference 0.38393694, accepted 1/32, evaluations 10592
DE generation 340: best fitness -3.340472, fixed reference 0.38393694, accepted 0/32, evaluations 10912
DE generation 350: best fitness -3.340472, fixed reference 0.38393694, accepted 1/32, evaluations 11232
DE generation 360: best fitness -3.3514879, fixed reference 0.38197895, accepted 0/32, evaluations 11552
DE generation 370: best fitness -3.3514879, fixed reference 0.38197895, accepted 1/32, evaluations 11872
DE generation 380: best fitness -3.3514879, fixed reference 0.38197895, accepted 4/32, evaluations 12192
DE generation 390: best fitness -3.5625076, fixed reference 0.37917016, accepted 1/32, evaluations 12512
DE generation 400: best fitness -3.6256633, fixed reference 0.37427704, accepted 1/32, evaluations 12832
DE best fitness: -3.6256633; starting Adam.
Iteration 0: total loss -3.6257, losses: [0.2870061695575714, 0.055782973766326904, 0.031487900763750076], weights: [-0.7995345 -2.5316582 -1.8308004], time: 0.8219s
Iteration 250: total loss -4.5470, losses: [0.253734827041626, 0.002896101912483573, 0.0022670389153063297], weights: [-0.7995345 -2.5316582 -1.8308004], time: 0.0108s
Iteration 500: total loss -4.5917, losses: [0.248867467045784, 0.0009716089116409421, 0.000721377320587635], weights: [-0.7995345 -2.5316582 -1.8308004], time: 0.0107s
Iteration 750: total loss -4.6023, losses: [0.2471504807472229, 0.0005830852896906435, 0.0004052533477079123], weights: [-0.7995345 -2.5316582 -1.8308004], time: 0.0107s
Iteration 1000: total loss -4.6082, losses: [0.24565264582633972, 0.00044768559746444225, 0.0002787651028484106], weights: [-0.7995345 -2.5316582 -1.8308004], time: 0.0107s
Iteration 1250: total loss -4.6127, losses: [0.24397580325603485, 0.00040624680696055293, 0.00023381394566968083], weights: [-0.7995345 -2.5316582 -1.8308004], time: 0.0107s
Iteration 1500: total loss -4.6171, losses: [0.24191562831401825, 0.0004144484701100737, 0.0002409886656096205], weights: [-0.7995345 -2.5316582 -1.8308004], time: 0.0107s
Iteration 1750: total loss -4.6220, losses: [0.23931460082530975, 0.0004607264418154955, 0.00029695057310163975], weights: [-0.7995345 -2.5316582 -1.8308004], time: 0.0107s
Iteration 2000: total loss -4.6276, losses: [0.23601123690605164, 0.0005472980556078255, 0.00040540372719988227], weights: [-0.7995345 -2.5316582 -1.8308004], time: 0.0107s
Iteration 2250: total loss -4.6344, losses: [0.23178797960281372, 0.0006731586181558669, 0.0005568366032093763], weights: [-0.7995345 -2.5316582 -1.8308004], time: 0.0111s
Iteration 2500: total loss -4.6435, losses: [0.22633841633796692, 0.0008207318023778498, 0.0007450806442648172], weights: [-0.7995345 -2.5316582 -1.8308004], time: 0.0107s
Iteration 2750: total loss -4.6553, losses: [0.21948425471782684, 0.0009777380619198084, 0.0009869184577837586], weights: [-0.7995345 -2.5316582 -1.8308004], time: 0.0107s
Iteration 3000: total loss -4.6690, losses: [0.21142487227916718, 0.0011581789003685117, 0.0012936649145558476], weights: [-0.7995345 -2.5316582 -1.8308004], time: 0.0107s
Iteration 3250: total loss -4.6839, losses: [0.20252105593681335, 0.0013660028344020247, 0.001660365262068808], weights: [-0.7995345 -2.5316582 -1.8308004], time: 0.0108s
Iteration 3500: total loss -4.7002, losses: [0.19282172620296478, 0.0015650304267182946, 0.0021190005354583263], weights: [-0.7995345 -2.5316582 -1.8308004], time: 0.0107s
Iteration 3750: total loss -4.7177, losses: [0.18258364498615265, 0.0016856222646310925, 0.00271711521781981], weights: [-0.7995345 -2.5316582 -1.8308004], time: 0.0107s
Iteration 4000: total loss -4.7363, losses: [0.17235496640205383, 0.0016711336793377995, 0.003407506039366126], weights: [-0.7995345 -2.5316582 -1.8308004], time: 0.0107s
Iteration 4250: total loss -4.7534, losses: [0.1628454327583313, 0.0016691245837137103, 0.004070079419761896], weights: [-0.7995345 -2.5316582 -1.8308004], time: 0.0107s
Iteration 4500: total loss -4.7670, losses: [0.15455709397792816, 0.0017000342486426234, 0.0047833058051764965], weights: [-0.7995345 -2.5316582 -1.8308004], time: 0.0108s
Iteration 4750: total loss -4.7768, losses: [0.14775203168392181, 0.0017416176851838827, 0.0055523039773106575], weights: [-0.7995345 -2.5316582 -1.8308004], time: 0.0109s
Iteration 5000: total loss -4.7835, losses: [0.14296887814998627, 0.0017834684113040566, 0.006101618055254221], weights: [-0.7995345 -2.5316582 -1.8308004], time: 0.0109s
Iteration 5250: total loss -4.7891, losses: [0.1395842283964157, 0.00177486683242023, 0.006420663092285395], weights: [-0.7995345 -2.5316582 -1.8308004], time: 0.0109s
Iteration 5500: total loss -4.7948, losses: [0.13674885034561157, 0.001720175496302545, 0.006632381118834019], weights: [-0.7995345 -2.5316582 -1.8308004], time: 0.0108s
Iteration 5750: total loss -4.8006, losses: [0.13398121297359467, 0.001643809606321156, 0.006837806664407253], weights: [-0.7995345 -2.5316582 -1.8308004], time: 0.0109s
Iteration 6000: total loss -4.8069, losses: [0.13101565837860107, 0.0015556685393676162, 0.007072256412357092], weights: [-0.7995345 -2.5316582 -1.8308004], time: 0.0107s
Iteration 6250: total loss -4.8131, losses: [0.12797488272190094, 0.0014642876340076327, 0.007334329187870026], weights: [-0.7995345 -2.5316582 -1.8308004], time: 0.0108s
Iteration 6500: total loss -4.8188, losses: [0.1252000778913498, 0.0013711202191188931, 0.0076052723452448845], weights: [-0.7995345 -2.5316582 -1.8308004], time: 0.0108s
Iteration 6750: total loss -4.8238, losses: [0.12277236580848694, 0.0012713526375591755, 0.00787210464477539], weights: [-0.7995345 -2.5316582 -1.8308004], time: 0.0108s
Iteration 7000: total loss -4.8283, losses: [0.12061580270528793, 0.0011654356494545937, 0.008130500093102455], weights: [-0.7995345 -2.5316582 -1.8308004], time: 0.0107s
Iteration 7250: total loss -4.8325, losses: [0.11862789839506149, 0.001061451155692339, 0.008377560414373875], weights: [-0.7995345 -2.5316582 -1.8308004], time: 0.0107s
Iteration 7500: total loss -4.8365, losses: [0.11674215644598007, 0.0009631583816371858, 0.008601625449955463], weights: [-0.7995345 -2.5316582 -1.8308004], time: 0.0107s
Iteration 7750: total loss -4.8405, losses: [0.11488974839448929, 0.0008787503466010094, 0.008795790374279022], weights: [-0.7995345 -2.5316582 -1.8308004], time: 0.0107s
Iteration 8000: total loss -4.8441, losses: [0.11306741088628769, 0.0008301050402224064, 0.008960537612438202], weights: [-0.7995345 -2.5316582 -1.8308004], time: 0.0108s
Iteration 8250: total loss -4.8475, losses: [0.111307792365551, 0.0008064031135290861, 0.009093688800930977], weights: [-0.7995345 -2.5316582 -1.8308004], time: 0.0107s
Iteration 8500: total loss -4.8508, losses: [0.10961051285266876, 0.0007885521627031267, 0.009205651469528675], weights: [-0.7995345 -2.5316582 -1.8308004], time: 0.0107s
Iteration 8750: total loss -4.8536, losses: [0.10808587819337845, 0.0007821848848834634, 0.00930965505540371], weights: [-0.7995345 -2.5316582 -1.8308004], time: 0.0107s
Iteration 9000: total loss -4.8560, losses: [0.10683125257492065, 0.0007811500108800828, 0.009384430944919586], weights: [-0.7995345 -2.5316582 -1.8308004], time: 0.0108s
Iteration 9250: total loss -4.8580, losses: [0.10573295503854752, 0.0007757294224575162, 0.009460669942200184], weights: [-0.7995345 -2.5316582 -1.8308004], time: 0.0107s
Iteration 9500: total loss -4.8598, losses: [0.10476762801408768, 0.0007680447888560593, 0.009527276270091534], weights: [-0.7995345 -2.5316582 -1.8308004], time: 0.0108s
Iteration 9750: total loss -4.8615, losses: [0.10391305387020111, 0.000759001006372273, 0.009585773572325706], weights: [-0.7995345 -2.5316582 -1.8308004], time: 0.0107s
Iteration 10000: total loss -4.8629, losses: [0.10318222641944885, 0.0007510028081014752, 0.009631249122321606], weights: [-0.7995345 -2.5316582 -1.8308004], time: 0.0107s
Iteration 10250: total loss -4.8641, losses: [0.10257529467344284, 0.0007468807743862271, 0.00966156180948019], weights: [-0.7995345 -2.5316582 -1.8308004], time: 0.0107s
Iteration 10500: total loss -4.8652, losses: [0.10206998139619827, 0.0007466929964721203, 0.009680293500423431], weights: [-0.7995345 -2.5316582 -1.8308004], time: 0.0107s
Iteration 10750: total loss -4.8660, losses: [0.10163354873657227, 0.0007489369600079954, 0.009690827690064907], weights: [-0.7995345 -2.5316582 -1.8308004], time: 0.0108s
Iteration 11000: total loss -4.8668, losses: [0.10124347358942032, 0.0007522849482484162, 0.009696133434772491], weights: [-0.7995345 -2.5316582 -1.8308004], time: 0.0107s
Iteration 11250: total loss -4.8676, losses: [0.10086353123188019, 0.0007553077302873135, 0.009704777039587498], weights: [-0.7995345 -2.5316582 -1.8308004], time: 0.0107s
Iteration 11500: total loss -4.8683, losses: [0.10053124278783798, 0.0007595709175802767, 0.009695365093648434], weights: [-0.7995345 -2.5316582 -1.8308004], time: 0.0107s
Iteration 11750: total loss -4.8691, losses: [0.10019154846668243, 0.0007624661084264517, 0.009689093567430973], weights: [-0.7995345 -2.5316582 -1.8308004], time: 0.0109s
Iteration 12000: total loss -4.8699, losses: [0.09985335171222687, 0.0007644360885024071, 0.009677558206021786], weights: [-0.7995345 -2.5316582 -1.8308004], time: 0.0111s
Iteration 12250: total loss -4.8707, losses: [0.0995066836476326, 0.0007654792279936373, 0.009662609547376633], weights: [-0.7995345 -2.5316582 -1.8308004], time: 0.0109s
Iteration 12500: total loss -4.8716, losses: [0.09913823753595352, 0.0007657319074496627, 0.009650387801229954], weights: [-0.7995345 -2.5316582 -1.8308004], time: 0.0107s
Iteration 12750: total loss -4.8725, losses: [0.09877508133649826, 0.0007676697568967938, 0.009629293344914913], weights: [-0.7995345 -2.5316582 -1.8308004], time: 0.0107s
Iteration 13000: total loss -4.8735, losses: [0.09838094562292099, 0.0007701795548200607, 0.009617883712053299], weights: [-0.7995345 -2.5316582 -1.8308004], time: 0.0107s
Iteration 13250: total loss -4.8744, losses: [0.09798233211040497, 0.0007753340760245919, 0.009604631923139095], weights: [-0.7995345 -2.5316582 -1.8308004], time: 0.0108s
Iteration 13500: total loss -4.8753, losses: [0.09757296741008759, 0.0007835318683646619, 0.009588109329342842], weights: [-0.7995345 -2.5316582 -1.8308004], time: 0.0107s
Iteration 13750: total loss -4.8762, losses: [0.09713491052389145, 0.0007946667610667646, 0.00956893153488636], weights: [-0.7995345 -2.5316582 -1.8308004], time: 0.0106s
Iteration 14000: total loss -4.8773, losses: [0.09666264057159424, 0.0008099527913145721, 0.009537587873637676], weights: [-0.7995345 -2.5316582 -1.8308004], time: 0.0107s
Iteration 14250: total loss -4.8785, losses: [0.09612787514925003, 0.0008298867614939809, 0.009494062513113022], weights: [-0.7995345 -2.5316582 -1.8308004], time: 0.0107s
Iteration 14500: total loss -4.8799, losses: [0.09553246945142746, 0.0008554693195037544, 0.009434718638658524], weights: [-0.7995345 -2.5316582 -1.8308004], time: 0.0107s
Iteration 14750: total loss -4.8813, losses: [0.0948772206902504, 0.0008846552227623761, 0.009374703280627728], weights: [-0.7995345 -2.5316582 -1.8308004], time: 0.0108s
Iteration 15000: total loss -4.8828, losses: [0.09420210123062134, 0.0009108041413128376, 0.009328778833150864], weights: [-0.7995345 -2.5316582 -1.8308004], time: 0.0107s
Iteration 15250: total loss -4.8841, losses: [0.09354855120182037, 0.0009223752422258258, 0.009324232116341591], weights: [-0.7995345 -2.5316582 -1.8308004], time: 0.0107s
Iteration 15500: total loss -4.8852, losses: [0.09302185475826263, 0.00092115014558658, 0.009335581213235855], weights: [-0.7995345 -2.5316582 -1.8308004], time: 0.0107s
Iteration 15750: total loss -4.8861, losses: [0.09260465949773788, 0.0009145736694335938, 0.00935386959463358], weights: [-0.7995345 -2.5316582 -1.8308004], time: 0.0107s
Iteration 16000: total loss -4.8869, losses: [0.0922895073890686, 0.0009110429673455656, 0.009353956207633018], weights: [-0.7995345 -2.5316582 -1.8308004], time: 0.0107s
{
  "u": {
    "rmse": 0.2683645096679088,
    "mae": 0.19570850184555466,
    "maximum_absolute": 1.347998769475093,
    "relative_l2": 0.4620559445448187
  },
  "v": {
    "rmse": 0.29295696355452683,
    "mae": 0.21041208536244857,
    "maximum_absolute": 1.58370361869905,
    "relative_l2": 0.6141064188589417
  }
}
Plot with: python -m utils.plot_pinn_results --run-directory /home/thiago.esterci/Repositories/Evolutionary_Algorithms/work_4/studies/loss_weight_study_1789563353185616928/runs/seed_2028_de/1789563370188996859
