Artifacts: /home/thiago.esterci/Repositories/Evolutionary_Algorithms/work_4/studies/loss_weight_study_1789563353185616928/runs/seed_2030_pinn/1789566028169572475
DE: 400 generations, 32 individuals, 12832 fitness evaluations, 194 parameters; then 16168 Adam epochs.
DE generation 0: best fitness 640.88806, fixed reference 640.88806, accepted 0/32, evaluations 32
DE generation 10: best fitness 316.01245, fixed reference 316.01246, accepted 6/32, evaluations 352
DE generation 20: best fitness 316.01245, fixed reference 316.01246, accepted 3/32, evaluations 672
DE generation 30: best fitness 316.01245, fixed reference 316.01246, accepted 1/32, evaluations 992
DE generation 40: best fitness 311.9039, fixed reference 311.90389, accepted 4/32, evaluations 1312
DE generation 50: best fitness 311.9039, fixed reference 311.90389, accepted 3/32, evaluations 1632
DE generation 60: best fitness 301.11298, fixed reference 301.11297, accepted 1/32, evaluations 1952
DE generation 70: best fitness 296.64227, fixed reference 296.64227, accepted 3/32, evaluations 2272
DE generation 80: best fitness 296.64227, fixed reference 296.64227, accepted 2/32, evaluations 2592
DE generation 90: best fitness 296.64227, fixed reference 296.64227, accepted 2/32, evaluations 2912
DE generation 100: best fitness 296.63281, fixed reference 296.63281, accepted 0/32, evaluations 3232
DE generation 110: best fitness 289.20267, fixed reference 289.20268, accepted 3/32, evaluations 3552
DE generation 120: best fitness 289.20267, fixed reference 289.20268, accepted 0/32, evaluations 3872
DE generation 130: best fitness 287.02802, fixed reference 287.02801, accepted 1/32, evaluations 4192
DE generation 140: best fitness 284.2001, fixed reference 284.2001, accepted 1/32, evaluations 4512
DE generation 150: best fitness 279.60727, fixed reference 279.60727, accepted 0/32, evaluations 4832
DE generation 160: best fitness 275.06903, fixed reference 275.06904, accepted 1/32, evaluations 5152
DE generation 170: best fitness 275.06903, fixed reference 275.06904, accepted 0/32, evaluations 5472
DE generation 180: best fitness 275.06903, fixed reference 275.06904, accepted 1/32, evaluations 5792
DE generation 190: best fitness 275.06903, fixed reference 275.06904, accepted 1/32, evaluations 6112
DE generation 200: best fitness 275.06903, fixed reference 275.06904, accepted 0/32, evaluations 6432
DE generation 210: best fitness 269.47931, fixed reference 269.47929, accepted 1/32, evaluations 6752
DE generation 220: best fitness 268.5134, fixed reference 268.51339, accepted 1/32, evaluations 7072
DE generation 230: best fitness 267.7457, fixed reference 267.7457, accepted 2/32, evaluations 7392
DE generation 240: best fitness 267.21912, fixed reference 267.21911, accepted 1/32, evaluations 7712
DE generation 250: best fitness 267.18939, fixed reference 267.18938, accepted 0/32, evaluations 8032
DE generation 260: best fitness 267.18939, fixed reference 267.18938, accepted 0/32, evaluations 8352
DE generation 270: best fitness 263.74969, fixed reference 263.74969, accepted 0/32, evaluations 8672
DE generation 280: best fitness 263.74969, fixed reference 263.74969, accepted 1/32, evaluations 8992
DE generation 290: best fitness 263.74969, fixed reference 263.74969, accepted 0/32, evaluations 9312
DE generation 300: best fitness 263.74969, fixed reference 263.74969, accepted 0/32, evaluations 9632
DE generation 310: best fitness 263.74969, fixed reference 263.74969, accepted 0/32, evaluations 9952
DE generation 320: best fitness 263.74969, fixed reference 263.74969, accepted 1/32, evaluations 10272
DE generation 330: best fitness 262.92538, fixed reference 262.92538, accepted 1/32, evaluations 10592
DE generation 340: best fitness 262.92538, fixed reference 262.92538, accepted 0/32, evaluations 10912
DE generation 350: best fitness 262.92538, fixed reference 262.92538, accepted 0/32, evaluations 11232
DE generation 360: best fitness 262.92538, fixed reference 262.92538, accepted 0/32, evaluations 11552
DE generation 370: best fitness 262.92538, fixed reference 262.92538, accepted 1/32, evaluations 11872
DE generation 380: best fitness 262.92538, fixed reference 262.92538, accepted 0/32, evaluations 12192
DE generation 390: best fitness 261.98065, fixed reference 261.98064, accepted 1/32, evaluations 12512
DE generation 400: best fitness 261.98065, fixed reference 261.98064, accepted 1/32, evaluations 12832
DE best fitness: 261.98065; starting Adam.
Iteration 0: total loss 241.2574, losses: [0.24995996057987213, 0.006464943755418062, 0.005555733107030392], weights: [-6.9067554 -6.9067554 -6.9067554], time: 0.0351s
Iteration 250: total loss 192.6553, losses: [0.24140532314777374, 0.003069183323532343, 0.00045721273636445403], weights: [-6.767486 -6.809166 -6.917501], time: 0.0110s
Iteration 500: total loss 168.6653, losses: [0.2348848581314087, 0.005092147272080183, 0.0005041397525928915], weights: [-6.6654644 -6.6743507 -6.987123 ], time: 0.0112s
Iteration 750: total loss 148.0127, losses: [0.22585658729076385, 0.0064853886142373085, 0.0009041335433721542], weights: [-6.579082 -6.542135 -7.028631], time: 0.0110s
Iteration 1000: total loss 128.2447, losses: [0.21192698180675507, 0.007505929097533226, 0.0018314453773200512], weights: [-6.5039344 -6.429314  -6.9575844], time: 0.0113s
Iteration 1250: total loss 108.8685, losses: [0.19194605946540833, 0.009917527437210083, 0.0031449422240257263], weights: [-6.4384685 -6.3221736 -6.799524 ], time: 0.0110s
Iteration 1500: total loss 91.6318, losses: [0.1689576655626297, 0.014123411849141121, 0.0051824129186570644], weights: [-6.381967  -6.2062125 -6.6392345], time: 0.0111s
Iteration 1750: total loss 78.7016, losses: [0.14969544112682343, 0.01824107952415943, 0.008049826137721539], weights: [-6.332739 -6.090627 -6.490673], time: 0.0115s
Iteration 2000: total loss 69.0636, losses: [0.1351015716791153, 0.020971491932868958, 0.011443362571299076], weights: [-6.288556  -5.9868264 -6.3562546], time: 0.0110s
Iteration 2250: total loss 61.2839, losses: [0.12340816110372543, 0.02276182547211647, 0.014823841862380505], weights: [-6.2478995 -5.8961587 -6.236998 ], time: 0.0111s
Iteration 2500: total loss 54.6425, losses: [0.1135629415512085, 0.024022527039051056, 0.01784367859363556], weights: [-6.209897 -5.815731 -6.131644], time: 0.0115s
Iteration 2750: total loss 48.6702, losses: [0.10491158813238144, 0.024818724021315575, 0.020277153700590134], weights: [-6.174009 -5.743339 -6.038276], time: 0.0111s
Iteration 3000: total loss 43.2850, losses: [0.09709358960390091, 0.025275057181715965, 0.022327033802866936], weights: [-6.1399117 -5.6773825 -5.9548373], time: 0.0110s
Iteration 3250: total loss 38.6246, losses: [0.09031936526298523, 0.025108493864536285, 0.02448376454412937], weights: [-6.107317  -5.6171165 -5.8783574], time: 0.0113s
Iteration 3500: total loss 34.6288, losses: [0.08459822088479996, 0.024427514523267746, 0.026718096807599068], weights: [-6.075886 -5.562402 -5.806647], time: 0.0111s
Iteration 3750: total loss 31.2254, losses: [0.07976730167865753, 0.023698870092630386, 0.028874501585960388], weights: [-6.0453176 -5.5125027 -5.7387714], time: 0.0110s
Iteration 4000: total loss 28.3378, losses: [0.07564372569322586, 0.02327965572476387, 0.030865665525197983], weights: [-6.015379 -5.466027 -5.674369], time: 0.0111s
Iteration 4250: total loss 25.8572, losses: [0.07213451713323593, 0.02312745526432991, 0.03264864534139633], weights: [-5.985873 -5.42169  -5.613187], time: 0.0113s
Iteration 4500: total loss 23.6557, losses: [0.06913553923368454, 0.023098338395357132, 0.03413970395922661], weights: [-5.956632 -5.378765 -5.555059], time: 0.0110s
Iteration 4750: total loss 21.6180, losses: [0.0665004625916481, 0.0230531245470047, 0.03527955338358879], weights: [-5.9275503 -5.3369813 -5.499898 ], time: 0.0110s
Iteration 5000: total loss 19.6597, losses: [0.0640658512711525, 0.02287382446229458, 0.03608223795890808], weights: [-5.8985825 -5.29639   -5.447603 ], time: 0.0110s
Iteration 5250: total loss 17.7408, losses: [0.06166047975420952, 0.022511422634124756, 0.036673881113529205], weights: [-5.869726  -5.2572136 -5.397956 ], time: 0.0115s
Iteration 5500: total loss 15.9153, losses: [0.05926885828375816, 0.022080430760979652, 0.037222810089588165], weights: [-5.8410583 -5.21958   -5.3505673], time: 0.0109s
Iteration 5750: total loss 14.3026, losses: [0.05711357295513153, 0.021787170320749283, 0.037807103246450424], weights: [-5.812598  -5.1832523 -5.3050146], time: 0.0113s
Iteration 6000: total loss 12.9318, losses: [0.055307962000370026, 0.021629469469189644, 0.03850187361240387], weights: [-5.7842264 -5.147782  -5.2609034], time: 0.0111s
Iteration 6250: total loss 11.7398, losses: [0.0538143515586853, 0.02146080695092678, 0.039284978061914444], weights: [-5.7558546 -5.1129894 -5.217911 ], time: 0.0111s
Iteration 6500: total loss 10.6595, losses: [0.052553966641426086, 0.02121744677424431, 0.040054984390735626], weights: [-5.727412 -5.078957 -5.175879], time: 0.0111s
Iteration 6750: total loss 9.6345, losses: [0.051429957151412964, 0.020884022116661072, 0.04070639610290527], weights: [-5.698857  -5.045818  -5.1347947], time: 0.0115s
Iteration 7000: total loss 8.6227, losses: [0.050335660576820374, 0.020401684567332268, 0.04122503846883774], weights: [-5.6702466 -5.0137596 -5.0947156], time: 0.0111s
Iteration 7250: total loss 7.6492, losses: [0.04926054924726486, 0.01977698504924774, 0.04176853224635124], weights: [-5.6416364 -4.9830346 -5.055594 ], time: 0.0111s
Iteration 7500: total loss 6.7256, losses: [0.048245869576931, 0.019040344282984734, 0.04232311248779297], weights: [-5.613026  -4.9538155 -5.0173173], time: 0.0112s
Iteration 7750: total loss 5.8415, losses: [0.04726451635360718, 0.01820165291428566, 0.04287777468562126], weights: [-5.584423 -4.92625  -4.979798], time: 0.0111s
Iteration 8000: total loss 4.9961, losses: [0.04629580304026604, 0.01728612557053566, 0.04344843700528145], weights: [-5.5559387 -4.90047   -4.9429803], time: 0.0111s
Iteration 8250: total loss 4.1865, losses: [0.04532504826784134, 0.01628534495830536, 0.04406624287366867], weights: [-5.527605  -4.876613  -4.9067917], time: 0.0111s
Iteration 8500: total loss 3.4105, losses: [0.04431433975696564, 0.01520924549549818, 0.044793203473091125], weights: [-5.4994683 -4.8549113 -4.8711395], time: 0.0111s
Iteration 8750: total loss 2.7010, losses: [0.04332166910171509, 0.014241252094507217, 0.04561763256788254], weights: [-5.4715905 -4.8354053 -4.835919 ], time: 0.0111s
Iteration 9000: total loss 2.0713, losses: [0.042470499873161316, 0.013471297919750214, 0.04636756703257561], weights: [-5.4439564 -4.8177357 -4.8011293], time: 0.0110s
Iteration 9250: total loss 1.5068, losses: [0.04177156835794449, 0.012844775803387165, 0.046998605132102966], weights: [-5.4164915 -4.8015213 -4.7668624], time: 0.0113s
Iteration 9500: total loss 0.9888, losses: [0.04120881110429764, 0.012293295003473759, 0.04748423025012016], weights: [-5.389137  -4.7865787 -4.7332144], time: 0.0111s
Iteration 9750: total loss 0.5040, losses: [0.04073428735136986, 0.011786618269979954, 0.04785184934735298], weights: [-5.361838  -4.7728806 -4.700249 ], time: 0.0110s
Iteration 10000: total loss 0.0456, losses: [0.04031085595488548, 0.011316563002765179, 0.048130497336387634], weights: [-5.3346534 -4.760477  -4.6679816], time: 0.0110s
Iteration 10250: total loss -0.3891, losses: [0.03991595655679703, 0.010884488932788372, 0.048350147902965546], weights: [-5.3075533 -4.749428  -4.6363983], time: 0.0116s
Iteration 10500: total loss -0.7996, losses: [0.039547547698020935, 0.010492782108485699, 0.048526693135499954], weights: [-5.2805753 -4.739783  -4.605473 ], time: 0.0111s
Iteration 10750: total loss -1.1853, losses: [0.03921940550208092, 0.010134157724678516, 0.04865989461541176], weights: [-5.2537403 -4.7316036 -4.575176 ], time: 0.0111s
Iteration 11000: total loss -1.5472, losses: [0.03893312066793442, 0.009789680130779743, 0.04877141863107681], weights: [-5.2270694 -4.725021  -4.545478 ], time: 0.0111s
Iteration 11250: total loss -1.8884, losses: [0.038686539977788925, 0.009439919143915176, 0.04887370765209198], weights: [-5.2005467 -4.7202983 -4.516339 ], time: 0.0111s
Iteration 11500: total loss -2.2122, losses: [0.03847194463014603, 0.009072978049516678, 0.048976097255945206], weights: [-5.1741858 -4.7178483 -4.4877205], time: 0.0111s
Iteration 11750: total loss -2.5206, losses: [0.0382862314581871, 0.008690170012414455, 0.049074869602918625], weights: [-5.1480093 -4.7181926 -4.4595885], time: 0.0111s
Iteration 12000: total loss -2.8142, losses: [0.03813191130757332, 0.008302317000925541, 0.04916011169552803], weights: [-5.1220093 -4.7218676 -4.431921 ], time: 0.0111s
Iteration 12250: total loss -3.0931, losses: [0.03801695629954338, 0.007920554839074612, 0.04921584203839302], weights: [-5.096199 -4.72933  -4.404705], time: 0.0111s
Iteration 12500: total loss -3.3579, losses: [0.03794402256608009, 0.00754853431135416, 0.04923706129193306], weights: [-5.0705733 -4.7408967 -4.377942 ], time: 0.0111s
Iteration 12750: total loss -3.6104, losses: [0.03790757432579994, 0.007182843517512083, 0.04923418164253235], weights: [-5.045126  -4.7567086 -4.351628 ], time: 0.0111s
Iteration 13000: total loss -3.8521, losses: [0.037907674908638, 0.006820367183536291, 0.049203503876924515], weights: [-5.0198636 -4.7767057 -4.325753 ], time: 0.0110s
Iteration 13250: total loss -4.0847, losses: [0.03794000670313835, 0.006460146047174931, 0.04914722964167595], weights: [-4.9947777 -4.800538  -4.3003116], time: 0.0110s
Iteration 13500: total loss -4.3091, losses: [0.03799523413181305, 0.0061044637113809586, 0.04907679185271263], weights: [-4.96989   -4.8275886 -4.2753005], time: 0.0111s
Iteration 13750: total loss -4.5258, losses: [0.03807126730680466, 0.005762289743870497, 0.04898155480623245], weights: [-4.9451914 -4.8570347 -4.2506995], time: 0.0112s
Iteration 14000: total loss -4.7345, losses: [0.03815872222185135, 0.005439104977995157, 0.048874132335186005], weights: [-4.9207    -4.888     -4.2265077], time: 0.0111s
Iteration 14250: total loss -4.9351, losses: [0.03825339674949646, 0.005139343440532684, 0.04876019060611725], weights: [-4.8964376 -4.919704  -4.20271  ], time: 0.0111s
Iteration 14500: total loss -5.1272, losses: [0.03835015743970871, 0.004863825626671314, 0.048650097101926804], weights: [-4.872407  -4.951533  -4.1792912], time: 0.0111s
Iteration 14750: total loss -5.3111, losses: [0.038443319499492645, 0.004609312862157822, 0.04856092110276222], weights: [-4.8486185 -4.983175  -4.156237 ], time: 0.0115s
Iteration 15000: total loss -5.4872, losses: [0.038553040474653244, 0.004374968819320202, 0.04844570532441139], weights: [-4.825089  -5.014389  -4.1335316], time: 0.0111s
Iteration 15250: total loss -5.6562, losses: [0.03866352140903473, 0.004155774600803852, 0.04833902046084404], weights: [-4.8018203 -5.0450788 -4.1111546], time: 0.0111s
Iteration 15500: total loss -5.8187, losses: [0.038772329688072205, 0.003948725759983063, 0.0482446625828743], weights: [-4.7788167 -5.0752187 -4.089097 ], time: 0.0111s
Iteration 15750: total loss -5.9755, losses: [0.03885917365550995, 0.003750709816813469, 0.048203568905591965], weights: [-4.7560854 -5.104805  -4.0673375], time: 0.0111s
Iteration 16000: total loss -6.1267, losses: [0.03894653543829918, 0.0035631328355520964, 0.048163238912820816], weights: [-4.733645 -5.133865 -4.045869], time: 0.0112s
{
  "u": {
    "rmse": 0.23710406809658152,
    "mae": 0.1709053529155281,
    "maximum_absolute": 1.2319169952403213,
    "relative_l2": 0.408233354981833
  },
  "v": {
    "rmse": 0.25883173375290475,
    "mae": 0.17047064513699142,
    "maximum_absolute": 1.6920452231702567,
    "relative_l2": 0.5425719435833197
  }
}
Plot with: python -m utils.plot_pinn_results --run-directory /home/thiago.esterci/Repositories/Evolutionary_Algorithms/work_4/studies/loss_weight_study_1789563353185616928/runs/seed_2030_pinn/1789566028169572475
