Artifacts: /home/thiago.esterci/Repositories/Evolutionary_Algorithms/work_4/studies/loss_weight_study_1789563353185616928/runs/seed_2034_none/1789569466243275042
DE: 400 generations, 32 individuals, 12832 fitness evaluations, 194 parameters; then 16168 Adam epochs.
DE generation 0: best fitness 578.13165, fixed reference 578.13167, accepted 0/32, evaluations 32
DE generation 10: best fitness 383.49866, fixed reference 383.49866, accepted 3/32, evaluations 352
DE generation 20: best fitness 360.78445, fixed reference 360.78445, accepted 2/32, evaluations 672
DE generation 30: best fitness 328.94507, fixed reference 328.94506, accepted 2/32, evaluations 992
DE generation 40: best fitness 304.12662, fixed reference 304.12661, accepted 1/32, evaluations 1312
DE generation 50: best fitness 298.60916, fixed reference 298.60915, accepted 1/32, evaluations 1632
DE generation 60: best fitness 298.60916, fixed reference 298.60915, accepted 0/32, evaluations 1952
DE generation 70: best fitness 298.60916, fixed reference 298.60915, accepted 2/32, evaluations 2272
DE generation 80: best fitness 298.60916, fixed reference 298.60915, accepted 0/32, evaluations 2592
DE generation 90: best fitness 296.26053, fixed reference 296.26054, accepted 1/32, evaluations 2912
DE generation 100: best fitness 295.68289, fixed reference 295.6829, accepted 1/32, evaluations 3232
DE generation 110: best fitness 295.68289, fixed reference 295.6829, accepted 0/32, evaluations 3552
DE generation 120: best fitness 295.68289, fixed reference 295.6829, accepted 1/32, evaluations 3872
DE generation 130: best fitness 291.60962, fixed reference 291.60962, accepted 0/32, evaluations 4192
DE generation 140: best fitness 291.60962, fixed reference 291.60962, accepted 0/32, evaluations 4512
DE generation 150: best fitness 291.60962, fixed reference 291.60962, accepted 0/32, evaluations 4832
DE generation 160: best fitness 280.97464, fixed reference 280.97464, accepted 0/32, evaluations 5152
DE generation 170: best fitness 280.97464, fixed reference 280.97464, accepted 0/32, evaluations 5472
DE generation 180: best fitness 273.98392, fixed reference 273.98392, accepted 1/32, evaluations 5792
DE generation 190: best fitness 273.98392, fixed reference 273.98392, accepted 1/32, evaluations 6112
DE generation 200: best fitness 273.98392, fixed reference 273.98392, accepted 2/32, evaluations 6432
DE generation 210: best fitness 273.98392, fixed reference 273.98392, accepted 0/32, evaluations 6752
DE generation 220: best fitness 273.98392, fixed reference 273.98392, accepted 3/32, evaluations 7072
DE generation 230: best fitness 273.98392, fixed reference 273.98392, accepted 2/32, evaluations 7392
DE generation 240: best fitness 273.98392, fixed reference 273.98392, accepted 1/32, evaluations 7712
DE generation 250: best fitness 273.98392, fixed reference 273.98392, accepted 3/32, evaluations 8032
DE generation 260: best fitness 273.98392, fixed reference 273.98392, accepted 2/32, evaluations 8352
DE generation 270: best fitness 273.98392, fixed reference 273.98392, accepted 1/32, evaluations 8672
DE generation 280: best fitness 269.49863, fixed reference 269.49862, accepted 0/32, evaluations 8992
DE generation 290: best fitness 269.49863, fixed reference 269.49862, accepted 0/32, evaluations 9312
DE generation 300: best fitness 269.49863, fixed reference 269.49862, accepted 0/32, evaluations 9632
DE generation 310: best fitness 269.49863, fixed reference 269.49862, accepted 4/32, evaluations 9952
DE generation 320: best fitness 269.49863, fixed reference 269.49862, accepted 0/32, evaluations 10272
DE generation 330: best fitness 264.81421, fixed reference 264.81422, accepted 1/32, evaluations 10592
DE generation 340: best fitness 264.81421, fixed reference 264.81422, accepted 0/32, evaluations 10912
DE generation 350: best fitness 264.81421, fixed reference 264.81422, accepted 1/32, evaluations 11232
DE generation 360: best fitness 264.81421, fixed reference 264.81422, accepted 0/32, evaluations 11552
DE generation 370: best fitness 264.81421, fixed reference 264.81422, accepted 0/32, evaluations 11872
DE generation 380: best fitness 264.81421, fixed reference 264.81422, accepted 2/32, evaluations 12192
DE generation 390: best fitness 264.81421, fixed reference 264.81422, accepted 0/32, evaluations 12512
DE generation 400: best fitness 264.60788, fixed reference 264.60788, accepted 1/32, evaluations 12832
DE best fitness: 264.60788; starting Adam.
Iteration 0: total loss 264.60787964, losses: [250.79071044921875, 4.310564994812012, 9.506599426269531], time: 0.0508s
Iteration 250: total loss 245.77217102, losses: [242.39112854003906, 3.064668655395508, 0.3163825273513794], time: 0.0107s
Iteration 500: total loss 242.45321655, losses: [237.0618133544922, 5.116115570068359, 0.27528682351112366], time: 0.0107s
Iteration 750: total loss 235.74414062, losses: [228.2410430908203, 6.5643110275268555, 0.9387868046760559], time: 0.0107s
Iteration 1000: total loss 223.01426697, losses: [212.59954833984375, 8.422359466552734, 1.9923590421676636], time: 0.0107s
Iteration 1250: total loss 202.66618347, losses: [187.76251220703125, 11.146988868713379, 3.7566847801208496], time: 0.0109s
Iteration 1500: total loss 185.47335815, losses: [163.7517547607422, 15.145340919494629, 6.576266288757324], time: 0.0109s
Iteration 1750: total loss 169.61363220, losses: [144.2490692138672, 15.956770896911621, 9.407795906066895], time: 0.0109s
Iteration 2000: total loss 156.05816650, losses: [127.78455352783203, 15.150792121887207, 13.122814178466797], time: 0.0109s
Iteration 2250: total loss 146.31610107, losses: [115.67432403564453, 14.0800142288208, 16.561767578125], time: 0.0109s
Iteration 2500: total loss 138.38783264, losses: [106.54212188720703, 13.116657257080078, 18.729049682617188], time: 0.0107s
Iteration 2750: total loss 130.91455078, losses: [98.88455200195312, 11.624937057495117, 20.40505599975586], time: 0.0107s
Iteration 3000: total loss 125.44441986, losses: [92.52088928222656, 10.50356674194336, 22.419960021972656], time: 0.0107s
Iteration 3250: total loss 121.65231323, losses: [87.81136322021484, 9.96936321258545, 23.871593475341797], time: 0.0108s
Iteration 3500: total loss 118.49323273, losses: [83.86093139648438, 9.628575325012207, 25.003721237182617], time: 0.0109s
Iteration 3750: total loss 116.05414581, losses: [80.62308502197266, 9.576041221618652, 25.855018615722656], time: 0.0107s
Iteration 4000: total loss 113.85815430, losses: [78.03294372558594, 9.558053016662598, 26.267162322998047], time: 0.0107s
Iteration 4250: total loss 111.67127228, losses: [75.79339599609375, 9.411256790161133, 26.466623306274414], time: 0.0107s
Iteration 4500: total loss 109.44146729, losses: [73.70687103271484, 9.137613296508789, 26.596988677978516], time: 0.0107s
Iteration 4750: total loss 107.37402344, losses: [71.81731414794922, 8.857643127441406, 26.69906234741211], time: 0.0111s
Iteration 5000: total loss 105.50920105, losses: [70.0030746459961, 8.474964141845703, 27.03115463256836], time: 0.0107s
Iteration 5250: total loss 103.93930054, losses: [68.33055114746094, 8.098896026611328, 27.509859085083008], time: 0.0107s
Iteration 5500: total loss 102.56079102, losses: [66.98027038574219, 7.766822814941406, 27.81369972229004], time: 0.0107s
Iteration 5750: total loss 101.31931305, losses: [65.82562255859375, 7.549230098724365, 27.944459915161133], time: 0.0107s
Iteration 6000: total loss 100.10860443, losses: [64.71492004394531, 7.414311408996582, 27.979368209838867], time: 0.0107s
Iteration 6250: total loss 98.89489746, losses: [63.71018981933594, 7.324995040893555, 27.85970687866211], time: 0.0107s
Iteration 6500: total loss 97.65606689, losses: [62.74768829345703, 7.245665073394775, 27.662715911865234], time: 0.0107s
Iteration 6750: total loss 96.40972137, losses: [61.77909469604492, 7.137388229370117, 27.49323844909668], time: 0.0111s
Iteration 7000: total loss 95.20154572, losses: [60.84297180175781, 6.969933986663818, 27.388641357421875], time: 0.0107s
Iteration 7250: total loss 94.05084991, losses: [60.00040054321289, 6.754611968994141, 27.29583740234375], time: 0.0107s
Iteration 7500: total loss 92.95037842, losses: [59.19736099243164, 6.517164707183838, 27.235855102539062], time: 0.0107s
Iteration 7750: total loss 91.91773987, losses: [58.43717956542969, 6.273843288421631, 27.206716537475586], time: 0.0107s
Iteration 8000: total loss 90.97856903, losses: [57.7140998840332, 6.020451068878174, 27.244016647338867], time: 0.0107s
Iteration 8250: total loss 90.11434174, losses: [57.00722885131836, 5.756813049316406, 27.35030174255371], time: 0.0110s
Iteration 8500: total loss 89.35406494, losses: [56.34928512573242, 5.529027462005615, 27.475753784179688], time: 0.0107s
Iteration 8750: total loss 88.70787811, losses: [55.77701950073242, 5.370445251464844, 27.56041145324707], time: 0.0107s
Iteration 9000: total loss 88.13420868, losses: [55.2769775390625, 5.264834880828857, 27.59239387512207], time: 0.0107s
Iteration 9250: total loss 87.59241486, losses: [54.82310104370117, 5.19903039932251, 27.570281982421875], time: 0.0107s
Iteration 9500: total loss 87.06214142, losses: [54.38018798828125, 5.171517848968506, 27.510438919067383], time: 0.0107s
Iteration 9750: total loss 86.54505920, losses: [53.94051742553711, 5.180437088012695, 27.42409896850586], time: 0.0109s
Iteration 10000: total loss 86.06083679, losses: [53.5263557434082, 5.216318607330322, 27.318159103393555], time: 0.0107s
Iteration 10250: total loss 85.63288879, losses: [53.0864372253418, 5.25264310836792, 27.293811798095703], time: 0.0107s
Iteration 10500: total loss 85.26491547, losses: [52.702545166015625, 5.281775951385498, 27.28059196472168], time: 0.0107s
Iteration 10750: total loss 84.94281769, losses: [52.35170364379883, 5.297374248504639, 27.29374122619629], time: 0.0107s
Iteration 11000: total loss 84.65695190, losses: [52.0343132019043, 5.300445079803467, 27.322189331054688], time: 0.0108s
Iteration 11250: total loss 84.40268707, losses: [51.752716064453125, 5.292602062225342, 27.35736846923828], time: 0.0107s
Iteration 11500: total loss 84.18124390, losses: [51.512149810791016, 5.279082775115967, 27.390012741088867], time: 0.0107s
Iteration 11750: total loss 83.98916626, losses: [51.306156158447266, 5.259817123413086, 27.423192977905273], time: 0.0107s
Iteration 12000: total loss 83.82149506, losses: [51.13758087158203, 5.239604949951172, 27.44430923461914], time: 0.0107s
Iteration 12250: total loss 83.67117310, losses: [50.994720458984375, 5.219440937042236, 27.457012176513672], time: 0.0107s
Iteration 12500: total loss 83.53394318, losses: [50.87109375, 5.200445175170898, 27.46240234375], time: 0.0107s
Iteration 12750: total loss 83.40599060, losses: [50.75786209106445, 5.183456897735596, 27.464675903320312], time: 0.0109s
Iteration 13000: total loss 83.28497314, losses: [50.65217971801758, 5.168331146240234, 27.46446418762207], time: 0.0107s
Iteration 13250: total loss 83.16886902, losses: [50.55418395996094, 5.155107021331787, 27.459579467773438], time: 0.0107s
Iteration 13500: total loss 83.05490875, losses: [50.46772003173828, 5.144657135009766, 27.442529678344727], time: 0.0107s
Iteration 13750: total loss 82.93592072, losses: [50.350616455078125, 5.135530471801758, 27.44977569580078], time: 0.0107s
Iteration 14000: total loss 82.80253601, losses: [50.27350616455078, 5.132568359375, 27.39646339416504], time: 0.0107s
Iteration 14250: total loss 82.65892029, losses: [50.162933349609375, 5.13284158706665, 27.363140106201172], time: 0.0107s
Iteration 14500: total loss 82.51763916, losses: [50.06620788574219, 5.132255554199219, 27.31917381286621], time: 0.0107s
Iteration 14750: total loss 82.38629913, losses: [49.9708251953125, 5.124000072479248, 27.291471481323242], time: 0.0109s
Iteration 15000: total loss 82.26380920, losses: [49.88790512084961, 5.104609966278076, 27.27129554748535], time: 0.0107s
Iteration 15250: total loss 82.14933014, losses: [49.823848724365234, 5.076886177062988, 27.248598098754883], time: 0.0109s
Iteration 15500: total loss 82.04026794, losses: [49.766998291015625, 5.042704105377197, 27.230560302734375], time: 0.0107s
Iteration 15750: total loss 81.93482208, losses: [49.718963623046875, 5.006130695343018, 27.209726333618164], time: 0.0107s
Iteration 16000: total loss 81.83129883, losses: [49.672611236572266, 4.968765735626221, 27.189924240112305], time: 0.0107s
{
  "u": {
    "rmse": 0.23704188244162028,
    "mae": 0.1623373808229848,
    "maximum_absolute": 1.3042746116281698,
    "relative_l2": 0.4081262869810164
  },
  "v": {
    "rmse": 0.2766111563351569,
    "mae": 0.17862395811528103,
    "maximum_absolute": 1.8066869938907386,
    "relative_l2": 0.5798417780289326
  }
}
Plot with: python -m utils.plot_pinn_results --run-directory /home/thiago.esterci/Repositories/Evolutionary_Algorithms/work_4/studies/loss_weight_study_1789563353185616928/runs/seed_2034_none/1789569466243275042
