Artifacts: /home/thiago.esterci/Repositories/Evolutionary_Algorithms/work_4/studies/loss_weight_study_1789563353185616928/runs/seed_2036_de/1789571345488190745
DE: 400 generations, 32 individuals, 12832 fitness evaluations, 197 parameters; then 16168 Adam epochs.
DE generation 0: best fitness 431.22345, fixed reference 0.52200699, accepted 0/32, evaluations 32
DE generation 10: best fitness 165.06825, fixed reference 0.35056493, accepted 9/32, evaluations 352
DE generation 20: best fitness 165.06825, fixed reference 0.35056493, accepted 6/32, evaluations 672
DE generation 30: best fitness 164.4328, fixed reference 0.45733986, accepted 1/32, evaluations 992
DE generation 40: best fitness 143.79655, fixed reference 0.52373273, accepted 4/32, evaluations 1312
DE generation 50: best fitness 132.7832, fixed reference 0.39760081, accepted 0/32, evaluations 1632
DE generation 60: best fitness 115.38757, fixed reference 0.41234108, accepted 1/32, evaluations 1952
DE generation 70: best fitness 57.642418, fixed reference 0.27804914, accepted 1/32, evaluations 2272
DE generation 80: best fitness 57.642418, fixed reference 0.27804914, accepted 1/32, evaluations 2592
DE generation 90: best fitness 57.642418, fixed reference 0.27804914, accepted 1/32, evaluations 2912
DE generation 100: best fitness 57.642418, fixed reference 0.27804914, accepted 0/32, evaluations 3232
DE generation 110: best fitness 49.774254, fixed reference 0.51986713, accepted 4/32, evaluations 3552
DE generation 120: best fitness 39.825752, fixed reference 0.54654327, accepted 0/32, evaluations 3872
DE generation 130: best fitness 39.825752, fixed reference 0.54654327, accepted 3/32, evaluations 4192
DE generation 140: best fitness 28.362644, fixed reference 0.52536632, accepted 2/32, evaluations 4512
DE generation 150: best fitness 24.504238, fixed reference 0.41671973, accepted 0/32, evaluations 4832
DE generation 160: best fitness 24.504238, fixed reference 0.41671973, accepted 1/32, evaluations 5152
DE generation 170: best fitness 24.504238, fixed reference 0.41671973, accepted 1/32, evaluations 5472
DE generation 180: best fitness 17.805075, fixed reference 0.40964556, accepted 1/32, evaluations 5792
DE generation 190: best fitness 17.805075, fixed reference 0.40964556, accepted 1/32, evaluations 6112
DE generation 200: best fitness 17.805075, fixed reference 0.40964556, accepted 3/32, evaluations 6432
DE generation 210: best fitness 11.568867, fixed reference 0.37720656, accepted 0/32, evaluations 6752
DE generation 220: best fitness 4.154851, fixed reference 0.31320677, accepted 0/32, evaluations 7072
DE generation 230: best fitness 4.154851, fixed reference 0.31320677, accepted 2/32, evaluations 7392
DE generation 240: best fitness 4.154851, fixed reference 0.31320677, accepted 2/32, evaluations 7712
DE generation 250: best fitness 4.154851, fixed reference 0.31320677, accepted 1/32, evaluations 8032
DE generation 260: best fitness 4.154851, fixed reference 0.31320677, accepted 1/32, evaluations 8352
DE generation 270: best fitness 4.154851, fixed reference 0.31320677, accepted 1/32, evaluations 8672
DE generation 280: best fitness 4.154851, fixed reference 0.31320677, accepted 1/32, evaluations 8992
DE generation 290: best fitness 3.0891066, fixed reference 0.28195332, accepted 1/32, evaluations 9312
DE generation 300: best fitness 3.0891066, fixed reference 0.28195332, accepted 2/32, evaluations 9632
DE generation 310: best fitness 3.0891066, fixed reference 0.28195332, accepted 1/32, evaluations 9952
DE generation 320: best fitness 3.0891066, fixed reference 0.28195332, accepted 0/32, evaluations 10272
DE generation 330: best fitness 1.5259266, fixed reference 0.34919213, accepted 2/32, evaluations 10592
DE generation 340: best fitness 1.5259266, fixed reference 0.34919213, accepted 0/32, evaluations 10912
DE generation 350: best fitness 1.5140967, fixed reference 0.34878155, accepted 3/32, evaluations 11232
DE generation 360: best fitness 1.3081481, fixed reference 0.34049396, accepted 0/32, evaluations 11552
DE generation 370: best fitness 1.3081481, fixed reference 0.34049396, accepted 0/32, evaluations 11872
DE generation 380: best fitness 0.28963566, fixed reference 0.30642974, accepted 2/32, evaluations 12192
DE generation 390: best fitness 0.25582647, fixed reference 0.30315408, accepted 0/32, evaluations 12512
DE generation 400: best fitness 0.25582647, fixed reference 0.30315408, accepted 1/32, evaluations 12832
DE best fitness: 0.25582647; starting Adam.
Iteration 0: total loss 0.2558, losses: [0.2609790861606598, 0.02063390240073204, 0.021541092544794083], weights: [-2.824104  -5.585748  -5.2215366], time: 0.0334s
Iteration 250: total loss -8.9948, losses: [0.24865315854549408, 0.0009739883244037628, 0.0010160456877201796], weights: [-2.824104  -5.585748  -5.2215366], time: 0.0108s
Iteration 500: total loss -9.3267, losses: [0.24742336571216583, 0.0003414083330426365, 0.0002462456759531051], weights: [-2.824104  -5.585748  -5.2215366], time: 0.0108s
Iteration 750: total loss -9.3839, losses: [0.24713942408561707, 0.0002231265534646809, 0.00013327439955901355], weights: [-2.824104  -5.585748  -5.2215366], time: 0.0108s
Iteration 1000: total loss -9.4064, losses: [0.24706855416297913, 0.00017059585661627352, 9.426566248293966e-05], weights: [-2.824104  -5.585748  -5.2215366], time: 0.0110s
Iteration 1250: total loss -9.4187, losses: [0.24703922867774963, 0.00014035485219210386, 7.368417573161423e-05], weights: [-2.824104  -5.585748  -5.2215366], time: 0.0110s
Iteration 1500: total loss -9.4267, losses: [0.24701274931430817, 0.00012101867469027638, 6.070686868042685e-05], weights: [-2.824104  -5.585748  -5.2215366], time: 0.0108s
Iteration 1750: total loss -9.4325, losses: [0.24697917699813843, 0.00010789529915200546, 5.17772241437342e-05], weights: [-2.824104  -5.585748  -5.2215366], time: 0.0108s
Iteration 2000: total loss -9.4368, losses: [0.24693427979946136, 9.871422662399709e-05, 4.538935172604397e-05], weights: [-2.824104  -5.585748  -5.2215366], time: 0.0108s
Iteration 2250: total loss -9.4404, losses: [0.24687498807907104, 9.226543625118211e-05, 4.0788130718283355e-05], weights: [-2.824104  -5.585748  -5.2215366], time: 0.0108s
Iteration 2500: total loss -9.4435, losses: [0.24679799377918243, 8.785485988482833e-05, 3.753990677068941e-05], weights: [-2.824104  -5.585748  -5.2215366], time: 0.0108s
Iteration 2750: total loss -9.4463, losses: [0.2466992288827896, 8.50663345772773e-05, 3.5383287467993796e-05], weights: [-2.824104  -5.585748  -5.2215366], time: 0.0110s
Iteration 3000: total loss -9.4490, losses: [0.2465732991695404, 8.366354450117797e-05, 3.4173917811131105e-05], weights: [-2.824104  -5.585748  -5.2215366], time: 0.0108s
Iteration 3250: total loss -9.4518, losses: [0.24641335010528564, 8.354987221537158e-05, 3.386937896721065e-05], weights: [-2.824104  -5.585748  -5.2215366], time: 0.0108s
Iteration 3500: total loss -9.4548, losses: [0.24621109664440155, 8.475064532831311e-05, 3.4510510886320844e-05], weights: [-2.824104  -5.585748  -5.2215366], time: 0.0110s
Iteration 3750: total loss -9.4580, losses: [0.2459573745727539, 8.738219912629575e-05, 3.616978574427776e-05], weights: [-2.824104  -5.585748  -5.2215366], time: 0.0108s
Iteration 4000: total loss -9.4617, losses: [0.24564242362976074, 9.15800774237141e-05, 3.885578189510852e-05], weights: [-2.824104  -5.585748  -5.2215366], time: 0.0108s
Iteration 4250: total loss -9.4660, losses: [0.24525414407253265, 9.743491682456806e-05, 4.244284355081618e-05], weights: [-2.824104  -5.585748  -5.2215366], time: 0.0108s
Iteration 4500: total loss -9.4713, losses: [0.24477322399616241, 0.00010504475358175114, 4.6731911425013095e-05], weights: [-2.824104  -5.585748  -5.2215366], time: 0.0108s
Iteration 4750: total loss -9.4781, losses: [0.24416370689868927, 0.00011472466576378793, 5.1700575568247586e-05], weights: [-2.824104  -5.585748  -5.2215366], time: 0.0111s
Iteration 5000: total loss -9.4871, losses: [0.2433626353740692, 0.00012730761955026537, 5.792737647425383e-05], weights: [-2.824104  -5.585748  -5.2215366], time: 0.0108s
Iteration 5250: total loss -9.4993, losses: [0.24226628243923187, 0.00014444343105424196, 6.717926589772105e-05], weights: [-2.824104  -5.585748  -5.2215366], time: 0.0108s
Iteration 5500: total loss -9.5162, losses: [0.240703746676445, 0.0001684995659161359, 8.301484194817021e-05], weights: [-2.824104  -5.585748  -5.2215366], time: 0.0108s
Iteration 5750: total loss -9.5418, losses: [0.23836928606033325, 0.00020075800421182066, 0.00011087547318311408], weights: [-2.824104  -5.585748  -5.2215366], time: 0.0109s
Iteration 6000: total loss -9.5829, losses: [0.2348565012216568, 0.00023641488223802298, 0.0001570700405864045], weights: [-2.824104  -5.585748  -5.2215366], time: 0.0110s
Iteration 6250: total loss -9.6420, losses: [0.23010657727718353, 0.00026812765281647444, 0.00022468052338808775], weights: [-2.824104  -5.585748  -5.2215366], time: 0.0110s
Iteration 6500: total loss -9.7143, losses: [0.2243918627500534, 0.0002991936926264316, 0.0003092237748205662], weights: [-2.824104  -5.585748  -5.2215366], time: 0.0108s
Iteration 6750: total loss -9.7996, losses: [0.21776147186756134, 0.00032605568412691355, 0.00041300227167084813], weights: [-2.824104  -5.585748  -5.2215366], time: 0.0108s
Iteration 7000: total loss -9.8911, losses: [0.21044088900089264, 0.0003511951072141528, 0.0005483435234054923], weights: [-2.824104  -5.585748  -5.2215366], time: 0.0108s
Iteration 7250: total loss -9.9721, losses: [0.20346438884735107, 0.00038489699363708496, 0.000697403447702527], weights: [-2.824104  -5.585748  -5.2215366], time: 0.0108s
Iteration 7500: total loss -10.0397, losses: [0.19742539525032043, 0.00042038451647385955, 0.0008302460773847997], weights: [-2.824104  -5.585748  -5.2215366], time: 0.0108s
Iteration 7750: total loss -10.0978, losses: [0.19222764670848846, 0.00044633407378569245, 0.0009523552726022899], weights: [-2.824104  -5.585748  -5.2215366], time: 0.0110s
Iteration 8000: total loss -10.1457, losses: [0.18785607814788818, 0.00046055755228735507, 0.00107044936157763], weights: [-2.824104  -5.585748  -5.2215366], time: 0.0108s
Iteration 8250: total loss -10.1840, losses: [0.18432220816612244, 0.00046450141235254705, 0.0011798752238973975], weights: [-2.824104  -5.585748  -5.2215366], time: 0.0108s
Iteration 8500: total loss -10.2145, losses: [0.18155191838741302, 0.000462879310362041, 0.00126899394672364], weights: [-2.824104  -5.585748  -5.2215366], time: 0.0108s
Iteration 8750: total loss -10.2399, losses: [0.1793699562549591, 0.00046024032053537667, 0.0013342745369300246], weights: [-2.824104  -5.585748  -5.2215366], time: 0.0112s
Iteration 9000: total loss -10.2621, losses: [0.17758606374263763, 0.00045716800377704203, 0.0013813701225444674], weights: [-2.824104  -5.585748  -5.2215366], time: 0.0108s
Iteration 9250: total loss -10.2833, losses: [0.17605404555797577, 0.0004516482586041093, 0.0014137520920485258], weights: [-2.824104  -5.585748  -5.2215366], time: 0.0109s
Iteration 9500: total loss -10.3058, losses: [0.17466573417186737, 0.00044206393067725003, 0.0014326685341075063], weights: [-2.824104  -5.585748  -5.2215366], time: 0.0107s
Iteration 9750: total loss -10.3302, losses: [0.173309788107872, 0.0004267249605618417, 0.0014460411621257663], weights: [-2.824104  -5.585748  -5.2215366], time: 0.0110s
Iteration 10000: total loss -10.3555, losses: [0.17194285988807678, 0.00040725638973526657, 0.0014620347646996379], weights: [-2.824104  -5.585748  -5.2215366], time: 0.0108s
Iteration 10250: total loss -10.3804, losses: [0.17054502665996552, 0.00038521140231750906, 0.0014866659184917808], weights: [-2.824104  -5.585748  -5.2215366], time: 0.0109s
Iteration 10500: total loss -10.4048, losses: [0.16915173828601837, 0.0003594589070416987, 0.00151835975702852], weights: [-2.824104  -5.585748  -5.2215366], time: 0.0108s
Iteration 10750: total loss -10.4297, losses: [0.16777028143405914, 0.0003287630679551512, 0.001553698442876339], weights: [-2.824104  -5.585748  -5.2215366], time: 0.0108s
Iteration 11000: total loss -10.4554, losses: [0.16638384759426117, 0.0002967128239106387, 0.0015876265242695808], weights: [-2.824104  -5.585748  -5.2215366], time: 0.0108s
Iteration 11250: total loss -10.4806, losses: [0.1649780124425888, 0.00027211656561121345, 0.001614537788555026], weights: [-2.824104  -5.585748  -5.2215366], time: 0.0109s
Iteration 11500: total loss -10.5039, losses: [0.1635674387216568, 0.0002595690020825714, 0.0016352488892152905], weights: [-2.824104  -5.585748  -5.2215366], time: 0.0108s
Iteration 11750: total loss -10.5240, losses: [0.16222797334194183, 0.0002578351995907724, 0.0016506635583937168], weights: [-2.824104  -5.585748  -5.2215366], time: 0.0108s
Iteration 12000: total loss -10.5408, losses: [0.1610196977853775, 0.0002629588998388499, 0.0016625166172161698], weights: [-2.824104  -5.585748  -5.2215366], time: 0.0112s
Iteration 12250: total loss -10.5541, losses: [0.1599644124507904, 0.00027213411522097886, 0.0016735505778342485], weights: [-2.824104  -5.585748  -5.2215366], time: 0.0108s
Iteration 12500: total loss -10.5642, losses: [0.15907496213912964, 0.00028192068566568196, 0.0016862403135746717], weights: [-2.824104  -5.585748  -5.2215366], time: 0.0108s
Iteration 12750: total loss -10.5719, losses: [0.15834230184555054, 0.00028962697251699865, 0.0017000535735860467], weights: [-2.824104  -5.585748  -5.2215366], time: 0.0108s
Iteration 13000: total loss -10.5783, losses: [0.15773402154445648, 0.00029514371999539435, 0.0017129592597484589], weights: [-2.824104  -5.585748  -5.2215366], time: 0.0108s
Iteration 13250: total loss -10.5838, losses: [0.15722079575061798, 0.00029930859454907477, 0.0017235777340829372], weights: [-2.824104  -5.585748  -5.2215366], time: 0.0108s
Iteration 13500: total loss -10.5890, losses: [0.1567656695842743, 0.00030211848206818104, 0.0017333102878183126], weights: [-2.824104  -5.585748  -5.2215366], time: 0.0108s
Iteration 13750: total loss -10.5937, losses: [0.1563551127910614, 0.00030438549583777785, 0.0017418316565454006], weights: [-2.824104  -5.585748  -5.2215366], time: 0.0109s
Iteration 14000: total loss -10.5982, losses: [0.1559765487909317, 0.0003060805320274085, 0.0017494776984676719], weights: [-2.824104  -5.585748  -5.2215366], time: 0.0109s
Iteration 14250: total loss -10.6026, losses: [0.1556198000907898, 0.00030757219064980745, 0.0017561954446136951], weights: [-2.824104  -5.585748  -5.2215366], time: 0.0108s
Iteration 14500: total loss -10.6068, losses: [0.15527772903442383, 0.0003086896613240242, 0.0017626278568059206], weights: [-2.824104  -5.585748  -5.2215366], time: 0.0109s
Iteration 14750: total loss -10.6110, losses: [0.15494976937770844, 0.00030945418984629214, 0.0017688707448542118], weights: [-2.824104  -5.585748  -5.2215366], time: 0.0111s
Iteration 15000: total loss -10.6152, losses: [0.15463601052761078, 0.0003101649053860456, 0.0017739217728376389], weights: [-2.824104  -5.585748  -5.2215366], time: 0.0108s
Iteration 15250: total loss -10.6194, losses: [0.15433566272258759, 0.00031076950835995376, 0.001777414116077125], weights: [-2.824104  -5.585748  -5.2215366], time: 0.0108s
Iteration 15500: total loss -10.6239, losses: [0.15402337908744812, 0.0003095847787335515, 0.0017835005419328809], weights: [-2.824104  -5.585748  -5.2215366], time: 0.0108s
Iteration 15750: total loss -10.6286, losses: [0.15372340381145477, 0.00030808645533397794, 0.001787146320566535], weights: [-2.824104  -5.585748  -5.2215366], time: 0.0109s
Iteration 16000: total loss -10.6337, losses: [0.15342283248901367, 0.0003062323376070708, 0.0017900674138218164], weights: [-2.824104  -5.585748  -5.2215366], time: 0.0108s
{
  "u": {
    "rmse": 0.3292247808813724,
    "mae": 0.2547382683728671,
    "maximum_absolute": 1.5185476257334853,
    "relative_l2": 0.566841969103689
  },
  "v": {
    "rmse": 0.3679681441550374,
    "mae": 0.27982760154490316,
    "maximum_absolute": 1.5726833457288505,
    "relative_l2": 0.7713474242750394
  }
}
Plot with: python -m utils.plot_pinn_results --run-directory /home/thiago.esterci/Repositories/Evolutionary_Algorithms/work_4/studies/loss_weight_study_1789563353185616928/runs/seed_2036_de/1789571345488190745
