Artifacts: /home/thiago.esterci/Repositories/Evolutionary_Algorithms/work_4/studies/loss_weight_study_1789563353185616928/runs/seed_2029_pinn/1789564371424099220
DE: 400 generations, 32 individuals, 12832 fitness evaluations, 194 parameters; then 16168 Adam epochs.
DE generation 0: best fitness 660.44672, fixed reference 660.44669, accepted 0/32, evaluations 32
DE generation 10: best fitness 413.2601, fixed reference 413.26009, accepted 4/32, evaluations 352
DE generation 20: best fitness 291.93301, fixed reference 291.933, accepted 0/32, evaluations 672
DE generation 30: best fitness 291.93301, fixed reference 291.933, accepted 1/32, evaluations 992
DE generation 40: best fitness 291.93301, fixed reference 291.933, accepted 2/32, evaluations 1312
DE generation 50: best fitness 291.93301, fixed reference 291.933, accepted 1/32, evaluations 1632
DE generation 60: best fitness 291.93301, fixed reference 291.933, accepted 0/32, evaluations 1952
DE generation 70: best fitness 291.93301, fixed reference 291.933, accepted 1/32, evaluations 2272
DE generation 80: best fitness 291.93301, fixed reference 291.933, accepted 1/32, evaluations 2592
DE generation 90: best fitness 291.93301, fixed reference 291.933, accepted 0/32, evaluations 2912
DE generation 100: best fitness 291.93301, fixed reference 291.933, accepted 1/32, evaluations 3232
DE generation 110: best fitness 291.93301, fixed reference 291.933, accepted 0/32, evaluations 3552
DE generation 120: best fitness 286.72141, fixed reference 286.7214, accepted 0/32, evaluations 3872
DE generation 130: best fitness 286.72141, fixed reference 286.7214, accepted 1/32, evaluations 4192
DE generation 140: best fitness 286.72141, fixed reference 286.7214, accepted 1/32, evaluations 4512
DE generation 150: best fitness 273.91415, fixed reference 273.91415, accepted 0/32, evaluations 4832
DE generation 160: best fitness 273.91415, fixed reference 273.91415, accepted 0/32, evaluations 5152
DE generation 170: best fitness 273.91415, fixed reference 273.91415, accepted 0/32, evaluations 5472
DE generation 180: best fitness 271.88232, fixed reference 271.88233, accepted 1/32, evaluations 5792
DE generation 190: best fitness 271.88232, fixed reference 271.88233, accepted 1/32, evaluations 6112
DE generation 200: best fitness 271.88232, fixed reference 271.88233, accepted 0/32, evaluations 6432
DE generation 210: best fitness 269.09848, fixed reference 269.09848, accepted 0/32, evaluations 6752
DE generation 220: best fitness 268.28183, fixed reference 268.28183, accepted 0/32, evaluations 7072
DE generation 230: best fitness 268.28183, fixed reference 268.28183, accepted 1/32, evaluations 7392
DE generation 240: best fitness 267.53125, fixed reference 267.53124, accepted 0/32, evaluations 7712
DE generation 250: best fitness 265.51266, fixed reference 265.51266, accepted 0/32, evaluations 8032
DE generation 260: best fitness 265.51266, fixed reference 265.51266, accepted 0/32, evaluations 8352
DE generation 270: best fitness 264.38318, fixed reference 264.38318, accepted 0/32, evaluations 8672
DE generation 280: best fitness 263.7554, fixed reference 263.7554, accepted 0/32, evaluations 8992
DE generation 290: best fitness 263.7554, fixed reference 263.7554, accepted 0/32, evaluations 9312
DE generation 300: best fitness 263.7554, fixed reference 263.7554, accepted 0/32, evaluations 9632
DE generation 310: best fitness 263.42477, fixed reference 263.42476, accepted 0/32, evaluations 9952
DE generation 320: best fitness 261.4274, fixed reference 261.4274, accepted 1/32, evaluations 10272
DE generation 330: best fitness 261.4274, fixed reference 261.4274, accepted 0/32, evaluations 10592
DE generation 340: best fitness 261.4274, fixed reference 261.4274, accepted 0/32, evaluations 10912
DE generation 350: best fitness 261.4274, fixed reference 261.4274, accepted 0/32, evaluations 11232
DE generation 360: best fitness 261.4274, fixed reference 261.4274, accepted 0/32, evaluations 11552
DE generation 370: best fitness 261.4274, fixed reference 261.4274, accepted 0/32, evaluations 11872
DE generation 380: best fitness 261.4274, fixed reference 261.4274, accepted 0/32, evaluations 12192
DE generation 390: best fitness 261.4274, fixed reference 261.4274, accepted 0/32, evaluations 12512
DE generation 400: best fitness 261.4274, fixed reference 261.4274, accepted 0/32, evaluations 12832
DE best fitness: 261.4274; starting Adam.
Iteration 0: total loss 240.7042, losses: [0.251636803150177, 0.003962942864745855, 0.005827650427818298], weights: [-6.9067554 -6.9067554 -6.9067554], time: 0.0349s
Iteration 250: total loss 194.1074, losses: [0.24459488689899445, 0.0019465353107079864, 0.00020009410218335688], weights: [-6.767279  -6.823504  -6.9324007], time: 0.0110s
Iteration 500: total loss 171.1371, losses: [0.23987020552158356, 0.0040346006862819195, 0.00013837142614647746], weights: [-6.66476   -6.6580615 -7.0368285], time: 0.0110s
Iteration 750: total loss 152.2752, losses: [0.23436076939105988, 0.0056693521328270435, 0.000184803779120557], weights: [-6.5773606 -6.501546  -7.131415 ], time: 0.0108s
Iteration 1000: total loss 132.9919, losses: [0.2225046157836914, 0.007363147102296352, 0.0004636817902792245], weights: [-6.500611 -6.373279 -7.203641], time: 0.0110s
Iteration 1250: total loss 113.4619, losses: [0.19997456669807434, 0.012719337828457355, 0.0017180897993966937], weights: [-6.434096  -6.2376323 -7.1702986], time: 0.0110s
Iteration 1500: total loss 97.2759, losses: [0.17770922183990479, 0.019170714542269707, 0.003370885504409671], weights: [-6.3769245 -6.0943594 -7.0035458], time: 0.0113s
Iteration 1750: total loss 83.0105, losses: [0.15819205343723297, 0.022758038714528084, 0.004994125105440617], weights: [-6.3267403 -5.972862  -6.851913 ], time: 0.0110s
Iteration 2000: total loss 71.1109, losses: [0.140928715467453, 0.024448469281196594, 0.007130939979106188], weights: [-6.282015  -5.87312   -6.7183833], time: 0.0123s
Iteration 2250: total loss 61.6452, losses: [0.12676936388015747, 0.02451302297413349, 0.009738019667565823], weights: [-6.2415133 -5.7896924 -6.5961313], time: 0.0110s
Iteration 2500: total loss 54.2322, losses: [0.11572542041540146, 0.023486323654651642, 0.012545036152005196], weights: [-6.204079 -5.719388 -6.484226], time: 0.0110s
Iteration 2750: total loss 48.0826, losses: [0.10702338814735413, 0.021682754158973694, 0.015112508088350296], weights: [-6.168795  -5.6597524 -6.383105 ], time: 0.0110s
Iteration 3000: total loss 42.7425, losses: [0.09969543665647507, 0.019574755802750587, 0.017376432195305824], weights: [-6.135072  -5.609313  -6.2922654], time: 0.0110s
Iteration 3250: total loss 38.2787, losses: [0.09323038905858994, 0.018237320706248283, 0.019514475017786026], weights: [-6.1026053 -5.565378  -6.2095103], time: 0.0111s
Iteration 3500: total loss 34.5530, losses: [0.08775399625301361, 0.01772410050034523, 0.021293267607688904], weights: [-6.071134  -5.5246005 -6.133478 ], time: 0.0114s
Iteration 3750: total loss 31.4524, losses: [0.0832693874835968, 0.017648182809352875, 0.02280735969543457], weights: [-6.040367  -5.4848866 -6.0633965], time: 0.0111s
Iteration 4000: total loss 28.8528, losses: [0.07962234318256378, 0.017681283876299858, 0.024232812225818634], weights: [-6.010025  -5.4454856 -5.998069 ], time: 0.0110s
Iteration 4250: total loss 26.5679, losses: [0.07657273858785629, 0.017706509679555893, 0.02551775984466076], weights: [-5.979915 -5.406355 -5.936578], time: 0.0127s
Iteration 4500: total loss 24.4654, losses: [0.07389003783464432, 0.017703430727124214, 0.026616433635354042], weights: [-5.9498816 -5.3676    -5.8784413], time: 0.0110s
Iteration 4750: total loss 22.4863, losses: [0.07141058146953583, 0.017653902992606163, 0.027562635019421577], weights: [-5.91996   -5.3293705 -5.8232913], time: 0.0114s
Iteration 5000: total loss 20.6154, losses: [0.0690707191824913, 0.017556961625814438, 0.028400911018252373], weights: [-5.8900657 -5.2918196 -5.770747 ], time: 0.0110s
Iteration 5250: total loss 18.8665, losses: [0.06685777008533478, 0.01744004152715206, 0.029185093939304352], weights: [-5.8602633 -5.2550335 -5.720446 ], time: 0.0112s
Iteration 5500: total loss 17.2562, losses: [0.06479927897453308, 0.01734127290546894, 0.029943251982331276], weights: [-5.830555  -5.2189894 -5.6720595], time: 0.0110s
Iteration 5750: total loss 15.7865, losses: [0.06291548907756805, 0.017270999029278755, 0.030693192034959793], weights: [-5.8008943 -5.183597  -5.6252947], time: 0.0110s
Iteration 6000: total loss 14.4527, losses: [0.061205945909023285, 0.017212217673659325, 0.03146473318338394], weights: [-5.7713304 -5.1487875 -5.5799127], time: 0.0110s
Iteration 6250: total loss 13.2429, losses: [0.05969607084989548, 0.01714930683374405, 0.03223734349012375], weights: [-5.7417665 -5.114552  -5.5357237], time: 0.0110s
Iteration 6500: total loss 12.1383, losses: [0.058367449790239334, 0.017063086852431297, 0.0330049991607666], weights: [-5.7122025 -5.080928  -5.492593 ], time: 0.0110s
Iteration 6750: total loss 11.1130, losses: [0.05721214413642883, 0.016934458166360855, 0.03370743617415428], weights: [-5.6826386 -5.0479994 -5.4504795], time: 0.0111s
Iteration 7000: total loss 10.1437, losses: [0.056187793612480164, 0.016740605235099792, 0.03432884067296982], weights: [-5.653044 -5.015898 -5.409378], time: 0.0111s
Iteration 7250: total loss 9.2167, losses: [0.05527244135737419, 0.016466276720166206, 0.034855667501688004], weights: [-5.623361  -4.9847994 -5.369296 ], time: 0.0111s
Iteration 7500: total loss 8.3274, losses: [0.0544591024518013, 0.01610868237912655, 0.03527519106864929], weights: [-5.593678  -4.9548864 -5.3302336], time: 0.0111s
Iteration 7750: total loss 7.4725, losses: [0.05375107005238533, 0.015666058287024498, 0.03557118400931358], weights: [-5.563995  -4.9263396 -5.292206 ], time: 0.0111s
Iteration 8000: total loss 6.6476, losses: [0.05312630534172058, 0.015142413787543774, 0.03575102984905243], weights: [-5.534312  -4.8993444 -5.255216 ], time: 0.0111s
Iteration 8250: total loss 5.8536, losses: [0.05252470076084137, 0.014586825855076313, 0.035868652164936066], weights: [-5.5046563 -4.8740344 -5.2192326], time: 0.0111s
Iteration 8500: total loss 5.0965, losses: [0.05191612243652344, 0.014064444229006767, 0.035956673324108124], weights: [-5.4751067 -4.850355  -5.184177 ], time: 0.0111s
Iteration 8750: total loss 4.3794, losses: [0.0512886606156826, 0.013588501140475273, 0.036051664501428604], weights: [-5.445708  -4.8281507 -5.1499534], time: 0.0111s
Iteration 9000: total loss 3.7046, losses: [0.050660036504268646, 0.0131476279348135, 0.03616650775074959], weights: [-5.416501 -4.807308 -5.116458], time: 0.0111s
Iteration 9250: total loss 3.0775, losses: [0.0500597208738327, 0.012744133360683918, 0.03631020709872246], weights: [-5.3875194 -4.7877507 -5.0836015], time: 0.0111s
Iteration 9500: total loss 2.4995, losses: [0.04950945824384689, 0.01237853430211544, 0.03648276999592781], weights: [-5.3587637 -4.7694006 -5.0513153], time: 0.0110s
Iteration 9750: total loss 1.9657, losses: [0.04906446114182472, 0.012043545953929424, 0.03660442307591438], weights: [-5.3302207 -4.7522087 -5.019568 ], time: 0.0110s
Iteration 10000: total loss 1.4691, losses: [0.04864123463630676, 0.011713086627423763, 0.036781687289476395], weights: [-5.301898  -4.736215  -4.9883213], time: 0.0110s
Iteration 10250: total loss 1.0037, losses: [0.04827199503779411, 0.011374528519809246, 0.03695671632885933], weights: [-5.27378   -4.7215567 -4.9575467], time: 0.0110s
Iteration 10500: total loss 0.5652, losses: [0.047941774129867554, 0.011021733283996582, 0.03713730350136757], weights: [-5.2458715 -4.708463  -4.9272184], time: 0.0111s
Iteration 10750: total loss 0.1506, losses: [0.04764368012547493, 0.010656209662556648, 0.037322428077459335], weights: [-5.218182  -4.6972117 -4.8973246], time: 0.0110s
Iteration 11000: total loss -0.2429, losses: [0.04737619310617447, 0.01028754748404026, 0.03749668598175049], weights: [-5.19072   -4.6881046 -4.8678446], time: 0.0114s
Iteration 11250: total loss -0.6168, losses: [0.04713292419910431, 0.009923990815877914, 0.03765985369682312], weights: [-5.163493  -4.6814365 -4.838792 ], time: 0.0110s
Iteration 11500: total loss -0.9725, losses: [0.04690852761268616, 0.009569978341460228, 0.03781333938241005], weights: [-5.1365085 -4.67749   -4.810157 ], time: 0.0114s
Iteration 11750: total loss -1.3113, losses: [0.04671663045883179, 0.009230734780430794, 0.037932198494672775], weights: [-5.1097703 -4.676557  -4.7819533], time: 0.0109s
Iteration 12000: total loss -1.6344, losses: [0.04654901474714279, 0.008897099643945694, 0.03803517296910286], weights: [-5.0832806 -4.6789656 -4.754176 ], time: 0.0111s
Iteration 12250: total loss -1.9429, losses: [0.04641266539692879, 0.008563131093978882, 0.03811785951256752], weights: [-5.057041 -4.685095 -4.726823], time: 0.0111s
Iteration 12500: total loss -2.2382, losses: [0.04629632085561752, 0.008218510076403618, 0.03820487856864929], weights: [-5.03105   -4.695351  -4.6998916], time: 0.0112s
Iteration 12750: total loss -2.5220, losses: [0.04621867835521698, 0.007854729890823364, 0.03827431797981262], weights: [-5.0053043 -4.7101426 -4.67337  ], time: 0.0110s
Iteration 13000: total loss -2.7964, losses: [0.04617283493280411, 0.007462300360202789, 0.03833847865462303], weights: [-4.9798    -4.7297597 -4.647243 ], time: 0.0110s
Iteration 13250: total loss -3.0637, losses: [0.04614848643541336, 0.0070403399877250195, 0.03840545937418938], weights: [-4.954537 -4.754196 -4.621509], time: 0.0111s
Iteration 13500: total loss -3.3254, losses: [0.0461418516933918, 0.0065996781922876835, 0.03846558555960655], weights: [-4.929517  -4.7829733 -4.596148 ], time: 0.0110s
Iteration 13750: total loss -3.5809, losses: [0.04614248871803284, 0.006162102334201336, 0.03851977363228798], weights: [-4.9047456 -4.815025  -4.571157 ], time: 0.0110s
Iteration 14000: total loss -3.8286, losses: [0.046169087290763855, 0.005752348341047764, 0.038530800491571426], weights: [-4.8802266 -4.8489733 -4.5465407], time: 0.0111s
Iteration 14250: total loss -4.0669, losses: [0.046223197132349014, 0.005381481256335974, 0.03849492594599724], weights: [-4.85596  -4.883591 -4.52231 ], time: 0.0110s
Iteration 14500: total loss -4.2952, losses: [0.04627993330359459, 0.005049813073128462, 0.03845078498125076], weights: [-4.8319473 -4.9179907 -4.498487 ], time: 0.0110s
Iteration 14750: total loss -4.5133, losses: [0.04637037217617035, 0.0047584716230630875, 0.03835142403841019], weights: [-4.808181  -4.951692  -4.4750724], time: 0.0110s
Iteration 15000: total loss -4.7216, losses: [0.04648036137223244, 0.004499067552387714, 0.03822202607989311], weights: [-4.784659  -4.9844813 -4.4520764], time: 0.0111s
Iteration 15250: total loss -4.9210, losses: [0.0466085821390152, 0.0042631314136087894, 0.03806854784488678], weights: [-4.761381  -5.0163293 -4.4294906], time: 0.0111s
Iteration 15500: total loss -5.1125, losses: [0.04674326628446579, 0.004043540917336941, 0.03790939226746559], weights: [-4.7383494 -5.047298  -4.4073057], time: 0.0110s
Iteration 15750: total loss -5.2970, losses: [0.04689435288310051, 0.0038391384296119213, 0.03772427514195442], weights: [-4.715566  -5.0774755 -4.3855166], time: 0.0111s
Iteration 16000: total loss -5.4751, losses: [0.047045350074768066, 0.0036477192770689726, 0.03753253445029259], weights: [-4.693035  -5.106929  -4.3641067], time: 0.0111s
{
  "u": {
    "rmse": 0.23283844704014228,
    "mae": 0.16227608910310315,
    "maximum_absolute": 1.2288007452021743,
    "relative_l2": 0.4008890322591964
  },
  "v": {
    "rmse": 0.2652223095849378,
    "mae": 0.1702181010045711,
    "maximum_absolute": 1.761309992724395,
    "relative_l2": 0.5559680874777656
  }
}
Plot with: python -m utils.plot_pinn_results --run-directory /home/thiago.esterci/Repositories/Evolutionary_Algorithms/work_4/studies/loss_weight_study_1789563353185616928/runs/seed_2029_pinn/1789564371424099220
