Artifacts: /home/thiago.esterci/Repositories/Evolutionary_Algorithms/work_4/studies/loss_weight_study_1789563353185616928/runs/seed_2031_pinn/1789566840854548835
DE: 400 generations, 32 individuals, 12832 fitness evaluations, 194 parameters; then 16168 Adam epochs.
DE generation 0: best fitness 1157.4409, fixed reference 1157.4409, accepted 0/32, evaluations 32
DE generation 10: best fitness 443.26553, fixed reference 443.26552, accepted 7/32, evaluations 352
DE generation 20: best fitness 409.6756, fixed reference 409.6756, accepted 4/32, evaluations 672
DE generation 30: best fitness 357.73599, fixed reference 357.736, accepted 2/32, evaluations 992
DE generation 40: best fitness 357.73599, fixed reference 357.736, accepted 0/32, evaluations 1312
DE generation 50: best fitness 311.62634, fixed reference 311.62635, accepted 3/32, evaluations 1632
DE generation 60: best fitness 311.62634, fixed reference 311.62635, accepted 0/32, evaluations 1952
DE generation 70: best fitness 311.62634, fixed reference 311.62635, accepted 1/32, evaluations 2272
DE generation 80: best fitness 311.62634, fixed reference 311.62635, accepted 0/32, evaluations 2592
DE generation 90: best fitness 311.62634, fixed reference 311.62635, accepted 0/32, evaluations 2912
DE generation 100: best fitness 311.62634, fixed reference 311.62635, accepted 0/32, evaluations 3232
DE generation 110: best fitness 311.62634, fixed reference 311.62635, accepted 0/32, evaluations 3552
DE generation 120: best fitness 311.62634, fixed reference 311.62635, accepted 0/32, evaluations 3872
DE generation 130: best fitness 311.62634, fixed reference 311.62635, accepted 1/32, evaluations 4192
DE generation 140: best fitness 311.62634, fixed reference 311.62635, accepted 0/32, evaluations 4512
DE generation 150: best fitness 311.62634, fixed reference 311.62635, accepted 2/32, evaluations 4832
DE generation 160: best fitness 311.62634, fixed reference 311.62635, accepted 1/32, evaluations 5152
DE generation 170: best fitness 311.62634, fixed reference 311.62635, accepted 0/32, evaluations 5472
DE generation 180: best fitness 311.62634, fixed reference 311.62635, accepted 1/32, evaluations 5792
DE generation 190: best fitness 311.62634, fixed reference 311.62635, accepted 1/32, evaluations 6112
DE generation 200: best fitness 310.43524, fixed reference 310.43524, accepted 0/32, evaluations 6432
DE generation 210: best fitness 310.43524, fixed reference 310.43524, accepted 0/32, evaluations 6752
DE generation 220: best fitness 310.43524, fixed reference 310.43524, accepted 0/32, evaluations 7072
DE generation 230: best fitness 303.01733, fixed reference 303.01734, accepted 0/32, evaluations 7392
DE generation 240: best fitness 303.01733, fixed reference 303.01734, accepted 1/32, evaluations 7712
DE generation 250: best fitness 303.01733, fixed reference 303.01734, accepted 0/32, evaluations 8032
DE generation 260: best fitness 299.74469, fixed reference 299.7447, accepted 1/32, evaluations 8352
DE generation 270: best fitness 297.94696, fixed reference 297.94697, accepted 1/32, evaluations 8672
DE generation 280: best fitness 296.78046, fixed reference 296.78047, accepted 2/32, evaluations 8992
DE generation 290: best fitness 293.03668, fixed reference 293.03669, accepted 1/32, evaluations 9312
DE generation 300: best fitness 293.03668, fixed reference 293.03669, accepted 0/32, evaluations 9632
DE generation 310: best fitness 289.22009, fixed reference 289.22009, accepted 2/32, evaluations 9952
DE generation 320: best fitness 289.06882, fixed reference 289.06881, accepted 1/32, evaluations 10272
DE generation 330: best fitness 289.06882, fixed reference 289.06881, accepted 2/32, evaluations 10592
DE generation 340: best fitness 289.06882, fixed reference 289.06881, accepted 0/32, evaluations 10912
DE generation 350: best fitness 285.54172, fixed reference 285.54173, accepted 2/32, evaluations 11232
DE generation 360: best fitness 285.39001, fixed reference 285.39002, accepted 0/32, evaluations 11552
DE generation 370: best fitness 285.39001, fixed reference 285.39002, accepted 1/32, evaluations 11872
DE generation 380: best fitness 285.39001, fixed reference 285.39002, accepted 0/32, evaluations 12192
DE generation 390: best fitness 285.38275, fixed reference 285.38274, accepted 1/32, evaluations 12512
DE generation 400: best fitness 285.38275, fixed reference 285.38274, accepted 0/32, evaluations 12832
DE best fitness: 285.38275; starting Adam.
Iteration 0: total loss 264.6595, losses: [0.25152575969696045, 0.017523961141705513, 0.016333021223545074], weights: [-6.9067554 -6.9067554 -6.9067554], time: 0.0363s
Iteration 250: total loss 194.0085, losses: [0.24358463287353516, 0.0017634115647524595, 0.0011094885412603617], weights: [-6.767307  -6.8509197 -6.857368 ], time: 0.0110s
Iteration 500: total loss 170.4568, losses: [0.23908169567584991, 0.0029251722153276205, 0.0006073986296541989], weights: [-6.6647453 -6.802867  -6.865067 ], time: 0.0110s
Iteration 750: total loss 151.1500, losses: [0.23269400000572205, 0.004210407845675945, 0.000594644749071449], weights: [-6.577383 -6.711544 -6.884771], time: 0.0110s
Iteration 1000: total loss 132.1745, losses: [0.21989499032497406, 0.006062657106667757, 0.001282328157685697], weights: [-6.5010552 -6.596926  -6.8933864], time: 0.0110s
Iteration 1250: total loss 114.8178, losses: [0.2033616006374359, 0.008301635272800922, 0.0026679253205657005], weights: [-6.4342213 -6.47343   -6.8454056], time: 0.0110s
Iteration 1500: total loss 99.3195, losses: [0.18684376776218414, 0.009832669980823994, 0.004015388432890177], weights: [-6.375046  -6.3600407 -6.742667 ], time: 0.0110s
Iteration 1750: total loss 85.7077, losses: [0.17036065459251404, 0.011163617484271526, 0.00558267580345273], weights: [-6.3220654 -6.2602186 -6.624789 ], time: 0.0110s
Iteration 2000: total loss 74.1466, losses: [0.15475112199783325, 0.01224635448306799, 0.007601835299283266], weights: [-6.274292  -6.1700435 -6.506341 ], time: 0.0112s
Iteration 2250: total loss 64.4276, losses: [0.14108051359653473, 0.01255571749061346, 0.009866614826023579], weights: [-6.2307134 -6.089808  -6.3934436], time: 0.0110s
Iteration 2500: total loss 55.8975, losses: [0.12844529747962952, 0.012099718675017357, 0.012459294870495796], weights: [-6.1905403 -6.0208874 -6.2880273], time: 0.0110s
Iteration 2750: total loss 48.5912, losses: [0.11658752709627151, 0.011766432784497738, 0.015362054109573364], weights: [-6.153357  -5.9612484 -6.1890244], time: 0.0110s
Iteration 3000: total loss 42.5785, losses: [0.10616398602724075, 0.011807230301201344, 0.01828114502131939], weights: [-6.1187434 -5.906481  -6.096586 ], time: 0.0110s
Iteration 3250: total loss 37.7269, losses: [0.09750521928071976, 0.012046465650200844, 0.0210712980479002], weights: [-6.086163  -5.854063  -6.0108433], time: 0.0110s
Iteration 3500: total loss 33.8798, losses: [0.09065961092710495, 0.012421227060258389, 0.023633724078536034], weights: [-6.0550594 -5.802823  -5.931367 ], time: 0.0112s
Iteration 3750: total loss 30.7449, losses: [0.08538778871297836, 0.012768667191267014, 0.02581949345767498], weights: [-6.0249057 -5.7523947 -5.857723 ], time: 0.0110s
Iteration 4000: total loss 28.0138, losses: [0.08116370439529419, 0.012933664955198765, 0.027618424966931343], weights: [-5.9953017 -5.7033496 -5.789471 ], time: 0.0112s
Iteration 4250: total loss 25.5252, losses: [0.07748094201087952, 0.012960921972990036, 0.02916564792394638], weights: [-5.966032 -5.656324 -5.725912], time: 0.0111s
Iteration 4500: total loss 23.2426, losses: [0.0740961953997612, 0.012962737120687962, 0.0305885411798954], weights: [-5.9370227 -5.611357  -5.666215 ], time: 0.0110s
Iteration 4750: total loss 21.1687, losses: [0.07099028676748276, 0.0130037572234869, 0.0319172739982605], weights: [-5.9082355 -5.568094  -5.609667 ], time: 0.0110s
Iteration 5000: total loss 19.3022, losses: [0.06819697469472885, 0.01311908196657896, 0.03313162922859192], weights: [-5.8796124 -5.5260596 -5.5557814], time: 0.0110s
Iteration 5250: total loss 17.6216, losses: [0.06571923196315765, 0.013287577778100967, 0.03422229364514351], weights: [-5.8511214 -5.4848495 -5.504232 ], time: 0.0111s
Iteration 5500: total loss 16.0821, losses: [0.06352215260267258, 0.013433246873319149, 0.03518662229180336], weights: [-5.8226304 -5.4443474 -5.4547744], time: 0.0110s
Iteration 5750: total loss 14.6305, losses: [0.061531342566013336, 0.013471424579620361, 0.03601101040840149], weights: [-5.7941394 -5.404793  -5.4072237], time: 0.0114s
Iteration 6000: total loss 13.2365, losses: [0.05968921631574631, 0.013376502320170403, 0.03667331486940384], weights: [-5.7656484 -5.3666077 -5.361453 ], time: 0.0110s
Iteration 6250: total loss 11.9150, losses: [0.057984866201877594, 0.013205371797084808, 0.037206120789051056], weights: [-5.7371573 -5.330049  -5.317351 ], time: 0.0110s
Iteration 6500: total loss 10.6877, losses: [0.05641970410943031, 0.01301764976233244, 0.03767292946577072], weights: [-5.7086663 -5.295087  -5.2747617], time: 0.0110s
Iteration 6750: total loss 9.5611, losses: [0.054996758699417114, 0.01285439170897007, 0.03809729591012001], weights: [-5.6801753 -5.261519  -5.23351  ], time: 0.0110s
Iteration 7000: total loss 8.5329, losses: [0.053684819489717484, 0.01273741852492094, 0.03853437677025795], weights: [-5.6516843 -5.229067  -5.1934247], time: 0.0110s
Iteration 7250: total loss 7.5977, losses: [0.05248495191335678, 0.01266830787062645, 0.03899442404508591], weights: [-5.6231933 -5.1974435 -5.1543446], time: 0.0110s
Iteration 7500: total loss 6.7471, losses: [0.051407549530267715, 0.012624983675777912, 0.039477236568927765], weights: [-5.5947022 -5.1664643 -5.1161265], time: 0.0110s
Iteration 7750: total loss 5.9701, losses: [0.050457730889320374, 0.012592935934662819, 0.03995680436491966], weights: [-5.566211  -5.136048  -5.0786867], time: 0.0110s
Iteration 8000: total loss 5.2537, losses: [0.04963012784719467, 0.012567231431603432, 0.04039644077420235], weights: [-5.53772   -5.106154  -5.0419817], time: 0.0110s
Iteration 8250: total loss 4.5866, losses: [0.048900291323661804, 0.012540219351649284, 0.04079104959964752], weights: [-5.509229 -5.076787 -5.005996], time: 0.0110s
Iteration 8500: total loss 3.9593, losses: [0.04825225844979286, 0.012504915706813335, 0.041128769516944885], weights: [-5.480738 -5.047963 -4.970725], time: 0.0110s
Iteration 8750: total loss 3.3648, losses: [0.0476660430431366, 0.01245487853884697, 0.041412729769945145], weights: [-5.452247 -5.019743 -4.936166], time: 0.0110s
Iteration 9000: total loss 2.7987, losses: [0.04713452607393265, 0.012384735979139805, 0.04163216054439545], weights: [-5.423854  -4.9921927 -4.9023094], time: 0.0110s
Iteration 9250: total loss 2.2568, losses: [0.04663531854748726, 0.012288319878280163, 0.04181307926774025], weights: [-5.395498  -4.965407  -4.8691387], time: 0.0108s
Iteration 9500: total loss 1.7375, losses: [0.04616986960172653, 0.0121619813144207, 0.0419476144015789], weights: [-5.367252  -4.9394917 -4.83664  ], time: 0.0110s
Iteration 9750: total loss 1.2398, losses: [0.04574187844991684, 0.012005222961306572, 0.04202839732170105], weights: [-5.339139  -4.9145637 -4.8047905], time: 0.0110s
Iteration 10000: total loss 0.7632, losses: [0.04534993693232536, 0.011816159822046757, 0.042062461376190186], weights: [-5.3111696 -4.8907423 -4.773587 ], time: 0.0110s
Iteration 10250: total loss 0.3069, losses: [0.04500150680541992, 0.011593527160584927, 0.04204005375504494], weights: [-5.2833495 -4.8681626 -4.7430143], time: 0.0110s
Iteration 10500: total loss -0.1297, losses: [0.04469491168856621, 0.011339262127876282, 0.04196454957127571], weights: [-5.2557087 -4.846973  -4.713065 ], time: 0.0110s
Iteration 10750: total loss -0.5469, losses: [0.044424641877412796, 0.011058025993406773, 0.04184703156352043], weights: [-5.228238  -4.8273354 -4.6837277], time: 0.0110s
Iteration 11000: total loss -0.9446, losses: [0.044168125838041306, 0.010753989219665527, 0.041731398552656174], weights: [-5.200968  -4.8094087 -4.65498  ], time: 0.0114s
Iteration 11250: total loss -1.3233, losses: [0.04394260048866272, 0.010438901372253895, 0.04158395528793335], weights: [-5.1738997 -4.793358  -4.62678  ], time: 0.0110s
Iteration 11500: total loss -1.6843, losses: [0.04370835795998573, 0.010111373849213123, 0.04147205874323845], weights: [-5.1470623 -4.7793627 -4.5990844], time: 0.0114s
Iteration 11750: total loss -2.0276, losses: [0.04346701130270958, 0.009768837131559849, 0.0414087176322937], weights: [-5.1204796 -4.7676816 -4.571839 ], time: 0.0110s
Iteration 12000: total loss -2.3496, losses: [0.043223656713962555, 0.009418751113116741, 0.041427452117204666], weights: [-5.0941653 -4.7586455 -4.544971 ], time: 0.0110s
Iteration 12250: total loss -2.6497, losses: [0.04298751801252365, 0.009073710069060326, 0.04152248427271843], weights: [-5.0681477 -4.7525744 -4.518408 ], time: 0.0110s
Iteration 12500: total loss -2.9300, losses: [0.04277120903134346, 0.00874011404812336, 0.04166007414460182], weights: [-5.0424075 -4.749771  -4.492114 ], time: 0.0110s
Iteration 12750: total loss -3.1927, losses: [0.04258525371551514, 0.008420887403190136, 0.041807983070611954], weights: [-5.016946  -4.750536  -4.4660854], time: 0.0110s
Iteration 13000: total loss -3.4401, losses: [0.042420774698257446, 0.008115798234939575, 0.04197143018245697], weights: [-4.9917603 -4.7551312 -4.4403224], time: 0.0110s
Iteration 13250: total loss -3.6742, losses: [0.04228750243782997, 0.007824369706213474, 0.042123980820178986], weights: [-4.966831  -4.763748  -4.4148397], time: 0.0110s
Iteration 13500: total loss -3.8963, losses: [0.04220550134778023, 0.007545494008809328, 0.04222496971487999], weights: [-4.9421496 -4.776426  -4.3896747], time: 0.0110s
Iteration 13750: total loss -4.1080, losses: [0.04215273633599281, 0.007275862153619528, 0.04231024533510208], weights: [-4.917706  -4.7929897 -4.3648376], time: 0.0110s
Iteration 14000: total loss -4.3102, losses: [0.04213156923651695, 0.007013223133981228, 0.0423736535012722], weights: [-4.8934917 -4.8130436 -4.3403463], time: 0.0110s
Iteration 14250: total loss -4.5039, losses: [0.04214860126376152, 0.006755623035132885, 0.042401839047670364], weights: [-4.869501  -4.8360233 -4.316212 ], time: 0.0110s
Iteration 14500: total loss -4.6900, losses: [0.04217706620693207, 0.006499661598354578, 0.04244140163064003], weights: [-4.8457317 -4.8613014 -4.2924366], time: 0.0112s
Iteration 14750: total loss -4.8694, losses: [0.04221886768937111, 0.0062443469651043415, 0.04248397797346115], weights: [-4.8221884 -4.888291  -4.2690177], time: 0.0110s
Iteration 15000: total loss -5.0434, losses: [0.04229677468538284, 0.005988110322505236, 0.0424804650247097], weights: [-4.798875 -4.916502 -4.245948], time: 0.0112s
Iteration 15250: total loss -5.2137, losses: [0.042368192225694656, 0.005725587718188763, 0.04249676316976547], weights: [-4.775795  -4.9456086 -4.2232156], time: 0.0110s
Iteration 15500: total loss -5.3815, losses: [0.04243684560060501, 0.005454518832266331, 0.04251895844936371], weights: [-4.752958  -4.9754124 -4.200813 ], time: 0.0110s
Iteration 15750: total loss -5.5463, losses: [0.04251484572887421, 0.005181831307709217, 0.04252242669463158], weights: [-4.7303767 -5.005719  -4.1787443], time: 0.0110s
Iteration 16000: total loss -5.7065, losses: [0.042588815093040466, 0.004920321982353926, 0.04252929612994194], weights: [-4.7080507 -5.036228  -4.1569963], time: 0.0110s
{
  "u": {
    "rmse": 0.23743412273058284,
    "mae": 0.16284933557843304,
    "maximum_absolute": 1.2981292917262222,
    "relative_l2": 0.4088016257485358
  },
  "v": {
    "rmse": 0.2596733251485267,
    "mae": 0.1666862553179078,
    "maximum_absolute": 1.6813176984128715,
    "relative_l2": 0.5443361162858121
  }
}
Plot with: python -m utils.plot_pinn_results --run-directory /home/thiago.esterci/Repositories/Evolutionary_Algorithms/work_4/studies/loss_weight_study_1789563353185616928/runs/seed_2031_pinn/1789566840854548835
