Artifacts: /home/thiago.esterci/Repositories/Evolutionary_Algorithms/work_4/studies/loss_weight_study_1789563353185616928/runs/seed_2033_pinn/1789568220430837025
DE: 400 generations, 32 individuals, 12832 fitness evaluations, 194 parameters; then 16168 Adam epochs.
DE generation 0: best fitness 544.11133, fixed reference 544.1113, accepted 0/32, evaluations 32
DE generation 10: best fitness 331.03799, fixed reference 331.038, accepted 7/32, evaluations 352
DE generation 20: best fitness 303.97736, fixed reference 303.97736, accepted 2/32, evaluations 672
DE generation 30: best fitness 303.97736, fixed reference 303.97736, accepted 3/32, evaluations 992
DE generation 40: best fitness 294.17639, fixed reference 294.17639, accepted 2/32, evaluations 1312
DE generation 50: best fitness 294.17639, fixed reference 294.17639, accepted 0/32, evaluations 1632
DE generation 60: best fitness 273.64026, fixed reference 273.64025, accepted 0/32, evaluations 1952
DE generation 70: best fitness 273.64026, fixed reference 273.64025, accepted 0/32, evaluations 2272
DE generation 80: best fitness 273.64026, fixed reference 273.64025, accepted 1/32, evaluations 2592
DE generation 90: best fitness 273.64026, fixed reference 273.64025, accepted 0/32, evaluations 2912
DE generation 100: best fitness 271.6196, fixed reference 271.61961, accepted 0/32, evaluations 3232
DE generation 110: best fitness 271.6196, fixed reference 271.61961, accepted 1/32, evaluations 3552
DE generation 120: best fitness 271.6196, fixed reference 271.61961, accepted 0/32, evaluations 3872
DE generation 130: best fitness 271.6196, fixed reference 271.61961, accepted 1/32, evaluations 4192
DE generation 140: best fitness 271.6196, fixed reference 271.61961, accepted 2/32, evaluations 4512
DE generation 150: best fitness 271.6196, fixed reference 271.61961, accepted 1/32, evaluations 4832
DE generation 160: best fitness 271.6196, fixed reference 271.61961, accepted 0/32, evaluations 5152
DE generation 170: best fitness 271.6196, fixed reference 271.61961, accepted 0/32, evaluations 5472
DE generation 180: best fitness 271.6196, fixed reference 271.61961, accepted 0/32, evaluations 5792
DE generation 190: best fitness 271.6196, fixed reference 271.61961, accepted 0/32, evaluations 6112
DE generation 200: best fitness 271.6196, fixed reference 271.61961, accepted 0/32, evaluations 6432
DE generation 210: best fitness 271.6196, fixed reference 271.61961, accepted 0/32, evaluations 6752
DE generation 220: best fitness 271.6196, fixed reference 271.61961, accepted 0/32, evaluations 7072
DE generation 230: best fitness 271.6196, fixed reference 271.61961, accepted 1/32, evaluations 7392
DE generation 240: best fitness 271.6196, fixed reference 271.61961, accepted 0/32, evaluations 7712
DE generation 250: best fitness 271.6196, fixed reference 271.61961, accepted 0/32, evaluations 8032
DE generation 260: best fitness 271.6196, fixed reference 271.61961, accepted 1/32, evaluations 8352
DE generation 270: best fitness 271.6196, fixed reference 271.61961, accepted 1/32, evaluations 8672
DE generation 280: best fitness 270.29282, fixed reference 270.29281, accepted 0/32, evaluations 8992
DE generation 290: best fitness 269.32806, fixed reference 269.32806, accepted 0/32, evaluations 9312
DE generation 300: best fitness 268.31064, fixed reference 268.31065, accepted 0/32, evaluations 9632
DE generation 310: best fitness 266.60727, fixed reference 266.60728, accepted 0/32, evaluations 9952
DE generation 320: best fitness 266.60727, fixed reference 266.60728, accepted 1/32, evaluations 10272
DE generation 330: best fitness 266.60727, fixed reference 266.60728, accepted 0/32, evaluations 10592
DE generation 340: best fitness 266.60727, fixed reference 266.60728, accepted 0/32, evaluations 10912
DE generation 350: best fitness 266.60727, fixed reference 266.60728, accepted 1/32, evaluations 11232
DE generation 360: best fitness 266.60727, fixed reference 266.60728, accepted 0/32, evaluations 11552
DE generation 370: best fitness 266.34738, fixed reference 266.34737, accepted 1/32, evaluations 11872
DE generation 380: best fitness 266.34738, fixed reference 266.34737, accepted 0/32, evaluations 12192
DE generation 390: best fitness 266.34738, fixed reference 266.34737, accepted 0/32, evaluations 12512
DE generation 400: best fitness 266.21133, fixed reference 266.21132, accepted 0/32, evaluations 12832
DE best fitness: 266.21133; starting Adam.
Iteration 0: total loss 245.4881, losses: [0.25150465965270996, 0.008417278528213501, 0.0062893833965063095], weights: [-6.9067554 -6.9067554 -6.9067554], time: 0.0351s
Iteration 250: total loss 193.4386, losses: [0.24302399158477783, 0.0025004700291901827, 0.0003379451227374375], weights: [-6.767413  -6.8206935 -6.8988357], time: 0.0110s
Iteration 500: total loss 170.4825, losses: [0.23864604532718658, 0.003964697476476431, 0.00027349533047527075], weights: [-6.6649113 -6.7193007 -6.9724526], time: 0.0110s
Iteration 750: total loss 151.6693, losses: [0.23284974694252014, 0.005374068394303322, 0.0004694893432315439], weights: [-6.577511  -6.595024  -7.0423717], time: 0.0110s
Iteration 1000: total loss 133.4587, losses: [0.22162479162216187, 0.006934354547411203, 0.0012205055681988597], weights: [-6.5008183 -6.4751344 -7.055062 ], time: 0.0114s
Iteration 1250: total loss 114.3438, losses: [0.20240788161754608, 0.00932618323713541, 0.0025794454850256443], weights: [-6.433727  -6.357781  -6.9396205], time: 0.0110s
Iteration 1500: total loss 96.3235, losses: [0.17882955074310303, 0.013105839490890503, 0.004479417111724615], weights: [-6.3758063 -6.23787   -6.775152 ], time: 0.0110s
Iteration 1750: total loss 81.6932, losses: [0.15777654945850372, 0.016617026180028915, 0.00666405726224184], weights: [-6.3255453 -6.121579  -6.62668  ], time: 0.0110s
Iteration 2000: total loss 70.0821, losses: [0.1407434493303299, 0.01817052625119686, 0.009341808967292309], weights: [-6.2809157 -6.0202327 -6.4953012], time: 0.0112s
Iteration 2250: total loss 60.7124, losses: [0.12675973773002625, 0.0181740690022707, 0.012490908615291119], weights: [-6.2404037 -5.935938  -6.375648 ], time: 0.0110s
Iteration 2500: total loss 53.0498, losses: [0.11502423137426376, 0.017762767150998116, 0.015682682394981384], weights: [-6.2030363 -5.864817  -6.2668233], time: 0.0110s
Iteration 2750: total loss 46.6730, losses: [0.10523989796638489, 0.01723075471818447, 0.01856454648077488], weights: [-6.168099  -5.802804  -6.1687164], time: 0.0112s
Iteration 3000: total loss 41.3138, losses: [0.09706690907478333, 0.016890721395611763, 0.02093745954334736], weights: [-6.135026 -5.747094 -6.080493], time: 0.0110s
Iteration 3250: total loss 36.8580, losses: [0.09018277376890182, 0.016873793676495552, 0.023001503199338913], weights: [-6.1033754 -5.695127  -6.0006747], time: 0.0110s
Iteration 3500: total loss 33.1375, losses: [0.08430186659097672, 0.016916966065764427, 0.025087766349315643], weights: [-6.0728188 -5.6454806 -5.92704  ], time: 0.0110s
Iteration 3750: total loss 29.9117, losses: [0.07926556468009949, 0.016885876655578613, 0.02702777460217476], weights: [-6.043094  -5.5978775 -5.8580813], time: 0.0110s
Iteration 4000: total loss 27.0147, losses: [0.07486242055892944, 0.016800574958324432, 0.028677891939878464], weights: [-6.0140023 -5.552246  -5.793315 ], time: 0.0110s
Iteration 4250: total loss 24.4223, losses: [0.07105276733636856, 0.016703572124242783, 0.030036358162760735], weights: [-5.9853797 -5.508408  -5.7323966], time: 0.0110s
Iteration 4500: total loss 22.1085, losses: [0.06778624653816223, 0.016616273671388626, 0.031128142029047012], weights: [-5.957074 -5.466136 -5.674971], time: 0.0111s
Iteration 4750: total loss 20.0193, losses: [0.0649317055940628, 0.016566742211580276, 0.03197924420237541], weights: [-5.928968  -5.4251757 -5.620678 ], time: 0.0110s
Iteration 5000: total loss 18.1261, losses: [0.062376782298088074, 0.016549784690141678, 0.03270183503627777], weights: [-5.900954  -5.385273  -5.5691547], time: 0.0110s
Iteration 5250: total loss 16.4491, losses: [0.06009339541196823, 0.01651754602789879, 0.03351561352610588], weights: [-5.8730392 -5.3463154 -5.519851 ], time: 0.0112s
Iteration 5500: total loss 14.9676, losses: [0.05812830850481987, 0.01642867550253868, 0.034392379224300385], weights: [-5.8451047 -5.3083453 -5.4722257], time: 0.0110s
Iteration 5750: total loss 13.6266, losses: [0.056453049182891846, 0.016258899122476578, 0.035223379731178284], weights: [-5.817073  -5.2714977 -5.4260335], time: 0.0110s
Iteration 6000: total loss 12.3971, losses: [0.05501554161310196, 0.016032539308071136, 0.03597332537174225], weights: [-5.7888956 -5.2358932 -5.3811855], time: 0.0110s
Iteration 6250: total loss 11.2731, losses: [0.05377636477351189, 0.015787847340106964, 0.036670878529548645], weights: [-5.760552  -5.201529  -5.3375974], time: 0.0110s
Iteration 6500: total loss 10.2462, losses: [0.05271022394299507, 0.015530942007899284, 0.0373443104326725], weights: [-5.7320037 -5.1683373 -5.295162 ], time: 0.0110s
Iteration 6750: total loss 9.3022, losses: [0.05179189145565033, 0.015249798074364662, 0.038004133850336075], weights: [-5.7032456 -5.1362853 -5.2537746], time: 0.0111s
Iteration 7000: total loss 8.4238, losses: [0.050985295325517654, 0.014928293414413929, 0.03865484893321991], weights: [-5.674296  -5.1053977 -5.213335 ], time: 0.0110s
Iteration 7250: total loss 7.5928, losses: [0.05023989826440811, 0.014554946683347225, 0.03930744156241417], weights: [-5.645166  -5.0757565 -5.1737676], time: 0.0114s
Iteration 7500: total loss 6.7976, losses: [0.049519963562488556, 0.014148720540106297, 0.03994305431842804], weights: [-5.615943  -5.0474486 -5.1350036], time: 0.0110s
Iteration 7750: total loss 6.0376, losses: [0.048800669610500336, 0.013761565089225769, 0.04056238755583763], weights: [-5.5866175 -5.020443  -5.0969925], time: 0.0110s
Iteration 8000: total loss 5.3167, losses: [0.04810095950961113, 0.013416587375104427, 0.04113759100437164], weights: [-5.5573463 -4.994589  -5.0597196], time: 0.0112s
Iteration 8250: total loss 4.6347, losses: [0.04742319881916046, 0.013107365928590298, 0.04168100655078888], weights: [-5.52814   -4.969736  -5.0231676], time: 0.0110s
Iteration 8500: total loss 3.9917, losses: [0.04678803309798241, 0.012830816209316254, 0.042174506932497025], weights: [-5.499043  -4.9457707 -4.9873223], time: 0.0110s
Iteration 8750: total loss 3.3856, losses: [0.04621489718556404, 0.012575251050293446, 0.04259410873055458], weights: [-5.4700584 -4.9226165 -4.952187 ], time: 0.0110s
Iteration 9000: total loss 2.8119, losses: [0.04570619389414787, 0.012321907095611095, 0.04293398931622505], weights: [-5.4411936 -4.9002614 -4.9177732], time: 0.0110s
Iteration 9250: total loss 2.2667, losses: [0.045242249965667725, 0.012056395411491394, 0.04322304204106331], weights: [-5.412466  -4.8787823 -4.8840723], time: 0.0110s
Iteration 9500: total loss 1.7481, losses: [0.04481001943349838, 0.011776967905461788, 0.04348015412688255], weights: [-5.383895 -4.858294 -4.851056], time: 0.0110s
Iteration 9750: total loss 1.2551, losses: [0.044418685138225555, 0.011487049981951714, 0.043691154569387436], weights: [-5.3554783 -4.8389206 -4.818698 ], time: 0.0110s
Iteration 10000: total loss 0.7889, losses: [0.044077321887016296, 0.011193636804819107, 0.04385124519467354], weights: [-5.327251  -4.8207755 -4.786981 ], time: 0.0112s
Iteration 10250: total loss 0.3497, losses: [0.043792400509119034, 0.010901423171162605, 0.04396196827292442], weights: [-5.2991877 -4.803953  -4.7558947], time: 0.0110s
Iteration 10500: total loss -0.0630, losses: [0.04355999082326889, 0.010613253340125084, 0.04403550922870636], weights: [-5.2713065 -4.788552  -4.725419 ], time: 0.0110s
Iteration 10750: total loss -0.4511, losses: [0.04337283596396446, 0.010330717079341412, 0.044080641120672226], weights: [-5.243594  -4.7746797 -4.69553  ], time: 0.0110s
Iteration 11000: total loss -0.8170, losses: [0.04322045296430588, 0.010053985752165318, 0.04410698264837265], weights: [-5.2160683 -4.762464  -4.6662025], time: 0.0110s
Iteration 11250: total loss -1.1633, losses: [0.04309577867388725, 0.009781870990991592, 0.04411754384636879], weights: [-5.1887255 -4.7520633 -4.637407 ], time: 0.0110s
Iteration 11500: total loss -1.4924, losses: [0.04299566149711609, 0.009511194191873074, 0.044107627123594284], weights: [-5.1615996 -4.7436833 -4.6091213], time: 0.0110s
Iteration 11750: total loss -1.8063, losses: [0.04290687292814255, 0.009238291531801224, 0.04409408196806908], weights: [-5.1346903 -4.7375994 -4.581324 ], time: 0.0110s
Iteration 12000: total loss -2.1071, losses: [0.042841751128435135, 0.00896267406642437, 0.04404675215482712], weights: [-5.1080103 -4.734154  -4.553998 ], time: 0.0110s
Iteration 12250: total loss -2.3956, losses: [0.04278290644288063, 0.008684257045388222, 0.04399368539452553], weights: [-5.081572  -4.733733  -4.5271297], time: 0.0110s
Iteration 12500: total loss -2.6727, losses: [0.04274078458547592, 0.008404238149523735, 0.04391755536198616], weights: [-5.0553823 -4.7367344 -4.5007167], time: 0.0110s
Iteration 12750: total loss -2.9384, losses: [0.04272054135799408, 0.008121167309582233, 0.04381836950778961], weights: [-5.0294476 -4.7435427 -4.4747458], time: 0.0110s
Iteration 13000: total loss -3.1932, losses: [0.04272571578621864, 0.007831129245460033, 0.04370330274105072], weights: [-5.0037713 -4.754497  -4.449203 ], time: 0.0110s
Iteration 13250: total loss -3.4373, losses: [0.0427602156996727, 0.0075282021425664425, 0.04358227178454399], weights: [-4.978344  -4.7698407 -4.4240856], time: 0.0111s
Iteration 13500: total loss -3.6714, losses: [0.042819611728191376, 0.007208069786429405, 0.04347649961709976], weights: [-4.9531617 -4.789633  -4.399362 ], time: 0.0110s
Iteration 13750: total loss -3.8964, losses: [0.04291753098368645, 0.006867898628115654, 0.04337114468216896], weights: [-4.9282203 -4.8136697 -4.375013 ], time: 0.0110s
Iteration 14000: total loss -4.1133, losses: [0.04302622750401497, 0.006507131736725569, 0.043316446244716644], weights: [-4.9035163 -4.8414626 -4.351014 ], time: 0.0112s
Iteration 14250: total loss -4.3232, losses: [0.043165575712919235, 0.006132493726909161, 0.043267883360385895], weights: [-4.8790493 -4.872253  -4.3273377], time: 0.0110s
Iteration 14500: total loss -4.5269, losses: [0.043322086334228516, 0.00575692905113101, 0.04322811961174011], weights: [-4.8548226 -4.905089  -4.3039722], time: 0.0110s
Iteration 14750: total loss -4.7247, losses: [0.04347318410873413, 0.0053919521160423756, 0.04321357607841492], weights: [-4.8308434 -4.9390216 -4.2809052], time: 0.0110s
Iteration 15000: total loss -4.9170, losses: [0.04362824559211731, 0.005048265215009451, 0.04318453371524811], weights: [-4.80712   -4.9732285 -4.2581367], time: 0.0111s
Iteration 15250: total loss -5.1041, losses: [0.043778885155916214, 0.004725744482129812, 0.04314952343702316], weights: [-4.7836595 -5.0071683 -4.235672 ], time: 0.0110s
Iteration 15500: total loss -5.2859, losses: [0.043917253613471985, 0.004423682577908039, 0.0431223101913929], weights: [-4.760476  -5.0405464 -4.2135105], time: 0.0110s
Iteration 15750: total loss -5.4615, losses: [0.044078197330236435, 0.004144377540796995, 0.04304568096995354], weights: [-4.7375717 -5.0732117 -4.1916685], time: 0.0110s
Iteration 16000: total loss -5.6304, losses: [0.04425157606601715, 0.003888448467478156, 0.04294509440660477], weights: [-4.714938 -5.105062 -4.170136], time: 0.0110s
{
  "u": {
    "rmse": 0.24737265608399134,
    "mae": 0.17517518276489377,
    "maximum_absolute": 1.254781396580806,
    "relative_l2": 0.42591327147874813
  },
  "v": {
    "rmse": 0.2617010178790392,
    "mae": 0.17743878389556844,
    "maximum_absolute": 1.5940334314641715,
    "relative_l2": 0.5485866352226987
  }
}
Plot with: python -m utils.plot_pinn_results --run-directory /home/thiago.esterci/Repositories/Evolutionary_Algorithms/work_4/studies/loss_weight_study_1789563353185616928/runs/seed_2033_pinn/1789568220430837025
