Artifacts: /home/thiago.esterci/Repositories/Evolutionary_Algorithms/work_4/studies/loss_weight_study_1789563353185616928/runs/seed_2037_pinn/1789572275225610167
DE: 400 generations, 32 individuals, 12832 fitness evaluations, 194 parameters; then 16168 Adam epochs.
DE generation 0: best fitness 526.22656, fixed reference 526.22658, accepted 0/32, evaluations 32
DE generation 10: best fitness 387.19119, fixed reference 387.1912, accepted 6/32, evaluations 352
DE generation 20: best fitness 307.27118, fixed reference 307.27119, accepted 5/32, evaluations 672
DE generation 30: best fitness 307.27118, fixed reference 307.27119, accepted 2/32, evaluations 992
DE generation 40: best fitness 307.27118, fixed reference 307.27119, accepted 0/32, evaluations 1312
DE generation 50: best fitness 307.27118, fixed reference 307.27119, accepted 2/32, evaluations 1632
DE generation 60: best fitness 307.27118, fixed reference 307.27119, accepted 1/32, evaluations 1952
DE generation 70: best fitness 307.27118, fixed reference 307.27119, accepted 1/32, evaluations 2272
DE generation 80: best fitness 306.49097, fixed reference 306.49098, accepted 0/32, evaluations 2592
DE generation 90: best fitness 306.49097, fixed reference 306.49098, accepted 0/32, evaluations 2912
DE generation 100: best fitness 306.49097, fixed reference 306.49098, accepted 0/32, evaluations 3232
DE generation 110: best fitness 303.8613, fixed reference 303.8613, accepted 1/32, evaluations 3552
DE generation 120: best fitness 303.52652, fixed reference 303.52653, accepted 2/32, evaluations 3872
DE generation 130: best fitness 297.37271, fixed reference 297.37272, accepted 2/32, evaluations 4192
DE generation 140: best fitness 297.37271, fixed reference 297.37272, accepted 1/32, evaluations 4512
DE generation 150: best fitness 290.22433, fixed reference 290.22432, accepted 3/32, evaluations 4832
DE generation 160: best fitness 290.22433, fixed reference 290.22432, accepted 2/32, evaluations 5152
DE generation 170: best fitness 275.80136, fixed reference 275.80136, accepted 1/32, evaluations 5472
DE generation 180: best fitness 275.12619, fixed reference 275.1262, accepted 0/32, evaluations 5792
DE generation 190: best fitness 275.12619, fixed reference 275.1262, accepted 0/32, evaluations 6112
DE generation 200: best fitness 270.82739, fixed reference 270.82738, accepted 0/32, evaluations 6432
DE generation 210: best fitness 270.82739, fixed reference 270.82738, accepted 0/32, evaluations 6752
DE generation 220: best fitness 270.82739, fixed reference 270.82738, accepted 1/32, evaluations 7072
DE generation 230: best fitness 270.58301, fixed reference 270.58299, accepted 0/32, evaluations 7392
DE generation 240: best fitness 270.58301, fixed reference 270.58299, accepted 0/32, evaluations 7712
DE generation 250: best fitness 270.58301, fixed reference 270.58299, accepted 0/32, evaluations 8032
DE generation 260: best fitness 270.58301, fixed reference 270.58299, accepted 0/32, evaluations 8352
DE generation 270: best fitness 270.58301, fixed reference 270.58299, accepted 0/32, evaluations 8672
DE generation 280: best fitness 270.58301, fixed reference 270.58299, accepted 1/32, evaluations 8992
DE generation 290: best fitness 270.58301, fixed reference 270.58299, accepted 1/32, evaluations 9312
DE generation 300: best fitness 270.58301, fixed reference 270.58299, accepted 0/32, evaluations 9632
DE generation 310: best fitness 270.58301, fixed reference 270.58299, accepted 1/32, evaluations 9952
DE generation 320: best fitness 270.58301, fixed reference 270.58299, accepted 0/32, evaluations 10272
DE generation 330: best fitness 270.58301, fixed reference 270.58299, accepted 0/32, evaluations 10592
DE generation 340: best fitness 268.28503, fixed reference 268.28502, accepted 0/32, evaluations 10912
DE generation 350: best fitness 268.28503, fixed reference 268.28502, accepted 0/32, evaluations 11232
DE generation 360: best fitness 268.28503, fixed reference 268.28502, accepted 0/32, evaluations 11552
DE generation 370: best fitness 268.28503, fixed reference 268.28502, accepted 0/32, evaluations 11872
DE generation 380: best fitness 268.08667, fixed reference 268.08666, accepted 0/32, evaluations 12192
DE generation 390: best fitness 268.08667, fixed reference 268.08666, accepted 3/32, evaluations 12512
DE generation 400: best fitness 268.08667, fixed reference 268.08666, accepted 0/32, evaluations 12832
DE best fitness: 268.08667; starting Adam.
Iteration 0: total loss 247.3634, losses: [0.2553578019142151, 0.00676268944516778, 0.005966163706034422], weights: [-6.9067554 -6.9067554 -6.9067554], time: 0.0351s
Iteration 250: total loss 194.8641, losses: [0.24556365609169006, 0.0016487304819747806, 0.0003287602448835969], weights: [-6.7673683 -6.8436036 -6.891572 ], time: 0.0110s
Iteration 500: total loss 172.0760, losses: [0.24135996401309967, 0.0033202283084392548, 0.00019383197650313377], weights: [-6.6648545 -6.769339  -6.9693427], time: 0.0111s
Iteration 750: total loss 154.4490, losses: [0.2377006709575653, 0.004796091467142105, 0.0001751008676365018], weights: [-6.5771403 -6.642365  -7.053342 ], time: 0.0110s
Iteration 1000: total loss 138.1685, losses: [0.23096351325511932, 0.0063913301564753056, 0.00033756712218746543], weights: [-6.49933  -6.517512 -7.129483], time: 0.0110s
Iteration 1250: total loss 122.6494, losses: [0.21940329670906067, 0.009064866229891777, 0.0008778945775702596], weights: [-6.4298415 -6.393122  -7.1594787], time: 0.0110s
Iteration 1500: total loss 108.6631, losses: [0.20472681522369385, 0.01312694139778614, 0.001783448620699346], weights: [-6.3677244 -6.266691  -7.0911274], time: 0.0115s
Iteration 1750: total loss 96.4511, losses: [0.18953388929367065, 0.017693549394607544, 0.003007055725902319], weights: [-6.3119187 -6.1442385 -6.94804  ], time: 0.0111s
Iteration 2000: total loss 85.6572, losses: [0.17487604916095734, 0.021923046559095383, 0.004412428475916386], weights: [-6.2612844 -6.032299  -6.805302 ], time: 0.0110s
Iteration 2250: total loss 75.4062, losses: [0.1597556620836258, 0.024939309805631638, 0.006159202661365271], weights: [-6.215061  -5.9331217 -6.6764855], time: 0.0110s
Iteration 2500: total loss 65.3968, losses: [0.14385439455509186, 0.026542291045188904, 0.008196760900318623], weights: [-6.172993  -5.846292  -6.5586605], time: 0.0113s
Iteration 2750: total loss 56.5215, losses: [0.12972883880138397, 0.026425691321492195, 0.010268793441355228], weights: [-6.134627  -5.7711434 -6.451557 ], time: 0.0110s
Iteration 3000: total loss 48.7448, losses: [0.11779092252254486, 0.024446610361337662, 0.012272506952285767], weights: [-6.0991683 -5.707524  -6.354796 ], time: 0.0110s
Iteration 3250: total loss 42.0129, losses: [0.10732186585664749, 0.02142096310853958, 0.014473634772002697], weights: [-6.066018 -5.655256 -6.265877], time: 0.0111s
Iteration 3500: total loss 36.6431, losses: [0.09820165485143661, 0.01915370114147663, 0.01694398559629917], weights: [-6.0347853 -5.611817  -6.182367 ], time: 0.0111s
Iteration 3750: total loss 32.6717, losses: [0.09103243052959442, 0.018038777634501457, 0.019422734156250954], weights: [-6.0050035 -5.5730705 -6.1032567], time: 0.0110s
Iteration 4000: total loss 29.5524, losses: [0.08567216992378235, 0.017546389251947403, 0.02139531634747982], weights: [-5.97611   -5.5363007 -6.029375 ], time: 0.0110s
Iteration 4250: total loss 26.9163, losses: [0.0814615935087204, 0.0173201821744442, 0.022912168875336647], weights: [-5.9476743 -5.500285  -5.9612007], time: 0.0112s
Iteration 4500: total loss 24.6055, losses: [0.07798649370670319, 0.017134295776486397, 0.024174939841032028], weights: [-5.919456  -5.4646444 -5.898097 ], time: 0.0110s
Iteration 4750: total loss 22.4931, losses: [0.07494615763425827, 0.016808798536658287, 0.025309694930911064], weights: [-5.8913226 -5.4295516 -5.839085 ], time: 0.0110s
Iteration 5000: total loss 20.5105, losses: [0.07219483703374863, 0.01630621775984764, 0.026326166465878487], weights: [-5.863189  -5.3954773 -5.783412 ], time: 0.0112s
Iteration 5250: total loss 18.6817, losses: [0.069671131670475, 0.015765560790896416, 0.02729218825697899], weights: [-5.835056  -5.3627205 -5.7305   ], time: 0.0111s
Iteration 5500: total loss 17.0483, losses: [0.06743781268596649, 0.015283888205885887, 0.028247838839888573], weights: [-5.8069224 -5.331151  -5.6798363], time: 0.0110s
Iteration 5750: total loss 15.5841, losses: [0.06552495807409286, 0.014746147207915783, 0.029209500178694725], weights: [-5.7786813 -5.3007135 -5.631032 ], time: 0.0112s
Iteration 6000: total loss 14.2602, losses: [0.06387165933847427, 0.014120347797870636, 0.030212050303816795], weights: [-5.7502995 -5.271639  -5.5837646], time: 0.0110s
Iteration 6250: total loss 13.0580, losses: [0.062429387122392654, 0.013493361882865429, 0.031220024451613426], weights: [-5.721753  -5.244069  -5.5377913], time: 0.0110s
Iteration 6500: total loss 11.9532, losses: [0.06116746738553047, 0.01294244360178709, 0.03214652091264725], weights: [-5.6930327 -5.2178755 -5.4930277], time: 0.0110s
Iteration 6750: total loss 10.9206, losses: [0.06000469624996185, 0.012497525662183762, 0.0329824723303318], weights: [-5.664135  -5.1927824 -5.4494877], time: 0.0113s
Iteration 7000: total loss 9.9461, losses: [0.05895737558603287, 0.012163244187831879, 0.03365055471658707], weights: [-5.6350985 -5.168458  -5.407199 ], time: 0.0110s
Iteration 7250: total loss 9.0290, losses: [0.05801054835319519, 0.011883368715643883, 0.03421591967344284], weights: [-5.605948 -5.144654 -5.366164], time: 0.0110s
Iteration 7500: total loss 8.1633, losses: [0.05719193443655968, 0.011571739800274372, 0.03469398245215416], weights: [-5.576702  -5.121399  -5.3263254], time: 0.0112s
Iteration 7750: total loss 7.3369, losses: [0.05648323893547058, 0.011189239099621773, 0.03508991375565529], weights: [-5.5473766 -5.0989885 -5.287619 ], time: 0.0110s
Iteration 8000: total loss 6.5435, losses: [0.05585739389061928, 0.01076270267367363, 0.03539445251226425], weights: [-5.517946  -5.07776   -5.2499895], time: 0.0111s
Iteration 8250: total loss 5.7821, losses: [0.05527951940894127, 0.010352605022490025, 0.035596929490566254], weights: [-5.488501 -5.057877 -5.213398], time: 0.0110s
Iteration 8500: total loss 5.0546, losses: [0.05472450330853462, 0.010022252798080444, 0.035692181438207626], weights: [-5.4590564 -5.0392194 -5.177828 ], time: 0.0113s
Iteration 8750: total loss 4.3736, losses: [0.05418437719345093, 0.009790288284420967, 0.03574991971254349], weights: [-5.42972   -5.0214357 -5.143223 ], time: 0.0110s
Iteration 9000: total loss 3.7428, losses: [0.0536881685256958, 0.009621907025575638, 0.03580266609787941], weights: [-5.4004745 -5.004211  -5.1094885], time: 0.0110s
Iteration 9250: total loss 3.1573, losses: [0.05323714390397072, 0.00948894303292036, 0.03586345538496971], weights: [-5.371354  -4.987379  -5.0765176], time: 0.0111s
Iteration 9500: total loss 2.6101, losses: [0.05283118039369583, 0.009377866052091122, 0.03591696172952652], weights: [-5.3423867 -4.9708824 -5.044238 ], time: 0.0115s
Iteration 9750: total loss 2.0949, losses: [0.052471745759248734, 0.009280066005885601, 0.03594265505671501], weights: [-5.313588  -4.954715  -5.0125966], time: 0.0111s
Iteration 10000: total loss 1.6069, losses: [0.052126266062259674, 0.009185241535305977, 0.03597256913781166], weights: [-5.2849684 -4.9389277 -4.98156  ], time: 0.0110s
Iteration 10250: total loss 1.1423, losses: [0.05181040242314339, 0.009087690152227879, 0.03597492352128029], weights: [-5.2565484 -4.9236345 -4.9511023], time: 0.0110s
Iteration 10500: total loss 0.6988, losses: [0.05151093006134033, 0.008978929370641708, 0.03596463426947594], weights: [-5.228355 -4.908998 -4.921196], time: 0.0110s
Iteration 10750: total loss 0.2751, losses: [0.0512298084795475, 0.008850350975990295, 0.0359472893178463], weights: [-5.2004023 -4.8952713 -4.891817 ], time: 0.0113s
Iteration 11000: total loss -0.1287, losses: [0.050961658358573914, 0.008694438263773918, 0.035946186631917953], weights: [-5.172705  -4.8828063 -4.8629284], time: 0.0111s
Iteration 11250: total loss -0.5137, losses: [0.050701647996902466, 0.00850086472928524, 0.03598035126924515], weights: [-5.1452665 -4.872085  -4.834496 ], time: 0.0110s
Iteration 11500: total loss -0.8832, losses: [0.05050716549158096, 0.008266443386673927, 0.03595925122499466], weights: [-5.1180882 -4.863747  -4.8064938], time: 0.0110s
Iteration 11750: total loss -1.2427, losses: [0.050314560532569885, 0.007982252165675163, 0.03594201058149338], weights: [-5.091172  -4.858619  -4.7789106], time: 0.0112s
Iteration 12000: total loss -1.5965, losses: [0.05013458430767059, 0.007649403531104326, 0.03588533028960228], weights: [-5.0645294 -4.8577476 -4.7517724], time: 0.0111s
Iteration 12250: total loss -1.9429, losses: [0.049979034811258316, 0.0072890822775661945, 0.035771507769823074], weights: [-5.0381627 -4.8622174 -4.7250967], time: 0.0111s
Iteration 12500: total loss -2.2761, losses: [0.04986777529120445, 0.006931213196367025, 0.035601768642663956], weights: [-5.012061 -4.872713 -4.698904], time: 0.0111s
Iteration 12750: total loss -2.5909, losses: [0.049784105271101, 0.006597592961043119, 0.03543396666646004], weights: [-4.9862175 -4.8891697 -4.6731963], time: 0.0111s
Iteration 13000: total loss -2.8856, losses: [0.04976203292608261, 0.006292956415563822, 0.03524337708950043], weights: [-4.960619 -4.910762 -4.647962], time: 0.0111s
Iteration 13250: total loss -3.1621, losses: [0.049794796854257584, 0.006005758419632912, 0.03504866734147072], weights: [-4.935252  -4.9363356 -4.6231756], time: 0.0111s
Iteration 13500: total loss -3.4235, losses: [0.04987212270498276, 0.005726587027311325, 0.03485609218478203], weights: [-4.910104  -4.9648013 -4.598814 ], time: 0.0110s
Iteration 13750: total loss -3.6730, losses: [0.049995485693216324, 0.005451481323689222, 0.03464619815349579], weights: [-4.885168  -4.995266  -4.5748706], time: 0.0112s
Iteration 14000: total loss -3.9131, losses: [0.05014386773109436, 0.005182057619094849, 0.034425269812345505], weights: [-4.8604474 -5.027002  -4.5513296], time: 0.0111s
Iteration 14250: total loss -4.1454, losses: [0.05031968280673027, 0.004921995103359222, 0.0341719426214695], weights: [-4.835952  -5.0594068 -4.5281916], time: 0.0111s
Iteration 14500: total loss -4.3703, losses: [0.05047657713294029, 0.004674755502492189, 0.03394012153148651], weights: [-4.8116937 -5.091951  -4.505458 ], time: 0.0114s
Iteration 14750: total loss -4.5883, losses: [0.050646599382162094, 0.004441385623067617, 0.033678989857435226], weights: [-4.7876854 -5.124385  -4.4831157], time: 0.0110s
Iteration 15000: total loss -4.7999, losses: [0.05081102252006531, 0.004218823276460171, 0.033416152000427246], weights: [-4.763937  -5.1564665 -4.4611564], time: 0.0111s
Iteration 15250: total loss -5.0053, losses: [0.05095236003398895, 0.004007404204457998, 0.03317263349890709], weights: [-4.7404566 -5.188095  -4.439568 ], time: 0.0114s
Iteration 15500: total loss -5.2041, losses: [0.05108709633350372, 0.003809448331594467, 0.03292654827237129], weights: [-4.717256  -5.2191963 -4.418337 ], time: 0.0110s
Iteration 15750: total loss -5.3942, losses: [0.051205504685640335, 0.0036305722314864397, 0.03270260617136955], weights: [-4.694352  -5.2496567 -4.3974414], time: 0.0110s
Iteration 16000: total loss -5.5738, losses: [0.05132598057389259, 0.003469133283942938, 0.0325041189789772], weights: [-4.671733  -5.2793636 -4.376843 ], time: 0.0112s
{
  "u": {
    "rmse": 0.2400702787199485,
    "mae": 0.16630000372965187,
    "maximum_absolute": 1.2622311427127029,
    "relative_l2": 0.4133404209384855
  },
  "v": {
    "rmse": 0.2601944140455605,
    "mae": 0.16625990300982335,
    "maximum_absolute": 1.658024680071807,
    "relative_l2": 0.5454284406756535
  }
}
Plot with: python -m utils.plot_pinn_results --run-directory /home/thiago.esterci/Repositories/Evolutionary_Algorithms/work_4/studies/loss_weight_study_1789563353185616928/runs/seed_2037_pinn/1789572275225610167
