Artifacts: /home/thiago.esterci/Repositories/Evolutionary_Algorithms/work_4/studies/loss_weight_study_1789563353185616928/runs/seed_2035_none/1789570282818984494
DE: 400 generations, 32 individuals, 12832 fitness evaluations, 194 parameters; then 16168 Adam epochs.
DE generation 0: best fitness 637.92468, fixed reference 637.92468, accepted 0/32, evaluations 32
DE generation 10: best fitness 396.03162, fixed reference 396.03161, accepted 8/32, evaluations 352
DE generation 20: best fitness 327.73923, fixed reference 327.73921, accepted 2/32, evaluations 672
DE generation 30: best fitness 322.81018, fixed reference 322.81017, accepted 3/32, evaluations 992
DE generation 40: best fitness 317.01672, fixed reference 317.01671, accepted 1/32, evaluations 1312
DE generation 50: best fitness 314.31787, fixed reference 314.31788, accepted 1/32, evaluations 1632
DE generation 60: best fitness 314.31787, fixed reference 314.31788, accepted 0/32, evaluations 1952
DE generation 70: best fitness 314.31787, fixed reference 314.31788, accepted 0/32, evaluations 2272
DE generation 80: best fitness 314.31787, fixed reference 314.31788, accepted 0/32, evaluations 2592
DE generation 90: best fitness 314.31787, fixed reference 314.31788, accepted 0/32, evaluations 2912
DE generation 100: best fitness 314.31787, fixed reference 314.31788, accepted 1/32, evaluations 3232
DE generation 110: best fitness 314.31787, fixed reference 314.31788, accepted 0/32, evaluations 3552
DE generation 120: best fitness 314.31787, fixed reference 314.31788, accepted 0/32, evaluations 3872
DE generation 130: best fitness 301.17346, fixed reference 301.17346, accepted 0/32, evaluations 4192
DE generation 140: best fitness 298.65121, fixed reference 298.65122, accepted 1/32, evaluations 4512
DE generation 150: best fitness 293.49661, fixed reference 293.49662, accepted 0/32, evaluations 4832
DE generation 160: best fitness 287.06384, fixed reference 287.06383, accepted 1/32, evaluations 5152
DE generation 170: best fitness 285.50909, fixed reference 285.50909, accepted 1/32, evaluations 5472
DE generation 180: best fitness 285.45157, fixed reference 285.45158, accepted 2/32, evaluations 5792
DE generation 190: best fitness 285.45157, fixed reference 285.45158, accepted 0/32, evaluations 6112
DE generation 200: best fitness 285.45157, fixed reference 285.45158, accepted 0/32, evaluations 6432
DE generation 210: best fitness 285.45157, fixed reference 285.45158, accepted 1/32, evaluations 6752
DE generation 220: best fitness 285.45157, fixed reference 285.45158, accepted 0/32, evaluations 7072
DE generation 230: best fitness 285.45157, fixed reference 285.45158, accepted 1/32, evaluations 7392
DE generation 240: best fitness 285.45157, fixed reference 285.45158, accepted 0/32, evaluations 7712
DE generation 250: best fitness 285.45157, fixed reference 285.45158, accepted 0/32, evaluations 8032
DE generation 260: best fitness 285.45157, fixed reference 285.45158, accepted 0/32, evaluations 8352
DE generation 270: best fitness 284.75424, fixed reference 284.75425, accepted 1/32, evaluations 8672
DE generation 280: best fitness 281.3941, fixed reference 281.39412, accepted 0/32, evaluations 8992
DE generation 290: best fitness 269.08987, fixed reference 269.08988, accepted 1/32, evaluations 9312
DE generation 300: best fitness 269.08987, fixed reference 269.08988, accepted 0/32, evaluations 9632
DE generation 310: best fitness 269.08987, fixed reference 269.08988, accepted 0/32, evaluations 9952
DE generation 320: best fitness 269.08987, fixed reference 269.08988, accepted 0/32, evaluations 10272
DE generation 330: best fitness 269.08987, fixed reference 269.08988, accepted 0/32, evaluations 10592
DE generation 340: best fitness 269.08987, fixed reference 269.08988, accepted 1/32, evaluations 10912
DE generation 350: best fitness 269.08987, fixed reference 269.08988, accepted 0/32, evaluations 11232
DE generation 360: best fitness 269.08987, fixed reference 269.08988, accepted 0/32, evaluations 11552
DE generation 370: best fitness 269.08987, fixed reference 269.08988, accepted 1/32, evaluations 11872
DE generation 380: best fitness 269.08987, fixed reference 269.08988, accepted 0/32, evaluations 12192
DE generation 390: best fitness 269.08987, fixed reference 269.08988, accepted 0/32, evaluations 12512
DE generation 400: best fitness 269.08987, fixed reference 269.08988, accepted 0/32, evaluations 12832
DE best fitness: 269.08987; starting Adam.
Iteration 0: total loss 269.08987427, losses: [250.66229248046875, 7.367414951324463, 11.06017017364502], time: 0.0502s
Iteration 250: total loss 246.58454895, losses: [242.6363525390625, 3.2300338745117188, 0.718154788017273], time: 0.0107s
Iteration 500: total loss 243.34718323, losses: [238.34996032714844, 4.478507041931152, 0.5187252759933472], time: 0.0107s
Iteration 750: total loss 238.40281677, losses: [232.29531860351562, 5.353726387023926, 0.7537638545036316], time: 0.0107s
Iteration 1000: total loss 227.57495117, losses: [218.88681030273438, 6.731281757354736, 1.9568588733673096], time: 0.0107s
Iteration 1250: total loss 211.76329041, losses: [198.32786560058594, 8.848276138305664, 4.587145805358887], time: 0.0107s
Iteration 1500: total loss 196.11062622, losses: [178.16741943359375, 11.17719841003418, 6.76600980758667], time: 0.0109s
Iteration 1750: total loss 183.09451294, losses: [161.51914978027344, 13.188755989074707, 8.386619567871094], time: 0.0109s
Iteration 2000: total loss 174.07849121, losses: [149.68600463867188, 14.933666229248047, 9.458819389343262], time: 0.0109s
Iteration 2250: total loss 166.36259460, losses: [140.0284881591797, 15.933226585388184, 10.400885581970215], time: 0.0107s
Iteration 2500: total loss 156.66151428, losses: [129.3529510498047, 15.302471160888672, 12.006092071533203], time: 0.0108s
Iteration 2750: total loss 146.41041565, losses: [117.82429504394531, 13.80921745300293, 14.776896476745605], time: 0.0107s
Iteration 3000: total loss 139.05371094, losses: [108.60626983642578, 12.711905479431152, 17.73552703857422], time: 0.0107s
Iteration 3250: total loss 133.86073303, losses: [102.09734344482422, 11.870915412902832, 19.892473220825195], time: 0.0107s
Iteration 3500: total loss 129.13543701, losses: [96.94757080078125, 10.963085174560547, 21.224769592285156], time: 0.0107s
Iteration 3750: total loss 124.70953369, losses: [92.13770294189453, 10.333708763122559, 22.238122940063477], time: 0.0108s
Iteration 4000: total loss 120.40990448, losses: [87.36821746826172, 9.860407829284668, 23.18128204345703], time: 0.0107s
Iteration 4250: total loss 116.21857452, losses: [82.7714614868164, 9.3572359085083, 24.089876174926758], time: 0.0107s
Iteration 4500: total loss 112.43279266, losses: [78.58766174316406, 8.962964057922363, 24.88216209411621], time: 0.0107s
Iteration 4750: total loss 109.51548004, losses: [75.11277770996094, 8.763132095336914, 25.63957405090332], time: 0.0107s
Iteration 5000: total loss 107.31967926, losses: [72.4056625366211, 8.540422439575195, 26.373594284057617], time: 0.0109s
Iteration 5250: total loss 105.49539185, losses: [70.26383209228516, 8.21625804901123, 27.015300750732422], time: 0.0108s
Iteration 5500: total loss 103.86487579, losses: [68.44554138183594, 7.830471038818359, 27.588857650756836], time: 0.0107s
Iteration 5750: total loss 102.50934601, losses: [66.91568756103516, 7.502407073974609, 28.09125518798828], time: 0.0107s
Iteration 6000: total loss 101.37168884, losses: [65.66246795654297, 7.262757301330566, 28.44646644592285], time: 0.0107s
Iteration 6250: total loss 100.35156250, losses: [64.60601806640625, 7.073763370513916, 28.671781539916992], time: 0.0107s
Iteration 6500: total loss 99.42866516, losses: [63.67816162109375, 6.912360191345215, 28.838146209716797], time: 0.0107s
Iteration 6750: total loss 98.59140778, losses: [62.87189483642578, 6.7607951164245605, 28.95871925354004], time: 0.0107s
Iteration 7000: total loss 97.79328918, losses: [62.101627349853516, 6.604328632354736, 29.087337493896484], time: 0.0108s
Iteration 7250: total loss 96.98260498, losses: [61.388519287109375, 6.446689605712891, 29.147401809692383], time: 0.0107s
Iteration 7500: total loss 96.14186096, losses: [60.70364761352539, 6.286495685577393, 29.151721954345703], time: 0.0107s
Iteration 7750: total loss 95.28524780, losses: [60.05305480957031, 6.124627590179443, 29.107563018798828], time: 0.0107s
Iteration 8000: total loss 94.45762634, losses: [59.44363021850586, 5.966534614562988, 29.047466278076172], time: 0.0107s
Iteration 8250: total loss 93.71817780, losses: [58.869380950927734, 5.820800304412842, 29.027997970581055], time: 0.0107s
Iteration 8500: total loss 93.09466553, losses: [58.381954193115234, 5.695174694061279, 29.01754379272461], time: 0.0108s
Iteration 8750: total loss 92.57417297, losses: [57.961219787597656, 5.585293769836426, 29.02765655517578], time: 0.0109s
Iteration 9000: total loss 92.13261414, losses: [57.6190185546875, 5.489010334014893, 29.024587631225586], time: 0.0107s
Iteration 9250: total loss 91.74611664, losses: [57.340389251708984, 5.402723789215088, 29.003000259399414], time: 0.0108s
Iteration 9500: total loss 91.39501953, losses: [57.11494827270508, 5.323911190032959, 28.95616340637207], time: 0.0107s
Iteration 9750: total loss 91.06562805, losses: [56.95034408569336, 5.254452228546143, 28.860836029052734], time: 0.0107s
Iteration 10000: total loss 90.75023651, losses: [56.75371551513672, 5.182028770446777, 28.814491271972656], time: 0.0110s
Iteration 10250: total loss 90.44566345, losses: [56.59204864501953, 5.116827011108398, 28.73678970336914], time: 0.0109s
Iteration 10500: total loss 90.14884949, losses: [56.43852615356445, 5.050601005554199, 28.659725189208984], time: 0.0107s
Iteration 10750: total loss 89.85894775, losses: [56.28477096557617, 4.980474472045898, 28.593704223632812], time: 0.0107s
Iteration 11000: total loss 89.57804871, losses: [56.138671875, 4.911219120025635, 28.52815818786621], time: 0.0109s
Iteration 11250: total loss 89.31395721, losses: [55.99441909790039, 4.849912643432617, 28.469629287719727], time: 0.0109s
Iteration 11500: total loss 89.06817627, losses: [55.86643600463867, 4.803897380828857, 28.39784049987793], time: 0.0109s
Iteration 11750: total loss 88.83873749, losses: [55.73075866699219, 4.771420955657959, 28.336557388305664], time: 0.0107s
Iteration 12000: total loss 88.62324524, losses: [55.59484100341797, 4.7497053146362305, 28.278696060180664], time: 0.0112s
Iteration 12250: total loss 88.41221619, losses: [55.450077056884766, 4.735224723815918, 28.22691535949707], time: 0.0107s
Iteration 12500: total loss 88.20284271, losses: [55.295413970947266, 4.72613525390625, 28.181293487548828], time: 0.0107s
Iteration 12750: total loss 87.99088287, losses: [55.12511444091797, 4.718959331512451, 28.14681053161621], time: 0.0107s
Iteration 13000: total loss 87.77541351, losses: [54.96886444091797, 4.71529483795166, 28.091257095336914], time: 0.0107s
Iteration 13250: total loss 87.55590057, losses: [54.757530212402344, 4.707695007324219, 28.090675354003906], time: 0.0107s
Iteration 13500: total loss 87.33544922, losses: [54.559600830078125, 4.702335834503174, 28.07351303100586], time: 0.0107s
Iteration 13750: total loss 87.11528015, losses: [54.35701370239258, 4.697543144226074, 28.06072235107422], time: 0.0109s
Iteration 14000: total loss 86.89994812, losses: [54.15767288208008, 4.6959004402160645, 28.046371459960938], time: 0.0109s
Iteration 14250: total loss 86.69261169, losses: [53.9621467590332, 4.698195934295654, 28.03226661682129], time: 0.0107s
Iteration 14500: total loss 86.49377441, losses: [53.772789001464844, 4.706101894378662, 28.014881134033203], time: 0.0107s
Iteration 14750: total loss 86.30160522, losses: [53.59020233154297, 4.720637321472168, 27.990766525268555], time: 0.0107s
Iteration 15000: total loss 86.11409760, losses: [53.4157829284668, 4.743594646453857, 27.95471954345703], time: 0.0107s
Iteration 15250: total loss 85.92835999, losses: [53.25129318237305, 4.776186943054199, 27.900876998901367], time: 0.0107s
Iteration 15500: total loss 85.74015808, losses: [53.088191986083984, 4.8180012702941895, 27.833969116210938], time: 0.0107s
Iteration 15750: total loss 85.54450989, losses: [52.9262809753418, 4.870249271392822, 27.74797821044922], time: 0.0107s
Iteration 16000: total loss 85.33683777, losses: [52.76523208618164, 4.931764602661133, 27.63983726501465], time: 0.0107s
{
  "u": {
    "rmse": 0.24457194130202553,
    "mae": 0.17141033234788697,
    "maximum_absolute": 1.2676069452296401,
    "relative_l2": 0.421091147586199
  },
  "v": {
    "rmse": 0.2663819105833901,
    "mae": 0.17288599471402108,
    "maximum_absolute": 1.7189368123349906,
    "relative_l2": 0.5583988827994552
  }
}
Plot with: python -m utils.plot_pinn_results --run-directory /home/thiago.esterci/Repositories/Evolutionary_Algorithms/work_4/studies/loss_weight_study_1789563353185616928/runs/seed_2035_none/1789570282818984494
