Artifacts: /home/thiago.esterci/Repositories/Evolutionary_Algorithms/work_4/studies/loss_weight_study_1789563353185616928/runs/seed_2035_de/1789570551102860861
DE: 400 generations, 32 individuals, 12832 fitness evaluations, 197 parameters; then 16168 Adam epochs.
DE generation 0: best fitness 611.63788, fixed reference 0.61452042, accepted 0/32, evaluations 32
DE generation 10: best fitness 489.32666, fixed reference 0.55562653, accepted 7/32, evaluations 352
DE generation 20: best fitness 209.3817, fixed reference 0.46079274, accepted 5/32, evaluations 672
DE generation 30: best fitness 124.25053, fixed reference 0.44328056, accepted 4/32, evaluations 992
DE generation 40: best fitness 96.480553, fixed reference 0.5991927, accepted 3/32, evaluations 1312
DE generation 50: best fitness 80.007019, fixed reference 0.55620245, accepted 2/32, evaluations 1632
DE generation 60: best fitness 64.433975, fixed reference 0.90626779, accepted 2/32, evaluations 1952
DE generation 70: best fitness 64.433975, fixed reference 0.90626779, accepted 0/32, evaluations 2272
DE generation 80: best fitness 41.148434, fixed reference 0.66128254, accepted 3/32, evaluations 2592
DE generation 90: best fitness 27.859863, fixed reference 0.50331412, accepted 3/32, evaluations 2912
DE generation 100: best fitness 14.138014, fixed reference 0.64256018, accepted 1/32, evaluations 3232
DE generation 110: best fitness 11.556843, fixed reference 2.8483801, accepted 2/32, evaluations 3552
DE generation 120: best fitness 8.1378021, fixed reference 7.8369433, accepted 2/32, evaluations 3872
DE generation 130: best fitness 5.0357656, fixed reference 4.9576508, accepted 6/32, evaluations 4192
DE generation 140: best fitness 4.1519914, fixed reference 3.4880309, accepted 5/32, evaluations 4512
DE generation 150: best fitness 3.1810904, fixed reference 2.4309897, accepted 2/32, evaluations 4832
DE generation 160: best fitness 3.1810904, fixed reference 2.4309897, accepted 6/32, evaluations 5152
DE generation 170: best fitness 2.7482862, fixed reference 1.9992055, accepted 2/32, evaluations 5472
DE generation 180: best fitness 2.7482862, fixed reference 1.9992055, accepted 1/32, evaluations 5792
DE generation 190: best fitness 0.26275289, fixed reference 1.2441662, accepted 0/32, evaluations 6112
DE generation 200: best fitness -0.54251927, fixed reference 0.57614097, accepted 3/32, evaluations 6432
DE generation 210: best fitness -0.54251927, fixed reference 0.57614097, accepted 1/32, evaluations 6752
DE generation 220: best fitness -0.54251927, fixed reference 0.57614097, accepted 0/32, evaluations 7072
DE generation 230: best fitness -0.54251927, fixed reference 0.57614097, accepted 1/32, evaluations 7392
DE generation 240: best fitness -0.88345033, fixed reference 0.74230583, accepted 1/32, evaluations 7712
DE generation 250: best fitness -0.88345033, fixed reference 0.74230583, accepted 1/32, evaluations 8032
DE generation 260: best fitness -0.88345033, fixed reference 0.74230583, accepted 0/32, evaluations 8352
DE generation 270: best fitness -0.88345033, fixed reference 0.74230583, accepted 0/32, evaluations 8672
DE generation 280: best fitness -0.88345033, fixed reference 0.74230583, accepted 0/32, evaluations 8992
DE generation 290: best fitness -0.88345033, fixed reference 0.74230583, accepted 1/32, evaluations 9312
DE generation 300: best fitness -0.88345033, fixed reference 0.74230583, accepted 0/32, evaluations 9632
DE generation 310: best fitness -0.88345033, fixed reference 0.74230583, accepted 0/32, evaluations 9952
DE generation 320: best fitness -0.89631999, fixed reference 0.72924263, accepted 0/32, evaluations 10272
DE generation 330: best fitness -1.0121768, fixed reference 0.75181014, accepted 1/32, evaluations 10592
DE generation 340: best fitness -1.4928567, fixed reference 0.55893823, accepted 2/32, evaluations 10912
DE generation 350: best fitness -1.4928567, fixed reference 0.55893823, accepted 0/32, evaluations 11232
DE generation 360: best fitness -1.5191652, fixed reference 0.57044632, accepted 0/32, evaluations 11552
DE generation 370: best fitness -1.6918633, fixed reference 0.55384496, accepted 3/32, evaluations 11872
DE generation 380: best fitness -1.7158582, fixed reference 0.5415021, accepted 0/32, evaluations 12192
DE generation 390: best fitness -1.8260659, fixed reference 0.43169772, accepted 0/32, evaluations 12512
DE generation 400: best fitness -1.8898757, fixed reference 0.41189876, accepted 2/32, evaluations 12832
DE best fitness: -1.8898757; starting Adam.
Iteration 0: total loss -1.8899, losses: [0.2729346752166748, 0.03493500500917435, 0.104029081761837], weights: [-0.9532466  -2.0466177   0.03061628], time: 0.0340s
Iteration 250: total loss -2.3040, losses: [0.2493162453174591, 0.0014560166746377945, 0.007481956854462624], weights: [-0.9532466  -2.0466177   0.03061628], time: 0.0109s
Iteration 500: total loss -2.3211, losses: [0.24592390656471252, 0.0008453561458736658, 0.003801776794716716], weights: [-0.9532466  -2.0466177   0.03061628], time: 0.0108s
Iteration 750: total loss -2.3285, losses: [0.2434619665145874, 0.0008372014272026718, 0.0028245574794709682], weights: [-0.9532466  -2.0466177   0.03061628], time: 0.0111s
Iteration 1000: total loss -2.3343, losses: [0.2409099042415619, 0.0009409956983290613, 0.002768069738522172], weights: [-0.9532466  -2.0466177   0.03061628], time: 0.0108s
Iteration 1250: total loss -2.3412, losses: [0.23741388320922852, 0.0011420047376304865, 0.0034075649455189705], weights: [-0.9532466  -2.0466177   0.03061628], time: 0.0108s
Iteration 1500: total loss -2.3518, losses: [0.231936976313591, 0.001433796132914722, 0.00485678855329752], weights: [-0.9532466  -2.0466177   0.03061628], time: 0.0108s
Iteration 1750: total loss -2.3674, losses: [0.2235950380563736, 0.0018709362484514713, 0.00751440180465579], weights: [-0.9532466  -2.0466177   0.03061628], time: 0.0108s
Iteration 2000: total loss -2.3874, losses: [0.21300961077213287, 0.002335234545171261, 0.011596244759857655], weights: [-0.9532466  -2.0466177   0.03061628], time: 0.0108s
Iteration 2250: total loss -2.4095, losses: [0.20131802558898926, 0.002764724660664797, 0.016630753874778748], weights: [-0.9532466  -2.0466177   0.03061628], time: 0.0108s
Iteration 2500: total loss -2.4292, losses: [0.1903076320886612, 0.0033556728158146143, 0.02106090448796749], weights: [-0.9532466  -2.0466177   0.03061628], time: 0.0108s
Iteration 2750: total loss -2.4454, losses: [0.18122217059135437, 0.003917014226317406, 0.02415340393781662], weights: [-0.9532466  -2.0466177   0.03061628], time: 0.0108s
Iteration 3000: total loss -2.4581, losses: [0.17411839962005615, 0.004372758790850639, 0.026383059099316597], weights: [-0.9532466  -2.0466177   0.03061628], time: 0.0108s
Iteration 3250: total loss -2.4681, losses: [0.16875529289245605, 0.004694989882409573, 0.02783535234630108], weights: [-0.9532466  -2.0466177   0.03061628], time: 0.0108s
Iteration 3500: total loss -2.4766, losses: [0.1645178645849228, 0.0049140495248138905, 0.0287119559943676], weights: [-0.9532466  -2.0466177   0.03061628], time: 0.0108s
Iteration 3750: total loss -2.4843, losses: [0.16090735793113708, 0.005052206572145224, 0.02928563952445984], weights: [-0.9532466  -2.0466177   0.03061628], time: 0.0108s
Iteration 4000: total loss -2.4924, losses: [0.1574534773826599, 0.0051354896277189255, 0.029483182355761528], weights: [-0.9532466  -2.0466177   0.03061628], time: 0.0108s
Iteration 4250: total loss -2.5029, losses: [0.15349414944648743, 0.00516690406948328, 0.02903936617076397], weights: [-0.9532466  -2.0466177   0.03061628], time: 0.0107s
Iteration 4500: total loss -2.5181, losses: [0.14783163368701935, 0.0051699294708669186, 0.02852538228034973], weights: [-0.9532466  -2.0466177   0.03061628], time: 0.0109s
Iteration 4750: total loss -2.5336, losses: [0.14123530685901642, 0.005322958808392286, 0.028949648141860962], weights: [-0.9532466  -2.0466177   0.03061628], time: 0.0108s
Iteration 5000: total loss -2.5493, losses: [0.1342770755290985, 0.0054961214773356915, 0.029948394745588303], weights: [-0.9532466  -2.0466177   0.03061628], time: 0.0108s
Iteration 5250: total loss -2.5664, losses: [0.1268669217824936, 0.005599561613053083, 0.03129873797297478], weights: [-0.9532466  -2.0466177   0.03061628], time: 0.0108s
Iteration 5500: total loss -2.5843, losses: [0.11943192034959793, 0.005586192477494478, 0.0328998900949955], weights: [-0.9532466  -2.0466177   0.03061628], time: 0.0109s
Iteration 5750: total loss -2.6037, losses: [0.11200086772441864, 0.005342575721442699, 0.034720659255981445], weights: [-0.9532466  -2.0466177   0.03061628], time: 0.0109s
Iteration 6000: total loss -2.6242, losses: [0.10440555214881897, 0.0048942952416837215, 0.03742031753063202], weights: [-0.9532466  -2.0466177   0.03061628], time: 0.0112s
Iteration 6250: total loss -2.6434, losses: [0.09730406105518341, 0.00437127472832799, 0.04086413234472275], weights: [-0.9532466  -2.0466177   0.03061628], time: 0.0108s
Iteration 6500: total loss -2.6596, losses: [0.09111326932907104, 0.003906861413270235, 0.04433721676468849], weights: [-0.9532466  -2.0466177   0.03061628], time: 0.0108s
Iteration 6750: total loss -2.6727, losses: [0.08590918779373169, 0.0035700148437172174, 0.04752901941537857], weights: [-0.9532466  -2.0466177   0.03061628], time: 0.0108s
Iteration 7000: total loss -2.6832, losses: [0.08158431947231293, 0.0033317161723971367, 0.050166644155979156], weights: [-0.9532466  -2.0466177   0.03061628], time: 0.0110s
Iteration 7250: total loss -2.6921, losses: [0.0779171958565712, 0.0031599870417267084, 0.05209726467728615], weights: [-0.9532466  -2.0466177   0.03061628], time: 0.0108s
Iteration 7500: total loss -2.7005, losses: [0.07485189288854599, 0.002994193695485592, 0.05296127498149872], weights: [-0.9532466  -2.0466177   0.03061628], time: 0.0109s
Iteration 7750: total loss -2.7087, losses: [0.07237625122070312, 0.0027658299077302217, 0.05297638848423958], weights: [-0.9532466  -2.0466177   0.03061628], time: 0.0108s
Iteration 8000: total loss -2.7158, losses: [0.07007528096437454, 0.002590940333902836, 0.05318313464522362], weights: [-0.9532466  -2.0466177   0.03061628], time: 0.0108s
Iteration 8250: total loss -2.7217, losses: [0.06793304532766342, 0.0025121646467596292, 0.0535241961479187], weights: [-0.9532466  -2.0466177   0.03061628], time: 0.0108s
Iteration 8500: total loss -2.7263, losses: [0.06604237109422684, 0.002497640438377857, 0.05390462279319763], weights: [-0.9532466  -2.0466177   0.03061628], time: 0.0108s
Iteration 8750: total loss -2.7304, losses: [0.06439933180809021, 0.0024933742824941874, 0.054132308810949326], weights: [-0.9532466  -2.0466177   0.03061628], time: 0.0108s
Iteration 9000: total loss -2.7344, losses: [0.06288381665945053, 0.0024646625388413668, 0.05423383414745331], weights: [-0.9532466  -2.0466177   0.03061628], time: 0.0108s
Iteration 9250: total loss -2.7387, losses: [0.06134823337197304, 0.002413795329630375, 0.05437333509325981], weights: [-0.9532466  -2.0466177   0.03061628], time: 0.0109s
Iteration 9500: total loss -2.7431, losses: [0.05968765914440155, 0.0023650487419217825, 0.05460214987397194], weights: [-0.9532466  -2.0466177   0.03061628], time: 0.0108s
Iteration 9750: total loss -2.7477, losses: [0.05786161497235298, 0.0023367556277662516, 0.054984040558338165], weights: [-0.9532466  -2.0466177   0.03061628], time: 0.0108s
Iteration 10000: total loss -2.7522, losses: [0.05598381161689758, 0.0023299127351492643, 0.05542692542076111], weights: [-0.9532466  -2.0466177   0.03061628], time: 0.0108s
Iteration 10250: total loss -2.7564, losses: [0.05416949465870857, 0.002332954667508602, 0.05593028664588928], weights: [-0.9532466  -2.0466177   0.03061628], time: 0.0108s
Iteration 10500: total loss -2.7602, losses: [0.052503637969493866, 0.0023406187538057566, 0.05640068277716637], weights: [-0.9532466  -2.0466177   0.03061628], time: 0.0108s
Iteration 10750: total loss -2.7637, losses: [0.05100375786423683, 0.002348303096368909, 0.05678926408290863], weights: [-0.9532466  -2.0466177   0.03061628], time: 0.0110s
Iteration 11000: total loss -2.7668, losses: [0.04964034631848335, 0.0023532870691269636, 0.05716138705611229], weights: [-0.9532466  -2.0466177   0.03061628], time: 0.0108s
Iteration 11250: total loss -2.7696, losses: [0.04847222939133644, 0.0023619160056114197, 0.05731114372611046], weights: [-0.9532466  -2.0466177   0.03061628], time: 0.0108s
Iteration 11500: total loss -2.7721, losses: [0.04744381830096245, 0.002371917711570859, 0.05743611231446266], weights: [-0.9532466  -2.0466177   0.03061628], time: 0.0108s
Iteration 11750: total loss -2.7743, losses: [0.04653939604759216, 0.0023761747870594263, 0.05759703740477562], weights: [-0.9532466  -2.0466177   0.03061628], time: 0.0108s
Iteration 12000: total loss -2.7762, losses: [0.04573051631450653, 0.0023690382950007915, 0.05778957158327103], weights: [-0.9532466  -2.0466177   0.03061628], time: 0.0110s
Iteration 12250: total loss -2.7781, losses: [0.044977281242609024, 0.0023521294351667166, 0.05801862105727196], weights: [-0.9532466  -2.0466177   0.03061628], time: 0.0108s
Iteration 12500: total loss -2.7799, losses: [0.04428093880414963, 0.002328593749552965, 0.05823567882180214], weights: [-0.9532466  -2.0466177   0.03061628], time: 0.0108s
Iteration 12750: total loss -2.7815, losses: [0.04361538961529732, 0.0022990296129137278, 0.05852276459336281], weights: [-0.9532466  -2.0466177   0.03061628], time: 0.0108s
Iteration 13000: total loss -2.7831, losses: [0.04301469400525093, 0.002267807489261031, 0.058787841349840164], weights: [-0.9532466  -2.0466177   0.03061628], time: 0.0108s
Iteration 13250: total loss -2.7845, losses: [0.04245276749134064, 0.002237006789073348, 0.05910473316907883], weights: [-0.9532466  -2.0466177   0.03061628], time: 0.0108s
Iteration 13500: total loss -2.7857, losses: [0.041954100131988525, 0.002208389574661851, 0.05938506871461868], weights: [-0.9532466  -2.0466177   0.03061628], time: 0.0109s
Iteration 13750: total loss -2.7869, losses: [0.04149751737713814, 0.002180664334446192, 0.0596650168299675], weights: [-0.9532466  -2.0466177   0.03061628], time: 0.0112s
Iteration 14000: total loss -2.7879, losses: [0.04109689220786095, 0.002155012683942914, 0.059861328452825546], weights: [-0.9532466  -2.0466177   0.03061628], time: 0.0109s
Iteration 14250: total loss -2.7889, losses: [0.04072873666882515, 0.0021317682694643736, 0.06000028923153877], weights: [-0.9532466  -2.0466177   0.03061628], time: 0.0108s
Iteration 14500: total loss -2.7899, losses: [0.04038536548614502, 0.002111756941303611, 0.06007841229438782], weights: [-0.9532466  -2.0466177   0.03061628], time: 0.0109s
Iteration 14750: total loss -2.7908, losses: [0.04005035012960434, 0.0020948632154613733, 0.06014157086610794], weights: [-0.9532466  -2.0466177   0.03061628], time: 0.0110s
Iteration 15000: total loss -2.7917, losses: [0.03974467143416405, 0.002078498248010874, 0.06015169247984886], weights: [-0.9532466  -2.0466177   0.03061628], time: 0.0108s
Iteration 15250: total loss -2.7926, losses: [0.03942900896072388, 0.002057691104710102, 0.06023496016860008], weights: [-0.9532466  -2.0466177   0.03061628], time: 0.0108s
Iteration 15500: total loss -2.7935, losses: [0.0391305536031723, 0.0020307519007474184, 0.060309071093797684], weights: [-0.9532466  -2.0466177   0.03061628], time: 0.0107s
Iteration 15750: total loss -2.7944, losses: [0.03882678598165512, 0.0019993206951767206, 0.06043342128396034], weights: [-0.9532466  -2.0466177   0.03061628], time: 0.0108s
Iteration 16000: total loss -2.7953, losses: [0.03852832317352295, 0.0019686745945364237, 0.06057654693722725], weights: [-0.9532466  -2.0466177   0.03061628], time: 0.0108s
{
  "u": {
    "rmse": 0.23182870227618782,
    "mae": 0.1684687749009205,
    "maximum_absolute": 1.2192417099009658,
    "relative_l2": 0.3991505066574485
  },
  "v": {
    "rmse": 0.2488965774737612,
    "mae": 0.16325344875044429,
    "maximum_absolute": 1.6439840907392265,
    "relative_l2": 0.5217455287769919
  }
}
Plot with: python -m utils.plot_pinn_results --run-directory /home/thiago.esterci/Repositories/Evolutionary_Algorithms/work_4/studies/loss_weight_study_1789563353185616928/runs/seed_2035_de/1789570551102860861
