Artifacts: /home/thiago.esterci/Repositories/Evolutionary_Algorithms/work_4/studies/loss_weight_study_1789563353185616928/runs/seed_2036_both/1789571896418217422
DE: 400 generations, 32 individuals, 12832 fitness evaluations, 197 parameters; then 16168 Adam epochs.
DE generation 0: best fitness 431.22345, fixed reference 0.52200699, accepted 0/32, evaluations 32
DE generation 10: best fitness 165.06825, fixed reference 0.35056493, accepted 9/32, evaluations 352
DE generation 20: best fitness 165.06825, fixed reference 0.35056493, accepted 6/32, evaluations 672
DE generation 30: best fitness 164.4328, fixed reference 0.45733986, accepted 1/32, evaluations 992
DE generation 40: best fitness 143.79655, fixed reference 0.52373273, accepted 4/32, evaluations 1312
DE generation 50: best fitness 132.7832, fixed reference 0.39760081, accepted 0/32, evaluations 1632
DE generation 60: best fitness 115.38757, fixed reference 0.41234108, accepted 1/32, evaluations 1952
DE generation 70: best fitness 57.642418, fixed reference 0.27804914, accepted 1/32, evaluations 2272
DE generation 80: best fitness 57.642418, fixed reference 0.27804914, accepted 1/32, evaluations 2592
DE generation 90: best fitness 57.642418, fixed reference 0.27804914, accepted 1/32, evaluations 2912
DE generation 100: best fitness 57.642418, fixed reference 0.27804914, accepted 0/32, evaluations 3232
DE generation 110: best fitness 49.774254, fixed reference 0.51986713, accepted 4/32, evaluations 3552
DE generation 120: best fitness 39.825752, fixed reference 0.54654327, accepted 0/32, evaluations 3872
DE generation 130: best fitness 39.825752, fixed reference 0.54654327, accepted 3/32, evaluations 4192
DE generation 140: best fitness 28.362644, fixed reference 0.52536632, accepted 2/32, evaluations 4512
DE generation 150: best fitness 24.504238, fixed reference 0.41671973, accepted 0/32, evaluations 4832
DE generation 160: best fitness 24.504238, fixed reference 0.41671973, accepted 1/32, evaluations 5152
DE generation 170: best fitness 24.504238, fixed reference 0.41671973, accepted 1/32, evaluations 5472
DE generation 180: best fitness 17.805075, fixed reference 0.40964556, accepted 1/32, evaluations 5792
DE generation 190: best fitness 17.805075, fixed reference 0.40964556, accepted 1/32, evaluations 6112
DE generation 200: best fitness 17.805075, fixed reference 0.40964556, accepted 3/32, evaluations 6432
DE generation 210: best fitness 11.568867, fixed reference 0.37720656, accepted 0/32, evaluations 6752
DE generation 220: best fitness 4.154851, fixed reference 0.31320677, accepted 0/32, evaluations 7072
DE generation 230: best fitness 4.154851, fixed reference 0.31320677, accepted 2/32, evaluations 7392
DE generation 240: best fitness 4.154851, fixed reference 0.31320677, accepted 2/32, evaluations 7712
DE generation 250: best fitness 4.154851, fixed reference 0.31320677, accepted 1/32, evaluations 8032
DE generation 260: best fitness 4.154851, fixed reference 0.31320677, accepted 1/32, evaluations 8352
DE generation 270: best fitness 4.154851, fixed reference 0.31320677, accepted 1/32, evaluations 8672
DE generation 280: best fitness 4.154851, fixed reference 0.31320677, accepted 1/32, evaluations 8992
DE generation 290: best fitness 3.0891066, fixed reference 0.28195332, accepted 1/32, evaluations 9312
DE generation 300: best fitness 3.0891066, fixed reference 0.28195332, accepted 2/32, evaluations 9632
DE generation 310: best fitness 3.0891066, fixed reference 0.28195332, accepted 1/32, evaluations 9952
DE generation 320: best fitness 3.0891066, fixed reference 0.28195332, accepted 0/32, evaluations 10272
DE generation 330: best fitness 1.5259266, fixed reference 0.34919213, accepted 2/32, evaluations 10592
DE generation 340: best fitness 1.5259266, fixed reference 0.34919213, accepted 0/32, evaluations 10912
DE generation 350: best fitness 1.5140967, fixed reference 0.34878155, accepted 3/32, evaluations 11232
DE generation 360: best fitness 1.3081481, fixed reference 0.34049396, accepted 0/32, evaluations 11552
DE generation 370: best fitness 1.3081481, fixed reference 0.34049396, accepted 0/32, evaluations 11872
DE generation 380: best fitness 0.28963566, fixed reference 0.30642974, accepted 2/32, evaluations 12192
DE generation 390: best fitness 0.25582647, fixed reference 0.30315408, accepted 0/32, evaluations 12512
DE generation 400: best fitness 0.25582647, fixed reference 0.30315408, accepted 1/32, evaluations 12832
DE best fitness: 0.25582647; starting Adam.
Iteration 0: total loss 0.2558, losses: [0.2609790861606598, 0.02063390240073204, 0.021541092544794083], weights: [-2.8231041 -5.5847483 -5.2205367], time: 0.0350s
Iteration 250: total loss -9.3906, losses: [0.24881894886493683, 0.0009908522479236126, 0.0010272706858813763], weights: [-2.6871746 -5.5766015 -5.2392464], time: 0.0111s
Iteration 500: total loss -10.1824, losses: [0.24777646362781525, 0.00031993063748814166, 0.0002289018884766847], weights: [-2.5882478 -5.672707  -5.361987 ], time: 0.0111s
Iteration 750: total loss -10.6285, losses: [0.24773471057415009, 0.00018572805856820196, 0.00011450639431132004], weights: [-2.5038977 -5.771005  -5.471618 ], time: 0.0111s
Iteration 1000: total loss -10.9867, losses: [0.24792011082172394, 0.0001210664922837168, 7.363093027379364e-05], weights: [-2.4291391 -5.864253  -5.570212 ], time: 0.0112s
Early stopping after 1011 iterations: no improvement greater than 1e-05 for 300 evaluations.
{
  "u": {
    "rmse": 0.4249901020743508,
    "mae": 0.33810024748960005,
    "maximum_absolute": 1.7588048591147567,
    "relative_l2": 0.7317256789251405
  },
  "v": {
    "rmse": 0.4198809669364381,
    "mae": 0.32452259592450106,
    "maximum_absolute": 1.7228961700734855,
    "relative_l2": 0.8801688610633518
  }
}
Plot with: python -m utils.plot_pinn_results --run-directory /home/thiago.esterci/Repositories/Evolutionary_Algorithms/work_4/studies/loss_weight_study_1789563353185616928/runs/seed_2036_both/1789571896418217422
