Artifacts: /home/thiago.esterci/Repositories/Evolutionary_Algorithms/work_4/studies/loss_weight_study_1789563353185616928/runs/seed_2030_de/1789565813288197443
DE: 400 generations, 32 individuals, 12832 fitness evaluations, 197 parameters; then 16168 Adam epochs.
DE generation 0: best fitness 522.86639, fixed reference 0.5446315, accepted 0/32, evaluations 32
DE generation 10: best fitness 292.65137, fixed reference 0.38662071, accepted 4/32, evaluations 352
DE generation 20: best fitness 179.19193, fixed reference 0.42289241, accepted 3/32, evaluations 672
DE generation 30: best fitness 119.5793, fixed reference 0.37671892, accepted 4/32, evaluations 992
DE generation 40: best fitness 117.49236, fixed reference 0.3386249, accepted 2/32, evaluations 1312
DE generation 50: best fitness 117.49236, fixed reference 0.3386249, accepted 2/32, evaluations 1632
DE generation 60: best fitness 92.012917, fixed reference 0.42966153, accepted 2/32, evaluations 1952
DE generation 70: best fitness 92.012917, fixed reference 0.42966153, accepted 1/32, evaluations 2272
DE generation 80: best fitness 86.165497, fixed reference 0.4481105, accepted 1/32, evaluations 2592
DE generation 90: best fitness 86.165497, fixed reference 0.4481105, accepted 2/32, evaluations 2912
DE generation 100: best fitness 86.165497, fixed reference 0.4481105, accepted 0/32, evaluations 3232
DE generation 110: best fitness 86.165497, fixed reference 0.4481105, accepted 0/32, evaluations 3552
DE generation 120: best fitness 81.487854, fixed reference 0.47754815, accepted 1/32, evaluations 3872
DE generation 130: best fitness 58.974106, fixed reference 0.30464641, accepted 0/32, evaluations 4192
DE generation 140: best fitness 58.891098, fixed reference 0.30144052, accepted 0/32, evaluations 4512
DE generation 150: best fitness 58.593925, fixed reference 0.30038354, accepted 1/32, evaluations 4832
DE generation 160: best fitness 58.593925, fixed reference 0.30038354, accepted 0/32, evaluations 5152
DE generation 170: best fitness 58.593925, fixed reference 0.30038354, accepted 0/32, evaluations 5472
DE generation 180: best fitness 52.391151, fixed reference 0.39450374, accepted 0/32, evaluations 5792
DE generation 190: best fitness 52.391151, fixed reference 0.39450374, accepted 1/32, evaluations 6112
DE generation 200: best fitness 46.274063, fixed reference 0.37739864, accepted 1/32, evaluations 6432
DE generation 210: best fitness 40.696182, fixed reference 0.33563165, accepted 2/32, evaluations 6752
DE generation 220: best fitness 9.5080376, fixed reference 0.71770676, accepted 3/32, evaluations 7072
DE generation 230: best fitness 9.5080376, fixed reference 0.71770676, accepted 6/32, evaluations 7392
DE generation 240: best fitness 3.6989763, fixed reference 1.6353715, accepted 3/32, evaluations 7712
DE generation 250: best fitness 0.75954103, fixed reference 0.491981, accepted 4/32, evaluations 8032
DE generation 260: best fitness 0.75954103, fixed reference 0.491981, accepted 1/32, evaluations 8352
DE generation 270: best fitness 0.75954103, fixed reference 0.491981, accepted 1/32, evaluations 8672
DE generation 280: best fitness -0.12539625, fixed reference 0.40717564, accepted 1/32, evaluations 8992
DE generation 290: best fitness -0.3040297, fixed reference 0.4334398, accepted 0/32, evaluations 9312
DE generation 300: best fitness -0.3040297, fixed reference 0.4334398, accepted 2/32, evaluations 9632
DE generation 310: best fitness -0.93123603, fixed reference 0.67882416, accepted 0/32, evaluations 9952
DE generation 320: best fitness -1.0097373, fixed reference 0.52900511, accepted 1/32, evaluations 10272
DE generation 330: best fitness -1.0538574, fixed reference 0.64598079, accepted 1/32, evaluations 10592
DE generation 340: best fitness -1.2381697, fixed reference 0.62318443, accepted 0/32, evaluations 10912
DE generation 350: best fitness -1.38867, fixed reference 0.62731092, accepted 1/32, evaluations 11232
DE generation 360: best fitness -1.38867, fixed reference 0.62731092, accepted 0/32, evaluations 11552
DE generation 370: best fitness -1.6191769, fixed reference 0.52101953, accepted 3/32, evaluations 11872
DE generation 380: best fitness -1.887817, fixed reference 0.43410873, accepted 0/32, evaluations 12192
DE generation 390: best fitness -2.0872529, fixed reference 0.49324629, accepted 0/32, evaluations 12512
DE generation 400: best fitness -2.0872529, fixed reference 0.49324629, accepted 2/32, evaluations 12832
DE best fitness: -2.0872529; starting Adam.
Iteration 0: total loss -2.0873, losses: [0.3584820032119751, 0.044887661933898926, 0.08987662196159363], weights: [-1.6977733 -2.7802896 -0.4289038], time: 0.0347s
Iteration 250: total loss -3.4586, losses: [0.250856876373291, 0.003388003446161747, 0.01537216268479824], weights: [-1.6977733 -2.7802896 -0.4289038], time: 0.0109s
Iteration 500: total loss -3.5286, losses: [0.24580498039722443, 0.0016197306104004383, 0.006297401152551174], weights: [-1.6977733 -2.7802896 -0.4289038], time: 0.0109s
Iteration 750: total loss -3.5543, losses: [0.24288161098957062, 0.001319798524491489, 0.0031123561784625053], weights: [-1.6977733 -2.7802896 -0.4289038], time: 0.0109s
Iteration 1000: total loss -3.5695, losses: [0.24027256667613983, 0.0013732328079640865, 0.001993360696360469], weights: [-1.6977733 -2.7802896 -0.4289038], time: 0.0108s
Iteration 1250: total loss -3.5819, losses: [0.23743975162506104, 0.0015815107617527246, 0.001791779650375247], weights: [-1.6977733 -2.7802896 -0.4289038], time: 0.0109s
Iteration 1500: total loss -3.5955, losses: [0.2339821606874466, 0.001884710742160678, 0.0020625588949769735], weights: [-1.6977733 -2.7802896 -0.4289038], time: 0.0109s
Iteration 1750: total loss -3.6138, losses: [0.229283407330513, 0.0022730438504368067, 0.002737610600888729], weights: [-1.6977733 -2.7802896 -0.4289038], time: 0.0110s
Iteration 2000: total loss -3.6418, losses: [0.22245389223098755, 0.0027255541644990444, 0.004048079252243042], weights: [-1.6977733 -2.7802896 -0.4289038], time: 0.0108s
Iteration 2250: total loss -3.6816, losses: [0.21313217282295227, 0.003193793585523963, 0.006399231497198343], weights: [-1.6977733 -2.7802896 -0.4289038], time: 0.0109s
Iteration 2500: total loss -3.7297, losses: [0.2018907070159912, 0.003739915555343032, 0.009285882115364075], weights: [-1.6977733 -2.7802896 -0.4289038], time: 0.0109s
Iteration 2750: total loss -3.7842, losses: [0.1893398016691208, 0.004310840740799904, 0.012463710270822048], weights: [-1.6977733 -2.7802896 -0.4289038], time: 0.0111s
Iteration 3000: total loss -3.8426, losses: [0.17593565583229065, 0.004888266324996948, 0.016024785116314888], weights: [-1.6977733 -2.7802896 -0.4289038], time: 0.0109s
Iteration 3250: total loss -3.9009, losses: [0.16237841546535492, 0.005517981015145779, 0.01965883933007717], weights: [-1.6977733 -2.7802896 -0.4289038], time: 0.0109s
Iteration 3500: total loss -3.9576, losses: [0.14922934770584106, 0.006119620520621538, 0.023231985047459602], weights: [-1.6977733 -2.7802896 -0.4289038], time: 0.0110s
Iteration 3750: total loss -4.0163, losses: [0.1368611603975296, 0.0063565862365067005, 0.026480555534362793], weights: [-1.6977733 -2.7802896 -0.4289038], time: 0.0108s
Iteration 4000: total loss -4.0803, losses: [0.1251763552427292, 0.006029814016073942, 0.029787998646497726], weights: [-1.6977733 -2.7802896 -0.4289038], time: 0.0109s
Iteration 4250: total loss -4.1454, losses: [0.11408423632383347, 0.005309368949383497, 0.034404341131448746], weights: [-1.6977733 -2.7802896 -0.4289038], time: 0.0108s
Iteration 4500: total loss -4.2017, losses: [0.10412196815013885, 0.004620818421244621, 0.04039383307099342], weights: [-1.6977733 -2.7802896 -0.4289038], time: 0.0109s
Iteration 4750: total loss -4.2435, losses: [0.09573321789503098, 0.0042652259580791, 0.046775851398706436], weights: [-1.6977733 -2.7802896 -0.4289038], time: 0.0109s
Iteration 5000: total loss -4.2745, losses: [0.08934782445430756, 0.003981714136898518, 0.052241601049900055], weights: [-1.6977733 -2.7802896 -0.4289038], time: 0.0109s
Iteration 5250: total loss -4.2990, losses: [0.0845639705657959, 0.003698233515024185, 0.05631182715296745], weights: [-1.6977733 -2.7802896 -0.4289038], time: 0.0108s
Iteration 5500: total loss -4.3181, losses: [0.08088197559118271, 0.0034786295145750046, 0.05927295982837677], weights: [-1.6977733 -2.7802896 -0.4289038], time: 0.0108s
Iteration 5750: total loss -4.3336, losses: [0.07796981930732727, 0.003296819282695651, 0.06143535301089287], weights: [-1.6977733 -2.7802896 -0.4289038], time: 0.0109s
Iteration 6000: total loss -4.3471, losses: [0.0755126103758812, 0.003141732420772314, 0.06303472816944122], weights: [-1.6977733 -2.7802896 -0.4289038], time: 0.0113s
Iteration 6250: total loss -4.3594, losses: [0.07327889651060104, 0.0030245804227888584, 0.06417565047740936], weights: [-1.6977733 -2.7802896 -0.4289038], time: 0.0109s
Iteration 6500: total loss -4.3714, losses: [0.07113945484161377, 0.0029308295343071222, 0.06494812667369843], weights: [-1.6977733 -2.7802896 -0.4289038], time: 0.0108s
Iteration 6750: total loss -4.3835, losses: [0.06903192400932312, 0.0028406037017703056, 0.06554321944713593], weights: [-1.6977733 -2.7802896 -0.4289038], time: 0.0109s
Iteration 7000: total loss -4.3951, losses: [0.06697698682546616, 0.0027627882082015276, 0.06610269099473953], weights: [-1.6977733 -2.7802896 -0.4289038], time: 0.0109s
Iteration 7250: total loss -4.4055, losses: [0.06503326445817947, 0.002723792800679803, 0.06662283837795258], weights: [-1.6977733 -2.7802896 -0.4289038], time: 0.0109s
Iteration 7500: total loss -4.4146, losses: [0.06326927989721298, 0.0027291339356452227, 0.06696388870477676], weights: [-1.6977733 -2.7802896 -0.4289038], time: 0.0108s
Iteration 7750: total loss -4.4226, losses: [0.061684299260377884, 0.0027574060950428247, 0.06709656864404678], weights: [-1.6977733 -2.7802896 -0.4289038], time: 0.0108s
Iteration 8000: total loss -4.4300, losses: [0.06022465229034424, 0.0027890328783541918, 0.06713255494832993], weights: [-1.6977733 -2.7802896 -0.4289038], time: 0.0108s
Iteration 8250: total loss -4.4370, losses: [0.05886233225464821, 0.002813904080539942, 0.0671609416604042], weights: [-1.6977733 -2.7802896 -0.4289038], time: 0.0109s
Iteration 8500: total loss -4.4436, losses: [0.05759206786751747, 0.002827399643138051, 0.06724698096513748], weights: [-1.6977733 -2.7802896 -0.4289038], time: 0.0108s
Iteration 8750: total loss -4.4496, losses: [0.05640977621078491, 0.00283124390989542, 0.06745044142007828], weights: [-1.6977733 -2.7802896 -0.4289038], time: 0.0111s
Iteration 9000: total loss -4.4552, losses: [0.0553094744682312, 0.0028280913829803467, 0.0678112581372261], weights: [-1.6977733 -2.7802896 -0.4289038], time: 0.0109s
Iteration 9250: total loss -4.4602, losses: [0.054270971566438675, 0.002817444270476699, 0.06834124773740768], weights: [-1.6977733 -2.7802896 -0.4289038], time: 0.0108s
Iteration 9500: total loss -4.4650, losses: [0.053239043802022934, 0.002797509543597698, 0.06907492130994797], weights: [-1.6977733 -2.7802896 -0.4289038], time: 0.0109s
Iteration 9750: total loss -4.4700, losses: [0.052136942744255066, 0.0027628084644675255, 0.07010544836521149], weights: [-1.6977733 -2.7802896 -0.4289038], time: 0.0108s
Early stopping after 9999 iterations: no improvement greater than 1e-05 for 300 evaluations.
{
  "u": {
    "rmse": 0.24661406447896123,
    "mae": 0.18629309724715656,
    "maximum_absolute": 1.1680303527842666,
    "relative_l2": 0.42460716822008804
  },
  "v": {
    "rmse": 0.24965677649768514,
    "mae": 0.17335358102728507,
    "maximum_absolute": 1.577662896567321,
    "relative_l2": 0.5233390840027757
  }
}
Plot with: python -m utils.plot_pinn_results --run-directory /home/thiago.esterci/Repositories/Evolutionary_Algorithms/work_4/studies/loss_weight_study_1789563353185616928/runs/seed_2030_de/1789565813288197443
