Artifacts: /home/esterci/Repositorios/ppgmc/Evolutionary_Algorithms/work_4/studies/pinn_pair_1788963619775820198/runs/confirm_h32x3_lr1e3_s2030_pinn-de/1788965597133018203
DE: 20 generations, 8 individuals, 168 fitness evaluations, 2309 parameters; then 4832 Adam epochs.
DE generation 0: best fitness 0.36896124, fixed reference 0.74789691, accepted 0/8, evaluations 8
DE generation 10: best fitness 0.25733525, fixed reference 0.77891794, accepted 4/8, evaluations 88
DE generation 20: best fitness 0.22455484, fixed reference 0.75982774, accepted 1/8, evaluations 168
DE best fitness: 0.22455484; starting Adam.
Iteration 0: total loss 0.2246, losses: [0.33749622106552124, 0.10260344296693802, 0.3197280764579773], weights: [-0.6718789  -0.17973095 -0.04313267], time: 0.1014s
Iteration 250: total loss -1.2639, losses: [0.13090959191322327, 0.024340402334928513, 0.018083466216921806], weights: [-0.935362   -0.4296188  -0.29692754], time: 0.0417s
Iteration 500: total loss -2.1642, losses: [0.05479712039232254, 0.011988140642642975, 0.047741275280714035], weights: [-1.2456132  -0.67842555 -0.53883845], time: 0.0537s
Iteration 750: total loss -2.9555, losses: [0.035992980003356934, 0.007837452925741673, 0.04442384093999863], weights: [-1.5330421 -0.9291914 -0.7794571], time: 0.0393s
Iteration 1000: total loss -3.7055, losses: [0.026512423530220985, 0.005596399772912264, 0.04290274530649185], weights: [-1.8073554 -1.1801488 -1.0193812], time: 0.0566s
Iteration 1250: total loss -4.4360, losses: [0.020400242879986763, 0.004517234396189451, 0.040414780378341675], weights: [-2.0732892 -1.4310764 -1.2575852], time: 0.0576s
Iteration 1500: total loss -5.1587, losses: [0.015778057277202606, 0.004391341004520655, 0.03639589995145798], weights: [-2.3342836 -1.6814194 -1.4942727], time: 0.0386s
Iteration 1750: total loss -5.8643, losses: [0.013074595481157303, 0.0036641943734139204, 0.032826777547597885], weights: [-2.5908577 -1.9311663 -1.7297069], time: 0.0425s
Iteration 2000: total loss -6.5404, losses: [0.01147345919162035, 0.002887793816626072, 0.03058489039540291], weights: [-2.840717  -2.1802304 -1.9614421], time: 0.0393s
Iteration 2250: total loss -7.1772, losses: [0.01058659702539444, 0.0026399437338113785, 0.028998589143157005], weights: [-3.082824  -2.4286416 -2.1875532], time: 0.0513s
Iteration 2500: total loss -7.7694, losses: [0.009897289797663689, 0.0027547255158424377, 0.02839726023375988], weights: [-3.3168237 -2.6764512 -2.406316 ], time: 0.0466s
Iteration 2750: total loss -8.3520, losses: [0.009221787564456463, 0.002085062675178051, 0.02704794891178608], weights: [-3.542067  -2.9236562 -2.6154928], time: 0.0430s
Iteration 3000: total loss -8.8788, losses: [0.008893618360161781, 0.0019831424579024315, 0.025923969224095345], weights: [-3.7578723 -3.170197  -2.8127294], time: 0.0423s
Iteration 3250: total loss -9.3702, losses: [0.008227648213505745, 0.0017150577623397112, 0.025870246812701225], weights: [-3.9631727 -3.4159875 -2.994947 ], time: 0.0430s
Iteration 3500: total loss -9.8130, losses: [0.007798225153237581, 0.0015782583504915237, 0.025570595636963844], weights: [-4.156709  -3.6606164 -3.15836  ], time: 0.0420s
Iteration 3750: total loss -10.2126, losses: [0.007302616257220507, 0.0013947931583970785, 0.025789404287934303], weights: [-4.337716  -3.9038103 -3.299034 ], time: 0.0405s
Iteration 4000: total loss -10.5572, losses: [0.006758565548807383, 0.0014438575599342585, 0.02642829343676567], weights: [-4.5055046 -4.145389  -3.411464 ], time: 0.0466s
Iteration 4250: total loss -10.8480, losses: [0.006213182583451271, 0.001517226337455213, 0.027718039229512215], weights: [-4.661659  -4.385253  -3.4913936], time: 0.0406s
Iteration 4500: total loss -11.1767, losses: [0.005752685945481062, 0.0011529865441843867, 0.028183430433273315], weights: [-4.8092966 -4.622924  -3.5336733], time: 0.0456s
Iteration 4750: total loss -11.4681, losses: [0.005082851741462946, 0.0009947519283741713, 0.03001154214143753], weights: [-4.9545145 -4.8576736 -3.5353954], time: 0.0410s
{
  "u": {
    "rmse": 0.16876730420289812,
    "mae": 0.105180418468284,
    "maximum_absolute": 0.8639238264180671,
    "relative_l2": 0.2905746972587773
  },
  "v": {
    "rmse": 0.20486211241720786,
    "mae": 0.09653083679590582,
    "maximum_absolute": 1.6493008548555137,
    "relative_l2": 0.42943897523362184
  }
}
Plot with: python work_4/plot_pinn_results.py --run-directory /home/esterci/Repositorios/ppgmc/Evolutionary_Algorithms/work_4/studies/pinn_pair_1788963619775820198/runs/confirm_h32x3_lr1e3_s2030_pinn-de/1788965597133018203
