Artifacts: /home/esterci/Repositorios/ppgmc/Evolutionary_Algorithms/work_4/studies/pinn_pair_1788963619775820198/runs/confirm_h32x3_lr1e3_s2029_pinn/1788964835249280317
Smoke-test losses: {'Initial': 0.6613412499427795, 'Boundary': 0.023672275245189667, 'PDE': 0.435870498418808}
Iteration 0: total loss 1.1209, losses: [0.6613412499427795, 0.023672275245189667, 0.435870498418808], weights: [-0.001 -0.001 -0.001], time: 0.0968s
Iteration 250: total loss -0.4493, losses: [0.23210202157497406, 0.006201636511832476, 0.0007923317607492208], weights: [-0.253374   -0.2511692  -0.25549364], time: 0.0440s
Iteration 500: total loss -1.2634, losses: [0.12155668437480927, 0.008766206912696362, 0.019854120910167694], weights: [-0.5130618  -0.49946767 -0.5040117 ], time: 0.0519s
Iteration 750: total loss -2.0503, losses: [0.07578456401824951, 0.006756637245416641, 0.022690212354063988], weights: [-0.7834107  -0.74893445 -0.7488839 ], time: 0.0697s
Iteration 1000: total loss -2.7895, losses: [0.05860103294253349, 0.00575533602386713, 0.02384878695011139], weights: [-1.049021  -0.9982649 -0.9922202], time: 0.0516s
Iteration 1250: total loss -3.5184, losses: [0.04703298211097717, 0.005111736711114645, 0.022449608892202377], weights: [-1.3079011 -1.2473624 -1.234775 ], time: 0.0464s
Iteration 1500: total loss -4.2322, losses: [0.039173390716314316, 0.004033937584608793, 0.02165241912007332], weights: [-1.5617774 -1.4964913 -1.4760798], time: 0.0423s
Iteration 1750: total loss -4.9212, losses: [0.03492341190576553, 0.0032836939208209515, 0.020607763901352882], weights: [-1.8092984 -1.7457801 -1.7153004], time: 0.0455s
Iteration 2000: total loss -5.5889, losses: [0.031505584716796875, 0.0026894365437328815, 0.01998266577720642], weights: [-2.0497842 -1.9951098 -1.951662 ], time: 0.0399s
Iteration 2250: total loss -6.2285, losses: [0.02891561947762966, 0.002405590144917369, 0.019599134102463722], weights: [-2.2830074 -2.2441704 -2.184014 ], time: 0.0385s
Iteration 2500: total loss -6.8374, losses: [0.026849374175071716, 0.002173254732042551, 0.019383864477276802], weights: [-2.5077126 -2.4927018 -2.4112003], time: 0.0504s
Iteration 2750: total loss -7.4132, losses: [0.02519671618938446, 0.0018966114148497581, 0.019211413338780403], weights: [-2.7221854 -2.7407458 -2.6321974], time: 0.0735s
Iteration 3000: total loss -7.9570, losses: [0.024282414466142654, 0.0016846086364239454, 0.018233971670269966], weights: [-2.9244528 -2.988394  -2.8456368], time: 0.0423s
Iteration 3250: total loss -8.4622, losses: [0.02354510873556137, 0.0015081965830177069, 0.01737232506275177], weights: [-3.1123345 -3.2356594 -3.05057  ], time: 0.0432s
Iteration 3500: total loss -8.9236, losses: [0.02297082729637623, 0.0013971173902973533, 0.016665907576680183], weights: [-3.282756  -3.4823325 -3.2457147], time: 0.0438s
Iteration 3750: total loss -9.3483, losses: [0.022756868973374367, 0.0013419457245618105, 0.01559214573353529], weights: [-3.4325323 -3.7284305 -3.4310644], time: 0.0729s
Iteration 4000: total loss -9.7655, losses: [0.022071445360779762, 0.0010841838084161282, 0.01463798526674509], weights: [-3.5578425 -3.9735203 -3.6071503], time: 0.0464s
Iteration 4250: total loss -10.1372, losses: [0.021791759878396988, 0.0009599094046279788, 0.013799176551401615], weights: [-3.6547341 -4.217663  -3.7756503], time: 0.0422s
Iteration 4500: total loss -10.4934, losses: [0.02257525734603405, 0.0008504262077622116, 0.012063023634254932], weights: [-3.718143 -4.460642 -3.938623], time: 0.0605s
Iteration 4750: total loss -10.8309, losses: [0.023470981046557426, 0.0007328673964366317, 0.010650502517819405], weights: [-3.7440612 -4.7031    -4.1012406], time: 0.0498s
{
  "u": {
    "rmse": 0.1792928410379235,
    "mae": 0.118489085373171,
    "maximum_absolute": 0.958850615179653,
    "relative_l2": 0.3086970148117473
  },
  "v": {
    "rmse": 0.1983124767808764,
    "mae": 0.11482612736274776,
    "maximum_absolute": 1.4561670536336662,
    "relative_l2": 0.41570940473065
  }
}
Plot with: python /home/esterci/Repositorios/ppgmc/Evolutionary_Algorithms/work_4/plot_pinn_results.py --run-directory /home/esterci/Repositorios/ppgmc/Evolutionary_Algorithms/work_4/studies/pinn_pair_1788963619775820198/runs/confirm_h32x3_lr1e3_s2029_pinn/1788964835249280317
