Artifacts: /home/esterci/Repositorios/ppgmc/Evolutionary_Algorithms/work_4/studies/pinn_pair_1788963619775820198/runs/confirm_h32x3_lr1e3_s2029_pinn-de/1788965092446445159
DE: 20 generations, 8 individuals, 168 fitness evaluations, 2309 parameters; then 4832 Adam epochs.
DE generation 0: best fitness -0.11985317, fixed reference 0.57807366, accepted 0/8, evaluations 8
DE generation 10: best fitness -0.11985317, fixed reference 0.57807366, accepted 2/8, evaluations 88
DE generation 20: best fitness -0.3376739, fixed reference 0.7098563, accepted 2/8, evaluations 168
DE best fitness: -0.3376739; starting Adam.
Iteration 0: total loss -0.3377, losses: [0.32228225469589233, 0.13727420568466187, 0.2502998411655426], weights: [-0.1272281  -0.83022815 -0.4592184 ], time: 0.1028s
Iteration 250: total loss -1.8530, losses: [0.20786356925964355, 0.003407148877158761, 0.003945563919842243], weights: [-0.37707883 -1.0849155  -0.7148771 ], time: 0.0458s
Iteration 500: total loss -2.6883, losses: [0.09845617413520813, 0.004791349172592163, 0.016293909400701523], weights: [-0.6420425  -1.3342017  -0.96282345], time: 0.0441s
Iteration 750: total loss -3.4400, losses: [0.07422883063554764, 0.003262898186221719, 0.017755337059497833], weights: [-0.9118025 -1.584328  -1.2066197], time: 0.0387s
Iteration 1000: total loss -4.1796, losses: [0.059704143553972244, 0.0021767416037619114, 0.01611659862101078], weights: [-1.172296  -1.8347753 -1.450393 ], time: 0.0390s
Iteration 1250: total loss -4.8896, losses: [0.051146648824214935, 0.0016621641116216779, 0.01576196402311325], weights: [-1.425617  -2.0853457 -1.6931905], time: 0.0389s
Iteration 1500: total loss -5.5720, losses: [0.04547649621963501, 0.001542988931760192, 0.01565258763730526], weights: [-1.6710855 -2.3355334 -1.9339653], time: 0.0481s
Iteration 1750: total loss -6.2386, losses: [0.04128941893577576, 0.0013237686362117529, 0.01469876617193222], weights: [-1.9088393 -2.585199  -2.172095 ], time: 0.0556s
Iteration 2000: total loss -6.8752, losses: [0.03800087794661522, 0.0012140237959101796, 0.014328735880553722], weights: [-2.1383994 -2.8343427 -2.4069905], time: 0.0727s
Iteration 2250: total loss -7.4766, losses: [0.035926610231399536, 0.001298898016102612, 0.013714179396629333], weights: [-2.358061  -3.0829103 -2.637722 ], time: 0.0672s
Iteration 2500: total loss -8.0530, losses: [0.033934738487005234, 0.0010272531071677804, 0.013379077427089214], weights: [-2.5654325 -3.3308423 -2.8632739], time: 0.0492s
Iteration 2750: total loss -8.5774, losses: [0.03301268443465233, 0.0009916099952533841, 0.012966511771082878], weights: [-2.7571464 -3.5781474 -3.082491 ], time: 0.0423s
Iteration 3000: total loss -9.0641, losses: [0.03279845416545868, 0.0008717606542631984, 0.01219155266880989], weights: [-2.9288776 -3.824763  -3.2944221], time: 0.0500s
Iteration 3250: total loss -9.5032, losses: [0.03272883966565132, 0.0007772802491672337, 0.01165453065186739], weights: [-3.0756514 -4.0706553 -3.498452 ], time: 0.0430s
Iteration 3500: total loss -9.8942, losses: [0.03288271650671959, 0.0008378411293961108, 0.011037875898182392], weights: [-3.1918075 -4.3160543 -3.6947756], time: 0.0491s
Iteration 3750: total loss -10.2839, losses: [0.034174397587776184, 0.0005905481521040201, 0.009755462408065796], weights: [-3.271332  -4.560726  -3.8846354], time: 0.0422s
Iteration 4000: total loss -10.6352, losses: [0.03559238463640213, 0.00051594473188743, 0.008737673982977867], weights: [-3.3092735 -4.805172  -4.0715313], time: 0.0377s
Iteration 4250: total loss -10.9845, losses: [0.03826399892568588, 0.0004131259920541197, 0.007363791111856699], weights: [-3.3032756 -5.049247  -4.259828 ], time: 0.0399s
Iteration 4500: total loss -11.3333, losses: [0.04163896292448044, 0.0003332439810037613, 0.00607925234362483], weights: [-3.2561746 -5.293553  -4.454798 ], time: 0.0392s
Iteration 4750: total loss -11.6903, losses: [0.04608872905373573, 0.0002784310781862587, 0.004807223100215197], weights: [-3.1760142 -5.537067  -4.661946 ], time: 0.0502s
{
  "u": {
    "rmse": 0.21208082311803242,
    "mae": 0.14217405906236485,
    "maximum_absolute": 1.1389314844142104,
    "relative_l2": 0.36514964354604124
  },
  "v": {
    "rmse": 0.21579630101692532,
    "mae": 0.1364609361235225,
    "maximum_absolute": 1.41799254363153,
    "relative_l2": 0.4523595958006458
  }
}
Plot with: python work_4/plot_pinn_results.py --run-directory /home/esterci/Repositorios/ppgmc/Evolutionary_Algorithms/work_4/studies/pinn_pair_1788963619775820198/runs/confirm_h32x3_lr1e3_s2029_pinn-de/1788965092446445159
