Artifacts: /home/esterci/Repositorios/ppgmc/Evolutionary_Algorithms/work_4/studies/pinn_pair_1788963619775820198/runs/confirm_h32x3_lr1e3_s2028_pinn-de/1788964584753910947
DE: 20 generations, 8 individuals, 168 fitness evaluations, 2309 parameters; then 4832 Adam epochs.
DE generation 0: best fitness 0.72946, fixed reference 0.72945997, accepted 0/8, evaluations 8
DE generation 10: best fitness 0.16773327, fixed reference 0.72187787, accepted 1/8, evaluations 88
DE generation 20: best fitness 0.073761106, fixed reference 0.51992324, accepted 0/8, evaluations 168
DE best fitness: 0.073761106; starting Adam.
Iteration 0: total loss 0.0738, losses: [0.42021703720092773, 0.057146452367305756, 0.042559754103422165], weights: [-0.01674967 -0.2790164  -0.1870872 ], time: 0.0995s
Iteration 250: total loss -1.0049, losses: [0.15323425829410553, 0.008778141811490059, 0.009669623337686062], weights: [-0.27063414 -0.52991164 -0.4379243 ], time: 0.0461s
Iteration 500: total loss -1.8017, losses: [0.08370058983564377, 0.005529600195586681, 0.021415233612060547], weights: [-0.53925747 -0.7794588  -0.68381554], time: 0.0642s
Iteration 750: total loss -2.5563, losses: [0.06098364666104317, 0.003976054955273867, 0.021606657654047012], weights: [-0.803199   -1.0296826  -0.92819345], time: 0.0556s
Iteration 1000: total loss -3.2935, losses: [0.04717187210917473, 0.0030166266951709986, 0.021883297711610794], weights: [-1.0623343 -1.2798842 -1.1720328], time: 0.0389s
Iteration 1250: total loss -4.0163, losses: [0.04017769917845726, 0.002489362610504031, 0.01978611759841442], weights: [-1.3168586 -1.5300609 -1.4150174], time: 0.0981s
Iteration 1500: total loss -4.7149, losses: [0.03567540645599365, 0.0020700348541140556, 0.01937890611588955], weights: [-1.5658917 -1.7799997 -1.6562263], time: 0.0518s
Iteration 1750: total loss -5.3925, losses: [0.03292982280254364, 0.0018759913509711623, 0.01848343200981617], weights: [-1.8086578 -2.0296233 -1.8949978], time: 0.0793s
Iteration 2000: total loss -6.0435, losses: [0.03102404810488224, 0.0017511050682514906, 0.017948752269148827], weights: [-2.0444417 -2.2788272 -2.1306386], time: 0.0622s
Iteration 2250: total loss -6.6696, losses: [0.029383884742856026, 0.0016200437676161528, 0.01739882305264473], weights: [-2.2721741 -2.5275319 -2.362212 ], time: 0.0476s
Iteration 2500: total loss -7.2583, losses: [0.02797681652009487, 0.0015772994374856353, 0.01739385537803173], weights: [-2.4904406 -2.7757008 -2.5888283], time: 0.0557s
Iteration 2750: total loss -7.8221, losses: [0.027228565886616707, 0.0015344081912189722, 0.016288073733448982], weights: [-2.6975985 -3.0232565 -2.809474 ], time: 0.0389s
Iteration 3000: total loss -8.3526, losses: [0.026359014213085175, 0.0013124775141477585, 0.015602954663336277], weights: [-2.8915894 -3.2701378 -3.0230694], time: 0.0401s
Iteration 3250: total loss -8.8397, losses: [0.025914058089256287, 0.0012428954942151904, 0.0147794708609581], weights: [-3.0695226 -3.5162714 -3.2285347], time: 0.0456s
Iteration 3500: total loss -9.2807, losses: [0.02576993778347969, 0.0011732059065252542, 0.014034692198038101], weights: [-3.227453  -3.7615666 -3.4245489], time: 0.0383s
Iteration 3750: total loss -9.6886, losses: [0.025554195046424866, 0.0010563686955720186, 0.013332623057067394], weights: [-3.3606596 -4.005954  -3.6108224], time: 0.0464s
Iteration 4000: total loss -10.0568, losses: [0.02589516155421734, 0.0009360836120322347, 0.012464233674108982], weights: [-3.4639633 -4.2496376 -3.7875187], time: 0.0581s
Iteration 4250: total loss -10.4013, losses: [0.02674015611410141, 0.0008260231697931886, 0.011290645226836205], weights: [-3.5320249 -4.492249  -3.9565988], time: 0.0400s
Iteration 4500: total loss -10.7305, losses: [0.028148265555500984, 0.0006974913994781673, 0.009986148215830326], weights: [-3.5603442 -4.7345433 -4.122565 ], time: 0.0457s
Iteration 4750: total loss -10.9380, losses: [0.030552346259355545, 0.0011748819379135966, 0.008827733807265759], weights: [-3.5462072 -4.976394  -4.2913847], time: 0.0414s
{
  "u": {
    "rmse": 0.1869025727303008,
    "mae": 0.12272847701667089,
    "maximum_absolute": 1.0105178286195944,
    "relative_l2": 0.32179905192241104
  },
  "v": {
    "rmse": 0.19848315398666364,
    "mae": 0.1171088279240628,
    "maximum_absolute": 1.4390378708181144,
    "relative_l2": 0.4160671841339969
  }
}
Plot with: python work_4/plot_pinn_results.py --run-directory /home/esterci/Repositorios/ppgmc/Evolutionary_Algorithms/work_4/studies/pinn_pair_1788963619775820198/runs/confirm_h32x3_lr1e3_s2028_pinn-de/1788964584753910947
