Artifacts: /home/esterci/Repositorios/ppgmc/Evolutionary_Algorithms/work_4/studies/pinn_pair_1788963619775820198/runs/confirm_h32x3_lr1e3_s2028_pinn/1788964335916892114
Smoke-test losses: {'Initial': 0.5785903930664062, 'Boundary': 0.016029002144932747, 'PDE': 0.13484057784080505}
Iteration 0: total loss 0.7295, losses: [0.5785903930664062, 0.016029002144932747, 0.13484057784080505], weights: [-0.001 -0.001 -0.001], time: 0.0597s
Iteration 250: total loss -0.4407, losses: [0.23784174025058746, 0.004718900192528963, 0.0006919000297784805], weights: [-0.25147018 -0.2511358  -0.25356945], time: 0.0564s
Iteration 500: total loss -1.2646, losses: [0.11796125769615173, 0.007652654312551022, 0.01895398460328579], weights: [-0.50503963 -0.49942872 -0.5023459 ], time: 0.0450s
Iteration 750: total loss -2.0603, losses: [0.0688939318060875, 0.006163708865642548, 0.024532612413167953], weights: [-0.7843223 -0.7488548 -0.7456987], time: 0.0743s
Iteration 1000: total loss -2.8004, losses: [0.05593178793787956, 0.0049476902931928635, 0.0234793983399868], weights: [-1.0529084  -0.9983708  -0.98872316], time: 0.0429s
Iteration 1250: total loss -3.5218, losses: [0.04581715166568756, 0.0045499010011553764, 0.02341780811548233], weights: [-1.3121036 -1.247646  -1.230987 ], time: 0.0390s
Iteration 1500: total loss -4.2283, losses: [0.03936164081096649, 0.003933415748178959, 0.022151019424200058], weights: [-1.5647259 -1.4967109 -1.4718163], time: 0.0400s
Iteration 1750: total loss -4.9184, losses: [0.03404868394136429, 0.0033769835717976093, 0.02155451662838459], weights: [-1.811768  -1.7456137 -1.7106733], time: 0.0546s
Iteration 2000: total loss -5.5824, losses: [0.03038434498012066, 0.00322510558180511, 0.021248433738946915], weights: [-2.053123  -1.9942875 -1.9468416], time: 0.0385s
Iteration 2250: total loss -6.2305, losses: [0.028122346848249435, 0.0028137522749602795, 0.019568050280213356], weights: [-2.287536  -2.2425435 -2.1793582], time: 0.0394s
Iteration 2500: total loss -6.8423, losses: [0.026245003566145897, 0.0025711089838296175, 0.01902570202946663], weights: [-2.5134425 -2.490263  -2.4071803], time: 0.0710s
Iteration 2750: total loss -7.4168, losses: [0.024721544235944748, 0.0023153333459049463, 0.018894463777542114], weights: [-2.7287378 -2.7374377 -2.628997 ], time: 0.0414s
Iteration 3000: total loss -7.9538, losses: [0.02403855510056019, 0.0020443073008209467, 0.018141355365514755], weights: [-2.9308918 -2.9841201 -2.8432508], time: 0.0619s
Iteration 3250: total loss -8.4477, losses: [0.02356959879398346, 0.001820190460421145, 0.017460796982049942], weights: [-3.1169932 -3.2303188 -3.048543 ], time: 0.0593s
Iteration 3500: total loss -8.9007, losses: [0.023120613768696785, 0.001602628850378096, 0.016877083107829094], weights: [-3.283556  -3.4760413 -3.243703 ], time: 0.0453s
Iteration 3750: total loss -9.3125, losses: [0.022971222177147865, 0.0013978836359456182, 0.016136350110173225], weights: [-3.4265006 -3.7212236 -3.4279125], time: 0.0451s
Iteration 4000: total loss -9.6857, losses: [0.02311772108078003, 0.001220970181748271, 0.015257318504154682], weights: [-3.5407531 -3.9658444 -3.6013396], time: 0.0500s
Iteration 4250: total loss -10.0312, losses: [0.023790307343006134, 0.0010357743594795465, 0.014004774391651154], weights: [-3.6206906 -4.209751  -3.765263 ], time: 0.0622s
Iteration 4500: total loss -10.3531, losses: [0.024904944002628326, 0.000881232088431716, 0.012648157775402069], weights: [-3.66144   -4.453573  -3.9244635], time: 0.0486s
Iteration 4750: total loss -10.6724, losses: [0.026553809642791748, 0.0007325454498641193, 0.01103904191404581], weights: [-3.6591356 -4.6968913 -4.084885 ], time: 0.0459s
{
  "u": {
    "rmse": 0.18448200972087622,
    "mae": 0.12086560385266765,
    "maximum_absolute": 0.9390701503272978,
    "relative_l2": 0.3176314534235114
  },
  "v": {
    "rmse": 0.19638683799409817,
    "mae": 0.11616932156755302,
    "maximum_absolute": 1.4643994683561088,
    "relative_l2": 0.4116728147652979
  }
}
Plot with: python /home/esterci/Repositorios/ppgmc/Evolutionary_Algorithms/work_4/plot_pinn_results.py --run-directory /home/esterci/Repositorios/ppgmc/Evolutionary_Algorithms/work_4/studies/pinn_pair_1788963619775820198/runs/confirm_h32x3_lr1e3_s2028_pinn/1788964335916892114
