Artifacts: /home/esterci/Repositorios/ppgmc/Evolutionary_Algorithms/work_4/studies/pinn_pair_1788963619775820198/runs/confirm_h32x3_lr1e3_s2030_pinn/1788965333039356800
Smoke-test losses: {'Initial': 0.5356675982475281, 'Boundary': 0.1328708827495575, 'PDE': 0.15010611712932587}
Iteration 0: total loss 0.8186, losses: [0.5356675982475281, 0.1328708827495575, 0.15010611712932587], weights: [-0.001 -0.001 -0.001], time: 0.0557s
Iteration 250: total loss -0.4410, losses: [0.24002689123153687, 0.003296008100733161, 0.0004989153821952641], weights: [-0.25194478 -0.2523886  -0.2529955 ], time: 0.0479s
Iteration 500: total loss -1.2537, losses: [0.12191544473171234, 0.011372076347470284, 0.017933322116732597], weights: [-0.50382763 -0.50058705 -0.5022276 ], time: 0.0397s
Iteration 750: total loss -2.0543, losses: [0.07009406387805939, 0.006867855321615934, 0.024945707991719246], weights: [-0.7828543  -0.74963087 -0.74511224], time: 0.0777s
Iteration 1000: total loss -2.8184, losses: [0.04942318797111511, 0.005118136294186115, 0.024151286110281944], weights: [-1.0550187  -0.99921757 -0.9876643 ], time: 0.0714s
Iteration 1250: total loss -3.5509, losses: [0.039850905537605286, 0.0037593792658299208, 0.02401445060968399], weights: [-1.3196039 -1.2491138 -1.2292219], time: 0.0501s
Iteration 1500: total loss -4.2633, losses: [0.03398703783750534, 0.0031253728084266186, 0.02313634380698204], weights: [-1.5765541 -1.4991118 -1.469272 ], time: 0.0429s
Iteration 1750: total loss -4.9579, losses: [0.030147148296236992, 0.003111206227913499, 0.021318132057785988], weights: [-1.8271024 -1.7486504 -1.7075807], time: 0.0419s
Iteration 2000: total loss -5.6408, losses: [0.025958163663744926, 0.0027270547579973936, 0.020590780302882195], weights: [-2.0721881 -1.9975995 -1.9436656], time: 0.0507s
Iteration 2250: total loss -6.2977, losses: [0.023499179631471634, 0.0025407716166228056, 0.01960933394730091], weights: [-2.3116393 -2.2460463 -2.176435 ], time: 0.0568s
Iteration 2500: total loss -6.9296, losses: [0.02157302014529705, 0.002245021518319845, 0.01890365220606327], weights: [-2.5442758 -2.494065  -2.4049106], time: 0.0598s
Iteration 2750: total loss -7.5282, losses: [0.020346805453300476, 0.0020374616142362356, 0.01817483827471733], weights: [-2.7683709 -2.7415447 -2.6278932], time: 0.0448s
Iteration 3000: total loss -8.0916, losses: [0.019398150965571404, 0.001850923872552812, 0.017539571970701218], weights: [-2.981922  -2.9884114 -2.8441103], time: 0.0617s
Iteration 3250: total loss -8.6138, losses: [0.01875906251370907, 0.0018019720446318388, 0.01681978814303875], weights: [-3.182888  -3.2346487 -3.052233 ], time: 0.0482s
Iteration 3500: total loss -9.0974, losses: [0.017896167933940887, 0.0015883162850514054, 0.016614586114883423], weights: [-3.368865  -3.4798393 -3.2505147], time: 0.0946s
Iteration 3750: total loss -9.5472, losses: [0.017536554485559464, 0.0013878130121156573, 0.015756919980049133], weights: [-3.537038  -3.7244284 -3.4377909], time: 0.0513s
Iteration 4000: total loss -9.9458, losses: [0.01733509451150894, 0.0012932081008329988, 0.015074354596436024], weights: [-3.6836092 -3.9680755 -3.6119983], time: 0.0598s
Iteration 4250: total loss -10.3103, losses: [0.017293324694037437, 0.0011333805741742253, 0.014340703375637531], weights: [-3.8045893 -4.2109146 -3.7730737], time: 0.0431s
Iteration 4500: total loss -10.5744, losses: [0.017779536545276642, 0.0015997476875782013, 0.013522475026547909], weights: [-3.8955715 -4.4528933 -3.9211714], time: 0.0415s
Iteration 4750: total loss -10.9608, losses: [0.018013326451182365, 0.0008284060750156641, 0.012351980432868004], weights: [-3.9526274 -4.6941085 -4.0592456], time: 0.0636s
{
  "u": {
    "rmse": 0.16688261493186382,
    "mae": 0.10812618543248952,
    "maximum_absolute": 0.8740290333391378,
    "relative_l2": 0.28732973807107076
  },
  "v": {
    "rmse": 0.17982913267492961,
    "mae": 0.10410866459486082,
    "maximum_absolute": 1.3346786016759635,
    "relative_l2": 0.3769639858823698
  }
}
Plot with: python /home/esterci/Repositorios/ppgmc/Evolutionary_Algorithms/work_4/plot_pinn_results.py --run-directory /home/esterci/Repositorios/ppgmc/Evolutionary_Algorithms/work_4/studies/pinn_pair_1788963619775820198/runs/confirm_h32x3_lr1e3_s2030_pinn/1788965333039356800
