Artifacts: /home/esterci/Repositorios/ppgmc/Evolutionary_Algorithms/work_4/studies/pinn_pair_1788963619775820198/runs/screen_h32x3_lr3e3_s2026_pinn/1788964089063021947
Smoke-test losses: {'Initial': 0.7936153411865234, 'Boundary': 0.045747462660074234, 'PDE': 0.5973475575447083}
Iteration 0: total loss 1.4367, losses: [0.7936153411865234, 0.045747462660074234, 0.5973475575447083], weights: [-0.003 -0.003 -0.003], time: 0.0531s
Iteration 250: total loss -1.7961, losses: [0.1973535418510437, 0.010800515301525593, 0.003238364588469267], weights: [-0.7226967  -0.7523082  -0.76499754], time: 0.0435s
Iteration 500: total loss -4.0871, losses: [0.059252042323350906, 0.006090199574828148, 0.0247783362865448], weights: [-1.5244038 -1.4971739 -1.4815102], time: 0.0453s
Iteration 750: total loss -6.0095, losses: [0.04147231578826904, 0.0037492343690246344, 0.02393595315515995], weights: [-2.254385  -2.2388856 -2.160947 ], time: 0.0408s
Iteration 1000: total loss -7.6305, losses: [0.03321506083011627, 0.0024070616345852613, 0.02149210311472416], weights: [-2.8517082 -2.9765716 -2.7742672], time: 0.0441s
Iteration 1250: total loss -8.9031, losses: [0.029066937044262886, 0.0017239589942619205, 0.019537100568413734], weights: [-3.2603946 -3.7036965 -3.300017 ], time: 0.0434s
Iteration 1500: total loss -9.9323, losses: [0.03141701593995094, 0.0015590422553941607, 0.013163728639483452], weights: [-3.4387364 -4.409224  -3.758557 ], time: 0.0387s
Iteration 1750: total loss -10.8544, losses: [0.03687209263443947, 0.0008949002949520946, 0.008734575472772121], weights: [-3.3780692 -5.083349  -4.209539 ], time: 0.0378s
{
  "u": {
    "rmse": 0.21063402455297583,
    "mae": 0.14048886971032024,
    "maximum_absolute": 1.1387163330675314,
    "relative_l2": 0.3626586216207854
  },
  "v": {
    "rmse": 0.23201635802334433,
    "mae": 0.14982086067347303,
    "maximum_absolute": 1.481923949175811,
    "relative_l2": 0.4863606347281464
  }
}
Plot with: python /home/esterci/Repositorios/ppgmc/Evolutionary_Algorithms/work_4/plot_pinn_results.py --run-directory /home/esterci/Repositorios/ppgmc/Evolutionary_Algorithms/work_4/studies/pinn_pair_1788963619775820198/runs/screen_h32x3_lr3e3_s2026_pinn/1788964089063021947
