Artifacts: /home/esterci/Repositorios/ppgmc/Evolutionary_Algorithms/work_4/studies/pinn_pair_1788963619775820198/runs/screen_h32x3_lr1e3_s2026_pinn/1788963895074128449
Smoke-test losses: {'Initial': 0.7936153411865234, 'Boundary': 0.045747462660074234, 'PDE': 0.5973475575447083}
Iteration 0: total loss 1.4367, losses: [0.7936153411865234, 0.045747462660074234, 0.5973475575447083], weights: [-0.001 -0.001 -0.001], time: 0.0612s
Iteration 250: total loss -0.4446, losses: [0.24047024548053741, 0.004437526222318411, 0.0008366331458091736], weights: [-0.2565051  -0.25164464 -0.25665486], time: 0.0415s
Iteration 500: total loss -1.1358, losses: [0.21256354451179504, 0.00888037495315075, 0.002011233242228627], weights: [-0.4966238  -0.5006719  -0.50832653], time: 0.0455s
Iteration 750: total loss -2.0089, losses: [0.08883149921894073, 0.006888523697853088, 0.023634256795048714], weights: [-0.76413745 -0.74908143 -0.7540051 ], time: 0.0400s
Iteration 1000: total loss -2.7778, losses: [0.06128133460879326, 0.006417086347937584, 0.023894738405942917], weights: [-1.0430548 -0.9981326 -0.9953444], time: 0.0388s
Iteration 1250: total loss -3.5123, losses: [0.04877064377069473, 0.004837602376937866, 0.024004226550459862], weights: [-1.3123478 -1.2474706 -1.2358074], time: 0.0402s
Iteration 1500: total loss -4.2292, losses: [0.04058431461453438, 0.004079154692590237, 0.022641751915216446], weights: [-1.5722556 -1.4968778 -1.4755336], time: 0.0388s
Iteration 1750: total loss -4.9265, losses: [0.035011306405067444, 0.0036325138062238693, 0.02115657366812229], weights: [-1.8244829 -1.7459582 -1.7139797], time: 0.0396s
{
  "u": {
    "rmse": 0.1934398735737289,
    "mae": 0.12656004563811124,
    "maximum_absolute": 1.1314119030595968,
    "relative_l2": 0.3330546338163123
  },
  "v": {
    "rmse": 0.20063175500503685,
    "mae": 0.12605199971922507,
    "maximum_absolute": 1.3624643797216178,
    "relative_l2": 0.42057115516421356
  }
}
Plot with: python /home/esterci/Repositorios/ppgmc/Evolutionary_Algorithms/work_4/plot_pinn_results.py --run-directory /home/esterci/Repositorios/ppgmc/Evolutionary_Algorithms/work_4/studies/pinn_pair_1788963619775820198/runs/screen_h32x3_lr1e3_s2026_pinn/1788963895074128449
