Artifacts: /home/esterci/Repositorios/ppgmc/Evolutionary_Algorithms/work_4/studies/pinn_pair_1788963619775820198/runs/screen_h32x2_lr1e3_s2026_pinn/1788963722175160231
Smoke-test losses: {'Initial': 0.3573076128959656, 'Boundary': 0.1729082465171814, 'PDE': 0.40387314558029175}
Iteration 0: total loss 0.9341, losses: [0.3573076128959656, 0.1729082465171814, 0.40387314558029175], weights: [-0.001 -0.001 -0.001], time: 0.0698s
Iteration 250: total loss -0.4373, losses: [0.24568109214305878, 0.002122174948453903, 0.0008573245722800493], weights: [-0.25120196 -0.25339785 -0.25503   ], time: 0.0439s
Iteration 500: total loss -1.0962, losses: [0.23924654722213745, 0.004649413749575615, 0.0003329102764837444], weights: [-0.4858489  -0.5037153  -0.50631195], time: 0.0337s
Iteration 750: total loss -1.7516, losses: [0.21841657161712646, 0.007369649596512318, 0.0016437461599707603], weights: [-0.706324   -0.75264984 -0.7568736 ], time: 0.0437s
Iteration 1000: total loss -2.6198, losses: [0.10075316578149796, 0.009875311516225338, 0.020032234489917755], weights: [-0.9688831  -0.99937916 -1.001099  ], time: 0.0294s
Iteration 1250: total loss -3.3671, losses: [0.07177862524986267, 0.006445073522627354, 0.02649502456188202], weights: [-1.2485386 -1.2470868 -1.2381146], time: 0.0462s
Iteration 1500: total loss -4.0550, losses: [0.06172175332903862, 0.005410751793533564, 0.02747788466513157], weights: [-1.514881  -1.4957908 -1.4715087], time: 0.0291s
Iteration 1750: total loss -4.7295, losses: [0.05332058668136597, 0.004592651966959238, 0.02622666023671627], weights: [-1.7663591 -1.7444153 -1.7033755], time: 0.0373s
{
  "u": {
    "rmse": 0.23687007895463427,
    "mae": 0.1609530908458122,
    "maximum_absolute": 1.2464357544542501,
    "relative_l2": 0.4078304847434044
  },
  "v": {
    "rmse": 0.24510055413252854,
    "mae": 0.1606042734910154,
    "maximum_absolute": 1.560859393530822,
    "relative_l2": 0.5137881746601803
  }
}
Plot with: python /home/esterci/Repositorios/ppgmc/Evolutionary_Algorithms/work_4/plot_pinn_results.py --run-directory /home/esterci/Repositorios/ppgmc/Evolutionary_Algorithms/work_4/studies/pinn_pair_1788963619775820198/runs/screen_h32x2_lr1e3_s2026_pinn/1788963722175160231
