Artifacts: /home/esterci/Repositorios/ppgmc/Evolutionary_Algorithms/work_4/studies/pinn_pair_de32_g100_1788968487925081526/runs/confirm_h32x3_lr1e3_s2028_pinn/1788968508245505061
Smoke-test losses: {'Initial': 0.5785903930664062, 'Boundary': 0.016029002144932747, 'PDE': 0.13484057784080505}
Iteration 0: total loss 0.7295, losses: [0.5785903930664062, 0.016029002144932747, 0.13484057784080505], weights: [-0.001 -0.001 -0.001], time: 0.0900s
Iteration 250: total loss -0.4407, losses: [0.23784174025058746, 0.004718900192528963, 0.0006919000297784805], weights: [-0.25147018 -0.2511358  -0.25356945], time: 0.0382s
Iteration 500: total loss -1.2646, losses: [0.11796125769615173, 0.007652654312551022, 0.01895398460328579], weights: [-0.50503963 -0.49942872 -0.5023459 ], time: 0.0587s
Iteration 750: total loss -2.0603, losses: [0.0688939318060875, 0.006163708865642548, 0.024532612413167953], weights: [-0.7843223 -0.7488548 -0.7456987], time: 0.0478s
Iteration 1000: total loss -2.8004, losses: [0.05593178793787956, 0.0049476902931928635, 0.0234793983399868], weights: [-1.0529084  -0.9983708  -0.98872316], time: 0.0421s
Iteration 1250: total loss -3.5218, losses: [0.04581715166568756, 0.0045499010011553764, 0.02341780811548233], weights: [-1.3121036 -1.247646  -1.230987 ], time: 0.0377s
Iteration 1500: total loss -4.2283, losses: [0.03936164081096649, 0.003933415748178959, 0.022151019424200058], weights: [-1.5647259 -1.4967109 -1.4718163], time: 0.0455s
Iteration 1750: total loss -4.9184, losses: [0.03404868394136429, 0.0033769835717976093, 0.02155451662838459], weights: [-1.811768  -1.7456137 -1.7106733], time: 0.0407s
Iteration 2000: total loss -5.5824, losses: [0.03038434498012066, 0.00322510558180511, 0.021248433738946915], weights: [-2.053123  -1.9942875 -1.9468416], time: 0.0397s
Iteration 2250: total loss -6.2305, losses: [0.028122346848249435, 0.0028137522749602795, 0.019568050280213356], weights: [-2.287536  -2.2425435 -2.1793582], time: 0.0417s
Iteration 2500: total loss -6.8423, losses: [0.026245003566145897, 0.0025711089838296175, 0.01902570202946663], weights: [-2.5134425 -2.490263  -2.4071803], time: 0.0654s
Iteration 2750: total loss -7.4168, losses: [0.024721544235944748, 0.0023153333459049463, 0.018894463777542114], weights: [-2.7287378 -2.7374377 -2.628997 ], time: 0.0587s
Iteration 3000: total loss -7.9538, losses: [0.02403855510056019, 0.0020443073008209467, 0.018141355365514755], weights: [-2.9308918 -2.9841201 -2.8432508], time: 0.0473s
Iteration 3250: total loss -8.4477, losses: [0.02356959879398346, 0.001820190460421145, 0.017460796982049942], weights: [-3.1169932 -3.2303188 -3.048543 ], time: 0.0446s
Iteration 3500: total loss -8.9007, losses: [0.023120613768696785, 0.001602628850378096, 0.016877083107829094], weights: [-3.283556  -3.4760413 -3.243703 ], time: 0.0413s
Iteration 3750: total loss -9.3125, losses: [0.022971222177147865, 0.0013978836359456182, 0.016136350110173225], weights: [-3.4265006 -3.7212236 -3.4279125], time: 0.0453s
Iteration 4000: total loss -9.6857, losses: [0.02311772108078003, 0.001220970181748271, 0.015257318504154682], weights: [-3.5407531 -3.9658444 -3.6013396], time: 0.0372s
Iteration 4250: total loss -10.0312, losses: [0.023790307343006134, 0.0010357743594795465, 0.014004774391651154], weights: [-3.6206906 -4.209751  -3.765263 ], time: 0.0444s
Iteration 4500: total loss -10.3531, losses: [0.024904944002628326, 0.000881232088431716, 0.012648157775402069], weights: [-3.66144   -4.453573  -3.9244635], time: 0.0380s
Iteration 4750: total loss -10.6724, losses: [0.026553809642791748, 0.0007325454498641193, 0.01103904191404581], weights: [-3.6591356 -4.6968913 -4.084885 ], time: 0.0712s
Iteration 5000: total loss -10.9856, losses: [0.029174016788601875, 0.0006412597722373903, 0.009216398000717163], weights: [-3.6130843 -4.9397717 -4.2540097], time: 0.0447s
Iteration 5250: total loss -11.3233, losses: [0.03284703195095062, 0.0005004121921956539, 0.007302277255803347], weights: [-3.5277817 -5.182803  -4.441376 ], time: 0.0384s
Iteration 5500: total loss -11.6752, losses: [0.03716256842017174, 0.000384831364499405, 0.0057051582261919975], weights: [-3.411678  -5.4250813 -4.651086 ], time: 0.0413s
Iteration 5750: total loss -11.9911, losses: [0.043330173939466476, 0.00041230814531445503, 0.004305904731154442], weights: [-3.276413  -5.6679416 -4.8839326], time: 0.0385s
Iteration 6000: total loss -12.4264, losses: [0.049108099192380905, 0.00026346268714405596, 0.003097121138125658], weights: [-3.1330287 -5.9096746 -5.1351414], time: 0.0742s
Iteration 6250: total loss -12.4655, losses: [0.05599866807460785, 0.0008797825430519879, 0.002471806015819311], weights: [-2.9906945 -6.150705  -5.3987846], time: 0.0595s
Iteration 6500: total loss -13.2387, losses: [0.06284049153327942, 0.00015462683222722262, 0.001691275043413043], weights: [-2.8547516 -6.390086  -5.6692576], time: 0.0385s
Iteration 6750: total loss -13.6269, losses: [0.07091589272022247, 0.0001449563424102962, 0.0012369416654109955], weights: [-2.727788  -6.625224  -5.9390993], time: 0.0727s
Iteration 7000: total loss -13.8102, losses: [0.07825375348329544, 0.0003001670411322266, 0.001037653419189155], weights: [-2.6110713 -6.8591986 -6.2074666], time: 0.0414s
Iteration 7250: total loss -14.4586, losses: [0.08588892966508865, 7.387503137579188e-05, 0.0007202509441412985], weights: [-2.5044012 -7.088844  -6.472517 ], time: 0.0412s
Iteration 7500: total loss -14.8259, losses: [0.09418760985136032, 7.595018541906029e-05, 0.0005558437551371753], weights: [-2.4067125 -7.3149986 -6.730609 ], time: 0.0404s
Iteration 7750: total loss -15.0250, losses: [0.10182379186153412, 0.00013322648010216653, 0.00048530209460295737], weights: [-2.3175662 -7.530687  -6.9830174], time: 0.0379s
Iteration 8000: total loss -14.9138, losses: [0.11094169318675995, 0.00031498054158873856, 0.00038315821439027786], weights: [-2.2371657 -7.7396784 -7.2283177], time: 0.0409s
{
  "u": {
    "rmse": 0.28149644363620563,
    "mae": 0.19023516685329944,
    "maximum_absolute": 1.3133235885630752,
    "relative_l2": 0.4846658200493333
  },
  "v": {
    "rmse": 0.2812943247047156,
    "mae": 0.18785583235023579,
    "maximum_absolute": 1.5999094659623863,
    "relative_l2": 0.5896587959330247
  }
}
Plot with: python /home/esterci/Repositorios/ppgmc/Evolutionary_Algorithms/work_4/plot_pinn_results.py --run-directory /home/esterci/Repositorios/ppgmc/Evolutionary_Algorithms/work_4/studies/pinn_pair_de32_g100_1788968487925081526/runs/confirm_h32x3_lr1e3_s2028_pinn/1788968508245505061
