Artifacts: /home/esterci/Repositorios/ppgmc/Evolutionary_Algorithms/work_4/studies/pinn_pair_de32_g100_1788968487925081526/runs/confirm_h32x3_lr1e3_s2029_pinn/1788969224025669215
Smoke-test losses: {'Initial': 0.6613412499427795, 'Boundary': 0.023672275245189667, 'PDE': 0.435870498418808}
Iteration 0: total loss 1.1209, losses: [0.6613412499427795, 0.023672275245189667, 0.435870498418808], weights: [-0.001 -0.001 -0.001], time: 0.0580s
Iteration 250: total loss -0.4493, losses: [0.23210202157497406, 0.006201636511832476, 0.0007923317607492208], weights: [-0.253374   -0.2511692  -0.25549364], time: 0.0757s
Iteration 500: total loss -1.2634, losses: [0.12155668437480927, 0.008766206912696362, 0.019854120910167694], weights: [-0.5130618  -0.49946767 -0.5040117 ], time: 0.0459s
Iteration 750: total loss -2.0503, losses: [0.07578456401824951, 0.006756637245416641, 0.022690212354063988], weights: [-0.7834107  -0.74893445 -0.7488839 ], time: 0.0523s
Iteration 1000: total loss -2.7895, losses: [0.05860103294253349, 0.00575533602386713, 0.02384878695011139], weights: [-1.049021  -0.9982649 -0.9922202], time: 0.0559s
Iteration 1250: total loss -3.5184, losses: [0.04703298211097717, 0.005111736711114645, 0.022449608892202377], weights: [-1.3079011 -1.2473624 -1.234775 ], time: 0.0785s
Iteration 1500: total loss -4.2322, losses: [0.039173390716314316, 0.004033937584608793, 0.02165241912007332], weights: [-1.5617774 -1.4964913 -1.4760798], time: 0.0396s
Iteration 1750: total loss -4.9212, losses: [0.03492341190576553, 0.0032836939208209515, 0.020607763901352882], weights: [-1.8092984 -1.7457801 -1.7153004], time: 0.0482s
Iteration 2000: total loss -5.5889, losses: [0.031505584716796875, 0.0026894365437328815, 0.01998266577720642], weights: [-2.0497842 -1.9951098 -1.951662 ], time: 0.0449s
Iteration 2250: total loss -6.2285, losses: [0.02891561947762966, 0.002405590144917369, 0.019599134102463722], weights: [-2.2830074 -2.2441704 -2.184014 ], time: 0.0425s
Iteration 2500: total loss -6.8374, losses: [0.026849374175071716, 0.002173254732042551, 0.019383864477276802], weights: [-2.5077126 -2.4927018 -2.4112003], time: 0.0642s
Iteration 2750: total loss -7.4132, losses: [0.02519671618938446, 0.0018966114148497581, 0.019211413338780403], weights: [-2.7221854 -2.7407458 -2.6321974], time: 0.0414s
Iteration 3000: total loss -7.9570, losses: [0.024282414466142654, 0.0016846086364239454, 0.018233971670269966], weights: [-2.9244528 -2.988394  -2.8456368], time: 0.0436s
Iteration 3250: total loss -8.4622, losses: [0.02354510873556137, 0.0015081965830177069, 0.01737232506275177], weights: [-3.1123345 -3.2356594 -3.05057  ], time: 0.0439s
Iteration 3500: total loss -8.9236, losses: [0.02297082729637623, 0.0013971173902973533, 0.016665907576680183], weights: [-3.282756  -3.4823325 -3.2457147], time: 0.0553s
Iteration 3750: total loss -9.3483, losses: [0.022756868973374367, 0.0013419457245618105, 0.01559214573353529], weights: [-3.4325323 -3.7284305 -3.4310644], time: 0.0511s
Iteration 4000: total loss -9.7655, losses: [0.022071445360779762, 0.0010841838084161282, 0.01463798526674509], weights: [-3.5578425 -3.9735203 -3.6071503], time: 0.0501s
Iteration 4250: total loss -10.1372, losses: [0.021791759878396988, 0.0009599094046279788, 0.013799176551401615], weights: [-3.6547341 -4.217663  -3.7756503], time: 0.0815s
Iteration 4500: total loss -10.4934, losses: [0.02257525734603405, 0.0008504262077622116, 0.012063023634254932], weights: [-3.718143 -4.460642 -3.938623], time: 0.0522s
Iteration 4750: total loss -10.8309, losses: [0.023470981046557426, 0.0007328673964366317, 0.010650502517819405], weights: [-3.7440612 -4.7031    -4.1012406], time: 0.0448s
Iteration 5000: total loss -11.1500, losses: [0.025369245558977127, 0.0006653210148215294, 0.008983583189547062], weights: [-3.7293658 -4.945003  -4.2685614], time: 0.0419s
Iteration 5250: total loss -11.4780, losses: [0.02769559435546398, 0.0005597296403720975, 0.007454802747815847], weights: [-3.6744933 -5.1861777 -4.446852 ], time: 0.0562s
Iteration 5500: total loss -11.8241, losses: [0.030690139159560204, 0.000423597201006487, 0.006029857322573662], weights: [-3.5843685 -5.4268017 -4.6416817], time: 0.0549s
Iteration 5750: total loss -12.1632, losses: [0.03484411537647247, 0.0003759556566365063, 0.004664468578994274], weights: [-3.4679673 -5.6663227 -4.8554153], time: 0.0483s
Iteration 6000: total loss -12.5354, losses: [0.03962062671780586, 0.0002825050032697618, 0.0035534470807760954], weights: [-3.3361883 -5.9064064 -5.0872283], time: 0.0480s
Iteration 6250: total loss -12.5252, losses: [0.04480202496051788, 0.000972711481153965, 0.002898250939324498], weights: [-3.199274 -6.146521 -5.333324], time: 0.0785s
Iteration 6500: total loss -12.7236, losses: [0.050891369581222534, 0.000881678017321974, 0.002614154014736414], weights: [-3.0633993 -6.3815103 -5.5877504], time: 0.0552s
Iteration 6750: total loss -13.6552, losses: [0.05723917484283447, 0.00016483492800034583, 0.0015590995317324996], weights: [-2.9339814 -6.6158457 -5.8445077], time: 0.0509s
Iteration 7000: total loss -13.8738, losses: [0.0643744096159935, 0.0002817919885274023, 0.001235823379829526], weights: [-2.8135648 -6.850204  -6.102369 ], time: 0.0725s
Iteration 7250: total loss -14.4095, losses: [0.07041661441326141, 0.00011688709491863847, 0.0009290803573094308], weights: [-2.7014706 -7.077215  -6.3540974], time: 0.0438s
Iteration 7500: total loss -14.7745, losses: [0.07768332958221436, 9.864576713880524e-05, 0.0007222091080620885], weights: [-2.600015  -7.2976384 -6.6013136], time: 0.0421s
Iteration 7750: total loss -15.1414, losses: [0.08437035977840424, 8.099187834886834e-05, 0.0005795989418402314], weights: [-2.5075278 -7.520875  -6.8424487], time: 0.0426s
Iteration 8000: total loss -15.4010, losses: [0.09109976142644882, 9.613956353859976e-05, 0.0004878746985923499], weights: [-2.421208  -7.7245255 -7.0784497], time: 0.0418s
{
  "u": {
    "rmse": 0.2504036030461329,
    "mae": 0.16884472449826735,
    "maximum_absolute": 1.2606781651140402,
    "relative_l2": 0.431131797069895
  },
  "v": {
    "rmse": 0.27458300009963493,
    "mae": 0.18068741700260718,
    "maximum_absolute": 1.6492811555204154,
    "relative_l2": 0.5755902874769733
  }
}
Plot with: python /home/esterci/Repositorios/ppgmc/Evolutionary_Algorithms/work_4/plot_pinn_results.py --run-directory /home/esterci/Repositorios/ppgmc/Evolutionary_Algorithms/work_4/studies/pinn_pair_de32_g100_1788968487925081526/runs/confirm_h32x3_lr1e3_s2029_pinn/1788969224025669215
