Artifacts: /home/esterci/Repositorios/ppgmc/Evolutionary_Algorithms/work_4/studies/loss_weight_study_1789517416095557065/runs/seed_2029_none/1789520693492564260
DE: 400 generations, 32 individuals, 12832 fitness evaluations, 3362 parameters; then 16168 Adam epochs.
DE generation 0: best fitness 54.163403, fixed reference 54.163402, accepted 0/32, evaluations 32
DE generation 10: best fitness 49.924191, fixed reference 49.92419, accepted 3/32, evaluations 352
DE generation 20: best fitness 47.52034, fixed reference 47.520341, accepted 3/32, evaluations 672
DE generation 30: best fitness 46.100235, fixed reference 46.100235, accepted 2/32, evaluations 992
DE generation 40: best fitness 43.415165, fixed reference 43.415163, accepted 0/32, evaluations 1312
DE generation 50: best fitness 43.415165, fixed reference 43.415163, accepted 4/32, evaluations 1632
DE generation 60: best fitness 43.415165, fixed reference 43.415163, accepted 0/32, evaluations 1952
DE generation 70: best fitness 43.415165, fixed reference 43.415163, accepted 0/32, evaluations 2272
DE generation 80: best fitness 42.759941, fixed reference 42.759941, accepted 1/32, evaluations 2592
DE generation 90: best fitness 41.687767, fixed reference 41.687766, accepted 2/32, evaluations 2912
DE generation 100: best fitness 41.687767, fixed reference 41.687766, accepted 1/32, evaluations 3232
DE generation 110: best fitness 41.687767, fixed reference 41.687766, accepted 0/32, evaluations 3552
DE generation 120: best fitness 40.693317, fixed reference 40.693317, accepted 1/32, evaluations 3872
DE generation 130: best fitness 40.693317, fixed reference 40.693317, accepted 2/32, evaluations 4192
DE generation 140: best fitness 40.693317, fixed reference 40.693317, accepted 3/32, evaluations 4512
DE generation 150: best fitness 38.554775, fixed reference 38.554775, accepted 0/32, evaluations 4832
DE generation 160: best fitness 38.085701, fixed reference 38.0857, accepted 3/32, evaluations 5152
DE generation 170: best fitness 36.761986, fixed reference 36.761985, accepted 0/32, evaluations 5472
DE generation 180: best fitness 35.948235, fixed reference 35.948235, accepted 3/32, evaluations 5792
DE generation 190: best fitness 34.78075, fixed reference 34.780752, accepted 1/32, evaluations 6112
DE generation 200: best fitness 34.78075, fixed reference 34.780752, accepted 3/32, evaluations 6432
DE generation 210: best fitness 33.625378, fixed reference 33.625376, accepted 2/32, evaluations 6752
DE generation 220: best fitness 33.625378, fixed reference 33.625376, accepted 0/32, evaluations 7072
DE generation 230: best fitness 33.625378, fixed reference 33.625376, accepted 2/32, evaluations 7392
DE generation 240: best fitness 33.625378, fixed reference 33.625376, accepted 1/32, evaluations 7712
DE generation 250: best fitness 32.988171, fixed reference 32.988172, accepted 1/32, evaluations 8032
DE generation 260: best fitness 32.486443, fixed reference 32.486443, accepted 3/32, evaluations 8352
DE generation 270: best fitness 32.038494, fixed reference 32.038496, accepted 1/32, evaluations 8672
DE generation 280: best fitness 32.038494, fixed reference 32.038496, accepted 1/32, evaluations 8992
DE generation 290: best fitness 32.038494, fixed reference 32.038496, accepted 1/32, evaluations 9312
DE generation 300: best fitness 32.038494, fixed reference 32.038496, accepted 1/32, evaluations 9632
DE generation 310: best fitness 32.038494, fixed reference 32.038496, accepted 2/32, evaluations 9952
DE generation 320: best fitness 32.029957, fixed reference 32.029956, accepted 0/32, evaluations 10272
DE generation 330: best fitness 30.886045, fixed reference 30.886046, accepted 1/32, evaluations 10592
DE generation 340: best fitness 30.886045, fixed reference 30.886046, accepted 2/32, evaluations 10912
DE generation 350: best fitness 30.747776, fixed reference 30.747775, accepted 0/32, evaluations 11232
DE generation 360: best fitness 30.747776, fixed reference 30.747775, accepted 1/32, evaluations 11552
DE generation 370: best fitness 30.36268, fixed reference 30.36268, accepted 1/32, evaluations 11872
DE generation 380: best fitness 30.36268, fixed reference 30.36268, accepted 0/32, evaluations 12192
DE generation 390: best fitness 30.36268, fixed reference 30.36268, accepted 0/32, evaluations 12512
DE generation 400: best fitness 30.36268, fixed reference 30.36268, accepted 1/32, evaluations 12832
DE best fitness: 30.36268; starting Adam.
Iteration 0: total loss 30.36268044, losses: [25.44896697998047, 1.7706012725830078, 3.1431126594543457], time: 0.1143s
Iteration 250: total loss 15.26151657, losses: [11.79533863067627, 1.7401506900787354, 1.7260276079177856], time: 0.0445s
Iteration 500: total loss 12.44684410, losses: [8.640789985656738, 1.19369375705719, 2.6123597621917725], time: 0.0619s
Iteration 750: total loss 10.97072220, losses: [7.174154281616211, 1.0555860996246338, 2.7409820556640625], time: 0.0765s
Iteration 1000: total loss 9.33322811, losses: [5.984593868255615, 0.7649037837982178, 2.583730936050415], time: 0.0479s
Iteration 1250: total loss 9.22952557, losses: [5.8260979652404785, 0.6900252103805542, 2.713402032852173], time: 0.0416s
Iteration 1500: total loss 8.66457558, losses: [5.391730308532715, 0.5756044983863831, 2.6972408294677734], time: 0.0435s
Iteration 1750: total loss 8.29813480, losses: [5.00299596786499, 0.6252250075340271, 2.6699135303497314], time: 0.0426s
Iteration 2000: total loss 7.88967609, losses: [4.802217483520508, 0.534493625164032, 2.552964925765991], time: 0.0506s
Iteration 2250: total loss 7.37897778, losses: [4.4446587562561035, 0.4713820815086365, 2.4629366397857666], time: 0.0547s
Iteration 2500: total loss 7.22014761, losses: [4.349948406219482, 0.4444026052951813, 2.4257965087890625], time: 0.0533s
Iteration 2750: total loss 7.34699726, losses: [4.382993221282959, 0.5366324782371521, 2.4273715019226074], time: 0.0607s
Iteration 3000: total loss 6.92636204, losses: [4.055926322937012, 0.5273305177688599, 2.3431050777435303], time: 0.0519s
Iteration 3250: total loss 6.55978918, losses: [3.828012228012085, 0.45542997121810913, 2.2763471603393555], time: 0.0718s
Iteration 3500: total loss 6.41203308, losses: [3.671203136444092, 0.4318903684616089, 2.3089396953582764], time: 0.0659s
Iteration 3750: total loss 6.59776020, losses: [3.6463520526885986, 0.3941006064414978, 2.557307481765747], time: 0.0428s
Iteration 4000: total loss 6.19891357, losses: [3.5468811988830566, 0.3994404673576355, 2.252592086791992], time: 0.0581s
Early stopping after 4018 iterations: no improvement greater than 1e-05 for 300 evaluations.
{
  "u": {
    "rmse": 0.20715877472894148,
    "mae": 0.1396410461756616,
    "maximum_absolute": 1.1062158276201437,
    "relative_l2": 0.35667511865327134
  },
  "v": {
    "rmse": 0.22386430892972678,
    "mae": 0.13855374278046256,
    "maximum_absolute": 1.5661348516282798,
    "relative_l2": 0.46927203026385284
  }
}
Plot with: python -m utils.plot_pinn_results --run-directory /home/esterci/Repositorios/ppgmc/Evolutionary_Algorithms/work_4/studies/loss_weight_study_1789517416095557065/runs/seed_2029_none/1789520693492564260
