Artifacts: /home/esterci/Repositorios/ppgmc/Evolutionary_Algorithms/work_4/studies/loss_weight_study_1789517416095557065/runs/seed_2029_de/1789521247812343389
DE: 400 generations, 32 individuals, 12832 fitness evaluations, 3365 parameters; then 16168 Adam epochs.
DE generation 0: best fitness 28.898569, fixed reference 0.43656663, accepted 0/32, evaluations 32
DE generation 10: best fitness 28.898569, fixed reference 0.43656663, accepted 4/32, evaluations 352
DE generation 20: best fitness 28.898569, fixed reference 0.43656663, accepted 0/32, evaluations 672
DE generation 30: best fitness 26.976259, fixed reference 0.41397696, accepted 3/32, evaluations 992
DE generation 40: best fitness 25.066971, fixed reference 0.52551041, accepted 2/32, evaluations 1312
DE generation 50: best fitness 23.427725, fixed reference 0.5735887, accepted 2/32, evaluations 1632
DE generation 60: best fitness 20.656319, fixed reference 0.52337556, accepted 3/32, evaluations 1952
DE generation 70: best fitness 19.83577, fixed reference 0.50902987, accepted 3/32, evaluations 2272
DE generation 80: best fitness 18.153637, fixed reference 0.48572969, accepted 5/32, evaluations 2592
DE generation 90: best fitness 17.393749, fixed reference 0.43239991, accepted 0/32, evaluations 2912
DE generation 100: best fitness 16.669899, fixed reference 0.42137229, accepted 3/32, evaluations 3232
DE generation 110: best fitness 16.669899, fixed reference 0.42137229, accepted 0/32, evaluations 3552
DE generation 120: best fitness 15.286757, fixed reference 0.42926625, accepted 0/32, evaluations 3872
DE generation 130: best fitness 14.938696, fixed reference 0.42732471, accepted 1/32, evaluations 4192
DE generation 140: best fitness 10.695504, fixed reference 0.51032, accepted 2/32, evaluations 4512
DE generation 150: best fitness 10.031724, fixed reference 0.44751328, accepted 0/32, evaluations 4832
DE generation 160: best fitness 8.1880827, fixed reference 0.47758, accepted 1/32, evaluations 5152
DE generation 170: best fitness 7.4904504, fixed reference 0.41585253, accepted 3/32, evaluations 5472
DE generation 180: best fitness 6.0122843, fixed reference 0.43520011, accepted 0/32, evaluations 5792
DE generation 190: best fitness 4.5685878, fixed reference 0.42366228, accepted 3/32, evaluations 6112
DE generation 200: best fitness 1.8045576, fixed reference 0.38709448, accepted 0/32, evaluations 6432
DE generation 210: best fitness 1.8045576, fixed reference 0.38709448, accepted 2/32, evaluations 6752
DE generation 220: best fitness 1.8045576, fixed reference 0.38709448, accepted 1/32, evaluations 7072
DE generation 230: best fitness 1.8045576, fixed reference 0.38709448, accepted 1/32, evaluations 7392
DE generation 240: best fitness 1.8045576, fixed reference 0.38709448, accepted 2/32, evaluations 7712
DE generation 250: best fitness 1.5068901, fixed reference 0.41490608, accepted 0/32, evaluations 8032
DE generation 260: best fitness -1.6476938, fixed reference 0.43800084, accepted 2/32, evaluations 8352
DE generation 270: best fitness -3.4246593, fixed reference 0.40341476, accepted 0/32, evaluations 8672
DE generation 280: best fitness -3.4246593, fixed reference 0.40341476, accepted 2/32, evaluations 8992
DE generation 290: best fitness -3.7227225, fixed reference 0.40661259, accepted 1/32, evaluations 9312
DE generation 300: best fitness -3.7227225, fixed reference 0.40661259, accepted 1/32, evaluations 9632
DE generation 310: best fitness -3.7227225, fixed reference 0.40661259, accepted 1/32, evaluations 9952
DE generation 320: best fitness -3.9825072, fixed reference 0.38570599, accepted 3/32, evaluations 10272
DE generation 330: best fitness -3.9825072, fixed reference 0.38570599, accepted 2/32, evaluations 10592
DE generation 340: best fitness -3.9825072, fixed reference 0.38570599, accepted 1/32, evaluations 10912
DE generation 350: best fitness -3.9825072, fixed reference 0.38570599, accepted 2/32, evaluations 11232
DE generation 360: best fitness -3.9825072, fixed reference 0.38570599, accepted 1/32, evaluations 11552
DE generation 370: best fitness -3.9825072, fixed reference 0.38570599, accepted 3/32, evaluations 11872
DE generation 380: best fitness -3.9825072, fixed reference 0.38570599, accepted 1/32, evaluations 12192
DE generation 390: best fitness -3.9825072, fixed reference 0.38570599, accepted 0/32, evaluations 12512
DE generation 400: best fitness -4.0230579, fixed reference 0.39658743, accepted 1/32, evaluations 12832
DE best fitness: -4.0230579; starting Adam.
Iteration 0: total loss -4.0231, losses: [0.3351837992668152, 0.028339562937617302, 0.033064067363739014], weights: [-1.7719475 -4.2072897 -4.259682 ], time: 0.0850s
Iteration 250: total loss -8.8035, losses: [0.22666917741298676, 0.0008799603674560785, 0.0006074077100493014], weights: [-1.7719475 -4.2072897 -4.259682 ], time: 0.0830s
Iteration 500: total loss -8.8404, losses: [0.22388111054897308, 0.0006819896516390145, 0.000505660951603204], weights: [-1.7719475 -4.2072897 -4.259682 ], time: 0.0377s
Iteration 750: total loss -8.9049, losses: [0.21424758434295654, 0.000499554502312094, 0.0005682971677742898], weights: [-1.7719475 -4.2072897 -4.259682 ], time: 0.0448s
Iteration 1000: total loss -8.9637, losses: [0.20122182369232178, 0.0005890639731660485, 0.000734642380848527], weights: [-1.7719475 -4.2072897 -4.259682 ], time: 0.0634s
Iteration 1250: total loss -8.9384, losses: [0.20439966022968292, 0.0007037773029878736, 0.0007190456963144243], weights: [-1.7719475 -4.2072897 -4.259682 ], time: 0.0397s
Early stopping after 1324 iterations: no improvement greater than 1e-05 for 300 evaluations.
{
  "u": {
    "rmse": 0.36399603380459694,
    "mae": 0.2921943549617994,
    "maximum_absolute": 1.5617886497508193,
    "relative_l2": 0.6267092896086571
  },
  "v": {
    "rmse": 0.4014008725058373,
    "mae": 0.304717128234643,
    "maximum_absolute": 1.693056624585128,
    "relative_l2": 0.841430254295812
  }
}
Plot with: python -m utils.plot_pinn_results --run-directory /home/esterci/Repositorios/ppgmc/Evolutionary_Algorithms/work_4/studies/loss_weight_study_1789517416095557065/runs/seed_2029_de/1789521247812343389
