Artifacts: /home/esterci/Repositorios/ppgmc/Evolutionary_Algorithms/work_4/studies/loss_weight_study_1789517416095557065/runs/seed_2028_de/1789517419670436057
DE: 400 generations, 32 individuals, 12832 fitness evaluations, 3365 parameters; then 16168 Adam epochs.
DE generation 0: best fitness 38.613853, fixed reference 0.50279108, accepted 0/32, evaluations 32
DE generation 10: best fitness 23.513069, fixed reference 0.54775838, accepted 4/32, evaluations 352
DE generation 20: best fitness 19.842316, fixed reference 0.44433577, accepted 5/32, evaluations 672
DE generation 30: best fitness 19.842316, fixed reference 0.44433577, accepted 1/32, evaluations 992
DE generation 40: best fitness 13.684315, fixed reference 0.35201694, accepted 2/32, evaluations 1312
DE generation 50: best fitness 12.460947, fixed reference 0.33679518, accepted 2/32, evaluations 1632
DE generation 60: best fitness 12.460947, fixed reference 0.33679518, accepted 2/32, evaluations 1952
DE generation 70: best fitness 12.460947, fixed reference 0.33679518, accepted 4/32, evaluations 2272
DE generation 80: best fitness 11.504793, fixed reference 0.32522233, accepted 2/32, evaluations 2592
DE generation 90: best fitness 10.889642, fixed reference 0.46693208, accepted 3/32, evaluations 2912
DE generation 100: best fitness 8.1939287, fixed reference 0.49234963, accepted 0/32, evaluations 3232
DE generation 110: best fitness 7.3563728, fixed reference 0.37946708, accepted 2/32, evaluations 3552
DE generation 120: best fitness 7.3563728, fixed reference 0.37946708, accepted 1/32, evaluations 3872
DE generation 130: best fitness 5.4806647, fixed reference 0.40264232, accepted 3/32, evaluations 4192
DE generation 140: best fitness 5.4806647, fixed reference 0.40264232, accepted 3/32, evaluations 4512
DE generation 150: best fitness 5.3970408, fixed reference 0.42981402, accepted 1/32, evaluations 4832
DE generation 160: best fitness 3.6241345, fixed reference 0.36318295, accepted 1/32, evaluations 5152
DE generation 170: best fitness 3.4180615, fixed reference 0.35461346, accepted 2/32, evaluations 5472
DE generation 180: best fitness 3.3194947, fixed reference 0.31727924, accepted 1/32, evaluations 5792
DE generation 190: best fitness 2.3690221, fixed reference 0.30269137, accepted 3/32, evaluations 6112
DE generation 200: best fitness 1.8343742, fixed reference 0.31349802, accepted 4/32, evaluations 6432
DE generation 210: best fitness 1.5708833, fixed reference 0.3058536, accepted 1/32, evaluations 6752
DE generation 220: best fitness 1.383029, fixed reference 0.29693088, accepted 1/32, evaluations 7072
DE generation 230: best fitness 1.383029, fixed reference 0.29693088, accepted 1/32, evaluations 7392
DE generation 240: best fitness 0.53066254, fixed reference 0.29661762, accepted 0/32, evaluations 7712
DE generation 250: best fitness 0.53066254, fixed reference 0.29661762, accepted 4/32, evaluations 8032
DE generation 260: best fitness 0.53066254, fixed reference 0.29661762, accepted 0/32, evaluations 8352
DE generation 270: best fitness 0.53066254, fixed reference 0.29661762, accepted 3/32, evaluations 8672
DE generation 280: best fitness 0.53066254, fixed reference 0.29661762, accepted 0/32, evaluations 8992
DE generation 290: best fitness 0.41413927, fixed reference 0.29494282, accepted 1/32, evaluations 9312
DE generation 300: best fitness 0.11200082, fixed reference 0.36480341, accepted 3/32, evaluations 9632
DE generation 310: best fitness -0.16931272, fixed reference 0.36949105, accepted 4/32, evaluations 9952
DE generation 320: best fitness -0.16931272, fixed reference 0.36949105, accepted 1/32, evaluations 10272
DE generation 330: best fitness -3.4980645, fixed reference 0.32146219, accepted 0/32, evaluations 10592
DE generation 340: best fitness -3.6491978, fixed reference 0.31077064, accepted 1/32, evaluations 10912
DE generation 350: best fitness -3.6491978, fixed reference 0.31077064, accepted 2/32, evaluations 11232
DE generation 360: best fitness -3.6491978, fixed reference 0.31077064, accepted 1/32, evaluations 11552
DE generation 370: best fitness -3.6657543, fixed reference 0.3092234, accepted 4/32, evaluations 11872
DE generation 380: best fitness -3.7583821, fixed reference 0.30997593, accepted 1/32, evaluations 12192
DE generation 390: best fitness -3.7942674, fixed reference 0.30739245, accepted 2/32, evaluations 12512
DE generation 400: best fitness -3.7942674, fixed reference 0.30739245, accepted 2/32, evaluations 12832
DE best fitness: -3.7942674; starting Adam.
Iteration 0: total loss -3.7943, losses: [0.2538197636604309, 0.01098210085183382, 0.042590588331222534], weights: [-2.9229355 -4.124789  -3.0090497], time: 0.0962s
Iteration 250: total loss -6.0766, losses: [0.19219744205474854, 0.004679132252931595, 0.005758216604590416], weights: [-2.9229355 -4.124789  -3.0090497], time: 0.0410s
Iteration 500: total loss -7.2219, losses: [0.119005486369133, 0.003960968926548958, 0.018594639375805855], weights: [-2.9229355 -4.124789  -3.0090497], time: 0.0467s
Iteration 750: total loss -7.5671, losses: [0.09582383930683136, 0.0035258312709629536, 0.024161338806152344], weights: [-2.9229355 -4.124789  -3.0090497], time: 0.0520s
Iteration 1000: total loss -7.8291, losses: [0.08522901684045792, 0.0024031465873122215, 0.024381456896662712], weights: [-2.9229355 -4.124789  -3.0090497], time: 0.0468s
Iteration 1250: total loss -8.0461, losses: [0.07376515120267868, 0.0021173865534365177, 0.02506278268992901], weights: [-2.9229355 -4.124789  -3.0090497], time: 0.0578s
Iteration 1500: total loss -8.1778, losses: [0.06790822744369507, 0.0019310190109536052, 0.024509655311703682], weights: [-2.9229355 -4.124789  -3.0090497], time: 0.0425s
Iteration 1750: total loss -8.3160, losses: [0.06192513555288315, 0.0017438841750845313, 0.023749355226755142], weights: [-2.9229355 -4.124789  -3.0090497], time: 0.0414s
Iteration 2000: total loss -8.4081, losses: [0.05770772695541382, 0.001537338481284678, 0.023704471066594124], weights: [-2.9229355 -4.124789  -3.0090497], time: 0.0860s
Iteration 2250: total loss -8.5052, losses: [0.053315240889787674, 0.0013871468836441636, 0.02340465784072876], weights: [-2.9229355 -4.124789  -3.0090497], time: 0.0410s
Iteration 2500: total loss -8.5469, losses: [0.051727861166000366, 0.001416487735696137, 0.0227118618786335], weights: [-2.9229355 -4.124789  -3.0090497], time: 0.0416s
Iteration 2750: total loss -8.6230, losses: [0.04839828982949257, 0.0013928451808169484, 0.022082967683672905], weights: [-2.9229355 -4.124789  -3.0090497], time: 0.0484s
Iteration 3000: total loss -8.6417, losses: [0.04760358855128288, 0.0015447286423295736, 0.02142610400915146], weights: [-2.9229355 -4.124789  -3.0090497], time: 0.0503s
Iteration 3250: total loss -8.6932, losses: [0.04597170650959015, 0.0013954530004411936, 0.020839164033532143], weights: [-2.9229355 -4.124789  -3.0090497], time: 0.0476s
Iteration 3500: total loss -8.7306, losses: [0.04454588145017624, 0.0013548231218010187, 0.020427042618393898], weights: [-2.9229355 -4.124789  -3.0090497], time: 0.0578s
Iteration 3750: total loss -8.7690, losses: [0.04288438707590103, 0.0013957611517980695, 0.01992894522845745], weights: [-2.9229355 -4.124789  -3.0090497], time: 0.0504s
Iteration 4000: total loss -8.8015, losses: [0.04160720109939575, 0.0014046886935830116, 0.019474580883979797], weights: [-2.9229355 -4.124789  -3.0090497], time: 0.0474s
Iteration 4250: total loss -8.8344, losses: [0.03989233449101448, 0.0013875840231776237, 0.01947249099612236], weights: [-2.9229355 -4.124789  -3.0090497], time: 0.0562s
Iteration 4500: total loss -8.8279, losses: [0.03959808871150017, 0.0015966658247634768, 0.01942748762667179], weights: [-2.9229355 -4.124789  -3.0090497], time: 0.0452s
Iteration 4750: total loss -8.8736, losses: [0.038331083953380585, 0.001267104409635067, 0.019343025982379913], weights: [-2.9229355 -4.124789  -3.0090497], time: 0.0435s
Iteration 5000: total loss -8.8356, losses: [0.03901337459683418, 0.0016801090678200126, 0.019330158829689026], weights: [-2.9229355 -4.124789  -3.0090497], time: 0.0459s
Early stopping after 5102 iterations: no improvement greater than 1e-05 for 300 evaluations.
{
  "u": {
    "rmse": 0.20950241159308688,
    "mae": 0.1375325839331853,
    "maximum_absolute": 1.1920332242609213,
    "relative_l2": 0.3607102697478508
  },
  "v": {
    "rmse": 0.22413773843675613,
    "mae": 0.1417092717636375,
    "maximum_absolute": 1.5366287941274406,
    "relative_l2": 0.46984520255965617
  }
}
Plot with: python -m utils.plot_pinn_results --run-directory /home/esterci/Repositorios/ppgmc/Evolutionary_Algorithms/work_4/studies/loss_weight_study_1789517416095557065/runs/seed_2028_de/1789517419670436057
