Artifacts: /home/thiago.esterci/Repositories/Evolutionary_Algorithms/work_4/studies/loss_weight_study_1789587361856613637/runs/seed_2034_none/1789595359723021337
DE: 400 generations, 32 individuals, 12832 fitness evaluations, 17026 parameters; then 16168 Adam epochs.
DE generation 0: best fitness 4.7128487, fixed reference 4.7128486, accepted 0/32, evaluations 32
DE generation 10: best fitness 4.7128487, fixed reference 4.7128486, accepted 2/32, evaluations 352
DE generation 20: best fitness 4.7128487, fixed reference 4.7128486, accepted 4/32, evaluations 672
DE generation 30: best fitness 4.7128487, fixed reference 4.7128486, accepted 1/32, evaluations 992
DE generation 40: best fitness 4.7128487, fixed reference 4.7128486, accepted 1/32, evaluations 1312
DE generation 50: best fitness 4.1995115, fixed reference 4.1995117, accepted 1/32, evaluations 1632
DE generation 60: best fitness 4.1995115, fixed reference 4.1995117, accepted 2/32, evaluations 1952
DE generation 70: best fitness 4.1995115, fixed reference 4.1995117, accepted 2/32, evaluations 2272
DE generation 80: best fitness 4.1995115, fixed reference 4.1995117, accepted 1/32, evaluations 2592
DE generation 90: best fitness 4.1995115, fixed reference 4.1995117, accepted 3/32, evaluations 2912
DE generation 100: best fitness 4.1995115, fixed reference 4.1995117, accepted 2/32, evaluations 3232
DE generation 110: best fitness 4.1995115, fixed reference 4.1995117, accepted 2/32, evaluations 3552
DE generation 120: best fitness 4.1995115, fixed reference 4.1995117, accepted 1/32, evaluations 3872
DE generation 130: best fitness 3.9764552, fixed reference 3.9764552, accepted 3/32, evaluations 4192
DE generation 140: best fitness 3.5970218, fixed reference 3.5970217, accepted 2/32, evaluations 4512
DE generation 150: best fitness 3.5970218, fixed reference 3.5970217, accepted 2/32, evaluations 4832
DE generation 160: best fitness 3.5970218, fixed reference 3.5970217, accepted 0/32, evaluations 5152
DE generation 170: best fitness 3.5970218, fixed reference 3.5970217, accepted 0/32, evaluations 5472
DE generation 180: best fitness 3.5970218, fixed reference 3.5970217, accepted 0/32, evaluations 5792
DE generation 190: best fitness 3.5970218, fixed reference 3.5970217, accepted 0/32, evaluations 6112
DE generation 200: best fitness 3.5970218, fixed reference 3.5970217, accepted 2/32, evaluations 6432
DE generation 210: best fitness 3.5970218, fixed reference 3.5970217, accepted 0/32, evaluations 6752
DE generation 220: best fitness 3.5970218, fixed reference 3.5970217, accepted 4/32, evaluations 7072
DE generation 230: best fitness 3.5970218, fixed reference 3.5970217, accepted 2/32, evaluations 7392
DE generation 240: best fitness 3.5877376, fixed reference 3.5877375, accepted 2/32, evaluations 7712
DE generation 250: best fitness 3.5556881, fixed reference 3.5556882, accepted 2/32, evaluations 8032
DE generation 260: best fitness 3.4324052, fixed reference 3.4324053, accepted 1/32, evaluations 8352
DE generation 270: best fitness 3.4119051, fixed reference 3.4119051, accepted 1/32, evaluations 8672
DE generation 280: best fitness 3.4102635, fixed reference 3.4102636, accepted 0/32, evaluations 8992
DE generation 290: best fitness 3.3539267, fixed reference 3.3539267, accepted 3/32, evaluations 9312
DE generation 300: best fitness 3.2960503, fixed reference 3.2960504, accepted 0/32, evaluations 9632
DE generation 310: best fitness 3.2935922, fixed reference 3.2935923, accepted 1/32, evaluations 9952
DE generation 320: best fitness 3.2935922, fixed reference 3.2935923, accepted 2/32, evaluations 10272
DE generation 330: best fitness 3.2256072, fixed reference 3.2256073, accepted 1/32, evaluations 10592
DE generation 340: best fitness 3.2077243, fixed reference 3.2077243, accepted 2/32, evaluations 10912
DE generation 350: best fitness 3.162432, fixed reference 3.1624321, accepted 0/32, evaluations 11232
DE generation 360: best fitness 3.162432, fixed reference 3.1624321, accepted 0/32, evaluations 11552
DE generation 370: best fitness 3.1409669, fixed reference 3.1409669, accepted 0/32, evaluations 11872
DE generation 380: best fitness 3.1143878, fixed reference 3.1143879, accepted 0/32, evaluations 12192
DE generation 390: best fitness 3.0541825, fixed reference 3.0541826, accepted 0/32, evaluations 12512
DE generation 400: best fitness 3.0376575, fixed reference 3.0376576, accepted 1/32, evaluations 12832
DE best fitness: 3.0376575; starting Adam.
Iteration 0: total loss 3.03765750, losses: [2.3924012184143066, 0.12247968465089798, 0.5227766633033752], time: 0.0529s
Iteration 250: total loss 1.09372509, losses: [0.7372758388519287, 0.09126250445842743, 0.26518675684928894], time: 0.0221s
Iteration 500: total loss 0.80528224, losses: [0.4985800087451935, 0.05951535329222679, 0.24718692898750305], time: 0.0226s
Iteration 750: total loss 0.64889300, losses: [0.3784809112548828, 0.04886192828416824, 0.22155018150806427], time: 0.0222s
Iteration 1000: total loss 0.53145134, losses: [0.29495400190353394, 0.03878771886229515, 0.19770963490009308], time: 0.0221s
Iteration 1250: total loss 0.44903481, losses: [0.24167704582214355, 0.037247758358716965, 0.17011003196239471], time: 0.0222s
Iteration 1500: total loss 0.39730307, losses: [0.20609678328037262, 0.03775845095515251, 0.15344783663749695], time: 0.0226s
Iteration 1750: total loss 0.35358644, losses: [0.18179379403591156, 0.03100227750837803, 0.14079037308692932], time: 0.0221s
Iteration 2000: total loss 0.33167541, losses: [0.16772018373012543, 0.02704261615872383, 0.13691262900829315], time: 0.0221s
Iteration 2250: total loss 0.32074714, losses: [0.16045847535133362, 0.027089376002550125, 0.1331992894411087], time: 0.0223s
Iteration 2500: total loss 0.30275348, losses: [0.1487949937582016, 0.026935461908578873, 0.12702302634716034], time: 0.0225s
Iteration 2750: total loss 0.28621241, losses: [0.1417975127696991, 0.024476271122694016, 0.11993863433599472], time: 0.0221s
Iteration 3000: total loss 0.26820877, losses: [0.13175641000270844, 0.025030508637428284, 0.1114218607544899], time: 0.0221s
Iteration 3250: total loss 0.25317177, losses: [0.1243307888507843, 0.02343987114727497, 0.10540111362934113], time: 0.0225s
Iteration 3500: total loss 0.24202852, losses: [0.11627282947301865, 0.022676343098282814, 0.10307934880256653], time: 0.0221s
Iteration 3750: total loss 0.23597369, losses: [0.11358091235160828, 0.022754238918423653, 0.09963853657245636], time: 0.0221s
Iteration 4000: total loss 0.22560954, losses: [0.10950544476509094, 0.021643783897161484, 0.09446030855178833], time: 0.0221s
Iteration 4250: total loss 0.21743980, losses: [0.10555188357830048, 0.020538074895739555, 0.09134984016418457], time: 0.0221s
Iteration 4500: total loss 0.20781827, losses: [0.09940258413553238, 0.019891858100891113, 0.08852382004261017], time: 0.0221s
Iteration 4750: total loss 0.20167896, losses: [0.09523741155862808, 0.017275942489504814, 0.089165598154068], time: 0.0225s
Iteration 5000: total loss 0.19520016, losses: [0.09076810628175735, 0.018086783587932587, 0.08634527027606964], time: 0.0221s
Iteration 5250: total loss 0.19210029, losses: [0.0871698409318924, 0.01976064220070839, 0.08516980707645416], time: 0.0221s
Iteration 5500: total loss 0.18099006, losses: [0.08410166203975677, 0.016905294731259346, 0.07998310029506683], time: 0.0221s
Iteration 5750: total loss 0.18060198, losses: [0.08221004158258438, 0.017755307257175446, 0.08063662797212601], time: 0.0221s
Iteration 6000: total loss 0.17443591, losses: [0.07946187257766724, 0.01618482917547226, 0.07878921180963516], time: 0.0221s
Iteration 6250: total loss 0.17090976, losses: [0.0781182274222374, 0.014591194689273834, 0.0782003402709961], time: 0.0221s
Iteration 6500: total loss 0.16645199, losses: [0.07663092017173767, 0.01446116529405117, 0.07535990327596664], time: 0.0225s
Iteration 6750: total loss 0.16679536, losses: [0.07437260448932648, 0.01854453980922699, 0.073878213763237], time: 0.0221s
Iteration 7000: total loss 0.16045958, losses: [0.07252615690231323, 0.014077071100473404, 0.07385635375976562], time: 0.0221s
Iteration 7250: total loss 0.15869075, losses: [0.0720946341753006, 0.013765344396233559, 0.07283078134059906], time: 0.0221s
Iteration 7500: total loss 0.15439603, losses: [0.0700957179069519, 0.013244271278381348, 0.07105603069067001], time: 0.0221s
Iteration 7750: total loss 0.15026858, losses: [0.0684950053691864, 0.01294075045734644, 0.06883282959461212], time: 0.0224s
Iteration 8000: total loss 0.14754878, losses: [0.06606185436248779, 0.014451725408434868, 0.06703519821166992], time: 0.0223s
Iteration 8250: total loss 0.14108285, losses: [0.063809834420681, 0.012228619307279587, 0.06504439562559128], time: 0.0221s
Iteration 8500: total loss 0.14098763, losses: [0.06269974261522293, 0.012574191205203533, 0.06571370363235474], time: 0.0221s
Iteration 8750: total loss 0.13843299, losses: [0.06136946752667427, 0.011945431120693684, 0.06511809676885605], time: 0.0226s
Iteration 9000: total loss 0.13738233, losses: [0.06036956608295441, 0.012030068784952164, 0.06498270481824875], time: 0.0221s
Iteration 9250: total loss 0.13457505, losses: [0.05921236798167229, 0.010834144428372383, 0.06452853977680206], time: 0.0221s
Iteration 9500: total loss 0.13174778, losses: [0.05699090287089348, 0.011413972824811935, 0.06334291398525238], time: 0.0221s
Iteration 9750: total loss 0.12913039, losses: [0.05556483566761017, 0.011454402469098568, 0.06211115047335625], time: 0.0221s
Iteration 10000: total loss 0.12764095, losses: [0.054127927869558334, 0.011622712016105652, 0.06189030036330223], time: 0.0221s
Iteration 10250: total loss 0.12625107, losses: [0.052944883704185486, 0.012455116026103497, 0.0608510747551918], time: 0.0221s
Iteration 10500: total loss 0.12235470, losses: [0.05161038041114807, 0.011395158246159554, 0.05934916436672211], time: 0.0222s
Iteration 10750: total loss 0.11917209, losses: [0.04983886331319809, 0.01145582739263773, 0.057877399027347565], time: 0.0221s
Iteration 11000: total loss 0.11812523, losses: [0.048795126378536224, 0.011517530307173729, 0.05781257152557373], time: 0.0219s
Iteration 11250: total loss 0.11624554, losses: [0.047463007271289825, 0.011781163513660431, 0.05700136721134186], time: 0.0222s
Iteration 11500: total loss 0.11515632, losses: [0.046585094183683395, 0.011914885602891445, 0.05665634572505951], time: 0.0221s
Iteration 11750: total loss 0.11465716, losses: [0.04633597657084465, 0.011192192323505878, 0.057128988206386566], time: 0.0222s
Early stopping after 11959 iterations: no improvement greater than 1e-05 for 300 evaluations.
{
  "u": {
    "rmse": 0.16497421364054754,
    "mae": 0.10173937222311683,
    "maximum_absolute": 1.0195384184582452,
    "relative_l2": 0.28404395276987393
  },
  "v": {
    "rmse": 0.2134263726749283,
    "mae": 0.09479613970123765,
    "maximum_absolute": 1.7256454939183952,
    "relative_l2": 0.44739167085563836
  }
}
Plot with: python -m utils.plot_pinn_results --run-directory /home/thiago.esterci/Repositories/Evolutionary_Algorithms/work_4/studies/loss_weight_study_1789587361856613637/runs/seed_2034_none/1789595359723021337
