Artifacts: /home/thiago.esterci/Repositories/Evolutionary_Algorithms/work_4/studies/loss_weight_study_1789587361856613637/runs/seed_2030_de/1789590516505311714
DE: 400 generations, 32 individuals, 12832 fitness evaluations, 17029 parameters; then 16168 Adam epochs.
DE generation 0: best fitness 0.11632514, fixed reference 0.70240805, accepted 0/32, evaluations 32
DE generation 10: best fitness 0.11632514, fixed reference 0.70240805, accepted 4/32, evaluations 352
DE generation 20: best fitness 0.11632514, fixed reference 0.70240805, accepted 3/32, evaluations 672
DE generation 30: best fitness 0.11632514, fixed reference 0.70240805, accepted 3/32, evaluations 992
DE generation 40: best fitness 0.11632514, fixed reference 0.70240805, accepted 3/32, evaluations 1312
DE generation 50: best fitness 0.050693989, fixed reference 0.85118066, accepted 1/32, evaluations 1632
DE generation 60: best fitness 0.050693989, fixed reference 0.85118066, accepted 3/32, evaluations 1952
DE generation 70: best fitness -0.19608855, fixed reference 0.6672449, accepted 2/32, evaluations 2272
DE generation 80: best fitness -1.2768391, fixed reference 0.75573066, accepted 1/32, evaluations 2592
DE generation 90: best fitness -1.2768391, fixed reference 0.75573066, accepted 1/32, evaluations 2912
DE generation 100: best fitness -1.2768391, fixed reference 0.75573066, accepted 0/32, evaluations 3232
DE generation 110: best fitness -1.9820417, fixed reference 0.54820022, accepted 0/32, evaluations 3552
DE generation 120: best fitness -1.9820417, fixed reference 0.54820022, accepted 0/32, evaluations 3872
DE generation 130: best fitness -2.0111618, fixed reference 0.5409536, accepted 0/32, evaluations 4192
DE generation 140: best fitness -2.0111618, fixed reference 0.5409536, accepted 1/32, evaluations 4512
DE generation 150: best fitness -2.0111618, fixed reference 0.5409536, accepted 1/32, evaluations 4832
DE generation 160: best fitness -2.0111618, fixed reference 0.5409536, accepted 0/32, evaluations 5152
DE generation 170: best fitness -2.0111618, fixed reference 0.5409536, accepted 1/32, evaluations 5472
DE generation 180: best fitness -2.0111618, fixed reference 0.5409536, accepted 0/32, evaluations 5792
DE generation 190: best fitness -2.0111618, fixed reference 0.5409536, accepted 0/32, evaluations 6112
DE generation 200: best fitness -2.0111618, fixed reference 0.5409536, accepted 2/32, evaluations 6432
DE generation 210: best fitness -2.0111618, fixed reference 0.5409536, accepted 0/32, evaluations 6752
DE generation 220: best fitness -2.0111618, fixed reference 0.5409536, accepted 1/32, evaluations 7072
DE generation 230: best fitness -2.0111618, fixed reference 0.5409536, accepted 1/32, evaluations 7392
DE generation 240: best fitness -2.0841947, fixed reference 0.52634523, accepted 2/32, evaluations 7712
DE generation 250: best fitness -2.2424245, fixed reference 0.53293639, accepted 0/32, evaluations 8032
DE generation 260: best fitness -2.254611, fixed reference 0.53148468, accepted 1/32, evaluations 8352
DE generation 270: best fitness -2.254611, fixed reference 0.53148468, accepted 1/32, evaluations 8672
DE generation 280: best fitness -2.4254642, fixed reference 0.50953823, accepted 2/32, evaluations 8992
DE generation 290: best fitness -2.4254642, fixed reference 0.50953823, accepted 1/32, evaluations 9312
DE generation 300: best fitness -2.4254642, fixed reference 0.50953823, accepted 0/32, evaluations 9632
DE generation 310: best fitness -2.4890234, fixed reference 0.49749756, accepted 1/32, evaluations 9952
DE generation 320: best fitness -2.6315999, fixed reference 0.47857072, accepted 0/32, evaluations 10272
DE generation 330: best fitness -2.775785, fixed reference 0.45727001, accepted 0/32, evaluations 10592
DE generation 340: best fitness -2.775785, fixed reference 0.45727001, accepted 3/32, evaluations 10912
DE generation 350: best fitness -2.8042736, fixed reference 0.45232827, accepted 2/32, evaluations 11232
DE generation 360: best fitness -2.8042736, fixed reference 0.45232827, accepted 2/32, evaluations 11552
DE generation 370: best fitness -2.8490977, fixed reference 0.44614148, accepted 1/32, evaluations 11872
DE generation 380: best fitness -2.9055359, fixed reference 0.43924433, accepted 0/32, evaluations 12192
DE generation 390: best fitness -2.9575839, fixed reference 0.43355426, accepted 0/32, evaluations 12512
DE generation 400: best fitness -2.9575839, fixed reference 0.43355426, accepted 2/32, evaluations 12832
DE best fitness: -2.9575839; starting Adam.
Iteration 0: total loss -2.9576, losses: [0.27245858311653137, 0.049246177077293396, 0.11184950172901154], weights: [-1.9180717 -2.152153  -1.9597418], time: 0.0463s
Iteration 250: total loss -5.2270, losses: [0.08359815925359726, 0.006720403209328651, 0.024802900850772858], weights: [-1.9180717 -2.152153  -1.9597418], time: 0.0219s
Iteration 500: total loss -5.4172, losses: [0.05747133865952492, 0.0044234879314899445, 0.025841735303401947], weights: [-1.9180717 -2.152153  -1.9597418], time: 0.0217s
Iteration 750: total loss -5.4921, losses: [0.04885835573077202, 0.004112596623599529, 0.023928409442305565], weights: [-1.9180717 -2.152153  -1.9597418], time: 0.0217s
Iteration 1000: total loss -5.5929, losses: [0.03742506727576256, 0.0034730578772723675, 0.02147161029279232], weights: [-1.9180717 -2.152153  -1.9597418], time: 0.0219s
Iteration 1250: total loss -5.6607, losses: [0.030957607552409172, 0.0028824596665799618, 0.01884542964398861], weights: [-1.9180717 -2.152153  -1.9597418], time: 0.0218s
Iteration 1500: total loss -5.7036, losses: [0.026627253741025925, 0.002562188310548663, 0.01733408495783806], weights: [-1.9180717 -2.152153  -1.9597418], time: 0.0219s
Iteration 1750: total loss -5.7273, losses: [0.023643212392926216, 0.002776248613372445, 0.016605541110038757], weights: [-1.9180717 -2.152153  -1.9597418], time: 0.0216s
Iteration 2000: total loss -5.7580, losses: [0.02088252641260624, 0.0023838472552597523, 0.015401116572320461], weights: [-1.9180717 -2.152153  -1.9597418], time: 0.0217s
Iteration 2250: total loss -5.7759, losses: [0.018921181559562683, 0.0023933660704642534, 0.014747915789484978], weights: [-1.9180717 -2.152153  -1.9597418], time: 0.0217s
Iteration 2500: total loss -5.7955, losses: [0.017233574762940407, 0.002125176601111889, 0.013929544948041439], weights: [-1.9180717 -2.152153  -1.9597418], time: 0.0222s
Iteration 2750: total loss -5.8092, losses: [0.01580985262989998, 0.002388013293966651, 0.01304048951715231], weights: [-1.9180717 -2.152153  -1.9597418], time: 0.0217s
Iteration 3000: total loss -5.8232, losses: [0.01474604569375515, 0.00214013596996665, 0.012392119504511356], weights: [-1.9180717 -2.152153  -1.9597418], time: 0.0221s
Iteration 3250: total loss -5.8331, losses: [0.013889751397073269, 0.002112601650878787, 0.011848589405417442], weights: [-1.9180717 -2.152153  -1.9597418], time: 0.0218s
Iteration 3500: total loss -5.8439, losses: [0.01308765821158886, 0.0019167043501511216, 0.011338301002979279], weights: [-1.9180717 -2.152153  -1.9597418], time: 0.0221s
Iteration 3750: total loss -5.8502, losses: [0.012345293536782265, 0.0019505327800288796, 0.011124537326395512], weights: [-1.9180717 -2.152153  -1.9597418], time: 0.0216s
Iteration 4000: total loss -5.8546, losses: [0.011822349391877651, 0.0019762159790843725, 0.010977370664477348], weights: [-1.9180717 -2.152153  -1.9597418], time: 0.0217s
Iteration 4250: total loss -5.8657, losses: [0.011247857473790646, 0.0016962854424491525, 0.010306194424629211], weights: [-1.9180717 -2.152153  -1.9597418], time: 0.0219s
Iteration 4500: total loss -5.8743, losses: [0.010615785606205463, 0.0015599859179928899, 0.009856907650828362], weights: [-1.9180717 -2.152153  -1.9597418], time: 0.0217s
Iteration 4750: total loss -5.8796, losses: [0.01024631503969431, 0.00149844354018569, 0.009537235833704472], weights: [-1.9180717 -2.152153  -1.9597418], time: 0.0220s
Iteration 5000: total loss -5.8834, losses: [0.01002936065196991, 0.0013423413038253784, 0.009401150047779083], weights: [-1.9180717 -2.152153  -1.9597418], time: 0.0217s
Iteration 5250: total loss -5.8865, losses: [0.009491433389484882, 0.0013455089647322893, 0.009477774612605572], weights: [-1.9180717 -2.152153  -1.9597418], time: 0.0216s
Iteration 5500: total loss -5.8926, losses: [0.009103434160351753, 0.001249239081516862, 0.009108328260481358], weights: [-1.9180717 -2.152153  -1.9597418], time: 0.0216s
Iteration 5750: total loss -5.8949, losses: [0.008880143985152245, 0.0014230975648388267, 0.008788969367742538], weights: [-1.9180717 -2.152153  -1.9597418], time: 0.0216s
Iteration 6000: total loss -5.8906, losses: [0.008881408721208572, 0.001698237843811512, 0.009056905284523964], weights: [-1.9180717 -2.152153  -1.9597418], time: 0.0231s
Early stopping after 6080 iterations: no improvement greater than 1e-05 for 300 evaluations.
{
  "u": {
    "rmse": 0.16592511063880244,
    "mae": 0.10184633949861537,
    "maximum_absolute": 0.8627744945120752,
    "relative_l2": 0.2856811573735572
  },
  "v": {
    "rmse": 0.21187536812019198,
    "mae": 0.10132422022794144,
    "maximum_absolute": 1.6244155928316577,
    "relative_l2": 0.44414040199625954
  }
}
Plot with: python -m utils.plot_pinn_results --run-directory /home/thiago.esterci/Repositories/Evolutionary_Algorithms/work_4/studies/loss_weight_study_1789587361856613637/runs/seed_2030_de/1789590516505311714
