Artifacts: /home/thiago.esterci/Repositories/Evolutionary_Algorithms/work_4/studies/loss_weight_study_1789587361856613637/runs/seed_2032_pinn/1789593009182174008
DE: 400 generations, 32 individuals, 12832 fitness evaluations, 17026 parameters; then 16168 Adam epochs.
DE generation 0: best fitness 5.119154, fixed reference 5.1191541, accepted 0/32, evaluations 32
DE generation 10: best fitness 4.1154418, fixed reference 4.1154419, accepted 4/32, evaluations 352
DE generation 20: best fitness 4.1154418, fixed reference 4.1154419, accepted 1/32, evaluations 672
DE generation 30: best fitness 3.8928926, fixed reference 3.8928925, accepted 1/32, evaluations 992
DE generation 40: best fitness 3.8928926, fixed reference 3.8928925, accepted 1/32, evaluations 1312
DE generation 50: best fitness 3.8928926, fixed reference 3.8928925, accepted 0/32, evaluations 1632
DE generation 60: best fitness 3.8928926, fixed reference 3.8928925, accepted 0/32, evaluations 1952
DE generation 70: best fitness 3.8928926, fixed reference 3.8928925, accepted 4/32, evaluations 2272
DE generation 80: best fitness 3.8928926, fixed reference 3.8928925, accepted 0/32, evaluations 2592
DE generation 90: best fitness 3.8928926, fixed reference 3.8928925, accepted 2/32, evaluations 2912
DE generation 100: best fitness 3.8928926, fixed reference 3.8928925, accepted 1/32, evaluations 3232
DE generation 110: best fitness 3.8928926, fixed reference 3.8928925, accepted 0/32, evaluations 3552
DE generation 120: best fitness 3.8928926, fixed reference 3.8928925, accepted 0/32, evaluations 3872
DE generation 130: best fitness 3.8928926, fixed reference 3.8928925, accepted 1/32, evaluations 4192
DE generation 140: best fitness 3.8928926, fixed reference 3.8928925, accepted 1/32, evaluations 4512
DE generation 150: best fitness 3.8897603, fixed reference 3.8897603, accepted 3/32, evaluations 4832
DE generation 160: best fitness 3.8897603, fixed reference 3.8897603, accepted 0/32, evaluations 5152
DE generation 170: best fitness 3.8897603, fixed reference 3.8897603, accepted 0/32, evaluations 5472
DE generation 180: best fitness 3.8897603, fixed reference 3.8897603, accepted 2/32, evaluations 5792
DE generation 190: best fitness 3.8897603, fixed reference 3.8897603, accepted 1/32, evaluations 6112
DE generation 200: best fitness 3.8897603, fixed reference 3.8897603, accepted 2/32, evaluations 6432
DE generation 210: best fitness 3.8897603, fixed reference 3.8897603, accepted 0/32, evaluations 6752
DE generation 220: best fitness 3.8520122, fixed reference 3.8520121, accepted 2/32, evaluations 7072
DE generation 230: best fitness 3.8336599, fixed reference 3.8336598, accepted 1/32, evaluations 7392
DE generation 240: best fitness 3.696337, fixed reference 3.696337, accepted 2/32, evaluations 7712
DE generation 250: best fitness 3.5306036, fixed reference 3.5306035, accepted 1/32, evaluations 8032
DE generation 260: best fitness 3.4517474, fixed reference 3.4517475, accepted 1/32, evaluations 8352
DE generation 270: best fitness 3.4517474, fixed reference 3.4517475, accepted 1/32, evaluations 8672
DE generation 280: best fitness 3.4517474, fixed reference 3.4517475, accepted 1/32, evaluations 8992
DE generation 290: best fitness 3.4517474, fixed reference 3.4517475, accepted 0/32, evaluations 9312
DE generation 300: best fitness 3.4517474, fixed reference 3.4517475, accepted 1/32, evaluations 9632
DE generation 310: best fitness 3.4517474, fixed reference 3.4517475, accepted 2/32, evaluations 9952
DE generation 320: best fitness 3.4032257, fixed reference 3.4032257, accepted 3/32, evaluations 10272
DE generation 330: best fitness 3.3843536, fixed reference 3.3843537, accepted 1/32, evaluations 10592
DE generation 340: best fitness 3.361516, fixed reference 3.361516, accepted 0/32, evaluations 10912
DE generation 350: best fitness 3.299787, fixed reference 3.2997872, accepted 1/32, evaluations 11232
DE generation 360: best fitness 3.2322018, fixed reference 3.2322018, accepted 0/32, evaluations 11552
DE generation 370: best fitness 3.1328499, fixed reference 3.13285, accepted 1/32, evaluations 11872
DE generation 380: best fitness 3.1328499, fixed reference 3.13285, accepted 1/32, evaluations 12192
DE generation 390: best fitness 3.1328499, fixed reference 3.13285, accepted 2/32, evaluations 12512
DE generation 400: best fitness 3.1264565, fixed reference 3.1264566, accepted 1/32, evaluations 12832
DE best fitness: 3.1264565; starting Adam.
Iteration 0: total loss -3.7813, losses: [0.23584598302841187, 0.025231853127479553, 0.051567818969488144], weights: [-2.3015852 -2.303585  -2.303585 ], time: 0.0509s
Iteration 250: total loss -6.0588, losses: [0.07854161411523819, 0.0071365684270858765, 0.023147298023104668], weights: [-2.2825334 -2.4500787 -2.44707  ], time: 0.0231s
Iteration 500: total loss -6.6157, losses: [0.052223172038793564, 0.004841315560042858, 0.020669594407081604], weights: [-2.39541   -2.5677109 -2.5558982], time: 0.0232s
Iteration 750: total loss -6.6726, losses: [0.04999112710356712, 0.01696157641708851, 0.021664759144186974], weights: [-2.5240493 -2.6713703 -2.6552153], time: 0.0226s
Iteration 1000: total loss -7.2486, losses: [0.03802553936839104, 0.004526998847723007, 0.018362972885370255], weights: [-2.6199944 -2.7646635 -2.7446263], time: 0.0227s
Iteration 1250: total loss -7.5608, losses: [0.03227529674768448, 0.003694374579936266, 0.01696808822453022], weights: [-2.720542  -2.8532991 -2.829422 ], time: 0.0227s
Iteration 1500: total loss -7.8363, losses: [0.02805176191031933, 0.00312343193218112, 0.016181286424398422], weights: [-2.8147328 -2.9364848 -2.9098487], time: 0.0227s
Iteration 1750: total loss -8.1025, losses: [0.024449732154607773, 0.002631401177495718, 0.015323800966143608], weights: [-2.9044795 -3.0160992 -2.9863317], time: 0.0226s
Iteration 2000: total loss -8.3345, losses: [0.02189587615430355, 0.0027064511086791754, 0.014564347453415394], weights: [-2.9888403 -3.0919154 -3.0593925], time: 0.0232s
Iteration 2250: total loss -8.5677, losses: [0.019252195954322815, 0.0026747987139970064, 0.013865717686712742], weights: [-3.0691955 -3.164387  -3.129532 ], time: 0.0229s
Iteration 2500: total loss -8.8132, losses: [0.016787514090538025, 0.002311248565092683, 0.012900172732770443], weights: [-3.147026  -3.2341795 -3.1976695], time: 0.0229s
Iteration 2750: total loss -9.0347, losses: [0.014985088258981705, 0.0022359301801770926, 0.012071570381522179], weights: [-3.2221909 -3.3017366 -3.2636065], time: 0.0227s
Iteration 3000: total loss -9.2317, losses: [0.01358337514102459, 0.0022792136296629906, 0.011607926338911057], weights: [-3.293742  -3.3668373 -3.327151 ], time: 0.0229s
Iteration 3250: total loss -9.4213, losses: [0.012542142532765865, 0.002216476248577237, 0.011083914898335934], weights: [-3.362232  -3.4296508 -3.3886921], time: 0.0230s
Iteration 3500: total loss -9.5855, losses: [0.011895599775016308, 0.002580448053777218, 0.010478638112545013], weights: [-3.4278011 -3.4904716 -3.448438 ], time: 0.0229s
Iteration 3750: total loss -9.7383, losses: [0.011356080882251263, 0.002323230030015111, 0.010611905716359615], weights: [-3.490063  -3.5492897 -3.5062969], time: 0.0229s
Iteration 4000: total loss -9.8905, losses: [0.010848100297152996, 0.00233882712200284, 0.010316724888980389], weights: [-3.5496485 -3.6068418 -3.561482 ], time: 0.0227s
Iteration 4250: total loss -10.0604, losses: [0.010196066461503506, 0.002170378342270851, 0.00981008168309927], weights: [-3.6072395 -3.6630235 -3.6158724], time: 0.0227s
Iteration 4500: total loss -10.2076, losses: [0.00958383921533823, 0.0020410080906003714, 0.009793587028980255], weights: [-3.6632526 -3.717863  -3.668433 ], time: 0.0227s
Iteration 4750: total loss -10.2949, losses: [0.009331833571195602, 0.0029746091458946466, 0.009697950445115566], weights: [-3.71796   -3.771333  -3.7195525], time: 0.0227s
Iteration 5000: total loss -10.4742, losses: [0.008970427326858044, 0.0020458518993109465, 0.009342406876385212], weights: [-3.770297  -3.8230546 -3.7689397], time: 0.0230s
Iteration 5250: total loss -10.5868, losses: [0.008695756085216999, 0.0020873628091067076, 0.009407494217157364], weights: [-3.8213165 -3.874281  -3.8169553], time: 0.0232s
Early stopping after 5499 iterations: no improvement greater than 1e-05 for 300 evaluations.
{
  "u": {
    "rmse": 0.17841530450152573,
    "mae": 0.1092794544273436,
    "maximum_absolute": 1.1302152659513007,
    "relative_l2": 0.30718611840558835
  },
  "v": {
    "rmse": 0.2120696977663028,
    "mae": 0.0995753848717315,
    "maximum_absolute": 1.705830585413909,
    "relative_l2": 0.44454776245495375
  }
}
Plot with: python -m utils.plot_pinn_results --run-directory /home/thiago.esterci/Repositories/Evolutionary_Algorithms/work_4/studies/loss_weight_study_1789587361856613637/runs/seed_2032_pinn/1789593009182174008
