Artifacts: /home/thiago.esterci/Repositories/Evolutionary_Algorithms/work_4/studies/loss_weight_study_1789587361856613637/runs/seed_2036_pinn/1789597941073053747
DE: 400 generations, 32 individuals, 12832 fitness evaluations, 17026 parameters; then 16168 Adam epochs.
DE generation 0: best fitness 5.8772378, fixed reference 5.8772377, accepted 0/32, evaluations 32
DE generation 10: best fitness 4.5174894, fixed reference 4.5174894, accepted 5/32, evaluations 352
DE generation 20: best fitness 4.224267, fixed reference 4.224267, accepted 4/32, evaluations 672
DE generation 30: best fitness 4.224267, fixed reference 4.224267, accepted 1/32, evaluations 992
DE generation 40: best fitness 4.224267, fixed reference 4.224267, accepted 1/32, evaluations 1312
DE generation 50: best fitness 4.2022109, fixed reference 4.2022107, accepted 4/32, evaluations 1632
DE generation 60: best fitness 4.2022109, fixed reference 4.2022107, accepted 3/32, evaluations 1952
DE generation 70: best fitness 4.0044298, fixed reference 4.00443, accepted 3/32, evaluations 2272
DE generation 80: best fitness 3.6791573, fixed reference 3.6791573, accepted 1/32, evaluations 2592
DE generation 90: best fitness 3.6791573, fixed reference 3.6791573, accepted 1/32, evaluations 2912
DE generation 100: best fitness 3.6791573, fixed reference 3.6791573, accepted 2/32, evaluations 3232
DE generation 110: best fitness 3.6791573, fixed reference 3.6791573, accepted 1/32, evaluations 3552
DE generation 120: best fitness 3.6791573, fixed reference 3.6791573, accepted 2/32, evaluations 3872
DE generation 130: best fitness 3.6791573, fixed reference 3.6791573, accepted 2/32, evaluations 4192
DE generation 140: best fitness 3.6791573, fixed reference 3.6791573, accepted 2/32, evaluations 4512
DE generation 150: best fitness 3.6791573, fixed reference 3.6791573, accepted 0/32, evaluations 4832
DE generation 160: best fitness 3.6791573, fixed reference 3.6791573, accepted 1/32, evaluations 5152
DE generation 170: best fitness 3.6791573, fixed reference 3.6791573, accepted 1/32, evaluations 5472
DE generation 180: best fitness 3.604681, fixed reference 3.604681, accepted 1/32, evaluations 5792
DE generation 190: best fitness 3.586858, fixed reference 3.5868581, accepted 2/32, evaluations 6112
DE generation 200: best fitness 3.471251, fixed reference 3.4712511, accepted 2/32, evaluations 6432
DE generation 210: best fitness 3.4057248, fixed reference 3.4057247, accepted 2/32, evaluations 6752
DE generation 220: best fitness 3.4057248, fixed reference 3.4057247, accepted 3/32, evaluations 7072
DE generation 230: best fitness 3.4057248, fixed reference 3.4057247, accepted 1/32, evaluations 7392
DE generation 240: best fitness 3.4057248, fixed reference 3.4057247, accepted 3/32, evaluations 7712
DE generation 250: best fitness 3.4057248, fixed reference 3.4057247, accepted 1/32, evaluations 8032
DE generation 260: best fitness 3.4057248, fixed reference 3.4057247, accepted 0/32, evaluations 8352
DE generation 270: best fitness 3.4057248, fixed reference 3.4057247, accepted 0/32, evaluations 8672
DE generation 280: best fitness 3.4057248, fixed reference 3.4057247, accepted 1/32, evaluations 8992
DE generation 290: best fitness 3.4057248, fixed reference 3.4057247, accepted 2/32, evaluations 9312
DE generation 300: best fitness 3.4057248, fixed reference 3.4057247, accepted 1/32, evaluations 9632
DE generation 310: best fitness 3.4057248, fixed reference 3.4057247, accepted 0/32, evaluations 9952
DE generation 320: best fitness 3.4057248, fixed reference 3.4057247, accepted 0/32, evaluations 10272
DE generation 330: best fitness 3.4057248, fixed reference 3.4057247, accepted 1/32, evaluations 10592
DE generation 340: best fitness 3.4057248, fixed reference 3.4057247, accepted 0/32, evaluations 10912
DE generation 350: best fitness 3.4057248, fixed reference 3.4057247, accepted 6/32, evaluations 11232
DE generation 360: best fitness 3.4057248, fixed reference 3.4057247, accepted 1/32, evaluations 11552
DE generation 370: best fitness 3.3611126, fixed reference 3.3611127, accepted 1/32, evaluations 11872
DE generation 380: best fitness 3.3611126, fixed reference 3.3611127, accepted 1/32, evaluations 12192
DE generation 390: best fitness 3.3611126, fixed reference 3.3611127, accepted 0/32, evaluations 12512
DE generation 400: best fitness 3.3611126, fixed reference 3.3611127, accepted 0/32, evaluations 12832
DE best fitness: 3.3611126; starting Adam.
Iteration 0: total loss -3.5466, losses: [0.24787886440753937, 0.029346270486712456, 0.05888613313436508], weights: [-2.3015852 -2.303585  -2.303585 ], time: 0.0496s
Iteration 250: total loss -5.8274, losses: [0.10179648548364639, 0.011512719094753265, 0.0192700382322073], weights: [-2.2559874 -2.4475317 -2.4535382], time: 0.0219s
Iteration 500: total loss -6.3398, losses: [0.07230892032384872, 0.006149235647171736, 0.022458530962467194], weights: [-2.3161697 -2.5658383 -2.5629325], time: 0.0219s
Iteration 750: total loss -6.6541, losses: [0.06191697344183922, 0.006570423487573862, 0.021464074030518532], weights: [-2.432264  -2.6710098 -2.6575437], time: 0.0222s
Iteration 1000: total loss -7.0422, losses: [0.050787199288606644, 0.004391989670693874, 0.019179221242666245], weights: [-2.5488453 -2.766699  -2.7457104], time: 0.0220s
Iteration 1250: total loss -7.3890, losses: [0.040893688797950745, 0.0040174443274736404, 0.017846213653683662], weights: [-2.6625774 -2.8558726 -2.8295496], time: 0.0225s
Iteration 1500: total loss -7.6500, losses: [0.03620553016662598, 0.003119897563010454, 0.017989488318562508], weights: [-2.767201  -2.9394789 -2.9091468], time: 0.0219s
Iteration 1750: total loss -7.9287, losses: [0.03099462389945984, 0.002574405400082469, 0.01727789267897606], weights: [-2.862495  -3.019384  -2.9843757], time: 0.0221s
Iteration 2000: total loss -8.1916, losses: [0.02672792226076126, 0.002779195783659816, 0.01595688797533512], weights: [-2.953082  -3.0955875 -3.0562236], time: 0.0220s
Iteration 2250: total loss -8.4164, losses: [0.023839306086301804, 0.002513569314032793, 0.015708044171333313], weights: [-3.0388844 -3.1682758 -3.1248987], time: 0.0219s
Iteration 2500: total loss -8.6814, losses: [0.020521948114037514, 0.002173095941543579, 0.014310173690319061], weights: [-3.1208727 -3.2382061 -3.191641 ], time: 0.0220s
Iteration 2750: total loss -8.8721, losses: [0.018793616443872452, 0.002148265019059181, 0.014226047322154045], weights: [-3.1998477 -3.3056295 -3.2557795], time: 0.0219s
Iteration 3000: total loss -9.0811, losses: [0.01676963083446026, 0.0019113273592665792, 0.0138516491279006], weights: [-3.274042  -3.3709147 -3.3175244], time: 0.0224s
Iteration 3250: total loss -9.2843, losses: [0.015014730393886566, 0.001727186026982963, 0.013368248008191586], weights: [-3.3446846 -3.434069  -3.376613 ], time: 0.0223s
Iteration 3500: total loss -9.4734, losses: [0.013369662687182426, 0.0024873835500329733, 0.012293390929698944], weights: [-3.413419  -3.4948812 -3.4351175], time: 0.0219s
Iteration 3750: total loss -9.6759, losses: [0.012261703610420227, 0.002249566139653325, 0.01138119027018547], weights: [-3.4802692 -3.5538788 -3.493389 ], time: 0.0219s
Iteration 4000: total loss -9.8718, losses: [0.011107217520475388, 0.0019893816206604242, 0.010800918564200401], weights: [-3.5445182 -3.6114619 -3.5508761], time: 0.0219s
Iteration 4250: total loss -10.0350, losses: [0.010395838879048824, 0.002033654833212495, 0.010383857414126396], weights: [-3.6062486 -3.667585  -3.6067247], time: 0.0219s
Iteration 4500: total loss -10.1857, losses: [0.009703460149466991, 0.0020313644781708717, 0.010267076082527637], weights: [-3.665624  -3.722365  -3.6607168], time: 0.0219s
Iteration 4750: total loss -10.3487, losses: [0.00901815202087164, 0.0018744450062513351, 0.009949438273906708], weights: [-3.722762  -3.7762382 -3.7126653], time: 0.0220s
Iteration 5000: total loss -10.4434, losses: [0.008793437853455544, 0.0021412894129753113, 0.010271885432302952], weights: [-3.7776806 -3.8287952 -3.7625604], time: 0.0220s
Iteration 5250: total loss -10.6245, losses: [0.008432487025856972, 0.0014339258195832372, 0.009688224643468857], weights: [-3.830225  -3.8801064 -3.809882 ], time: 0.0220s
Iteration 5500: total loss -10.8037, losses: [0.007722553331404924, 0.001289857318624854, 0.009003188461065292], weights: [-3.881867  -3.9311373 -3.8579888], time: 0.0220s
Iteration 5750: total loss -10.9559, losses: [0.007240236271172762, 0.001218453049659729, 0.008629916235804558], weights: [-3.932927  -3.9810946 -3.9061666], time: 0.0221s
Iteration 6000: total loss -11.0809, losses: [0.006893138866871595, 0.0013102071825414896, 0.008452381007373333], weights: [-3.9825368 -4.0297194 -3.952813 ], time: 0.0220s
Iteration 6250: total loss -11.2029, losses: [0.00663113733753562, 0.0013254815712571144, 0.008287090808153152], weights: [-4.0310574 -4.0771675 -3.998471 ], time: 0.0222s
Iteration 6500: total loss -11.2910, losses: [0.006464214064180851, 0.0013724816963076591, 0.008531520143151283], weights: [-4.0778418 -4.1234674 -4.0422883], time: 0.0219s
Iteration 6750: total loss -11.4326, losses: [0.006278511602431536, 0.001348961959592998, 0.007888490334153175], weights: [-4.1231875 -4.1688366 -4.08458  ], time: 0.0219s
Iteration 7000: total loss -11.5456, losses: [0.006121521815657616, 0.001266024773940444, 0.007755367085337639], weights: [-4.167575  -4.2130475 -4.126744 ], time: 0.0222s
Iteration 7250: total loss -11.6448, losses: [0.005912069696933031, 0.0014579439302906394, 0.007575568277388811], weights: [-4.210851  -4.2567873 -4.168445 ], time: 0.0221s
Iteration 7500: total loss -11.6806, losses: [0.005847377236932516, 0.001419929089024663, 0.008400002494454384], weights: [-4.2534385 -4.299722  -4.208781 ], time: 0.0224s
Early stopping after 7724 iterations: no improvement greater than 1e-05 for 300 evaluations.
{
  "u": {
    "rmse": 0.19048425969814733,
    "mae": 0.11110978585167545,
    "maximum_absolute": 1.2766485001660834,
    "relative_l2": 0.3279658127844943
  },
  "v": {
    "rmse": 0.20795767549882077,
    "mae": 0.09066089267617969,
    "maximum_absolute": 1.7092793399629356,
    "relative_l2": 0.43592800056804576
  }
}
Plot with: python -m utils.plot_pinn_results --run-directory /home/thiago.esterci/Repositories/Evolutionary_Algorithms/work_4/studies/loss_weight_study_1789587361856613637/runs/seed_2036_pinn/1789597941073053747
