Artifacts: /home/thiago.esterci/Repositories/Evolutionary_Algorithms/work_4/studies/loss_weight_study_1789587361856613637/runs/seed_2037_de/1789600028717588609
DE: 400 generations, 32 individuals, 12832 fitness evaluations, 17029 parameters; then 16168 Adam epochs.
DE generation 0: best fitness -2.0171082, fixed reference 0.4890647, accepted 0/32, evaluations 32
DE generation 10: best fitness -2.0171082, fixed reference 0.4890647, accepted 3/32, evaluations 352
DE generation 20: best fitness -2.0171082, fixed reference 0.4890647, accepted 3/32, evaluations 672
DE generation 30: best fitness -2.0171082, fixed reference 0.4890647, accepted 0/32, evaluations 992
DE generation 40: best fitness -2.0171082, fixed reference 0.4890647, accepted 0/32, evaluations 1312
DE generation 50: best fitness -2.1199532, fixed reference 0.48489607, accepted 0/32, evaluations 1632
DE generation 60: best fitness -2.2769639, fixed reference 0.45956982, accepted 1/32, evaluations 1952
DE generation 70: best fitness -2.2769639, fixed reference 0.45956982, accepted 1/32, evaluations 2272
DE generation 80: best fitness -2.2769639, fixed reference 0.45956982, accepted 2/32, evaluations 2592
DE generation 90: best fitness -2.2769639, fixed reference 0.45956982, accepted 0/32, evaluations 2912
DE generation 100: best fitness -2.2769639, fixed reference 0.45956982, accepted 1/32, evaluations 3232
DE generation 110: best fitness -2.4632549, fixed reference 0.44648904, accepted 1/32, evaluations 3552
DE generation 120: best fitness -3.2010069, fixed reference 0.3582861, accepted 2/32, evaluations 3872
DE generation 130: best fitness -3.2297313, fixed reference 0.35865305, accepted 2/32, evaluations 4192
DE generation 140: best fitness -3.2297313, fixed reference 0.35865305, accepted 0/32, evaluations 4512
DE generation 150: best fitness -3.2297313, fixed reference 0.35865305, accepted 1/32, evaluations 4832
DE generation 160: best fitness -3.3441107, fixed reference 0.33857321, accepted 1/32, evaluations 5152
DE generation 170: best fitness -3.3711095, fixed reference 0.3352333, accepted 1/32, evaluations 5472
DE generation 180: best fitness -3.488987, fixed reference 0.33557545, accepted 0/32, evaluations 5792
DE generation 190: best fitness -3.488987, fixed reference 0.33557545, accepted 2/32, evaluations 6112
DE generation 200: best fitness -3.488987, fixed reference 0.33557545, accepted 0/32, evaluations 6432
DE generation 210: best fitness -3.488987, fixed reference 0.33557545, accepted 1/32, evaluations 6752
DE generation 220: best fitness -3.488987, fixed reference 0.33557545, accepted 0/32, evaluations 7072
DE generation 230: best fitness -3.5467136, fixed reference 0.31653068, accepted 0/32, evaluations 7392
DE generation 240: best fitness -3.5467136, fixed reference 0.31653068, accepted 1/32, evaluations 7712
DE generation 250: best fitness -3.5467136, fixed reference 0.31653068, accepted 2/32, evaluations 8032
DE generation 260: best fitness -3.5467136, fixed reference 0.31653068, accepted 2/32, evaluations 8352
DE generation 270: best fitness -3.5467136, fixed reference 0.31653068, accepted 2/32, evaluations 8672
DE generation 280: best fitness -3.5467136, fixed reference 0.31653068, accepted 2/32, evaluations 8992
DE generation 290: best fitness -3.5467136, fixed reference 0.31653068, accepted 0/32, evaluations 9312
DE generation 300: best fitness -3.5467136, fixed reference 0.31653068, accepted 0/32, evaluations 9632
DE generation 310: best fitness -3.5467136, fixed reference 0.31653068, accepted 0/32, evaluations 9952
DE generation 320: best fitness -3.5904186, fixed reference 0.31104313, accepted 0/32, evaluations 10272
DE generation 330: best fitness -3.5904186, fixed reference 0.31104313, accepted 2/32, evaluations 10592
DE generation 340: best fitness -3.5904186, fixed reference 0.31104313, accepted 0/32, evaluations 10912
DE generation 350: best fitness -3.6104026, fixed reference 0.30900678, accepted 0/32, evaluations 11232
DE generation 360: best fitness -3.6104026, fixed reference 0.30900678, accepted 0/32, evaluations 11552
DE generation 370: best fitness -3.7977068, fixed reference 0.36474726, accepted 0/32, evaluations 11872
DE generation 380: best fitness -3.8911786, fixed reference 0.35647412, accepted 2/32, evaluations 12192
DE generation 390: best fitness -3.8953414, fixed reference 0.3520347, accepted 1/32, evaluations 12512
DE generation 400: best fitness -4.0241585, fixed reference 0.33828482, accepted 2/32, evaluations 12832
DE best fitness: -4.0241585; starting Adam.
Iteration 0: total loss -4.0242, losses: [0.26888594031333923, 0.03464900329709053, 0.03474987670779228], weights: [-1.7730308 -2.1802874 -2.3114016], time: 0.0470s
Iteration 250: total loss -5.3842, losses: [0.11385267972946167, 0.007967069745063782, 0.01383471954613924], weights: [-1.7730308 -2.1802874 -2.3114016], time: 0.0219s
Iteration 500: total loss -5.5504, losses: [0.08553773909807205, 0.006496514193713665, 0.01518065296113491], weights: [-1.7730308 -2.1802874 -2.3114016], time: 0.0220s
Iteration 750: total loss -5.6770, losses: [0.06850322335958481, 0.004204852506518364, 0.014581052586436272], weights: [-1.7730308 -2.1802874 -2.3114016], time: 0.0219s
Iteration 1000: total loss -5.7907, losses: [0.052629709243774414, 0.0036060165148228407, 0.01310525182634592], weights: [-1.7730308 -2.1802874 -2.3114016], time: 0.0218s
Iteration 1250: total loss -5.8680, losses: [0.04261190816760063, 0.003625432262197137, 0.011266720481216908], weights: [-1.7730308 -2.1802874 -2.3114016], time: 0.0220s
Iteration 1500: total loss -5.9241, losses: [0.03564709797501564, 0.0027954461984336376, 0.010502180084586143], weights: [-1.7730308 -2.1802874 -2.3114016], time: 0.0219s
Iteration 1750: total loss -5.9574, losses: [0.03134969249367714, 0.0026284032501280308, 0.0098556624725461], weights: [-1.7730308 -2.1802874 -2.3114016], time: 0.0223s
Iteration 2000: total loss -5.9751, losses: [0.02796333096921444, 0.003860935103148222, 0.0089961476624012], weights: [-1.7730308 -2.1802874 -2.3114016], time: 0.0221s
Iteration 2250: total loss -6.0090, losses: [0.02587048150599003, 0.0021587288938462734, 0.008352521806955338], weights: [-1.7730308 -2.1802874 -2.3114016], time: 0.0224s
Iteration 2500: total loss -6.0250, losses: [0.023663612082600594, 0.0020736646838486195, 0.008134263567626476], weights: [-1.7730308 -2.1802874 -2.3114016], time: 0.0222s
Iteration 2750: total loss -6.0396, losses: [0.022074555978178978, 0.0020287218503654003, 0.007650134153664112], weights: [-1.7730308 -2.1802874 -2.3114016], time: 0.0219s
Iteration 3000: total loss -6.0471, losses: [0.020636506378650665, 0.0022876791190356016, 0.007522310595959425], weights: [-1.7730308 -2.1802874 -2.3114016], time: 0.0219s
Iteration 3250: total loss -6.0550, losses: [0.020060280337929726, 0.0021276867482811213, 0.007214127574115992], weights: [-1.7730308 -2.1802874 -2.3114016], time: 0.0220s
Iteration 3500: total loss -6.0716, losses: [0.01823163777589798, 0.0017094735521823168, 0.007003939710557461], weights: [-1.7730308 -2.1802874 -2.3114016], time: 0.0219s
Iteration 3750: total loss -6.0775, losses: [0.017341619357466698, 0.001815166906453669, 0.006842875387519598], weights: [-1.7730308 -2.1802874 -2.3114016], time: 0.0219s
Iteration 4000: total loss -6.0883, losses: [0.016322419047355652, 0.001544163329526782, 0.006601262837648392], weights: [-1.7730308 -2.1802874 -2.3114016], time: 0.0219s
Iteration 4250: total loss -6.0884, losses: [0.015768973156809807, 0.002084992825984955, 0.006446255370974541], weights: [-1.7730308 -2.1802874 -2.3114016], time: 0.0219s
Iteration 4500: total loss -6.0986, losses: [0.015090014785528183, 0.0015041896840557456, 0.006336703896522522], weights: [-1.7730308 -2.1802874 -2.3114016], time: 0.0219s
Iteration 4750: total loss -6.1011, losses: [0.014584789983928204, 0.0015874560922384262, 0.006312166340649128], weights: [-1.7730308 -2.1802874 -2.3114016], time: 0.0218s
Iteration 5000: total loss -6.1022, losses: [0.01424778625369072, 0.0017225929768756032, 0.0062826890498399734], weights: [-1.7730308 -2.1802874 -2.3114016], time: 0.0219s
Iteration 5250: total loss -6.1077, losses: [0.013675304129719734, 0.001777198864147067, 0.006022600922733545], weights: [-1.7730308 -2.1802874 -2.3114016], time: 0.0218s
Iteration 5500: total loss -6.1105, losses: [0.013390669599175453, 0.0018824880244210362, 0.005819899030029774], weights: [-1.7730308 -2.1802874 -2.3114016], time: 0.0219s
Iteration 5750: total loss -6.1145, losses: [0.013104845769703388, 0.001607326790690422, 0.005826367065310478], weights: [-1.7730308 -2.1802874 -2.3114016], time: 0.0219s
Iteration 6000: total loss -6.1195, losses: [0.012667677365243435, 0.001502697472460568, 0.0056792329996824265], weights: [-1.7730308 -2.1802874 -2.3114016], time: 0.0219s
Iteration 6250: total loss -6.1217, losses: [0.012343133799731731, 0.0015453289961442351, 0.005617095157504082], weights: [-1.7730308 -2.1802874 -2.3114016], time: 0.0219s
Iteration 6500: total loss -6.1235, losses: [0.01191934198141098, 0.0015576278092339635, 0.005673383362591267], weights: [-1.7730308 -2.1802874 -2.3114016], time: 0.0221s
Iteration 6750: total loss -6.1285, losses: [0.011793681420385838, 0.0013433500425890088, 0.005441139452159405], weights: [-1.7730308 -2.1802874 -2.3114016], time: 0.0221s
Iteration 7000: total loss -6.1332, losses: [0.011417962610721588, 0.0013175641652196646, 0.005212827119976282], weights: [-1.7730308 -2.1802874 -2.3114016], time: 0.0221s
Iteration 7250: total loss -6.1380, losses: [0.011032482609152794, 0.001244453014805913, 0.005024738144129515], weights: [-1.7730308 -2.1802874 -2.3114016], time: 0.0221s
Iteration 7500: total loss -6.1400, losses: [0.010793793015182018, 0.0013956596376374364, 0.004833612125366926], weights: [-1.7730308 -2.1802874 -2.3114016], time: 0.0220s
Iteration 7750: total loss -6.1441, losses: [0.010419727303087711, 0.0011741662165150046, 0.004840360954403877], weights: [-1.7730308 -2.1802874 -2.3114016], time: 0.0221s
Iteration 8000: total loss -6.1445, losses: [0.010140360333025455, 0.0011405269615352154, 0.004995991010218859], weights: [-1.7730308 -2.1802874 -2.3114016], time: 0.0219s
Early stopping after 8249 iterations: no improvement greater than 1e-05 for 300 evaluations.
{
  "u": {
    "rmse": 0.17425298307396536,
    "mae": 0.10658257534806481,
    "maximum_absolute": 1.1367267753697883,
    "relative_l2": 0.30001965156878324
  },
  "v": {
    "rmse": 0.20533920454784696,
    "mae": 0.09724646534036611,
    "maximum_absolute": 1.5789749786081775,
    "relative_l2": 0.430439072095146
  }
}
Plot with: python -m utils.plot_pinn_results --run-directory /home/thiago.esterci/Repositories/Evolutionary_Algorithms/work_4/studies/loss_weight_study_1789587361856613637/runs/seed_2037_de/1789600028717588609
