Artifacts: /home/thiago.esterci/Repositories/Evolutionary_Algorithms/work_4/studies/loss_weight_study_1789587361856613637/runs/seed_2033_none/1789594651157812561
DE: 400 generations, 32 individuals, 12832 fitness evaluations, 17026 parameters; then 16168 Adam epochs.
DE generation 0: best fitness 3.6284878, fixed reference 3.6284878, accepted 0/32, evaluations 32
DE generation 10: best fitness 3.6284878, fixed reference 3.6284878, accepted 2/32, evaluations 352
DE generation 20: best fitness 3.6284878, fixed reference 3.6284878, accepted 4/32, evaluations 672
DE generation 30: best fitness 3.6147995, fixed reference 3.6147995, accepted 2/32, evaluations 992
DE generation 40: best fitness 3.466121, fixed reference 3.4661209, accepted 2/32, evaluations 1312
DE generation 50: best fitness 3.2786644, fixed reference 3.2786643, accepted 0/32, evaluations 1632
DE generation 60: best fitness 3.2786644, fixed reference 3.2786643, accepted 0/32, evaluations 1952
DE generation 70: best fitness 3.2786644, fixed reference 3.2786643, accepted 1/32, evaluations 2272
DE generation 80: best fitness 3.1516852, fixed reference 3.1516852, accepted 4/32, evaluations 2592
DE generation 90: best fitness 3.1516852, fixed reference 3.1516852, accepted 1/32, evaluations 2912
DE generation 100: best fitness 3.0815141, fixed reference 3.0815142, accepted 3/32, evaluations 3232
DE generation 110: best fitness 3.0778868, fixed reference 3.0778868, accepted 2/32, evaluations 3552
DE generation 120: best fitness 3.0753448, fixed reference 3.0753449, accepted 2/32, evaluations 3872
DE generation 130: best fitness 3.0455892, fixed reference 3.0455892, accepted 2/32, evaluations 4192
DE generation 140: best fitness 2.9824286, fixed reference 2.9824284, accepted 2/32, evaluations 4512
DE generation 150: best fitness 2.9447169, fixed reference 2.9447168, accepted 0/32, evaluations 4832
DE generation 160: best fitness 2.911088, fixed reference 2.911088, accepted 0/32, evaluations 5152
DE generation 170: best fitness 2.911088, fixed reference 2.911088, accepted 0/32, evaluations 5472
DE generation 180: best fitness 2.898628, fixed reference 2.8986281, accepted 4/32, evaluations 5792
DE generation 190: best fitness 2.8082075, fixed reference 2.8082076, accepted 0/32, evaluations 6112
DE generation 200: best fitness 2.782372, fixed reference 2.7823721, accepted 0/32, evaluations 6432
DE generation 210: best fitness 2.782372, fixed reference 2.7823721, accepted 0/32, evaluations 6752
DE generation 220: best fitness 2.782372, fixed reference 2.7823721, accepted 0/32, evaluations 7072
DE generation 230: best fitness 2.782372, fixed reference 2.7823721, accepted 0/32, evaluations 7392
DE generation 240: best fitness 2.7764254, fixed reference 2.7764253, accepted 1/32, evaluations 7712
DE generation 250: best fitness 2.7764254, fixed reference 2.7764253, accepted 0/32, evaluations 8032
DE generation 260: best fitness 2.77282, fixed reference 2.7728199, accepted 0/32, evaluations 8352
DE generation 270: best fitness 2.77282, fixed reference 2.7728199, accepted 0/32, evaluations 8672
DE generation 280: best fitness 2.77282, fixed reference 2.7728199, accepted 2/32, evaluations 8992
DE generation 290: best fitness 2.74371, fixed reference 2.74371, accepted 1/32, evaluations 9312
DE generation 300: best fitness 2.7096863, fixed reference 2.7096863, accepted 0/32, evaluations 9632
DE generation 310: best fitness 2.7096863, fixed reference 2.7096863, accepted 0/32, evaluations 9952
DE generation 320: best fitness 2.7096863, fixed reference 2.7096863, accepted 1/32, evaluations 10272
DE generation 330: best fitness 2.7090001, fixed reference 2.7090001, accepted 0/32, evaluations 10592
DE generation 340: best fitness 2.7090001, fixed reference 2.7090001, accepted 1/32, evaluations 10912
DE generation 350: best fitness 2.6929684, fixed reference 2.6929684, accepted 1/32, evaluations 11232
DE generation 360: best fitness 2.6929684, fixed reference 2.6929684, accepted 1/32, evaluations 11552
DE generation 370: best fitness 2.6929684, fixed reference 2.6929684, accepted 0/32, evaluations 11872
DE generation 380: best fitness 2.6825666, fixed reference 2.6825667, accepted 1/32, evaluations 12192
DE generation 390: best fitness 2.6783524, fixed reference 2.6783524, accepted 1/32, evaluations 12512
DE generation 400: best fitness 2.6783524, fixed reference 2.6783524, accepted 0/32, evaluations 12832
DE best fitness: 2.6783524; starting Adam.
Iteration 0: total loss 2.67835236, losses: [2.351973056793213, 0.09941772371530533, 0.22696158289909363], time: 0.0526s
Iteration 250: total loss 1.17775285, losses: [0.8186469078063965, 0.11986854672431946, 0.2392374724149704], time: 0.0221s
Iteration 500: total loss 0.99172509, losses: [0.6590609550476074, 0.08003349602222443, 0.25263068079948425], time: 0.0224s
Iteration 750: total loss 0.75884986, losses: [0.46404749155044556, 0.057253144681453705, 0.23754921555519104], time: 0.0223s
Iteration 1000: total loss 0.58181036, losses: [0.3380928039550781, 0.04183884710073471, 0.20187871158123016], time: 0.0225s
Iteration 1250: total loss 0.47633052, losses: [0.2636207044124603, 0.04153088480234146, 0.17117895185947418], time: 0.0221s
Iteration 1500: total loss 0.47877720, losses: [0.272233247756958, 0.03715699911117554, 0.16938695311546326], time: 0.0221s
Iteration 1750: total loss 0.40431708, losses: [0.22828292846679688, 0.026664936915040016, 0.1493692249059677], time: 0.0220s
Iteration 2000: total loss 0.46353030, losses: [0.23503930866718292, 0.0614151731133461, 0.16707582771778107], time: 0.0221s
Iteration 2250: total loss 0.35711396, losses: [0.19298183917999268, 0.025960661470890045, 0.1381714791059494], time: 0.0221s
Iteration 2500: total loss 0.32830963, losses: [0.169094517827034, 0.025429345667362213, 0.13378575444221497], time: 0.0225s
Iteration 2750: total loss 0.30097967, losses: [0.1575278341770172, 0.021094605326652527, 0.12235723435878754], time: 0.0220s
Iteration 3000: total loss 0.28057924, losses: [0.1457262486219406, 0.02122189849615097, 0.11363110691308975], time: 0.0226s
Iteration 3250: total loss 0.27209827, losses: [0.13609522581100464, 0.019512023776769638, 0.11649101972579956], time: 0.0223s
Iteration 3500: total loss 0.24553564, losses: [0.12389439344406128, 0.017028318718075752, 0.10461292415857315], time: 0.0221s
Iteration 3750: total loss 0.23408863, losses: [0.11587350815534592, 0.017381830140948296, 0.10083328932523727], time: 0.0225s
Iteration 4000: total loss 0.38134754, losses: [0.19108696281909943, 0.04258539900183678, 0.14767518639564514], time: 0.0221s
Early stopping after 4234 iterations: no improvement greater than 1e-05 for 300 evaluations.
{
  "u": {
    "rmse": 0.17277387812747586,
    "mae": 0.1066402275143109,
    "maximum_absolute": 0.9305906679250251,
    "relative_l2": 0.29747300620954076
  },
  "v": {
    "rmse": 0.17799578972106053,
    "mae": 0.09598111512520971,
    "maximum_absolute": 1.3989785427388908,
    "relative_l2": 0.37312086960248886
  }
}
Plot with: python -m utils.plot_pinn_results --run-directory /home/thiago.esterci/Repositories/Evolutionary_Algorithms/work_4/studies/loss_weight_study_1789587361856613637/runs/seed_2033_none/1789594651157812561
