Artifacts: /home/thiago.esterci/Repositories/Evolutionary_Algorithms/work_4/studies/loss_weight_study_1789587361856613637/runs/seed_2029_none/1789589240525222265
DE: 400 generations, 32 individuals, 12832 fitness evaluations, 17026 parameters; then 16168 Adam epochs.
DE generation 0: best fitness 4.6207867, fixed reference 4.6207868, accepted 0/32, evaluations 32
DE generation 10: best fitness 4.6207867, fixed reference 4.6207868, accepted 0/32, evaluations 352
DE generation 20: best fitness 4.6207867, fixed reference 4.6207868, accepted 1/32, evaluations 672
DE generation 30: best fitness 4.6207867, fixed reference 4.6207868, accepted 1/32, evaluations 992
DE generation 40: best fitness 4.6207867, fixed reference 4.6207868, accepted 1/32, evaluations 1312
DE generation 50: best fitness 4.1405344, fixed reference 4.1405344, accepted 2/32, evaluations 1632
DE generation 60: best fitness 4.1405344, fixed reference 4.1405344, accepted 1/32, evaluations 1952
DE generation 70: best fitness 4.1405344, fixed reference 4.1405344, accepted 5/32, evaluations 2272
DE generation 80: best fitness 4.1405344, fixed reference 4.1405344, accepted 0/32, evaluations 2592
DE generation 90: best fitness 4.1405344, fixed reference 4.1405344, accepted 0/32, evaluations 2912
DE generation 100: best fitness 4.1405344, fixed reference 4.1405344, accepted 1/32, evaluations 3232
DE generation 110: best fitness 4.1405344, fixed reference 4.1405344, accepted 0/32, evaluations 3552
DE generation 120: best fitness 4.1405344, fixed reference 4.1405344, accepted 0/32, evaluations 3872
DE generation 130: best fitness 4.1405344, fixed reference 4.1405344, accepted 1/32, evaluations 4192
DE generation 140: best fitness 4.1405344, fixed reference 4.1405344, accepted 1/32, evaluations 4512
DE generation 150: best fitness 4.1405344, fixed reference 4.1405344, accepted 0/32, evaluations 4832
DE generation 160: best fitness 4.1405344, fixed reference 4.1405344, accepted 2/32, evaluations 5152
DE generation 170: best fitness 4.1405344, fixed reference 4.1405344, accepted 0/32, evaluations 5472
DE generation 180: best fitness 4.1405344, fixed reference 4.1405344, accepted 2/32, evaluations 5792
DE generation 190: best fitness 4.1405344, fixed reference 4.1405344, accepted 0/32, evaluations 6112
DE generation 200: best fitness 3.9445, fixed reference 3.9444999, accepted 2/32, evaluations 6432
DE generation 210: best fitness 3.8538334, fixed reference 3.8538333, accepted 4/32, evaluations 6752
DE generation 220: best fitness 3.7313907, fixed reference 3.7313906, accepted 0/32, evaluations 7072
DE generation 230: best fitness 3.6298575, fixed reference 3.6298575, accepted 1/32, evaluations 7392
DE generation 240: best fitness 3.5680368, fixed reference 3.5680367, accepted 2/32, evaluations 7712
DE generation 250: best fitness 3.5680368, fixed reference 3.5680367, accepted 1/32, evaluations 8032
DE generation 260: best fitness 3.5680368, fixed reference 3.5680367, accepted 0/32, evaluations 8352
DE generation 270: best fitness 3.5680368, fixed reference 3.5680367, accepted 0/32, evaluations 8672
DE generation 280: best fitness 3.4615791, fixed reference 3.4615792, accepted 1/32, evaluations 8992
DE generation 290: best fitness 3.4615791, fixed reference 3.4615792, accepted 1/32, evaluations 9312
DE generation 300: best fitness 3.4369144, fixed reference 3.4369144, accepted 2/32, evaluations 9632
DE generation 310: best fitness 3.4369144, fixed reference 3.4369144, accepted 2/32, evaluations 9952
DE generation 320: best fitness 3.3782415, fixed reference 3.3782415, accepted 0/32, evaluations 10272
DE generation 330: best fitness 3.3782415, fixed reference 3.3782415, accepted 0/32, evaluations 10592
DE generation 340: best fitness 3.3782415, fixed reference 3.3782415, accepted 1/32, evaluations 10912
DE generation 350: best fitness 3.3782415, fixed reference 3.3782415, accepted 1/32, evaluations 11232
DE generation 360: best fitness 3.3782415, fixed reference 3.3782415, accepted 1/32, evaluations 11552
DE generation 370: best fitness 3.3782415, fixed reference 3.3782415, accepted 1/32, evaluations 11872
DE generation 380: best fitness 3.303731, fixed reference 3.303731, accepted 3/32, evaluations 12192
DE generation 390: best fitness 3.303731, fixed reference 3.303731, accepted 1/32, evaluations 12512
DE generation 400: best fitness 3.303731, fixed reference 3.303731, accepted 0/32, evaluations 12832
DE best fitness: 3.303731; starting Adam.
Iteration 0: total loss 3.30373096, losses: [2.501051425933838, 0.20824135839939117, 0.5944381952285767], time: 0.0526s
Iteration 250: total loss 1.08741844, losses: [0.7168762683868408, 0.10925957560539246, 0.2612825930118561], time: 0.0221s
Iteration 500: total loss 0.86424297, losses: [0.5467804074287415, 0.06387405842542648, 0.2535884976387024], time: 0.0223s
Iteration 750: total loss 0.67789310, losses: [0.4074673056602478, 0.05250963568687439, 0.21791614592075348], time: 0.0221s
Iteration 1000: total loss 0.54589301, losses: [0.31478092074394226, 0.03562739118933678, 0.1954846978187561], time: 0.0221s
Iteration 1250: total loss 0.47236717, losses: [0.2594272494316101, 0.041645877063274384, 0.17129403352737427], time: 0.0226s
Iteration 1500: total loss 0.42359728, losses: [0.22225210070610046, 0.03661872446537018, 0.16472645103931427], time: 0.0221s
Iteration 1750: total loss 0.36714330, losses: [0.1944872885942459, 0.030352964997291565, 0.14230304956436157], time: 0.0223s
Iteration 2000: total loss 0.33322039, losses: [0.16982482373714447, 0.029674988240003586, 0.13372057676315308], time: 0.0220s
Iteration 2250: total loss 0.29005468, losses: [0.14493617415428162, 0.02403327077627182, 0.12108524143695831], time: 0.0225s
Iteration 2500: total loss 0.27225408, losses: [0.13368359208106995, 0.02123337611556053, 0.11733710765838623], time: 0.0221s
Iteration 2750: total loss 0.26256707, losses: [0.12540863454341888, 0.022339550778269768, 0.11481887847185135], time: 0.0225s
Iteration 3000: total loss 0.24679825, losses: [0.11787344515323639, 0.01953880488872528, 0.10938598960638046], time: 0.0222s
Iteration 3250: total loss 0.23397711, losses: [0.10750773549079895, 0.02124013379216194, 0.10522923618555069], time: 0.0221s
Iteration 3500: total loss 0.22139461, losses: [0.10059747099876404, 0.021098004654049873, 0.09969913959503174], time: 0.0221s
Iteration 3750: total loss 0.24617642, losses: [0.10457061976194382, 0.03194284439086914, 0.10966295003890991], time: 0.0221s
Iteration 4000: total loss 0.20383970, losses: [0.09004323184490204, 0.021862659603357315, 0.09193381667137146], time: 0.0221s
Iteration 4250: total loss 0.19312425, losses: [0.08565247058868408, 0.018450196832418442, 0.08902157843112946], time: 0.0221s
Iteration 4500: total loss 0.18514894, losses: [0.08039596676826477, 0.01876390166580677, 0.0859890729188919], time: 0.0225s
Iteration 4750: total loss 0.18158048, losses: [0.079417385160923, 0.018135586753487587, 0.08402751386165619], time: 0.0221s
Iteration 5000: total loss 0.17896837, losses: [0.0770292580127716, 0.019092092290520668, 0.08284702897071838], time: 0.0221s
Iteration 5250: total loss 0.17401847, losses: [0.07515355944633484, 0.01794326864182949, 0.08092163503170013], time: 0.0221s
Iteration 5500: total loss 0.17915869, losses: [0.07581405341625214, 0.019600000232458115, 0.08374463021755219], time: 0.0226s
Early stopping after 5550 iterations: no improvement greater than 1e-05 for 300 evaluations.
{
  "u": {
    "rmse": 0.19266813437256727,
    "mae": 0.11148170879523492,
    "maximum_absolute": 1.284360566339637,
    "relative_l2": 0.3317258937158562
  },
  "v": {
    "rmse": 0.20541728744558552,
    "mae": 0.09576486600256627,
    "maximum_absolute": 1.5823581928548576,
    "relative_l2": 0.430602752139213
  }
}
Plot with: python -m utils.plot_pinn_results --run-directory /home/thiago.esterci/Repositories/Evolutionary_Algorithms/work_4/studies/loss_weight_study_1789587361856613637/runs/seed_2029_none/1789589240525222265
