Artifacts: /home/thiago.esterci/Repositories/Evolutionary_Algorithms/work_4/studies/loss_weight_study_1789587361856613637/runs/seed_2028_de/1789587366636728338
DE: 400 generations, 32 individuals, 12832 fitness evaluations, 17029 parameters; then 16168 Adam epochs.
DE generation 0: best fitness -1.5768116, fixed reference 0.53309439, accepted 0/32, evaluations 32
DE generation 10: best fitness -1.5768116, fixed reference 0.53309439, accepted 2/32, evaluations 352
DE generation 20: best fitness -1.5768116, fixed reference 0.53309439, accepted 2/32, evaluations 672
DE generation 30: best fitness -1.5768116, fixed reference 0.53309439, accepted 3/32, evaluations 992
DE generation 40: best fitness -2.6221304, fixed reference 0.48447153, accepted 2/32, evaluations 1312
DE generation 50: best fitness -2.8433177, fixed reference 0.45894701, accepted 0/32, evaluations 1632
DE generation 60: best fitness -3.486495, fixed reference 0.39040394, accepted 1/32, evaluations 1952
DE generation 70: best fitness -3.486495, fixed reference 0.39040394, accepted 0/32, evaluations 2272
DE generation 80: best fitness -3.486495, fixed reference 0.39040394, accepted 1/32, evaluations 2592
DE generation 90: best fitness -3.486495, fixed reference 0.39040394, accepted 1/32, evaluations 2912
DE generation 100: best fitness -3.486495, fixed reference 0.39040394, accepted 2/32, evaluations 3232
DE generation 110: best fitness -3.486495, fixed reference 0.39040394, accepted 3/32, evaluations 3552
DE generation 120: best fitness -3.6276054, fixed reference 0.37478324, accepted 2/32, evaluations 3872
DE generation 130: best fitness -3.6467457, fixed reference 0.34566376, accepted 0/32, evaluations 4192
DE generation 140: best fitness -3.6467457, fixed reference 0.34566376, accepted 1/32, evaluations 4512
DE generation 150: best fitness -3.6467457, fixed reference 0.34566376, accepted 1/32, evaluations 4832
DE generation 160: best fitness -3.6467457, fixed reference 0.34566376, accepted 1/32, evaluations 5152
DE generation 170: best fitness -3.8072317, fixed reference 0.38070234, accepted 3/32, evaluations 5472
DE generation 180: best fitness -4.1294394, fixed reference 0.33992735, accepted 2/32, evaluations 5792
DE generation 190: best fitness -4.1915569, fixed reference 0.34663574, accepted 4/32, evaluations 6112
DE generation 200: best fitness -4.1915569, fixed reference 0.34663574, accepted 1/32, evaluations 6432
DE generation 210: best fitness -4.2210684, fixed reference 0.34327592, accepted 2/32, evaluations 6752
DE generation 220: best fitness -4.3944421, fixed reference 0.32487285, accepted 2/32, evaluations 7072
DE generation 230: best fitness -4.3944421, fixed reference 0.32487285, accepted 2/32, evaluations 7392
DE generation 240: best fitness -4.3944421, fixed reference 0.32487285, accepted 1/32, evaluations 7712
DE generation 250: best fitness -4.3944421, fixed reference 0.32487285, accepted 0/32, evaluations 8032
DE generation 260: best fitness -4.462656, fixed reference 0.31724894, accepted 0/32, evaluations 8352
DE generation 270: best fitness -4.473978, fixed reference 0.31734494, accepted 1/32, evaluations 8672
DE generation 280: best fitness -4.5322943, fixed reference 0.31186998, accepted 0/32, evaluations 8992
DE generation 290: best fitness -4.5322943, fixed reference 0.31186998, accepted 1/32, evaluations 9312
DE generation 300: best fitness -4.5322943, fixed reference 0.31186998, accepted 2/32, evaluations 9632
DE generation 310: best fitness -4.5640149, fixed reference 0.30711024, accepted 0/32, evaluations 9952
DE generation 320: best fitness -4.5940943, fixed reference 0.3005978, accepted 2/32, evaluations 10272
DE generation 330: best fitness -4.5940943, fixed reference 0.3005978, accepted 2/32, evaluations 10592
DE generation 340: best fitness -4.5955496, fixed reference 0.30119097, accepted 1/32, evaluations 10912
DE generation 350: best fitness -4.6892533, fixed reference 0.28903988, accepted 1/32, evaluations 11232
DE generation 360: best fitness -4.6892533, fixed reference 0.28903988, accepted 0/32, evaluations 11552
DE generation 370: best fitness -4.6892533, fixed reference 0.28903988, accepted 2/32, evaluations 11872
DE generation 380: best fitness -4.6892533, fixed reference 0.28903988, accepted 1/32, evaluations 12192
DE generation 390: best fitness -4.7289305, fixed reference 0.32084533, accepted 2/32, evaluations 12512
DE generation 400: best fitness -4.8028326, fixed reference 0.31110313, accepted 3/32, evaluations 12832
DE best fitness: -4.8028326; starting Adam.
Iteration 0: total loss -4.8028, losses: [0.27068254351615906, 0.010894041508436203, 0.029526544734835625], weights: [-1.7842796 -2.5646224 -2.6083844], time: 0.0486s
Iteration 250: total loss -5.9791, losses: [0.13221678137779236, 0.005796872079372406, 0.008501593954861164], weights: [-1.7842796 -2.5646224 -2.6083844], time: 0.0224s
Iteration 500: total loss -6.1803, losses: [0.09783203154802322, 0.003699954366311431, 0.010774360969662666], weights: [-1.7842796 -2.5646224 -2.6083844], time: 0.0219s
Iteration 750: total loss -6.2641, losses: [0.08306985348463058, 0.0034092115238308907, 0.011359072290360928], weights: [-1.7842796 -2.5646224 -2.6083844], time: 0.0219s
Iteration 1000: total loss -6.3775, losses: [0.06670999526977539, 0.0026717938017100096, 0.010884007439017296], weights: [-1.7842796 -2.5646224 -2.6083844], time: 0.0220s
Iteration 1250: total loss -6.4479, losses: [0.05847283452749252, 0.00254066358320415, 0.009439793415367603], weights: [-1.7842796 -2.5646224 -2.6083844], time: 0.0216s
Iteration 1500: total loss -6.5177, losses: [0.04899318143725395, 0.0019518003100529313, 0.009018770419061184], weights: [-1.7842796 -2.5646224 -2.6083844], time: 0.0222s
Iteration 1750: total loss -6.5577, losses: [0.044639911502599716, 0.0015728422440588474, 0.008344532921910286], weights: [-1.7842796 -2.5646224 -2.6083844], time: 0.0223s
Iteration 2000: total loss -6.6021, losses: [0.038841940462589264, 0.0016787206986919045, 0.007515410892665386], weights: [-1.7842796 -2.5646224 -2.6083844], time: 0.0220s
Iteration 2250: total loss -6.6328, losses: [0.034473173320293427, 0.0017932967748492956, 0.007063966244459152], weights: [-1.7842796 -2.5646224 -2.6083844], time: 0.0219s
Iteration 2500: total loss -6.6602, losses: [0.03119059093296528, 0.0016256858361884952, 0.0066422284580767155], weights: [-1.7842796 -2.5646224 -2.6083844], time: 0.0220s
Iteration 2750: total loss -6.6815, losses: [0.028322309255599976, 0.0015846858732402325, 0.006370113231241703], weights: [-1.7842796 -2.5646224 -2.6083844], time: 0.0219s
Iteration 3000: total loss -6.7007, losses: [0.026299990713596344, 0.0013191719772294164, 0.006101386155933142], weights: [-1.7842796 -2.5646224 -2.6083844], time: 0.0220s
Iteration 3250: total loss -6.7143, losses: [0.02456170879304409, 0.001470786752179265, 0.005712592974305153], weights: [-1.7842796 -2.5646224 -2.6083844], time: 0.0224s
Iteration 3500: total loss -6.7247, losses: [0.023399755358695984, 0.0013715699315071106, 0.005557691678404808], weights: [-1.7842796 -2.5646224 -2.6083844], time: 0.0220s
Iteration 3750: total loss -6.7371, losses: [0.022007940337061882, 0.0012505934573709965, 0.005369861610233784], weights: [-1.7842796 -2.5646224 -2.6083844], time: 0.0220s
Iteration 4000: total loss -6.7455, losses: [0.020919254049658775, 0.0012262013042345643, 0.0052481284365057945], weights: [-1.7842796 -2.5646224 -2.6083844], time: 0.0220s
Iteration 4250: total loss -6.7527, losses: [0.020067699253559113, 0.0012051347875967622, 0.005114097148180008], weights: [-1.7842796 -2.5646224 -2.6083844], time: 0.0220s
Iteration 4500: total loss -6.7582, losses: [0.019455811008810997, 0.0011381995864212513, 0.005039809737354517], weights: [-1.7842796 -2.5646224 -2.6083844], time: 0.0220s
Iteration 4750: total loss -6.7583, losses: [0.018934138119220734, 0.0011764999944716692, 0.00522714015096426], weights: [-1.7842796 -2.5646224 -2.6083844], time: 0.0219s
Iteration 5000: total loss -6.7596, losses: [0.018221070989966393, 0.0012448489433154464, 0.005377663765102625], weights: [-1.7842796 -2.5646224 -2.6083844], time: 0.0224s
Iteration 5250: total loss -6.7757, losses: [0.017510032281279564, 0.0010882805800065398, 0.004650682210922241], weights: [-1.7842796 -2.5646224 -2.6083844], time: 0.0222s
Iteration 5500: total loss -6.7779, losses: [0.01695842109620571, 0.0012915736297145486, 0.004538129549473524], weights: [-1.7842796 -2.5646224 -2.6083844], time: 0.0219s
Iteration 5750: total loss -6.7892, losses: [0.01608395017683506, 0.0010637729428708553, 0.004305472131818533], weights: [-1.7842796 -2.5646224 -2.6083844], time: 0.0219s
Iteration 6000: total loss -6.7935, losses: [0.015417695976793766, 0.0010324004106223583, 0.004313680808991194], weights: [-1.7842796 -2.5646224 -2.6083844], time: 0.0220s
Iteration 6250: total loss -6.8008, losses: [0.014674816280603409, 0.0009390967315994203, 0.004186766687780619], weights: [-1.7842796 -2.5646224 -2.6083844], time: 0.0220s
Iteration 6500: total loss -6.8036, losses: [0.014330361969769001, 0.0008668457739986479, 0.004204704891890287], weights: [-1.7842796 -2.5646224 -2.6083844], time: 0.0219s
Iteration 6750: total loss -6.8065, losses: [0.014072409830987453, 0.0009053073008544743, 0.004068510141223669], weights: [-1.7842796 -2.5646224 -2.6083844], time: 0.0219s
Iteration 7000: total loss -6.8105, losses: [0.013672090135514736, 0.0008886641007848084, 0.003964067902415991], weights: [-1.7842796 -2.5646224 -2.6083844], time: 0.0220s
Iteration 7250: total loss -6.8120, losses: [0.013412358239293098, 0.0009241486550308764, 0.0039357999339699745], weights: [-1.7842796 -2.5646224 -2.6083844], time: 0.0220s
Iteration 7500: total loss -6.8158, losses: [0.01316892635077238, 0.0008291444391943514, 0.003851035377010703], weights: [-1.7842796 -2.5646224 -2.6083844], time: 0.0220s
Iteration 7750: total loss -6.8163, losses: [0.01285897009074688, 0.0009919130243360996, 0.0037923441268503666], weights: [-1.7842796 -2.5646224 -2.6083844], time: 0.0220s
Iteration 8000: total loss -6.8205, losses: [0.012472853064537048, 0.0009918797295540571, 0.0036524864844977856], weights: [-1.7842796 -2.5646224 -2.6083844], time: 0.0233s
Iteration 8250: total loss -6.8262, losses: [0.012082602828741074, 0.0008095947559922934, 0.0035774519201368093], weights: [-1.7842796 -2.5646224 -2.6083844], time: 0.0220s
Iteration 8500: total loss -6.8295, losses: [0.01175129134207964, 0.0007502000662498176, 0.0035413175355643034], weights: [-1.7842796 -2.5646224 -2.6083844], time: 0.0222s
Iteration 8750: total loss -6.8307, losses: [0.011505547910928726, 0.0008582918089814484, 0.0034518928732722998], weights: [-1.7842796 -2.5646224 -2.6083844], time: 0.0222s
Iteration 9000: total loss -6.8308, losses: [0.011364851146936417, 0.0007955128094181418, 0.003572719404473901], weights: [-1.7842796 -2.5646224 -2.6083844], time: 0.0222s
Iteration 9250: total loss -6.8315, losses: [0.011112728156149387, 0.0008077023667283356, 0.0036191807594150305], weights: [-1.7842796 -2.5646224 -2.6083844], time: 0.0222s
Iteration 9500: total loss -6.8360, losses: [0.010752067901194096, 0.000769029138609767, 0.0034843520261347294], weights: [-1.7842796 -2.5646224 -2.6083844], time: 0.0222s
Iteration 9750: total loss -6.8388, losses: [0.010487662628293037, 0.0007198121747933328, 0.0034358615521341562], weights: [-1.7842796 -2.5646224 -2.6083844], time: 0.0221s
Iteration 10000: total loss -6.8397, losses: [0.010308131575584412, 0.0007491699070669711, 0.0034208004362881184], weights: [-1.7842796 -2.5646224 -2.6083844], time: 0.0220s
Iteration 10250: total loss -6.8406, losses: [0.010209895670413971, 0.0007293331436812878, 0.0034153982996940613], weights: [-1.7842796 -2.5646224 -2.6083844], time: 0.0223s
Iteration 10500: total loss -6.8423, losses: [0.010039865970611572, 0.0007198036764748394, 0.003376913256943226], weights: [-1.7842796 -2.5646224 -2.6083844], time: 0.0221s
Iteration 10750: total loss -6.8456, losses: [0.009800119325518608, 0.0006763547426089644, 0.003280718345195055], weights: [-1.7842796 -2.5646224 -2.6083844], time: 0.0223s
Iteration 11000: total loss -6.8477, losses: [0.00964121613651514, 0.0006552556878887117, 0.003212372539564967], weights: [-1.7842796 -2.5646224 -2.6083844], time: 0.0221s
Iteration 11250: total loss -6.8465, losses: [0.009503384120762348, 0.0007170995231717825, 0.00330257136374712], weights: [-1.7842796 -2.5646224 -2.6083844], time: 0.0224s
Iteration 11500: total loss -6.8471, losses: [0.009413868188858032, 0.0007394642452709377, 0.0032760549802333117], weights: [-1.7842796 -2.5646224 -2.6083844], time: 0.0225s
Early stopping after 11677 iterations: no improvement greater than 1e-05 for 300 evaluations.
{
  "u": {
    "rmse": 0.17854833491912872,
    "mae": 0.105773152204493,
    "maximum_absolute": 1.1041549231626044,
    "relative_l2": 0.30741516320489803
  },
  "v": {
    "rmse": 0.2069279217769984,
    "mae": 0.0963832315452112,
    "maximum_absolute": 1.634094279461837,
    "relative_l2": 0.43376939555404576
  }
}
Plot with: python -m utils.plot_pinn_results --run-directory /home/thiago.esterci/Repositories/Evolutionary_Algorithms/work_4/studies/loss_weight_study_1789587361856613637/runs/seed_2028_de/1789587366636728338
