Artifacts: /home/thiago.esterci/Repositories/Evolutionary_Algorithms/work_4/studies/loss_weight_study_1789587361856613637/runs/seed_2029_de/1789589511835016691
DE: 400 generations, 32 individuals, 12832 fitness evaluations, 17029 parameters; then 16168 Adam epochs.
DE generation 0: best fitness -2.2869685, fixed reference 0.46207868, accepted 0/32, evaluations 32
DE generation 10: best fitness -2.2869685, fixed reference 0.46207868, accepted 4/32, evaluations 352
DE generation 20: best fitness -2.2869685, fixed reference 0.46207868, accepted 0/32, evaluations 672
DE generation 30: best fitness -2.3447156, fixed reference 0.50242289, accepted 3/32, evaluations 992
DE generation 40: best fitness -2.3447156, fixed reference 0.50242289, accepted 2/32, evaluations 1312
DE generation 50: best fitness -3.0248253, fixed reference 0.43747538, accepted 1/32, evaluations 1632
DE generation 60: best fitness -3.0248253, fixed reference 0.43747538, accepted 1/32, evaluations 1952
DE generation 70: best fitness -3.2774968, fixed reference 0.40802628, accepted 1/32, evaluations 2272
DE generation 80: best fitness -3.2774968, fixed reference 0.40802628, accepted 1/32, evaluations 2592
DE generation 90: best fitness -3.2774968, fixed reference 0.40802628, accepted 3/32, evaluations 2912
DE generation 100: best fitness -3.2774968, fixed reference 0.40802628, accepted 1/32, evaluations 3232
DE generation 110: best fitness -3.2774968, fixed reference 0.40802628, accepted 0/32, evaluations 3552
DE generation 120: best fitness -3.3140116, fixed reference 0.4008643, accepted 1/32, evaluations 3872
DE generation 130: best fitness -3.3140116, fixed reference 0.4008643, accepted 2/32, evaluations 4192
DE generation 140: best fitness -3.3140116, fixed reference 0.4008643, accepted 1/32, evaluations 4512
DE generation 150: best fitness -3.3140116, fixed reference 0.4008643, accepted 0/32, evaluations 4832
DE generation 160: best fitness -3.380821, fixed reference 0.39470558, accepted 2/32, evaluations 5152
DE generation 170: best fitness -3.380821, fixed reference 0.39470558, accepted 2/32, evaluations 5472
DE generation 180: best fitness -3.5746698, fixed reference 0.37607816, accepted 1/32, evaluations 5792
DE generation 190: best fitness -3.5746698, fixed reference 0.37607816, accepted 0/32, evaluations 6112
DE generation 200: best fitness -3.5746698, fixed reference 0.37607816, accepted 0/32, evaluations 6432
DE generation 210: best fitness -3.5746698, fixed reference 0.37607816, accepted 2/32, evaluations 6752
DE generation 220: best fitness -3.5746698, fixed reference 0.37607816, accepted 1/32, evaluations 7072
DE generation 230: best fitness -3.5746698, fixed reference 0.37607816, accepted 2/32, evaluations 7392
DE generation 240: best fitness -3.6614282, fixed reference 0.36291675, accepted 1/32, evaluations 7712
DE generation 250: best fitness -3.6614282, fixed reference 0.36291675, accepted 2/32, evaluations 8032
DE generation 260: best fitness -3.895364, fixed reference 0.3718256, accepted 2/32, evaluations 8352
DE generation 270: best fitness -3.895364, fixed reference 0.3718256, accepted 1/32, evaluations 8672
DE generation 280: best fitness -3.895364, fixed reference 0.3718256, accepted 0/32, evaluations 8992
DE generation 290: best fitness -3.895364, fixed reference 0.3718256, accepted 1/32, evaluations 9312
DE generation 300: best fitness -3.895364, fixed reference 0.3718256, accepted 1/32, evaluations 9632
DE generation 310: best fitness -3.895364, fixed reference 0.3718256, accepted 0/32, evaluations 9952
DE generation 320: best fitness -3.9168739, fixed reference 0.37401786, accepted 1/32, evaluations 10272
DE generation 330: best fitness -4.0450115, fixed reference 0.36250661, accepted 0/32, evaluations 10592
DE generation 340: best fitness -4.0450115, fixed reference 0.36250661, accepted 1/32, evaluations 10912
DE generation 350: best fitness -4.0450115, fixed reference 0.36250661, accepted 0/32, evaluations 11232
DE generation 360: best fitness -4.0450115, fixed reference 0.36250661, accepted 2/32, evaluations 11552
DE generation 370: best fitness -4.0450115, fixed reference 0.36250661, accepted 0/32, evaluations 11872
DE generation 380: best fitness -4.0450115, fixed reference 0.36250661, accepted 2/32, evaluations 12192
DE generation 390: best fitness -4.0450115, fixed reference 0.36250661, accepted 0/32, evaluations 12512
DE generation 400: best fitness -4.0450115, fixed reference 0.36250661, accepted 0/32, evaluations 12832
DE best fitness: -4.0450115; starting Adam.
Iteration 0: total loss -4.0450, losses: [0.26470282673835754, 0.02494930475950241, 0.07285447418689728], weights: [-1.9905154 -2.8650892 -2.2696993], time: 0.0473s
Iteration 250: total loss -6.0783, losses: [0.10650825500488281, 0.0058023761957883835, 0.01711486652493477], weights: [-1.9905154 -2.8650892 -2.2696993], time: 0.0218s
Iteration 500: total loss -6.3340, losses: [0.0729592964053154, 0.0035461550578475, 0.020155949518084526], weights: [-1.9905154 -2.8650892 -2.2696993], time: 0.0223s
Iteration 750: total loss -6.3613, losses: [0.07032511383295059, 0.0035453082527965307, 0.01933307945728302], weights: [-1.9905154 -2.8650892 -2.2696993], time: 0.0219s
Iteration 1000: total loss -6.5177, losses: [0.05394921451807022, 0.001994492718949914, 0.018368730321526527], weights: [-1.9905154 -2.8650892 -2.2696993], time: 0.0218s
Iteration 1250: total loss -6.5834, losses: [0.04702432453632355, 0.001875626272521913, 0.017027681693434715], weights: [-1.9905154 -2.8650892 -2.2696993], time: 0.0223s
Iteration 1500: total loss -6.6387, losses: [0.04123087227344513, 0.0018296116031706333, 0.015780575573444366], weights: [-1.9905154 -2.8650892 -2.2696993], time: 0.0219s
Iteration 1750: total loss -6.6856, losses: [0.03612303361296654, 0.0017435055924579501, 0.014951140619814396], weights: [-1.9905154 -2.8650892 -2.2696993], time: 0.0218s
Iteration 2000: total loss -6.7203, losses: [0.032451167702674866, 0.0017019434599205852, 0.01422335859388113], weights: [-1.9905154 -2.8650892 -2.2696993], time: 0.0218s
Iteration 2250: total loss -6.7517, losses: [0.02971774712204933, 0.0015251158038154244, 0.013364695012569427], weights: [-1.9905154 -2.8650892 -2.2696993], time: 0.0218s
Iteration 2500: total loss -6.7757, losses: [0.02722669020295143, 0.0014169024070724845, 0.012961377389729023], weights: [-1.9905154 -2.8650892 -2.2696993], time: 0.0223s
Iteration 2750: total loss -6.7979, losses: [0.0250548105686903, 0.0013047568500041962, 0.012517431750893593], weights: [-1.9905154 -2.8650892 -2.2696993], time: 0.0224s
Iteration 3000: total loss -6.8157, losses: [0.023410774767398834, 0.0012900980655103922, 0.011949663981795311], weights: [-1.9905154 -2.8650892 -2.2696993], time: 0.0221s
Iteration 3250: total loss -6.8268, losses: [0.022172261029481888, 0.0013491100398823619, 0.011633060872554779], weights: [-1.9905154 -2.8650892 -2.2696993], time: 0.0222s
Iteration 3500: total loss -6.8447, losses: [0.02101905830204487, 0.0011741338530555367, 0.010968057438731194], weights: [-1.9905154 -2.8650892 -2.2696993], time: 0.0223s
Iteration 3750: total loss -6.8518, losses: [0.019996240735054016, 0.0013062412617728114, 0.010772456414997578], weights: [-1.9905154 -2.8650892 -2.2696993], time: 0.0219s
Iteration 4000: total loss -6.8619, losses: [0.019175685942173004, 0.001205621869303286, 0.010530462488532066], weights: [-1.9905154 -2.8650892 -2.2696993], time: 0.0219s
Iteration 4250: total loss -6.8710, losses: [0.018375614657998085, 0.0012976935831829906, 0.010024669580161572], weights: [-1.9905154 -2.8650892 -2.2696993], time: 0.0219s
Iteration 4500: total loss -6.8824, losses: [0.017549632117152214, 0.0010962269734591246, 0.009837436489760876], weights: [-1.9905154 -2.8650892 -2.2696993], time: 0.0220s
Iteration 4750: total loss -6.8859, losses: [0.017082897946238518, 0.0011895131319761276, 0.009665923193097115], weights: [-1.9905154 -2.8650892 -2.2696993], time: 0.0220s
Iteration 5000: total loss -6.8916, losses: [0.016574570909142494, 0.0012613445287570357, 0.009328224696218967], weights: [-1.9905154 -2.8650892 -2.2696993], time: 0.0219s
Iteration 5250: total loss -6.8968, losses: [0.01584797538816929, 0.0013907995307818055, 0.00910230353474617], weights: [-1.9905154 -2.8650892 -2.2696993], time: 0.0219s
Iteration 5500: total loss -6.9020, losses: [0.015282616019248962, 0.0014066619332879782, 0.008961249142885208], weights: [-1.9905154 -2.8650892 -2.2696993], time: 0.0219s
Iteration 5750: total loss -6.9098, losses: [0.014975413680076599, 0.001242094673216343, 0.008693840354681015], weights: [-1.9905154 -2.8650892 -2.2696993], time: 0.0219s
Iteration 6000: total loss -6.9168, losses: [0.014545654878020287, 0.0010838117450475693, 0.008582555688917637], weights: [-1.9905154 -2.8650892 -2.2696993], time: 0.0219s
Iteration 6250: total loss -6.9217, losses: [0.014066704548895359, 0.0011005307314917445, 0.00840230192989111], weights: [-1.9905154 -2.8650892 -2.2696993], time: 0.0220s
Iteration 6500: total loss -6.9278, losses: [0.013723211362957954, 0.0010179844684898853, 0.008185024373233318], weights: [-1.9905154 -2.8650892 -2.2696993], time: 0.0218s
Iteration 6750: total loss -6.9377, losses: [0.0131493816152215, 0.0009013075614348054, 0.0078057958744466305], weights: [-1.9905154 -2.8650892 -2.2696993], time: 0.0219s
Iteration 7000: total loss -6.9361, losses: [0.013119524344801903, 0.0010485070524737239, 0.007732541300356388], weights: [-1.9905154 -2.8650892 -2.2696993], time: 0.0219s
Early stopping after 7198 iterations: no improvement greater than 1e-05 for 300 evaluations.
{
  "u": {
    "rmse": 0.17422718728906858,
    "mae": 0.10908411476378771,
    "maximum_absolute": 0.950611087437168,
    "relative_l2": 0.2999752377386142
  },
  "v": {
    "rmse": 0.19726269873414415,
    "mae": 0.0986672299644083,
    "maximum_absolute": 1.5552181715306999,
    "relative_l2": 0.4135088240410719
  }
}
Plot with: python -m utils.plot_pinn_results --run-directory /home/thiago.esterci/Repositories/Evolutionary_Algorithms/work_4/studies/loss_weight_study_1789587361856613637/runs/seed_2029_de/1789589511835016691
