Artifacts: /home/thiago.esterci/Repositories/Evolutionary_Algorithms/work_4/studies/loss_weight_study_1789587361856613637/runs/seed_2036_none/1789598545454604487
DE: 400 generations, 32 individuals, 12832 fitness evaluations, 17026 parameters; then 16168 Adam epochs.
DE generation 0: best fitness 5.8772378, fixed reference 5.8772377, accepted 0/32, evaluations 32
DE generation 10: best fitness 4.5174894, fixed reference 4.5174894, accepted 5/32, evaluations 352
DE generation 20: best fitness 4.224267, fixed reference 4.224267, accepted 4/32, evaluations 672
DE generation 30: best fitness 4.224267, fixed reference 4.224267, accepted 1/32, evaluations 992
DE generation 40: best fitness 4.224267, fixed reference 4.224267, accepted 1/32, evaluations 1312
DE generation 50: best fitness 4.2022109, fixed reference 4.2022107, accepted 4/32, evaluations 1632
DE generation 60: best fitness 4.2022109, fixed reference 4.2022107, accepted 3/32, evaluations 1952
DE generation 70: best fitness 4.0044298, fixed reference 4.00443, accepted 3/32, evaluations 2272
DE generation 80: best fitness 3.6791573, fixed reference 3.6791573, accepted 1/32, evaluations 2592
DE generation 90: best fitness 3.6791573, fixed reference 3.6791573, accepted 1/32, evaluations 2912
DE generation 100: best fitness 3.6791573, fixed reference 3.6791573, accepted 2/32, evaluations 3232
DE generation 110: best fitness 3.6791573, fixed reference 3.6791573, accepted 1/32, evaluations 3552
DE generation 120: best fitness 3.6791573, fixed reference 3.6791573, accepted 2/32, evaluations 3872
DE generation 130: best fitness 3.6791573, fixed reference 3.6791573, accepted 2/32, evaluations 4192
DE generation 140: best fitness 3.6791573, fixed reference 3.6791573, accepted 2/32, evaluations 4512
DE generation 150: best fitness 3.6791573, fixed reference 3.6791573, accepted 0/32, evaluations 4832
DE generation 160: best fitness 3.6791573, fixed reference 3.6791573, accepted 1/32, evaluations 5152
DE generation 170: best fitness 3.6791573, fixed reference 3.6791573, accepted 1/32, evaluations 5472
DE generation 180: best fitness 3.604681, fixed reference 3.604681, accepted 1/32, evaluations 5792
DE generation 190: best fitness 3.586858, fixed reference 3.5868581, accepted 2/32, evaluations 6112
DE generation 200: best fitness 3.471251, fixed reference 3.4712511, accepted 2/32, evaluations 6432
DE generation 210: best fitness 3.4057248, fixed reference 3.4057247, accepted 2/32, evaluations 6752
DE generation 220: best fitness 3.4057248, fixed reference 3.4057247, accepted 3/32, evaluations 7072
DE generation 230: best fitness 3.4057248, fixed reference 3.4057247, accepted 1/32, evaluations 7392
DE generation 240: best fitness 3.4057248, fixed reference 3.4057247, accepted 3/32, evaluations 7712
DE generation 250: best fitness 3.4057248, fixed reference 3.4057247, accepted 1/32, evaluations 8032
DE generation 260: best fitness 3.4057248, fixed reference 3.4057247, accepted 0/32, evaluations 8352
DE generation 270: best fitness 3.4057248, fixed reference 3.4057247, accepted 0/32, evaluations 8672
DE generation 280: best fitness 3.4057248, fixed reference 3.4057247, accepted 1/32, evaluations 8992
DE generation 290: best fitness 3.4057248, fixed reference 3.4057247, accepted 2/32, evaluations 9312
DE generation 300: best fitness 3.4057248, fixed reference 3.4057247, accepted 1/32, evaluations 9632
DE generation 310: best fitness 3.4057248, fixed reference 3.4057247, accepted 0/32, evaluations 9952
DE generation 320: best fitness 3.4057248, fixed reference 3.4057247, accepted 0/32, evaluations 10272
DE generation 330: best fitness 3.4057248, fixed reference 3.4057247, accepted 1/32, evaluations 10592
DE generation 340: best fitness 3.4057248, fixed reference 3.4057247, accepted 0/32, evaluations 10912
DE generation 350: best fitness 3.4057248, fixed reference 3.4057247, accepted 6/32, evaluations 11232
DE generation 360: best fitness 3.4057248, fixed reference 3.4057247, accepted 1/32, evaluations 11552
DE generation 370: best fitness 3.3611126, fixed reference 3.3611127, accepted 1/32, evaluations 11872
DE generation 380: best fitness 3.3611126, fixed reference 3.3611127, accepted 1/32, evaluations 12192
DE generation 390: best fitness 3.3611126, fixed reference 3.3611127, accepted 0/32, evaluations 12512
DE generation 400: best fitness 3.3611126, fixed reference 3.3611127, accepted 0/32, evaluations 12832
DE best fitness: 3.3611126; starting Adam.
Iteration 0: total loss 3.36111259, losses: [2.4787886142730713, 0.29346269369125366, 0.588861346244812], time: 0.0543s
Iteration 250: total loss 1.33475506, losses: [0.9323034286499023, 0.15291601419448853, 0.2495357245206833], time: 0.0221s
Iteration 500: total loss 0.97838449, losses: [0.6248079538345337, 0.08314742892980576, 0.2704291343688965], time: 0.0222s
Iteration 750: total loss 0.82304066, losses: [0.5207453966140747, 0.0639776736497879, 0.238317608833313], time: 0.0221s
Iteration 1000: total loss 0.67780936, losses: [0.4173628091812134, 0.043615229427814484, 0.21683132648468018], time: 0.0225s
Iteration 1250: total loss 0.59079266, losses: [0.33980661630630493, 0.04994402080774307, 0.20104201138019562], time: 0.0222s
Iteration 1500: total loss 0.51342410, losses: [0.28745102882385254, 0.03439834341406822, 0.19157470762729645], time: 0.0223s
Iteration 1750: total loss 0.46217230, losses: [0.2531876862049103, 0.03081636130809784, 0.17816826701164246], time: 0.0223s
Iteration 2000: total loss 0.41825673, losses: [0.21431735157966614, 0.03285651654005051, 0.17108285427093506], time: 0.0220s
Iteration 2250: total loss 0.36148784, losses: [0.18645590543746948, 0.027698373422026634, 0.147333562374115], time: 0.0223s
Iteration 2500: total loss 0.32773381, losses: [0.1645698994398117, 0.02464023232460022, 0.138523668050766], time: 0.0221s
Iteration 2750: total loss 0.30706322, losses: [0.14796732366085052, 0.026471387594938278, 0.1326245218515396], time: 0.0221s
Iteration 3000: total loss 0.29406056, losses: [0.140853151679039, 0.02456662803888321, 0.1286407709121704], time: 0.0225s
Iteration 3250: total loss 0.27881938, losses: [0.13151417672634125, 0.024175478145480156, 0.1231297180056572], time: 0.0221s
Iteration 3500: total loss 0.26180044, losses: [0.12505030632019043, 0.02148388884961605, 0.11526624858379364], time: 0.0223s
Iteration 3750: total loss 0.25092429, losses: [0.11778581887483597, 0.021158523857593536, 0.11197994649410248], time: 0.0221s
Iteration 4000: total loss 0.24434346, losses: [0.11445903778076172, 0.02150336466729641, 0.10838106274604797], time: 0.0221s
Iteration 4250: total loss 0.22919576, losses: [0.10636917501688004, 0.019843436777591705, 0.10298314690589905], time: 0.0224s
Iteration 4500: total loss 0.21864410, losses: [0.10066284984350204, 0.017677724361419678, 0.1003035232424736], time: 0.0220s
Iteration 4750: total loss 0.21412900, losses: [0.09810637682676315, 0.017392883077263832, 0.09862973541021347], time: 0.0225s
Iteration 5000: total loss 0.20888364, losses: [0.09447511285543442, 0.01857888512313366, 0.09582965075969696], time: 0.0221s
Iteration 5250: total loss 0.19819197, losses: [0.08968138694763184, 0.016952484846115112, 0.09155810624361038], time: 0.0221s
Iteration 5500: total loss 0.19161639, losses: [0.08603127300739288, 0.01628652587532997, 0.08929859101772308], time: 0.0221s
Iteration 5750: total loss 0.18301924, losses: [0.08211924880743027, 0.015441268682479858, 0.08545871824026108], time: 0.0222s
Iteration 6000: total loss 0.17814961, losses: [0.07862060517072678, 0.014999116770923138, 0.08452989161014557], time: 0.0221s
Iteration 6250: total loss 0.17611918, losses: [0.07637427002191544, 0.014130651019513607, 0.08561426401138306], time: 0.0223s
Iteration 6500: total loss 0.17338902, losses: [0.07421558350324631, 0.015392777509987354, 0.08378064632415771], time: 0.0221s
Iteration 6750: total loss 0.17612441, losses: [0.07529307901859283, 0.014968394301831722, 0.08586293458938599], time: 0.0223s
Early stopping after 6922 iterations: no improvement greater than 1e-05 for 300 evaluations.
{
  "u": {
    "rmse": 0.19782884821764282,
    "mae": 0.11238692756911763,
    "maximum_absolute": 1.390382566652442,
    "relative_l2": 0.3406113402794227
  },
  "v": {
    "rmse": 0.21182122692198402,
    "mae": 0.09597362477838295,
    "maximum_absolute": 1.7165158653793098,
    "relative_l2": 0.44402690936259476
  }
}
Plot with: python -m utils.plot_pinn_results --run-directory /home/thiago.esterci/Repositories/Evolutionary_Algorithms/work_4/studies/loss_weight_study_1789587361856613637/runs/seed_2036_none/1789598545454604487
