Artifacts: /home/thiago.esterci/Repositories/Evolutionary_Algorithms/work_4/studies/loss_weight_study_1789587361856613637/runs/seed_2036_de/1789597640136823393
DE: 400 generations, 32 individuals, 12832 fitness evaluations, 17029 parameters; then 16168 Adam epochs.
DE generation 0: best fitness -1.0305179, fixed reference 0.58772377, accepted 0/32, evaluations 32
DE generation 10: best fitness -2.613045, fixed reference 0.41475156, accepted 4/32, evaluations 352
DE generation 20: best fitness -2.613045, fixed reference 0.41475156, accepted 0/32, evaluations 672
DE generation 30: best fitness -2.613045, fixed reference 0.41475156, accepted 3/32, evaluations 992
DE generation 40: best fitness -2.613045, fixed reference 0.41475156, accepted 2/32, evaluations 1312
DE generation 50: best fitness -2.613045, fixed reference 0.41475156, accepted 3/32, evaluations 1632
DE generation 60: best fitness -2.613045, fixed reference 0.41475156, accepted 4/32, evaluations 1952
DE generation 70: best fitness -2.613045, fixed reference 0.41475156, accepted 0/32, evaluations 2272
DE generation 80: best fitness -2.613045, fixed reference 0.41475156, accepted 2/32, evaluations 2592
DE generation 90: best fitness -2.613045, fixed reference 0.41475156, accepted 3/32, evaluations 2912
DE generation 100: best fitness -2.613045, fixed reference 0.41475156, accepted 3/32, evaluations 3232
DE generation 110: best fitness -2.9643772, fixed reference 0.39065734, accepted 1/32, evaluations 3552
DE generation 120: best fitness -2.9643772, fixed reference 0.39065734, accepted 2/32, evaluations 3872
DE generation 130: best fitness -2.9643772, fixed reference 0.39065734, accepted 0/32, evaluations 4192
DE generation 140: best fitness -2.9643772, fixed reference 0.39065734, accepted 0/32, evaluations 4512
DE generation 150: best fitness -2.9643772, fixed reference 0.39065734, accepted 0/32, evaluations 4832
DE generation 160: best fitness -3.0769482, fixed reference 0.37809456, accepted 0/32, evaluations 5152
DE generation 170: best fitness -3.0769482, fixed reference 0.37809456, accepted 2/32, evaluations 5472
DE generation 180: best fitness -3.0769482, fixed reference 0.37809456, accepted 0/32, evaluations 5792
DE generation 190: best fitness -3.0769482, fixed reference 0.37809456, accepted 1/32, evaluations 6112
DE generation 200: best fitness -3.0769482, fixed reference 0.37809456, accepted 1/32, evaluations 6432
DE generation 210: best fitness -3.0769482, fixed reference 0.37809456, accepted 0/32, evaluations 6752
DE generation 220: best fitness -3.0769482, fixed reference 0.37809456, accepted 2/32, evaluations 7072
DE generation 230: best fitness -3.0769482, fixed reference 0.37809456, accepted 0/32, evaluations 7392
DE generation 240: best fitness -3.0769482, fixed reference 0.37809456, accepted 1/32, evaluations 7712
DE generation 250: best fitness -3.0769482, fixed reference 0.37809456, accepted 0/32, evaluations 8032
DE generation 260: best fitness -3.0769482, fixed reference 0.37809456, accepted 1/32, evaluations 8352
DE generation 270: best fitness -3.0769482, fixed reference 0.37809456, accepted 0/32, evaluations 8672
DE generation 280: best fitness -3.0769482, fixed reference 0.37809456, accepted 2/32, evaluations 8992
DE generation 290: best fitness -3.0819604, fixed reference 0.4200564, accepted 0/32, evaluations 9312
DE generation 300: best fitness -3.0819604, fixed reference 0.4200564, accepted 0/32, evaluations 9632
DE generation 310: best fitness -3.1180239, fixed reference 0.41758506, accepted 1/32, evaluations 9952
DE generation 320: best fitness -3.1391447, fixed reference 0.41468959, accepted 2/32, evaluations 10272
DE generation 330: best fitness -3.1391447, fixed reference 0.41468959, accepted 2/32, evaluations 10592
DE generation 340: best fitness -3.1391447, fixed reference 0.41468959, accepted 1/32, evaluations 10912
DE generation 350: best fitness -3.1562176, fixed reference 0.38512179, accepted 1/32, evaluations 11232
DE generation 360: best fitness -3.1562176, fixed reference 0.38512179, accepted 1/32, evaluations 11552
DE generation 370: best fitness -3.1562176, fixed reference 0.38512179, accepted 0/32, evaluations 11872
DE generation 380: best fitness -3.159925, fixed reference 0.38563412, accepted 0/32, evaluations 12192
DE generation 390: best fitness -3.159925, fixed reference 0.38563412, accepted 1/32, evaluations 12512
DE generation 400: best fitness -3.2448063, fixed reference 0.39944523, accepted 0/32, evaluations 12832
DE best fitness: -3.2448063; starting Adam.
Iteration 0: total loss -3.2448, losses: [0.24091027677059174, 0.04786337912082672, 0.11067157238721848], weights: [-1.9866664 -2.3196964 -1.9979157], time: 0.0487s
Iteration 250: total loss -5.4120, losses: [0.08629325032234192, 0.007488190662115812, 0.025346023961901665], weights: [-1.9866664 -2.3196964 -1.9979157], time: 0.0219s
Iteration 500: total loss -5.6012, losses: [0.06423623859882355, 0.0046585784293711185, 0.025403836742043495], weights: [-1.9866664 -2.3196964 -1.9979157], time: 0.0219s
Iteration 750: total loss -5.7183, losses: [0.05141210928559303, 0.0036570788361132145, 0.02358284592628479], weights: [-1.9866664 -2.3196964 -1.9979157], time: 0.0220s
Iteration 1000: total loss -5.8043, losses: [0.041440531611442566, 0.0036290129646658897, 0.021817073225975037], weights: [-1.9866664 -2.3196964 -1.9979157], time: 0.0222s
Iteration 1250: total loss -5.8794, losses: [0.03338392823934555, 0.0030151878017932177, 0.020450957119464874], weights: [-1.9866664 -2.3196964 -1.9979157], time: 0.0222s
Iteration 1500: total loss -5.9155, losses: [0.02946753054857254, 0.002872792538255453, 0.019618099555373192], weights: [-1.9866664 -2.3196964 -1.9979157], time: 0.0219s
Iteration 1750: total loss -5.9522, losses: [0.02605559304356575, 0.0026067455764859915, 0.01838250830769539], weights: [-1.9866664 -2.3196964 -1.9979157], time: 0.0220s
Iteration 2000: total loss -5.9899, losses: [0.022798288613557816, 0.0025632157921791077, 0.01656041108071804], weights: [-1.9866664 -2.3196964 -1.9979157], time: 0.0220s
Iteration 2250: total loss -6.0173, losses: [0.02039235457777977, 0.0021705750841647387, 0.01576017588376999], weights: [-1.9866664 -2.3196964 -1.9979157], time: 0.0219s
Iteration 2500: total loss -6.0391, losses: [0.018357697874307632, 0.0021243910305202007, 0.01487824972718954], weights: [-1.9866664 -2.3196964 -1.9979157], time: 0.0223s
Iteration 2750: total loss -6.0610, losses: [0.016734654083848, 0.0017881757812574506, 0.013971689157187939], weights: [-1.9866664 -2.3196964 -1.9979157], time: 0.0220s
Iteration 3000: total loss -6.0654, losses: [0.016196435317397118, 0.0018724108813330531, 0.013796735554933548], weights: [-1.9866664 -2.3196964 -1.9979157], time: 0.0220s
Iteration 3250: total loss -6.0743, losses: [0.015296169556677341, 0.0018556846771389246, 0.013506223447620869], weights: [-1.9866664 -2.3196964 -1.9979157], time: 0.0219s
Iteration 3500: total loss -6.0886, losses: [0.014405952766537666, 0.0017993905348703265, 0.012528548017144203], weights: [-1.9866664 -2.3196964 -1.9979157], time: 0.0219s
Iteration 3750: total loss -6.0999, losses: [0.013562800362706184, 0.0016505729872733355, 0.01203160546720028], weights: [-1.9866664 -2.3196964 -1.9979157], time: 0.0224s
Iteration 4000: total loss -6.1107, losses: [0.013044053688645363, 0.0016733959782868624, 0.011052305810153484], weights: [-1.9866664 -2.3196964 -1.9979157], time: 0.0220s
Iteration 4250: total loss -6.1186, losses: [0.012499862350523472, 0.001619264716282487, 0.010593825951218605], weights: [-1.9866664 -2.3196964 -1.9979157], time: 0.0219s
Iteration 4500: total loss -6.1209, losses: [0.012102968990802765, 0.001699370564892888, 0.010563768446445465], weights: [-1.9866664 -2.3196964 -1.9979157], time: 0.0219s
Iteration 4750: total loss -6.1330, losses: [0.010935557074844837, 0.0017478526569902897, 0.0099979592487216], weights: [-1.9866664 -2.3196964 -1.9979157], time: 0.0219s
Iteration 5000: total loss -6.1407, losses: [0.010459461249411106, 0.0015242599183693528, 0.009736916981637478], weights: [-1.9866664 -2.3196964 -1.9979157], time: 0.0220s
Iteration 5250: total loss -6.1445, losses: [0.010077664628624916, 0.0015568570233881474, 0.009560386650264263], weights: [-1.9866664 -2.3196964 -1.9979157], time: 0.0219s
Iteration 5500: total loss -6.1502, losses: [0.009674484841525555, 0.0016357289860025048, 0.009067574515938759], weights: [-1.9866664 -2.3196964 -1.9979157], time: 0.0223s
Iteration 5750: total loss -6.1575, losses: [0.009169302880764008, 0.0014458020450547338, 0.008837847039103508], weights: [-1.9866664 -2.3196964 -1.9979157], time: 0.0219s
Iteration 6000: total loss -6.1654, losses: [0.008711577393114567, 0.0012481400044634938, 0.008496507070958614], weights: [-1.9866664 -2.3196964 -1.9979157], time: 0.0223s
Iteration 6250: total loss -6.1700, losses: [0.008319997228682041, 0.001210678368806839, 0.008316323161125183], weights: [-1.9866664 -2.3196964 -1.9979157], time: 0.0219s
Iteration 6500: total loss -6.1731, losses: [0.007994525134563446, 0.0012252156157046556, 0.00819520466029644], weights: [-1.9866664 -2.3196964 -1.9979157], time: 0.0218s
Iteration 6750: total loss -6.1714, losses: [0.007870505563914776, 0.0013897654134780169, 0.008327028714120388], weights: [-1.9866664 -2.3196964 -1.9979157], time: 0.0219s
Early stopping after 6956 iterations: no improvement greater than 1e-05 for 300 evaluations.
{
  "u": {
    "rmse": 0.1731450312891707,
    "mae": 0.10353404774101693,
    "maximum_absolute": 1.026176835494494,
    "relative_l2": 0.29811203826675997
  },
  "v": {
    "rmse": 0.21157645209975282,
    "mae": 0.09622999520983438,
    "maximum_absolute": 1.7198137307700874,
    "relative_l2": 0.44351380399830037
  }
}
Plot with: python -m utils.plot_pinn_results --run-directory /home/thiago.esterci/Repositories/Evolutionary_Algorithms/work_4/studies/loss_weight_study_1789587361856613637/runs/seed_2036_de/1789597640136823393
