Artifacts: /home/thiago.esterci/Repositories/Evolutionary_Algorithms/work_4/studies/loss_weight_study_1789587361856613637/runs/seed_2028_none/1789588452014996661
DE: 400 generations, 32 individuals, 12832 fitness evaluations, 17026 parameters; then 16168 Adam epochs.
DE generation 0: best fitness 5.3309441, fixed reference 5.3309439, accepted 0/32, evaluations 32
DE generation 10: best fitness 5.3309441, fixed reference 5.3309439, accepted 2/32, evaluations 352
DE generation 20: best fitness 5.3309441, fixed reference 5.3309439, accepted 2/32, evaluations 672
DE generation 30: best fitness 5.3309441, fixed reference 5.3309439, accepted 1/32, evaluations 992
DE generation 40: best fitness 5.3309441, fixed reference 5.3309439, accepted 1/32, evaluations 1312
DE generation 50: best fitness 5.3309441, fixed reference 5.3309439, accepted 1/32, evaluations 1632
DE generation 60: best fitness 3.912729, fixed reference 3.9127289, accepted 3/32, evaluations 1952
DE generation 70: best fitness 3.912729, fixed reference 3.9127289, accepted 1/32, evaluations 2272
DE generation 80: best fitness 3.912729, fixed reference 3.9127289, accepted 3/32, evaluations 2592
DE generation 90: best fitness 3.912729, fixed reference 3.9127289, accepted 2/32, evaluations 2912
DE generation 100: best fitness 3.912729, fixed reference 3.9127289, accepted 1/32, evaluations 3232
DE generation 110: best fitness 3.912729, fixed reference 3.9127289, accepted 2/32, evaluations 3552
DE generation 120: best fitness 3.912729, fixed reference 3.9127289, accepted 0/32, evaluations 3872
DE generation 130: best fitness 3.912729, fixed reference 3.9127289, accepted 1/32, evaluations 4192
DE generation 140: best fitness 3.912729, fixed reference 3.9127289, accepted 1/32, evaluations 4512
DE generation 150: best fitness 3.9004412, fixed reference 3.9004412, accepted 0/32, evaluations 4832
DE generation 160: best fitness 3.9004412, fixed reference 3.9004412, accepted 1/32, evaluations 5152
DE generation 170: best fitness 3.8990896, fixed reference 3.8990895, accepted 1/32, evaluations 5472
DE generation 180: best fitness 3.6767616, fixed reference 3.6767616, accepted 0/32, evaluations 5792
DE generation 190: best fitness 3.5915911, fixed reference 3.591591, accepted 4/32, evaluations 6112
DE generation 200: best fitness 3.5915911, fixed reference 3.591591, accepted 2/32, evaluations 6432
DE generation 210: best fitness 3.4829278, fixed reference 3.4829278, accepted 1/32, evaluations 6752
DE generation 220: best fitness 3.4829278, fixed reference 3.4829278, accepted 3/32, evaluations 7072
DE generation 230: best fitness 3.4829278, fixed reference 3.4829278, accepted 1/32, evaluations 7392
DE generation 240: best fitness 3.4829278, fixed reference 3.4829278, accepted 0/32, evaluations 7712
DE generation 250: best fitness 3.4829278, fixed reference 3.4829278, accepted 1/32, evaluations 8032
DE generation 260: best fitness 3.4829278, fixed reference 3.4829278, accepted 1/32, evaluations 8352
DE generation 270: best fitness 3.4829278, fixed reference 3.4829278, accepted 0/32, evaluations 8672
DE generation 280: best fitness 3.4829278, fixed reference 3.4829278, accepted 1/32, evaluations 8992
DE generation 290: best fitness 3.4829278, fixed reference 3.4829278, accepted 0/32, evaluations 9312
DE generation 300: best fitness 3.4390507, fixed reference 3.4390508, accepted 1/32, evaluations 9632
DE generation 310: best fitness 3.4390507, fixed reference 3.4390508, accepted 0/32, evaluations 9952
DE generation 320: best fitness 3.2703369, fixed reference 3.2703368, accepted 0/32, evaluations 10272
DE generation 330: best fitness 3.2637563, fixed reference 3.2637563, accepted 0/32, evaluations 10592
DE generation 340: best fitness 3.2637563, fixed reference 3.2637563, accepted 1/32, evaluations 10912
DE generation 350: best fitness 3.2615976, fixed reference 3.2615976, accepted 1/32, evaluations 11232
DE generation 360: best fitness 3.2392998, fixed reference 3.2392999, accepted 0/32, evaluations 11552
DE generation 370: best fitness 3.2392998, fixed reference 3.2392999, accepted 2/32, evaluations 11872
DE generation 380: best fitness 3.2121849, fixed reference 3.2121849, accepted 0/32, evaluations 12192
DE generation 390: best fitness 3.2121849, fixed reference 3.2121849, accepted 0/32, evaluations 12512
DE generation 400: best fitness 3.2121849, fixed reference 3.2121849, accepted 2/32, evaluations 12832
DE best fitness: 3.2121849; starting Adam.
Iteration 0: total loss 3.21218491, losses: [2.28879714012146, 0.2850828170776367, 0.6383050084114075], time: 0.0552s
Iteration 250: total loss 1.13306844, losses: [0.78319251537323, 0.10268669575452805, 0.2471892386674881], time: 0.0220s
Iteration 500: total loss 0.80322158, losses: [0.5121637582778931, 0.05962301418185234, 0.23143485188484192], time: 0.0219s
Iteration 750: total loss 0.65210807, losses: [0.39500129222869873, 0.04745309054851532, 0.20965369045734406], time: 0.0222s
Iteration 1000: total loss 0.52689719, losses: [0.3036639392375946, 0.04211791604757309, 0.18111532926559448], time: 0.0224s
Iteration 1250: total loss 0.45607159, losses: [0.25115931034088135, 0.037166427820920944, 0.16774585843086243], time: 0.0221s
Iteration 1500: total loss 0.38937956, losses: [0.20958799123764038, 0.030699223279953003, 0.14909233152866364], time: 0.0220s
Iteration 1750: total loss 0.37678048, losses: [0.19232550263404846, 0.03455423191189766, 0.14990074932575226], time: 0.0220s
Iteration 2000: total loss 0.34019983, losses: [0.1736816167831421, 0.030302925035357475, 0.13621526956558228], time: 0.0219s
Iteration 2250: total loss 0.31243724, losses: [0.15848307311534882, 0.026043307036161423, 0.12791085243225098], time: 0.0219s
Iteration 2500: total loss 0.28712183, losses: [0.14597564935684204, 0.02343697100877762, 0.11770922690629959], time: 0.0219s
Iteration 2750: total loss 0.26532051, losses: [0.13298693299293518, 0.021003887057304382, 0.11132968962192535], time: 0.0222s
Iteration 3000: total loss 0.25144565, losses: [0.12176421284675598, 0.022750437259674072, 0.10693100094795227], time: 0.0220s
Iteration 3250: total loss 0.24411312, losses: [0.11680324375629425, 0.021243907511234283, 0.10606595873832703], time: 0.0219s
Iteration 3500: total loss 0.23115918, losses: [0.11174672096967697, 0.01984819956123829, 0.09956426173448563], time: 0.0219s
Iteration 3750: total loss 0.22631949, losses: [0.10691895335912704, 0.019122090190649033, 0.10027844458818436], time: 0.0219s
Iteration 4000: total loss 0.21869448, losses: [0.10395494103431702, 0.018533851951360703, 0.0962056890130043], time: 0.0219s
Iteration 4250: total loss 0.22122240, losses: [0.10249479860067368, 0.019681258127093315, 0.09904633462429047], time: 0.0220s
Early stopping after 4350 iterations: no improvement greater than 1e-05 for 300 evaluations.
{
  "u": {
    "rmse": 0.16923188250277585,
    "mae": 0.10559683315732472,
    "maximum_absolute": 0.934783020219947,
    "relative_l2": 0.2913745838213883
  },
  "v": {
    "rmse": 0.1895012433869707,
    "mae": 0.09366912286901291,
    "maximum_absolute": 1.501289617472625,
    "relative_l2": 0.39723899556335035
  }
}
Plot with: python -m utils.plot_pinn_results --run-directory /home/thiago.esterci/Repositories/Evolutionary_Algorithms/work_4/studies/loss_weight_study_1789587361856613637/runs/seed_2028_none/1789588452014996661
