Artifacts: /home/thiago.esterci/Repositories/Evolutionary_Algorithms/work_4/studies/loss_weight_study_1789587361856613637/runs/seed_2031_pinn/1789591851191924571
DE: 400 generations, 32 individuals, 12832 fitness evaluations, 17026 parameters; then 16168 Adam epochs.
DE generation 0: best fitness 4.2043233, fixed reference 4.2043234, accepted 0/32, evaluations 32
DE generation 10: best fitness 4.2043233, fixed reference 4.2043234, accepted 1/32, evaluations 352
DE generation 20: best fitness 4.2043233, fixed reference 4.2043234, accepted 0/32, evaluations 672
DE generation 30: best fitness 4.2043233, fixed reference 4.2043234, accepted 0/32, evaluations 992
DE generation 40: best fitness 4.2043233, fixed reference 4.2043234, accepted 0/32, evaluations 1312
DE generation 50: best fitness 4.2043233, fixed reference 4.2043234, accepted 1/32, evaluations 1632
DE generation 60: best fitness 4.2043233, fixed reference 4.2043234, accepted 1/32, evaluations 1952
DE generation 70: best fitness 4.2043233, fixed reference 4.2043234, accepted 1/32, evaluations 2272
DE generation 80: best fitness 4.2043233, fixed reference 4.2043234, accepted 0/32, evaluations 2592
DE generation 90: best fitness 4.2043233, fixed reference 4.2043234, accepted 0/32, evaluations 2912
DE generation 100: best fitness 4.2043233, fixed reference 4.2043234, accepted 0/32, evaluations 3232
DE generation 110: best fitness 4.2043233, fixed reference 4.2043234, accepted 0/32, evaluations 3552
DE generation 120: best fitness 4.2043233, fixed reference 4.2043234, accepted 2/32, evaluations 3872
DE generation 130: best fitness 4.1535926, fixed reference 4.1535927, accepted 3/32, evaluations 4192
DE generation 140: best fitness 4.1535926, fixed reference 4.1535927, accepted 2/32, evaluations 4512
DE generation 150: best fitness 4.1535926, fixed reference 4.1535927, accepted 2/32, evaluations 4832
DE generation 160: best fitness 4.1535926, fixed reference 4.1535927, accepted 1/32, evaluations 5152
DE generation 170: best fitness 4.1535926, fixed reference 4.1535927, accepted 1/32, evaluations 5472
DE generation 180: best fitness 4.1535926, fixed reference 4.1535927, accepted 1/32, evaluations 5792
DE generation 190: best fitness 4.1535926, fixed reference 4.1535927, accepted 0/32, evaluations 6112
DE generation 200: best fitness 4.1535926, fixed reference 4.1535927, accepted 4/32, evaluations 6432
DE generation 210: best fitness 4.1535926, fixed reference 4.1535927, accepted 2/32, evaluations 6752
DE generation 220: best fitness 4.0989232, fixed reference 4.0989232, accepted 1/32, evaluations 7072
DE generation 230: best fitness 3.8570611, fixed reference 3.8570612, accepted 2/32, evaluations 7392
DE generation 240: best fitness 3.776283, fixed reference 3.7762829, accepted 2/32, evaluations 7712
DE generation 250: best fitness 3.5723057, fixed reference 3.5723057, accepted 1/32, evaluations 8032
DE generation 260: best fitness 3.4641898, fixed reference 3.4641899, accepted 0/32, evaluations 8352
DE generation 270: best fitness 3.4641898, fixed reference 3.4641899, accepted 2/32, evaluations 8672
DE generation 280: best fitness 3.2962501, fixed reference 3.29625, accepted 2/32, evaluations 8992
DE generation 290: best fitness 3.2432575, fixed reference 3.2432576, accepted 0/32, evaluations 9312
DE generation 300: best fitness 3.2432575, fixed reference 3.2432576, accepted 0/32, evaluations 9632
DE generation 310: best fitness 3.1688991, fixed reference 3.1688991, accepted 0/32, evaluations 9952
DE generation 320: best fitness 3.1688991, fixed reference 3.1688991, accepted 1/32, evaluations 10272
DE generation 330: best fitness 3.1688991, fixed reference 3.1688991, accepted 1/32, evaluations 10592
DE generation 340: best fitness 3.1688991, fixed reference 3.1688991, accepted 1/32, evaluations 10912
DE generation 350: best fitness 3.1688991, fixed reference 3.1688991, accepted 1/32, evaluations 11232
DE generation 360: best fitness 3.1688991, fixed reference 3.1688991, accepted 2/32, evaluations 11552
DE generation 370: best fitness 3.1688991, fixed reference 3.1688991, accepted 0/32, evaluations 11872
DE generation 380: best fitness 3.1688991, fixed reference 3.1688991, accepted 0/32, evaluations 12192
DE generation 390: best fitness 3.1688991, fixed reference 3.1688991, accepted 0/32, evaluations 12512
DE generation 400: best fitness 3.1688991, fixed reference 3.1688991, accepted 0/32, evaluations 12832
DE best fitness: 3.1688991; starting Adam.
Iteration 0: total loss -3.7389, losses: [0.2551731467247009, 0.015723997727036476, 0.04599276930093765], weights: [-2.3015852 -2.303585  -2.303585 ], time: 0.0500s
Iteration 250: total loss -5.8318, losses: [0.10145518183708191, 0.010767601430416107, 0.019412744790315628], weights: [-2.2449548 -2.4459925 -2.4482436], time: 0.0225s
Iteration 500: total loss -6.4088, losses: [0.0671851634979248, 0.005946420133113861, 0.020608792081475258], weights: [-2.3104126 -2.5647173 -2.5539563], time: 0.0226s
Iteration 750: total loss -6.8825, losses: [0.04870092123746872, 0.003974560182541609, 0.018161848187446594], weights: [-2.4290454 -2.6709924 -2.6506798], time: 0.0225s
Iteration 1000: total loss -7.2491, losses: [0.03842895105481148, 0.0031714909709990025, 0.017050258815288544], weights: [-2.5464034 -2.767699  -2.7411082], time: 0.0226s
Iteration 1250: total loss -7.5481, losses: [0.03303755447268486, 0.0028759960550814867, 0.015848031267523766], weights: [-2.6520557 -2.857239  -2.825626 ], time: 0.0226s
Iteration 1500: total loss -7.7906, losses: [0.02999155782163143, 0.0029759379103779793, 0.015221459791064262], weights: [-2.7472937 -2.9409077 -2.905516 ], time: 0.0225s
Iteration 1750: total loss -8.0047, losses: [0.027452344074845314, 0.0028241423424333334, 0.015458258800208569], weights: [-2.8341439 -3.019829  -2.9809904], time: 0.0226s
Iteration 2000: total loss -8.2391, losses: [0.025060078129172325, 0.0030161503236740828, 0.013906239531934261], weights: [-2.9152706 -3.0951676 -3.0529194], time: 0.0230s
Iteration 2250: total loss -8.4661, losses: [0.021785300225019455, 0.003263127990067005, 0.013445681892335415], weights: [-2.9938557 -3.1674664 -3.123316 ], time: 0.0225s
Iteration 2500: total loss -8.6894, losses: [0.020265478640794754, 0.002589598298072815, 0.012494330294430256], weights: [-3.0682123 -3.2364178 -3.1907032], time: 0.0226s
Iteration 2750: total loss -8.8893, losses: [0.01899030990898609, 0.002431280445307493, 0.01174766756594181], weights: [-3.1396127 -3.30374   -3.2561648], time: 0.0225s
Iteration 3000: total loss -9.0782, losses: [0.017775854095816612, 0.0024113464169204235, 0.011143531650304794], weights: [-3.2075925 -3.368834  -3.3199544], time: 0.0225s
Iteration 3250: total loss -9.2127, losses: [0.017503680661320686, 0.0026084294077008963, 0.011191326193511486], weights: [-3.2716289 -3.4312418 -3.3814738], time: 0.0229s
Iteration 3500: total loss -9.4204, losses: [0.016157280653715134, 0.0022377297282218933, 0.010211551561951637], weights: [-3.3328238 -3.4921472 -3.4409797], time: 0.0225s
Iteration 3750: total loss -9.5827, losses: [0.015270196832716465, 0.002185613615438342, 0.009968312457203865], weights: [-3.392909  -3.5514314 -3.4991634], time: 0.0226s
Iteration 4000: total loss -9.7637, losses: [0.014243032783269882, 0.0019146330887451768, 0.009488850831985474], weights: [-3.4516604 -3.609362  -3.5553777], time: 0.0230s
Iteration 4250: total loss -9.9309, losses: [0.013105848804116249, 0.0019071256974712014, 0.009236970916390419], weights: [-3.5091732 -3.6659863 -3.6103537], time: 0.0226s
Iteration 4500: total loss -10.0891, losses: [0.01231644582003355, 0.0017453311011195183, 0.009063160046935081], weights: [-3.565912  -3.72116   -3.6638665], time: 0.0229s
Iteration 4750: total loss -10.2388, losses: [0.011748119257390499, 0.0017109573818743229, 0.008732249960303307], weights: [-3.620899  -3.7751436 -3.7156289], time: 0.0226s
Iteration 5000: total loss -10.3307, losses: [0.01173648051917553, 0.0017866415437310934, 0.009037642739713192], weights: [-3.6735222 -3.8270555 -3.7650635], time: 0.0225s
Iteration 5250: total loss -10.4860, losses: [0.010871577076613903, 0.001935587846674025, 0.008518461138010025], weights: [-3.7245495 -3.8785734 -3.8135486], time: 0.0226s
Iteration 5500: total loss -10.6540, losses: [0.010192472487688065, 0.001399905071593821, 0.008326624520123005], weights: [-3.7751982 -3.9292107 -3.861437 ], time: 0.0225s
Iteration 5750: total loss -10.7935, losses: [0.009508536197245121, 0.0014805395621806383, 0.008098130114376545], weights: [-3.8252122 -3.9788072 -3.9083908], time: 0.0225s
Iteration 6000: total loss -10.9007, losses: [0.009007018990814686, 0.001804292667657137, 0.008050584234297276], weights: [-3.874656  -4.027154  -3.9542665], time: 0.0226s
Iteration 6250: total loss -11.0232, losses: [0.008737711235880852, 0.0015017236582934856, 0.00811015535145998], weights: [-3.9227552 -4.074402  -3.9984462], time: 0.0225s
Iteration 6500: total loss -11.1553, losses: [0.00823239702731371, 0.0013735935790464282, 0.00799921341240406], weights: [-3.9696019 -4.1206794 -4.0410686], time: 0.0225s
Iteration 6750: total loss -11.2494, losses: [0.008075077086687088, 0.0014651983510702848, 0.007955444045364857], weights: [-4.01529   -4.1659884 -4.082126 ], time: 0.0227s
Iteration 7000: total loss -11.3397, losses: [0.008049394004046917, 0.0015332428738474846, 0.007812736555933952], weights: [-4.059205  -4.2100534 -4.1225452], time: 0.0226s
Iteration 7250: total loss -11.4546, losses: [0.007839296944439411, 0.001400250825099647, 0.007637277711182833], weights: [-4.1014752 -4.2536073 -4.1628594], time: 0.0227s
Iteration 7500: total loss -11.5640, losses: [0.007474105805158615, 0.0013983991229906678, 0.007535075768828392], weights: [-4.143098  -4.296287  -4.2018747], time: 0.0225s
Iteration 7750: total loss -11.6824, losses: [0.00725183729082346, 0.0013915309682488441, 0.007173021323978901], weights: [-4.184332  -4.3382187 -4.2412586], time: 0.0226s
Iteration 8000: total loss -11.7352, losses: [0.007178804837167263, 0.0016562227392569184, 0.007268628105521202], weights: [-4.2245197 -4.378986  -4.2795153], time: 0.0226s
Iteration 8250: total loss -11.8540, losses: [0.006933561991900206, 0.0013160932576283813, 0.007249642163515091], weights: [-4.263646  -4.4194136 -4.316421 ], time: 0.0230s
Iteration 8500: total loss -11.9560, losses: [0.0067825051955878735, 0.0013532821321859956, 0.0069512235932052135], weights: [-4.30208   -4.4595246 -4.352527 ], time: 0.0226s
Iteration 8750: total loss -12.0540, losses: [0.0066032325848937035, 0.0012478779535740614, 0.006884397007524967], weights: [-4.3398876 -4.498858  -4.3885903], time: 0.0226s
Iteration 9000: total loss -12.1401, losses: [0.006413928233087063, 0.0012513044057413936, 0.006836385000497103], weights: [-4.377079  -4.5372877 -4.423743 ], time: 0.0225s
Iteration 9250: total loss -12.1838, losses: [0.006295325234532356, 0.0014447685098275542, 0.006976813543587923], weights: [-4.413475  -4.575069  -4.4571095], time: 0.0231s
Iteration 9500: total loss -12.2657, losses: [0.0061507211066782475, 0.001386535819619894, 0.006941971834748983], weights: [-4.4490805 -4.611875  -4.4886475], time: 0.0226s
Iteration 9750: total loss -12.3758, losses: [0.005998506676405668, 0.0012028063647449017, 0.006749121006578207], weights: [-4.4841366 -4.648544  -4.520638 ], time: 0.0226s
Iteration 10000: total loss -12.4764, losses: [0.005868909880518913, 0.0010030813282355666, 0.006671183276921511], weights: [-4.518536  -4.6851373 -4.5529485], time: 0.0226s
Iteration 10250: total loss -12.5484, losses: [0.005727797280997038, 0.0010565497213974595, 0.006608868949115276], weights: [-4.5526185 -4.721029  -4.584199 ], time: 0.0227s
Iteration 10500: total loss -12.6414, losses: [0.005624016746878624, 0.0009986588265746832, 0.0064163426868617535], weights: [-4.5860686 -4.7562437 -4.61551  ], time: 0.0226s
Iteration 10750: total loss -12.7083, losses: [0.005452238488942385, 0.0010358119616284966, 0.006429009605199099], weights: [-4.61902   -4.7908435 -4.6456842], time: 0.0226s
Iteration 11000: total loss -12.6635, losses: [0.005377284251153469, 0.0018612563144415617, 0.006456742528825998], weights: [-4.651558  -4.8243923 -4.675347 ], time: 0.0230s
Iteration 11250: total loss -12.8341, losses: [0.0052362410351634026, 0.0010318781714886427, 0.006445677950978279], weights: [-4.6836176 -4.8575854 -4.7032247], time: 0.0225s
Iteration 11500: total loss -12.8857, losses: [0.0051491898484528065, 0.0010894588194787502, 0.0064422027207911015], weights: [-4.71492   -4.8903317 -4.730379 ], time: 0.0226s
Iteration 11750: total loss -12.9827, losses: [0.005099018104374409, 0.0009681752999313176, 0.0062077222391963005], weights: [-4.745414  -4.922765  -4.7566533], time: 0.0228s
Iteration 12000: total loss -13.0496, losses: [0.004947476554661989, 0.0009371415362693369, 0.006229208782315254], weights: [-4.7756734 -4.95486   -4.7833405], time: 0.0226s
Iteration 12250: total loss -13.0925, losses: [0.004890485666692257, 0.0010732925729826093, 0.006146262865513563], weights: [-4.805575  -4.986225  -4.8097596], time: 0.0230s
Iteration 12500: total loss -13.1923, losses: [0.004830283112823963, 0.0008606409537605941, 0.006014151498675346], weights: [-4.8347945 -5.017092  -4.834989 ], time: 0.0226s
Iteration 12750: total loss -13.2443, losses: [0.004736310336738825, 0.0009694134350866079, 0.0059099746868014336], weights: [-4.8632913 -5.0476108 -4.8604293], time: 0.0226s
Iteration 13000: total loss -13.3086, losses: [0.004676168784499168, 0.0009549874812364578, 0.005817749071866274], weights: [-4.891192  -5.0774717 -4.8866434], time: 0.0230s
Iteration 13250: total loss -13.3673, losses: [0.004634913057088852, 0.0010073574958369136, 0.00566302752122283], weights: [-4.9185505 -5.1069655 -4.9121947], time: 0.0226s
Iteration 13500: total loss -13.4522, losses: [0.004516930319368839, 0.0009017817792482674, 0.005584999453276396], weights: [-4.945718  -5.1360054 -4.9378476], time: 0.0226s
Iteration 13750: total loss -13.4664, losses: [0.004489538725465536, 0.0009660388459451497, 0.005703337956219912], weights: [-4.9724135 -5.1642246 -4.961641 ], time: 0.0226s
Early stopping after 13781 iterations: no improvement greater than 1e-05 for 300 evaluations.
{
  "u": {
    "rmse": 0.1889599422576123,
    "mae": 0.11017150702784868,
    "maximum_absolute": 1.4215978767491828,
    "relative_l2": 0.32534132292313334
  },
  "v": {
    "rmse": 0.21124859391336384,
    "mae": 0.0958528648777739,
    "maximum_absolute": 1.7306024247941734,
    "relative_l2": 0.4428265364409977
  }
}
Plot with: python -m utils.plot_pinn_results --run-directory /home/thiago.esterci/Repositories/Evolutionary_Algorithms/work_4/studies/loss_weight_study_1789587361856613637/runs/seed_2031_pinn/1789591851191924571
