Artifacts: /home/thiago.esterci/Repositories/Evolutionary_Algorithms/work_4/studies/loss_weight_study_1789587361856613637/runs/seed_2035_both/1789597365461477052
DE: 400 generations, 32 individuals, 12832 fitness evaluations, 17029 parameters; then 16168 Adam epochs.
DE generation 0: best fitness -1.0108981, fixed reference 0.5896857, accepted 0/32, evaluations 32
DE generation 10: best fitness -1.0108981, fixed reference 0.5896857, accepted 1/32, evaluations 352
DE generation 20: best fitness -1.0108981, fixed reference 0.5896857, accepted 1/32, evaluations 672
DE generation 30: best fitness -1.8537357, fixed reference 0.52282868, accepted 3/32, evaluations 992
DE generation 40: best fitness -1.8537357, fixed reference 0.52282868, accepted 1/32, evaluations 1312
DE generation 50: best fitness -2.2907591, fixed reference 0.48368145, accepted 1/32, evaluations 1632
DE generation 60: best fitness -2.6985583, fixed reference 0.52895502, accepted 1/32, evaluations 1952
DE generation 70: best fitness -2.6985583, fixed reference 0.52895502, accepted 0/32, evaluations 2272
DE generation 80: best fitness -2.897151, fixed reference 0.4019713, accepted 0/32, evaluations 2592
DE generation 90: best fitness -2.897151, fixed reference 0.4019713, accepted 2/32, evaluations 2912
DE generation 100: best fitness -2.897151, fixed reference 0.4019713, accepted 0/32, evaluations 3232
DE generation 110: best fitness -2.897151, fixed reference 0.4019713, accepted 0/32, evaluations 3552
DE generation 120: best fitness -2.897151, fixed reference 0.4019713, accepted 2/32, evaluations 3872
DE generation 130: best fitness -2.897151, fixed reference 0.4019713, accepted 2/32, evaluations 4192
DE generation 140: best fitness -2.897151, fixed reference 0.4019713, accepted 2/32, evaluations 4512
DE generation 150: best fitness -2.897151, fixed reference 0.4019713, accepted 0/32, evaluations 4832
DE generation 160: best fitness -2.897151, fixed reference 0.4019713, accepted 1/32, evaluations 5152
DE generation 170: best fitness -2.897151, fixed reference 0.4019713, accepted 2/32, evaluations 5472
DE generation 180: best fitness -2.897151, fixed reference 0.4019713, accepted 2/32, evaluations 5792
DE generation 190: best fitness -2.897151, fixed reference 0.4019713, accepted 0/32, evaluations 6112
DE generation 200: best fitness -2.897151, fixed reference 0.4019713, accepted 0/32, evaluations 6432
DE generation 210: best fitness -3.0290589, fixed reference 0.391339, accepted 1/32, evaluations 6752
DE generation 220: best fitness -3.0290589, fixed reference 0.391339, accepted 1/32, evaluations 7072
DE generation 230: best fitness -3.4013612, fixed reference 0.34709684, accepted 0/32, evaluations 7392
DE generation 240: best fitness -3.4013612, fixed reference 0.34709684, accepted 0/32, evaluations 7712
DE generation 250: best fitness -3.4013612, fixed reference 0.34709684, accepted 0/32, evaluations 8032
DE generation 260: best fitness -3.4013612, fixed reference 0.34709684, accepted 0/32, evaluations 8352
DE generation 270: best fitness -3.4013612, fixed reference 0.34709684, accepted 2/32, evaluations 8672
DE generation 280: best fitness -3.4013612, fixed reference 0.34709684, accepted 1/32, evaluations 8992
DE generation 290: best fitness -3.4013612, fixed reference 0.34709684, accepted 0/32, evaluations 9312
DE generation 300: best fitness -3.4441886, fixed reference 0.34747479, accepted 0/32, evaluations 9632
DE generation 310: best fitness -3.5547023, fixed reference 0.33652381, accepted 0/32, evaluations 9952
DE generation 320: best fitness -3.8764176, fixed reference 0.33145978, accepted 1/32, evaluations 10272
DE generation 330: best fitness -3.8764176, fixed reference 0.33145978, accepted 1/32, evaluations 10592
DE generation 340: best fitness -3.8867934, fixed reference 0.33059231, accepted 0/32, evaluations 10912
DE generation 350: best fitness -3.9189472, fixed reference 0.32765856, accepted 1/32, evaluations 11232
DE generation 360: best fitness -3.9520574, fixed reference 0.32384772, accepted 1/32, evaluations 11552
DE generation 370: best fitness -3.9804049, fixed reference 0.32132687, accepted 2/32, evaluations 11872
DE generation 380: best fitness -3.9913762, fixed reference 0.31861202, accepted 0/32, evaluations 12192
DE generation 390: best fitness -4.049274, fixed reference 0.31325911, accepted 1/32, evaluations 12512
DE generation 400: best fitness -4.049274, fixed reference 0.31325911, accepted 0/32, evaluations 12832
DE best fitness: -4.049274; starting Adam.
Iteration 0: total loss -4.0493, losses: [0.2392406314611435, 0.02030871994793415, 0.05370975658297539], weights: [-2.1073022 -2.3971581 -2.2456574], time: 0.0472s
Iteration 250: total loss -5.8983, losses: [0.10301966965198517, 0.008242026902735233, 0.017163772135972977], weights: [-2.0773761 -2.542366  -2.3949106], time: 0.0222s
Iteration 500: total loss -6.3599, losses: [0.07569379359483719, 0.004705641884356737, 0.020603515207767487], weights: [-2.2001727 -2.6612358 -2.5013046], time: 0.0224s
Iteration 750: total loss -6.7496, losses: [0.06008778139948845, 0.004087536595761776, 0.019204197451472282], weights: [-2.326494  -2.7655706 -2.5963535], time: 0.0221s
Iteration 1000: total loss -7.1134, losses: [0.04731211066246033, 0.003330967389047146, 0.01858806237578392], weights: [-2.4452033 -2.8604946 -2.6847765], time: 0.0222s
Iteration 1250: total loss -7.4271, losses: [0.03914060816168785, 0.0028340371791273355, 0.018038330599665642], weights: [-2.5574036 -2.949179  -2.7675683], time: 0.0222s
Iteration 1500: total loss -7.6865, losses: [0.033669363707304, 0.003065972588956356, 0.017767537385225296], weights: [-2.6597636 -3.0326035 -2.8454647], time: 0.0222s
Iteration 1750: total loss -7.9609, losses: [0.028992166742682457, 0.0029801472555845976, 0.01629076898097992], weights: [-2.7540448 -3.1114655 -2.920508 ], time: 0.0223s
Iteration 2000: total loss -8.2178, losses: [0.025564122945070267, 0.002835584804415703, 0.014834309928119183], weights: [-2.842062  -3.186444  -2.9929485], time: 0.0221s
Iteration 2250: total loss -8.4886, losses: [0.02187252603471279, 0.0023940308019518852, 0.013496901839971542], weights: [-2.9259782 -3.258839  -3.0636594], time: 0.0223s
Iteration 2500: total loss -8.7020, losses: [0.019787905737757683, 0.0026625096797943115, 0.012632764875888824], weights: [-3.0052881 -3.3282194 -3.1326313], time: 0.0222s
Iteration 2750: total loss -8.9297, losses: [0.017970001325011253, 0.0018369498429819942, 0.012183274142444134], weights: [-3.079908  -3.39579   -3.1989186], time: 0.0223s
Iteration 3000: total loss -9.0899, losses: [0.016914023086428642, 0.0020914485212415457, 0.012339569628238678], weights: [-3.150977  -3.460831  -3.2626314], time: 0.0222s
Iteration 3250: total loss -9.2735, losses: [0.01590547151863575, 0.002070896327495575, 0.011619106866419315], weights: [-3.2173302 -3.523494  -3.322766 ], time: 0.0226s
Iteration 3500: total loss -9.4735, losses: [0.014688081108033657, 0.001862941193394363, 0.010757039301097393], weights: [-3.2815874 -3.5846736 -3.3826957], time: 0.0222s
Iteration 3750: total loss -9.6417, losses: [0.013846902176737785, 0.001752593438141048, 0.010489857755601406], weights: [-3.3438103 -3.6441984 -3.4409962], time: 0.0223s
Iteration 4000: total loss -9.8255, losses: [0.012836053967475891, 0.0016331542283296585, 0.009859367273747921], weights: [-3.404049  -3.7023408 -3.4977922], time: 0.0222s
Iteration 4250: total loss -9.9849, losses: [0.012027746997773647, 0.0016368178185075521, 0.009605634026229382], weights: [-3.4627075 -3.7589371 -3.5531778], time: 0.0221s
Iteration 4500: total loss -10.1338, losses: [0.011503934860229492, 0.0015582410851493478, 0.009412826038897038], weights: [-3.51932   -3.8141334 -3.606604 ], time: 0.0221s
Iteration 4750: total loss -10.2673, losses: [0.011174943298101425, 0.0015638525364920497, 0.009256644174456596], weights: [-3.5737686 -3.867864  -3.6584682], time: 0.0221s
Iteration 5000: total loss -10.4160, losses: [0.010585916228592396, 0.0014407762791961432, 0.009044351056218147], weights: [-3.6266465 -3.9205027 -3.7089365], time: 0.0226s
Iteration 5250: total loss -10.5098, losses: [0.010244874283671379, 0.0018965910421684384, 0.009136207401752472], weights: [-3.678093 -3.971995 -3.757638], time: 0.0222s
Early stopping after 5471 iterations: no improvement greater than 1e-05 for 300 evaluations.
{
  "u": {
    "rmse": 0.18009961774113736,
    "mae": 0.10934662308807887,
    "maximum_absolute": 1.0679693474344965,
    "relative_l2": 0.3100860806465014
  },
  "v": {
    "rmse": 0.19610157163129519,
    "mae": 0.09716459461434077,
    "maximum_absolute": 1.472575497084594,
    "relative_l2": 0.4110748296470866
  }
}
Plot with: python -m utils.plot_pinn_results --run-directory /home/thiago.esterci/Repositories/Evolutionary_Algorithms/work_4/studies/loss_weight_study_1789587361856613637/runs/seed_2035_both/1789597365461477052
