Artifacts: /home/thiago.esterci/Repositories/Evolutionary_Algorithms/work_4/studies/loss_weight_study_1789587361856613637/runs/seed_2034_de/1789595770073447571
DE: 400 generations, 32 individuals, 12832 fitness evaluations, 17029 parameters; then 16168 Adam epochs.
DE generation 0: best fitness -2.1949069, fixed reference 0.47128486, accepted 0/32, evaluations 32
DE generation 10: best fitness -2.1949069, fixed reference 0.47128486, accepted 6/32, evaluations 352
DE generation 20: best fitness -2.1949069, fixed reference 0.47128486, accepted 1/32, evaluations 672
DE generation 30: best fitness -2.1949069, fixed reference 0.47128486, accepted 0/32, evaluations 992
DE generation 40: best fitness -2.1949069, fixed reference 0.47128486, accepted 0/32, evaluations 1312
DE generation 50: best fitness -2.1949069, fixed reference 0.47128486, accepted 2/32, evaluations 1632
DE generation 60: best fitness -2.4455609, fixed reference 0.45056302, accepted 2/32, evaluations 1952
DE generation 70: best fitness -2.4455609, fixed reference 0.45056302, accepted 3/32, evaluations 2272
DE generation 80: best fitness -2.4455609, fixed reference 0.45056302, accepted 4/32, evaluations 2592
DE generation 90: best fitness -2.7048597, fixed reference 0.42642905, accepted 1/32, evaluations 2912
DE generation 100: best fitness -2.7048597, fixed reference 0.42642905, accepted 1/32, evaluations 3232
DE generation 110: best fitness -2.7048597, fixed reference 0.42642905, accepted 2/32, evaluations 3552
DE generation 120: best fitness -2.7048597, fixed reference 0.42642905, accepted 5/32, evaluations 3872
DE generation 130: best fitness -2.9091983, fixed reference 0.41910417, accepted 2/32, evaluations 4192
DE generation 140: best fitness -2.9091983, fixed reference 0.41910417, accepted 2/32, evaluations 4512
DE generation 150: best fitness -3.2737982, fixed reference 0.42811962, accepted 2/32, evaluations 4832
DE generation 160: best fitness -3.2737982, fixed reference 0.42811962, accepted 1/32, evaluations 5152
DE generation 170: best fitness -3.2737982, fixed reference 0.42811962, accepted 1/32, evaluations 5472
DE generation 180: best fitness -3.2737982, fixed reference 0.42811962, accepted 0/32, evaluations 5792
DE generation 190: best fitness -3.4927142, fixed reference 0.35863007, accepted 3/32, evaluations 6112
DE generation 200: best fitness -3.4927142, fixed reference 0.35863007, accepted 2/32, evaluations 6432
DE generation 210: best fitness -3.6385756, fixed reference 0.35002057, accepted 1/32, evaluations 6752
DE generation 220: best fitness -3.6859081, fixed reference 0.34767063, accepted 1/32, evaluations 7072
DE generation 230: best fitness -3.6859081, fixed reference 0.34767063, accepted 2/32, evaluations 7392
DE generation 240: best fitness -3.6859081, fixed reference 0.34767063, accepted 0/32, evaluations 7712
DE generation 250: best fitness -3.7382536, fixed reference 0.30641573, accepted 1/32, evaluations 8032
DE generation 260: best fitness -3.8016753, fixed reference 0.30009668, accepted 0/32, evaluations 8352
DE generation 270: best fitness -3.8395905, fixed reference 0.29663793, accepted 3/32, evaluations 8672
DE generation 280: best fitness -3.8395905, fixed reference 0.29663793, accepted 0/32, evaluations 8992
DE generation 290: best fitness -3.863703, fixed reference 0.29423312, accepted 0/32, evaluations 9312
DE generation 300: best fitness -3.8805938, fixed reference 0.29260485, accepted 0/32, evaluations 9632
DE generation 310: best fitness -4.3904324, fixed reference 0.29216358, accepted 0/32, evaluations 9952
DE generation 320: best fitness -4.4212818, fixed reference 0.29066418, accepted 1/32, evaluations 10272
DE generation 330: best fitness -4.4273787, fixed reference 0.29079014, accepted 0/32, evaluations 10592
DE generation 340: best fitness -4.4676127, fixed reference 0.28779958, accepted 1/32, evaluations 10912
DE generation 350: best fitness -4.473649, fixed reference 0.28755916, accepted 1/32, evaluations 11232
DE generation 360: best fitness -4.4841237, fixed reference 0.28553304, accepted 0/32, evaluations 11552
DE generation 370: best fitness -4.4922829, fixed reference 0.28337379, accepted 0/32, evaluations 11872
DE generation 380: best fitness -4.5215378, fixed reference 0.28063955, accepted 0/32, evaluations 12192
DE generation 390: best fitness -4.5215378, fixed reference 0.28063955, accepted 1/32, evaluations 12512
DE generation 400: best fitness -4.5215378, fixed reference 0.28063955, accepted 0/32, evaluations 12832
DE best fitness: -4.5215378; starting Adam.
Iteration 0: total loss -4.5215, losses: [0.24113838374614716, 0.011224698275327682, 0.028276465833187103], weights: [-1.6994443 -2.240497  -2.2838469], time: 0.0481s
Iteration 250: total loss -5.4344, losses: [0.10577274858951569, 0.008253000676631927, 0.013563002459704876], weights: [-1.6994443 -2.240497  -2.2838469], time: 0.0219s
Iteration 500: total loss -5.6231, losses: [0.07621921598911285, 0.004306220915168524, 0.014595209620893002], weights: [-1.6994443 -2.240497  -2.2838469], time: 0.0222s
Iteration 750: total loss -5.7293, losses: [0.0588456392288208, 0.003910718020051718, 0.01383355725556612], weights: [-1.6994443 -2.240497  -2.2838469], time: 0.0220s
Iteration 1000: total loss -5.7858, losses: [0.05084953084588051, 0.0031485946383327246, 0.01327042281627655], weights: [-1.6994443 -2.240497  -2.2838469], time: 0.0220s
Iteration 1250: total loss -5.8441, losses: [0.04406401887536049, 0.0026519347447901964, 0.011584303341805935], weights: [-1.6994443 -2.240497  -2.2838469], time: 0.0220s
Iteration 1500: total loss -5.8910, losses: [0.03820318356156349, 0.0023903779219835997, 0.010325152426958084], weights: [-1.6994443 -2.240497  -2.2838469], time: 0.0219s
Iteration 1750: total loss -5.9131, losses: [0.03409011662006378, 0.0027822409756481647, 0.009989812038838863], weights: [-1.6994443 -2.240497  -2.2838469], time: 0.0222s
Iteration 2000: total loss -5.9345, losses: [0.03178068622946739, 0.0024540680460631847, 0.00941129308193922], weights: [-1.6994443 -2.240497  -2.2838469], time: 0.0217s
Iteration 2250: total loss -5.9582, losses: [0.028825102373957634, 0.00229642353951931, 0.008789310231804848], weights: [-1.6994443 -2.240497  -2.2838469], time: 0.0222s
Iteration 2500: total loss -5.9799, losses: [0.026375185698270798, 0.001928487210534513, 0.00829966552555561], weights: [-1.6994443 -2.240497  -2.2838469], time: 0.0224s
Iteration 2750: total loss -5.9974, losses: [0.023890657350420952, 0.001881950767710805, 0.007946258410811424], weights: [-1.6994443 -2.240497  -2.2838469], time: 0.0219s
Iteration 3000: total loss -6.0027, losses: [0.022597139701247215, 0.0019186544232070446, 0.008096328936517239], weights: [-1.6994443 -2.240497  -2.2838469], time: 0.0220s
Iteration 3250: total loss -6.0182, losses: [0.021085122600197792, 0.0014970842748880386, 0.007760013919323683], weights: [-1.6994443 -2.240497  -2.2838469], time: 0.0221s
Iteration 3500: total loss -6.0309, losses: [0.019273774698376656, 0.0017795892199501395, 0.007203416898846626], weights: [-1.6994443 -2.240497  -2.2838469], time: 0.0220s
Iteration 3750: total loss -6.0402, losses: [0.01825159788131714, 0.0016371157253161073, 0.0069665731862187386], weights: [-1.6994443 -2.240497  -2.2838469], time: 0.0224s
Iteration 4000: total loss -6.0453, losses: [0.017532940953969955, 0.001692397054284811, 0.00679532065987587], weights: [-1.6994443 -2.240497  -2.2838469], time: 0.0222s
Iteration 4250: total loss -6.0516, losses: [0.016842415556311607, 0.001707265735603869, 0.006522344425320625], weights: [-1.6994443 -2.240497  -2.2838469], time: 0.0219s
Iteration 4500: total loss -6.0552, losses: [0.016307871788740158, 0.0017806387040764093, 0.00637957826256752], weights: [-1.6994443 -2.240497  -2.2838469], time: 0.0220s
Iteration 4750: total loss -6.0571, losses: [0.015970474109053612, 0.0016985421534627676, 0.006451436318457127], weights: [-1.6994443 -2.240497  -2.2838469], time: 0.0219s
Iteration 5000: total loss -6.0586, losses: [0.015372016467154026, 0.0014277412556111813, 0.006896106526255608], weights: [-1.6994443 -2.240497  -2.2838469], time: 0.0219s
Iteration 5250: total loss -6.0708, losses: [0.014665016904473305, 0.001325912307947874, 0.0061471653170883656], weights: [-1.6994443 -2.240497  -2.2838469], time: 0.0220s
Iteration 5500: total loss -6.0790, losses: [0.013881049118936062, 0.0012000631541013718, 0.005865173414349556], weights: [-1.6994443 -2.240497  -2.2838469], time: 0.0220s
Iteration 5750: total loss -6.0849, losses: [0.013194474391639233, 0.0011521284468472004, 0.005696985404938459], weights: [-1.6994443 -2.240497  -2.2838469], time: 0.0219s
Iteration 6000: total loss -6.0906, losses: [0.012601401656866074, 0.0011498578824102879, 0.005449946504086256], weights: [-1.6994443 -2.240497  -2.2838469], time: 0.0224s
Iteration 6250: total loss -6.0953, losses: [0.012142576277256012, 0.001075879787094891, 0.0052941725589334965], weights: [-1.6994443 -2.240497  -2.2838469], time: 0.0223s
Iteration 6500: total loss -6.0972, losses: [0.011792403645813465, 0.0012014841195195913, 0.0051781246438622475], weights: [-1.6994443 -2.240497  -2.2838469], time: 0.0221s
Iteration 6750: total loss -6.0989, losses: [0.011534557677805424, 0.001184253953397274, 0.005162824410945177], weights: [-1.6994443 -2.240497  -2.2838469], time: 0.0222s
Iteration 7000: total loss -6.1044, losses: [0.01121453382074833, 0.0010493919253349304, 0.004907550755888224], weights: [-1.6994443 -2.240497  -2.2838469], time: 0.0219s
Iteration 7250: total loss -6.1084, losses: [0.010748079977929592, 0.0011498279636725783, 0.004662755876779556], weights: [-1.6994443 -2.240497  -2.2838469], time: 0.0220s
Iteration 7500: total loss -6.1098, losses: [0.010286499746143818, 0.0012422510189935565, 0.004691138863563538], weights: [-1.6994443 -2.240497  -2.2838469], time: 0.0221s
Iteration 7750: total loss -6.1144, losses: [0.010046147741377354, 0.0010896712774410844, 0.004503282252699137], weights: [-1.6994443 -2.240497  -2.2838469], time: 0.0220s
Iteration 8000: total loss -6.1176, losses: [0.009727530181407928, 0.0010021866764873266, 0.004434301983565092], weights: [-1.6994443 -2.240497  -2.2838469], time: 0.0223s
Iteration 8250: total loss -6.1181, losses: [0.00958280824124813, 0.0010442527709528804, 0.004429384600371122], weights: [-1.6994443 -2.240497  -2.2838469], time: 0.0220s
Iteration 8500: total loss -6.1206, losses: [0.009279094636440277, 0.0011060674441978335, 0.0042805904522538185], weights: [-1.6994443 -2.240497  -2.2838469], time: 0.0220s
Iteration 8750: total loss -6.1252, losses: [0.009006292559206486, 0.0009731508907862008, 0.004091859795153141], weights: [-1.6994443 -2.240497  -2.2838469], time: 0.0221s
Iteration 9000: total loss -6.1238, losses: [0.008880065754055977, 0.001081937924027443, 0.004206499084830284], weights: [-1.6994443 -2.240497  -2.2838469], time: 0.0220s
Iteration 9250: total loss -6.1278, losses: [0.008618149906396866, 0.000953691836912185, 0.004061735700815916], weights: [-1.6994443 -2.240497  -2.2838469], time: 0.0224s
Iteration 9500: total loss -6.1305, losses: [0.008400899358093739, 0.0008994617965072393, 0.00396180571988225], weights: [-1.6994443 -2.240497  -2.2838469], time: 0.0220s
Iteration 9750: total loss -6.1337, losses: [0.00814333837479353, 0.0008494611829519272, 0.0038286587223410606], weights: [-1.6994443 -2.240497  -2.2838469], time: 0.0220s
Iteration 10000: total loss -6.1358, losses: [0.007943465374410152, 0.0007910074200481176, 0.0037843254394829273], weights: [-1.6994443 -2.240497  -2.2838469], time: 0.0220s
Iteration 10250: total loss -6.1356, losses: [0.007787233218550682, 0.0008779083727858961, 0.003802206367254257], weights: [-1.6994443 -2.240497  -2.2838469], time: 0.0220s
Iteration 10500: total loss -6.1361, losses: [0.007632391061633825, 0.0009116291184909642, 0.0038112883921712637], weights: [-1.6994443 -2.240497  -2.2838469], time: 0.0222s
Iteration 10750: total loss -6.1379, losses: [0.007505676709115505, 0.0008516371599398553, 0.0037536940071731806], weights: [-1.6994443 -2.240497  -2.2838469], time: 0.0221s
Iteration 11000: total loss -6.1384, losses: [0.007408993784338236, 0.0008886729483492672, 0.0037235827185213566], weights: [-1.6994443 -2.240497  -2.2838469], time: 0.0221s
Iteration 11250: total loss -6.1240, losses: [0.007336756680160761, 0.0008573354571126401, 0.005260089412331581], weights: [-1.6994443 -2.240497  -2.2838469], time: 0.0219s
Iteration 11500: total loss -6.1390, losses: [0.007312468718737364, 0.0008442534599453211, 0.003751588286831975], weights: [-1.6994443 -2.240497  -2.2838469], time: 0.0222s
Iteration 11750: total loss -6.1352, losses: [0.007284428458660841, 0.0007912963628768921, 0.0042084925808012486], weights: [-1.6994443 -2.240497  -2.2838469], time: 0.0220s
Iteration 12000: total loss -6.1391, losses: [0.007257255259901285, 0.0008472340414300561, 0.003775209654122591], weights: [-1.6994443 -2.240497  -2.2838469], time: 0.0220s
Iteration 12250: total loss -6.1375, losses: [0.007134270388633013, 0.0008048482122831047, 0.004045815672725439], weights: [-1.6994443 -2.240497  -2.2838469], time: 0.0223s
Iteration 12500: total loss -6.1432, losses: [0.007027058396488428, 0.0007405030191875994, 0.00358389550819993], weights: [-1.6994443 -2.240497  -2.2838469], time: 0.0223s
Iteration 12750: total loss -6.1438, losses: [0.006876006256788969, 0.0007343495381064713, 0.0036130507942289114], weights: [-1.6994443 -2.240497  -2.2838469], time: 0.0220s
Iteration 13000: total loss -6.1431, losses: [0.0067447759211063385, 0.0007052053697407246, 0.003783562919124961], weights: [-1.6994443 -2.240497  -2.2838469], time: 0.0220s
Iteration 13250: total loss -6.1461, losses: [0.0067328461445868015, 0.0007047972758300602, 0.0034832905512303114], weights: [-1.6994443 -2.240497  -2.2838469], time: 0.0220s
Iteration 13500: total loss -6.1459, losses: [0.00654943473637104, 0.0007313720416277647, 0.0035847641993314028], weights: [-1.6994443 -2.240497  -2.2838469], time: 0.0220s
Iteration 13750: total loss -6.1460, losses: [0.006562781985849142, 0.0007358212023973465, 0.0035609842743724585], weights: [-1.6994443 -2.240497  -2.2838469], time: 0.0225s
Iteration 14000: total loss -6.1434, losses: [0.006526104174554348, 0.0006858892156742513, 0.0038915439508855343], weights: [-1.6994443 -2.240497  -2.2838469], time: 0.0220s
Iteration 14250: total loss -6.1493, losses: [0.006364462431520224, 0.0006664601387456059, 0.0034076524898409843], weights: [-1.6994443 -2.240497  -2.2838469], time: 0.0221s
Iteration 14500: total loss -6.1490, losses: [0.006291442085057497, 0.0007788288639858365, 0.003366626100614667], weights: [-1.6994443 -2.240497  -2.2838469], time: 0.0223s
Early stopping after 14705 iterations: no improvement greater than 1e-05 for 300 evaluations.
{
  "u": {
    "rmse": 0.16990701823014517,
    "mae": 0.1029873539888653,
    "maximum_absolute": 1.1207141067601691,
    "relative_l2": 0.29253699712481496
  },
  "v": {
    "rmse": 0.20786793750821494,
    "mae": 0.0962836290151656,
    "maximum_absolute": 1.6339583212671043,
    "relative_l2": 0.43573988871919966
  }
}
Plot with: python -m utils.plot_pinn_results --run-directory /home/thiago.esterci/Repositories/Evolutionary_Algorithms/work_4/studies/loss_weight_study_1789587361856613637/runs/seed_2034_de/1789595770073447571
