Artifacts: /home/thiago.esterci/Repositories/Evolutionary_Algorithms/work_4/studies/loss_weight_study_1789587361856613637/runs/seed_2037_pinn/1789598843182814319
DE: 400 generations, 32 individuals, 12832 fitness evaluations, 17026 parameters; then 16168 Adam epochs.
DE generation 0: best fitness 4.8906469, fixed reference 4.890647, accepted 0/32, evaluations 32
DE generation 10: best fitness 4.8906469, fixed reference 4.890647, accepted 1/32, evaluations 352
DE generation 20: best fitness 4.8906469, fixed reference 4.890647, accepted 1/32, evaluations 672
DE generation 30: best fitness 4.5005054, fixed reference 4.5005056, accepted 0/32, evaluations 992
DE generation 40: best fitness 4.5005054, fixed reference 4.5005056, accepted 2/32, evaluations 1312
DE generation 50: best fitness 4.5005054, fixed reference 4.5005056, accepted 4/32, evaluations 1632
DE generation 60: best fitness 4.5005054, fixed reference 4.5005056, accepted 0/32, evaluations 1952
DE generation 70: best fitness 4.5005054, fixed reference 4.5005056, accepted 1/32, evaluations 2272
DE generation 80: best fitness 4.5005054, fixed reference 4.5005056, accepted 1/32, evaluations 2592
DE generation 90: best fitness 4.5005054, fixed reference 4.5005056, accepted 1/32, evaluations 2912
DE generation 100: best fitness 4.5005054, fixed reference 4.5005056, accepted 2/32, evaluations 3232
DE generation 110: best fitness 4.5005054, fixed reference 4.5005056, accepted 1/32, evaluations 3552
DE generation 120: best fitness 4.0808954, fixed reference 4.0808955, accepted 2/32, evaluations 3872
DE generation 130: best fitness 4.0808954, fixed reference 4.0808955, accepted 0/32, evaluations 4192
DE generation 140: best fitness 3.9393349, fixed reference 3.9393349, accepted 3/32, evaluations 4512
DE generation 150: best fitness 3.9393349, fixed reference 3.9393349, accepted 2/32, evaluations 4832
DE generation 160: best fitness 3.9393349, fixed reference 3.9393349, accepted 0/32, evaluations 5152
DE generation 170: best fitness 3.9393349, fixed reference 3.9393349, accepted 2/32, evaluations 5472
DE generation 180: best fitness 3.7329893, fixed reference 3.7329893, accepted 1/32, evaluations 5792
DE generation 190: best fitness 3.4544549, fixed reference 3.4544548, accepted 2/32, evaluations 6112
DE generation 200: best fitness 3.3819339, fixed reference 3.3819339, accepted 3/32, evaluations 6432
DE generation 210: best fitness 3.1821768, fixed reference 3.1821769, accepted 0/32, evaluations 6752
DE generation 220: best fitness 3.1821768, fixed reference 3.1821769, accepted 1/32, evaluations 7072
DE generation 230: best fitness 3.1821768, fixed reference 3.1821769, accepted 1/32, evaluations 7392
DE generation 240: best fitness 3.1821768, fixed reference 3.1821769, accepted 1/32, evaluations 7712
DE generation 250: best fitness 3.1821768, fixed reference 3.1821769, accepted 0/32, evaluations 8032
DE generation 260: best fitness 3.1821768, fixed reference 3.1821769, accepted 2/32, evaluations 8352
DE generation 270: best fitness 3.1821768, fixed reference 3.1821769, accepted 0/32, evaluations 8672
DE generation 280: best fitness 3.1821768, fixed reference 3.1821769, accepted 0/32, evaluations 8992
DE generation 290: best fitness 3.1821768, fixed reference 3.1821769, accepted 0/32, evaluations 9312
DE generation 300: best fitness 3.1821768, fixed reference 3.1821769, accepted 0/32, evaluations 9632
DE generation 310: best fitness 3.1821768, fixed reference 3.1821769, accepted 0/32, evaluations 9952
DE generation 320: best fitness 3.1821768, fixed reference 3.1821769, accepted 0/32, evaluations 10272
DE generation 330: best fitness 3.1821768, fixed reference 3.1821769, accepted 0/32, evaluations 10592
DE generation 340: best fitness 3.1821768, fixed reference 3.1821769, accepted 0/32, evaluations 10912
DE generation 350: best fitness 3.1821768, fixed reference 3.1821769, accepted 1/32, evaluations 11232
DE generation 360: best fitness 3.1447673, fixed reference 3.1447674, accepted 1/32, evaluations 11552
DE generation 370: best fitness 3.1447673, fixed reference 3.1447674, accepted 0/32, evaluations 11872
DE generation 380: best fitness 3.1447673, fixed reference 3.1447674, accepted 0/32, evaluations 12192
DE generation 390: best fitness 3.1271927, fixed reference 3.1271928, accepted 2/32, evaluations 12512
DE generation 400: best fitness 3.1271927, fixed reference 3.1271928, accepted 0/32, evaluations 12832
DE best fitness: 3.1271927; starting Adam.
Iteration 0: total loss -3.7806, losses: [0.25432130694389343, 0.011815723031759262, 0.04658224806189537], weights: [-2.3015852 -2.303585  -2.303585 ], time: 0.0505s
Iteration 250: total loss -6.0209, losses: [0.08108167350292206, 0.008401449769735336, 0.022499961778521538], weights: [-2.2745578 -2.4475513 -2.4444501], time: 0.0229s
Iteration 500: total loss -6.5226, losses: [0.0579821951687336, 0.005201347637921572, 0.021598968654870987], weights: [-2.3708236 -2.5661902 -2.5520887], time: 0.0224s
Iteration 750: total loss -6.9097, losses: [0.04668030887842178, 0.004481206648051739, 0.018992459401488304], weights: [-2.484423  -2.6702154 -2.6491537], time: 0.0224s
Iteration 1000: total loss -7.2703, losses: [0.03681912645697594, 0.003587121842429042, 0.018006740137934685], weights: [-2.5941706 -2.7652647 -2.74058  ], time: 0.0228s
Iteration 1250: total loss -7.5933, losses: [0.03047827258706093, 0.003099620109423995, 0.01644843816757202], weights: [-2.698576  -2.8537672 -2.825973 ], time: 0.0224s
Iteration 1500: total loss -7.8744, losses: [0.02634834311902523, 0.0034029888920485973, 0.014705661684274673], weights: [-2.7956169 -2.9370863 -2.907277 ], time: 0.0224s
Iteration 1750: total loss -8.1280, losses: [0.023281725123524666, 0.0030458474066108465, 0.014077804982662201], weights: [-2.8858933 -3.0156543 -2.9850776], time: 0.0224s
Iteration 2000: total loss -8.3768, losses: [0.020620588213205338, 0.0026083907578140497, 0.013319358229637146], weights: [-2.9704208 -3.0913506 -3.0590694], time: 0.0229s
Iteration 2250: total loss -8.6051, losses: [0.018454022705554962, 0.0025327191688120365, 0.01262957789003849], weights: [-3.0505226 -3.1639998 -3.1299608], time: 0.0225s
Iteration 2500: total loss -8.7980, losses: [0.017278924584388733, 0.002607697620987892, 0.012220396660268307], weights: [-3.1261504 -3.2338183 -3.197686 ], time: 0.0224s
Iteration 2750: total loss -9.0043, losses: [0.015658855438232422, 0.002488495782017708, 0.011716151610016823], weights: [-3.197941  -3.3009362 -3.2630277], time: 0.0226s
Iteration 3000: total loss -9.2027, losses: [0.014291560277342796, 0.00242402171716094, 0.011178076267242432], weights: [-3.2673306 -3.3659892 -3.3263361], time: 0.0225s
Iteration 3250: total loss -9.3814, losses: [0.013322344981133938, 0.002278965199366212, 0.01095836702734232], weights: [-3.3340552 -3.4287405 -3.3874645], time: 0.0226s
Iteration 3500: total loss -9.5382, losses: [0.012774116359651089, 0.0025031128898262978, 0.010542229749262333], weights: [-3.3974082 -3.489626  -3.4463377], time: 0.0227s
Iteration 3750: total loss -9.7099, losses: [0.011955316178500652, 0.0021902471780776978, 0.01036772783845663], weights: [-3.4583974 -3.5488656 -3.5036643], time: 0.0224s
Iteration 4000: total loss -9.8817, losses: [0.011248026974499226, 0.0020208940841257572, 0.009906967170536518], weights: [-3.5178165 -3.6068585 -3.5593207], time: 0.0225s
Iteration 4250: total loss -10.0493, losses: [0.01061182003468275, 0.001812841510400176, 0.009514772333204746], weights: [-3.5753968 -3.6634574 -3.6135356], time: 0.0229s
Iteration 4500: total loss -10.1862, losses: [0.010255563072860241, 0.0017989272018894553, 0.009408612735569477], weights: [-3.631238  -3.7185497 -3.6661942], time: 0.0225s
Iteration 4750: total loss -10.2985, losses: [0.009946363046765327, 0.0020067929290235043, 0.009508581832051277], weights: [-3.6847248 -3.7721388 -3.7164795], time: 0.0225s
Iteration 5000: total loss -10.4145, losses: [0.009578109718859196, 0.0021663946099579334, 0.00951487384736538], weights: [-3.7370331 -3.8242853 -3.765932 ], time: 0.0227s
Iteration 5250: total loss -10.6158, losses: [0.008821156807243824, 0.0016031155828386545, 0.008719727396965027], weights: [-3.7883482 -3.8757906 -3.8146157], time: 0.0225s
Iteration 5500: total loss -10.7783, losses: [0.008412254974246025, 0.001418117550201714, 0.008128771558403969], weights: [-3.8390226 -3.9264638 -3.863354 ], time: 0.0224s
Iteration 5750: total loss -10.9114, losses: [0.008067267015576363, 0.0014809075510129333, 0.007827000692486763], weights: [-3.8884547 -3.9760098 -3.9113333], time: 0.0225s
Iteration 6000: total loss -11.0263, losses: [0.007850809954106808, 0.0014678682200610638, 0.0077890632674098015], weights: [-3.936558  -4.024229  -3.9582217], time: 0.0225s
Iteration 6250: total loss -11.1512, losses: [0.007598123047500849, 0.001435061451047659, 0.007569292094558477], weights: [-3.9831083 -4.071672  -4.0036993], time: 0.0227s
Iteration 6500: total loss -11.2801, losses: [0.00727144256234169, 0.0013032115530222654, 0.007434526924043894], weights: [-4.0288982 -4.1181765 -4.048039 ], time: 0.0225s
Iteration 6750: total loss -11.3701, losses: [0.007004343904554844, 0.0017138331895694137, 0.007301627658307552], weights: [-4.0739207 -4.163753  -4.0916376], time: 0.0225s
Iteration 7000: total loss -11.5253, losses: [0.006719585508108139, 0.0012714748736470938, 0.006994983647018671], weights: [-4.1181164 -4.208272  -4.1345305], time: 0.0226s
Iteration 7250: total loss -11.6461, losses: [0.006415036041289568, 0.0012831195490434766, 0.006783937104046345], weights: [-4.161515  -4.252036  -4.1766067], time: 0.0225s
Iteration 7500: total loss -11.7698, losses: [0.006193865090608597, 0.0011596621479839087, 0.0065827746875584126], weights: [-4.204164  -4.2949867 -4.217607 ], time: 0.0225s
Iteration 7750: total loss -11.8974, losses: [0.005882352124899626, 0.0011547080939635634, 0.006297115236520767], weights: [-4.2464113 -4.3373513 -4.25851  ], time: 0.0225s
Iteration 8000: total loss -12.0059, losses: [0.00565785588696599, 0.0011768219992518425, 0.006160452030599117], weights: [-4.2879086 -4.3787704 -4.298919 ], time: 0.0229s
Iteration 8250: total loss -12.1030, losses: [0.00549012515693903, 0.0010459093609824777, 0.006261927541345358], weights: [-4.328595  -4.4195137 -4.337604 ], time: 0.0224s
Iteration 8500: total loss -12.1928, losses: [0.005390517879277468, 0.0010324165923520923, 0.006231931038200855], weights: [-4.3681016 -4.4597282 -4.3747034], time: 0.0226s
Iteration 8750: total loss -12.3114, losses: [0.0051713744178414345, 0.0010277522960677743, 0.005940254777669907], weights: [-4.4070544 -4.4992547 -4.4113727], time: 0.0224s
Iteration 9000: total loss -12.4146, losses: [0.004947434179484844, 0.001026596873998642, 0.005839714780449867], weights: [-4.4456053 -4.5380526 -4.4480457], time: 0.0224s
Iteration 9250: total loss -12.5302, losses: [0.004720226861536503, 0.0009880999568849802, 0.005638116970658302], weights: [-4.4836636 -4.5762258 -4.484249 ], time: 0.0225s
Iteration 9500: total loss -12.6170, losses: [0.004565121605992317, 0.0010739198187366128, 0.005545696243643761], weights: [-4.5211987 -4.6134143 -4.5199947], time: 0.0227s
Iteration 9750: total loss -12.6895, losses: [0.004504541866481304, 0.0011096452362835407, 0.005541064310818911], weights: [-4.5578647 -4.6497154 -4.554655 ], time: 0.0225s
Iteration 10000: total loss -12.7784, losses: [0.00439930334687233, 0.0010281895520165563, 0.0055163889192044735], weights: [-4.593506  -4.6855273 -4.588184 ], time: 0.0229s
Iteration 10250: total loss -12.8891, losses: [0.004240997601300478, 0.0010004292707890272, 0.005265512969344854], weights: [-4.628614 -4.720941 -4.621442], time: 0.0224s
Iteration 10500: total loss -12.9825, losses: [0.004127225838601589, 0.000994037021882832, 0.005121372174471617], weights: [-4.6632457 -4.7558503 -4.654814 ], time: 0.0224s
Iteration 10750: total loss -13.0662, losses: [0.003970257006585598, 0.0010066335089504719, 0.00508789112791419], weights: [-4.69752   -4.7904015 -4.68765  ], time: 0.0225s
Iteration 11000: total loss -13.1651, losses: [0.0038646662142127752, 0.0009035543771460652, 0.00498545728623867], weights: [-4.7313223 -4.8243976 -4.719546 ], time: 0.0228s
Iteration 11250: total loss -13.2386, losses: [0.0037987655960023403, 0.0009462542366236448, 0.004901389591395855], weights: [-4.7644134 -4.857806  -4.750917 ], time: 0.0225s
Iteration 11500: total loss -13.3414, losses: [0.0036914036609232426, 0.0008576624095439911, 0.00474940799176693], weights: [-4.7969136 -4.8907585 -4.782059 ], time: 0.0224s
Iteration 11750: total loss -13.4179, losses: [0.0035967971198260784, 0.000876561098266393, 0.004685747902840376], weights: [-4.8290324 -4.9233    -4.8130627], time: 0.0224s
Iteration 12000: total loss -13.4990, losses: [0.0034913450945168734, 0.0008280452457256615, 0.004662233404815197], weights: [-4.8606467 -4.9552994 -4.8429294], time: 0.0224s
Iteration 12250: total loss -13.5646, losses: [0.0034411363303661346, 0.0008226860081776977, 0.004647401627153158], weights: [-4.8916745 -4.9868684 -4.871777 ], time: 0.0226s
Iteration 12500: total loss -13.6503, losses: [0.0033367210999131203, 0.0008206248166970909, 0.004523673560470343], weights: [-4.9222226 -5.0178337 -4.9002028], time: 0.0228s
Iteration 12750: total loss -13.7219, losses: [0.0032567549496889114, 0.0007824199856258929, 0.004518058151006699], weights: [-4.9523473 -5.0483313 -4.928369 ], time: 0.0224s
Iteration 13000: total loss -13.8020, losses: [0.0031862107571214437, 0.0007696358952671289, 0.004409461747854948], weights: [-4.9820776 -5.078425  -4.9560637], time: 0.0224s
Iteration 13250: total loss -13.8692, losses: [0.003109521931037307, 0.000790046586189419, 0.00435668183490634], weights: [-5.0113125 -5.1080413 -4.9831853], time: 0.0228s
Iteration 13500: total loss -13.9182, losses: [0.00304133677855134, 0.000871857104357332, 0.004340390209108591], weights: [-5.0400763 -5.137191  -5.010071 ], time: 0.0224s
Iteration 13750: total loss -14.0009, losses: [0.0029824425000697374, 0.0007735296967439353, 0.0042882682755589485], weights: [-5.0685205 -5.165967  -5.0358853], time: 0.0223s
Iteration 14000: total loss -14.0396, losses: [0.0029642439913004637, 0.0008047434384934604, 0.004325020592659712], weights: [-5.096311  -5.1942444 -5.0606833], time: 0.0224s
Early stopping after 14033 iterations: no improvement greater than 1e-05 for 300 evaluations.
{
  "u": {
    "rmse": 0.19523181304337792,
    "mae": 0.10260899623796148,
    "maximum_absolute": 1.4015296485044013,
    "relative_l2": 0.336139901258123
  },
  "v": {
    "rmse": 0.2257688459973477,
    "mae": 0.0945826716566516,
    "maximum_absolute": 1.8123799229202033,
    "relative_l2": 0.4732643860829117
  }
}
Plot with: python -m utils.plot_pinn_results --run-directory /home/thiago.esterci/Repositories/Evolutionary_Algorithms/work_4/studies/loss_weight_study_1789587361856613637/runs/seed_2037_pinn/1789598843182814319
