Artifacts: /home/thiago.esterci/Repositories/Evolutionary_Algorithms/work_4/studies/loss_weight_study_1789587361856613637/runs/seed_2030_pinn/1789590794925612369
DE: 400 generations, 32 individuals, 12832 fitness evaluations, 17026 parameters; then 16168 Adam epochs.
DE generation 0: best fitness 7.0240808, fixed reference 7.0240805, accepted 0/32, evaluations 32
DE generation 10: best fitness 7.0240808, fixed reference 7.0240805, accepted 2/32, evaluations 352
DE generation 20: best fitness 7.0240808, fixed reference 7.0240805, accepted 3/32, evaluations 672
DE generation 30: best fitness 7.0240808, fixed reference 7.0240805, accepted 1/32, evaluations 992
DE generation 40: best fitness 7.0240808, fixed reference 7.0240805, accepted 1/32, evaluations 1312
DE generation 50: best fitness 5.794837, fixed reference 5.7948371, accepted 2/32, evaluations 1632
DE generation 60: best fitness 5.794837, fixed reference 5.7948371, accepted 0/32, evaluations 1952
DE generation 70: best fitness 5.794837, fixed reference 5.7948371, accepted 2/32, evaluations 2272
DE generation 80: best fitness 5.794837, fixed reference 5.7948371, accepted 0/32, evaluations 2592
DE generation 90: best fitness 5.794837, fixed reference 5.7948371, accepted 0/32, evaluations 2912
DE generation 100: best fitness 4.9864669, fixed reference 4.986467, accepted 1/32, evaluations 3232
DE generation 110: best fitness 4.9864669, fixed reference 4.986467, accepted 1/32, evaluations 3552
DE generation 120: best fitness 4.9864669, fixed reference 4.986467, accepted 1/32, evaluations 3872
DE generation 130: best fitness 4.9864669, fixed reference 4.986467, accepted 1/32, evaluations 4192
DE generation 140: best fitness 4.4250484, fixed reference 4.4250484, accepted 0/32, evaluations 4512
DE generation 150: best fitness 4.4250484, fixed reference 4.4250484, accepted 1/32, evaluations 4832
DE generation 160: best fitness 4.4093237, fixed reference 4.4093236, accepted 1/32, evaluations 5152
DE generation 170: best fitness 4.4093237, fixed reference 4.4093236, accepted 0/32, evaluations 5472
DE generation 180: best fitness 4.4093237, fixed reference 4.4093236, accepted 0/32, evaluations 5792
DE generation 190: best fitness 4.4093237, fixed reference 4.4093236, accepted 1/32, evaluations 6112
DE generation 200: best fitness 4.4093237, fixed reference 4.4093236, accepted 1/32, evaluations 6432
DE generation 210: best fitness 4.0588102, fixed reference 4.0588101, accepted 0/32, evaluations 6752
DE generation 220: best fitness 3.8640349, fixed reference 3.8640349, accepted 0/32, evaluations 7072
DE generation 230: best fitness 3.8640349, fixed reference 3.8640349, accepted 0/32, evaluations 7392
DE generation 240: best fitness 3.8640349, fixed reference 3.8640349, accepted 0/32, evaluations 7712
DE generation 250: best fitness 3.8640349, fixed reference 3.8640349, accepted 1/32, evaluations 8032
DE generation 260: best fitness 3.8640349, fixed reference 3.8640349, accepted 0/32, evaluations 8352
DE generation 270: best fitness 3.6508026, fixed reference 3.6508027, accepted 0/32, evaluations 8672
DE generation 280: best fitness 3.6508026, fixed reference 3.6508027, accepted 0/32, evaluations 8992
DE generation 290: best fitness 3.5759537, fixed reference 3.5759537, accepted 0/32, evaluations 9312
DE generation 300: best fitness 3.5759537, fixed reference 3.5759537, accepted 1/32, evaluations 9632
DE generation 310: best fitness 3.5759537, fixed reference 3.5759537, accepted 0/32, evaluations 9952
DE generation 320: best fitness 3.5759537, fixed reference 3.5759537, accepted 0/32, evaluations 10272
DE generation 330: best fitness 3.5759537, fixed reference 3.5759537, accepted 0/32, evaluations 10592
DE generation 340: best fitness 3.5759537, fixed reference 3.5759537, accepted 0/32, evaluations 10912
DE generation 350: best fitness 3.4969213, fixed reference 3.4969213, accepted 0/32, evaluations 11232
DE generation 360: best fitness 3.4415097, fixed reference 3.4415096, accepted 2/32, evaluations 11552
DE generation 370: best fitness 3.4323983, fixed reference 3.4323984, accepted 3/32, evaluations 11872
DE generation 380: best fitness 3.4323983, fixed reference 3.4323984, accepted 1/32, evaluations 12192
DE generation 390: best fitness 3.4323983, fixed reference 3.4323984, accepted 0/32, evaluations 12512
DE generation 400: best fitness 3.4323983, fixed reference 3.4323984, accepted 0/32, evaluations 12832
DE best fitness: 3.4323983; starting Adam.
Iteration 0: total loss -3.4754, losses: [0.2553403079509735, 0.01856018230319023, 0.06933934986591339], weights: [-2.3015852 -2.303585  -2.303585 ], time: 0.0506s
Iteration 250: total loss -5.8675, losses: [0.09841158986091614, 0.010318242944777012, 0.0191339161247015], weights: [-2.2528176 -2.44429   -2.4477098], time: 0.0225s
Iteration 500: total loss -6.3501, losses: [0.07163199037313461, 0.006277668289840221, 0.021269842982292175], weights: [-2.3099358 -2.5635922 -2.5539048], time: 0.0223s
Iteration 750: total loss -6.8273, losses: [0.05103762447834015, 0.003916146233677864, 0.019723810255527496], weights: [-2.4158602 -2.6698055 -2.6497004], time: 0.0221s
Iteration 1000: total loss -7.1647, losses: [0.04221915826201439, 0.0038668543566018343, 0.018044553697109222], weights: [-2.531485  -2.7660112 -2.7395978], time: 0.0220s
Iteration 1250: total loss -7.5028, losses: [0.03443479537963867, 0.003135880222544074, 0.016511574387550354], weights: [-2.6382427 -2.8552055 -2.8245807], time: 0.0225s
Iteration 1500: total loss -7.7843, losses: [0.030184315517544746, 0.002501957817003131, 0.015475339256227016], weights: [-2.7358804 -2.939397  -2.9053252], time: 0.0219s
Iteration 1750: total loss -8.0342, losses: [0.026981107890605927, 0.0025363212917000055, 0.01446474064141512], weights: [-2.8262584 -3.0191839 -2.9822657], time: 0.0220s
Iteration 2000: total loss -8.2494, losses: [0.024796847254037857, 0.0029293932020664215, 0.013713236898183823], weights: [-2.911208 -3.094383 -3.056305], time: 0.0220s
Iteration 2250: total loss -8.4864, losses: [0.021923763677477837, 0.002641834784299135, 0.013077170588076115], weights: [-2.990369  -3.1666586 -3.1270876], time: 0.0223s
Iteration 2500: total loss -8.7482, losses: [0.018612775951623917, 0.0023506537545472383, 0.011927281506359577], weights: [-3.0682702 -3.2361803 -3.195825 ], time: 0.0220s
Iteration 2750: total loss -8.9813, losses: [0.016565101221203804, 0.002216000109910965, 0.010869676247239113], weights: [-3.1438718 -3.303561  -3.2629378], time: 0.0221s
Iteration 3000: total loss -9.1521, losses: [0.015918254852294922, 0.0020434875041246414, 0.010827818885445595], weights: [-3.2146037 -3.3681757 -3.3271601], time: 0.0224s
Iteration 3250: total loss -9.3666, losses: [0.01411412376910448, 0.0020947325974702835, 0.009963628835976124], weights: [-3.2825336 -3.4314868 -3.389385 ], time: 0.0221s
Iteration 3500: total loss -9.5849, losses: [0.012400610372424126, 0.0017856141785159707, 0.009363437071442604], weights: [-3.3494139 -3.4928901 -3.4500654], time: 0.0220s
Iteration 3750: total loss -9.7431, losses: [0.011014476418495178, 0.0022575906477868557, 0.00954807922244072], weights: [-3.414847  -3.5527833 -3.508787 ], time: 0.0220s
Iteration 4000: total loss -9.9356, losses: [0.01043686829507351, 0.0016930776182562113, 0.008978931233286858], weights: [-3.4777591 -3.6109903 -3.565525 ], time: 0.0220s
Iteration 4250: total loss -10.1080, losses: [0.009807461872696877, 0.001716736936941743, 0.008391017094254494], weights: [-3.537902  -3.6676924 -3.6211357], time: 0.0223s
Iteration 4500: total loss -10.2894, losses: [0.009052613750100136, 0.0015642230864614248, 0.007859015837311745], weights: [-3.5962021 -3.7228906 -3.6758556], time: 0.0220s
Iteration 4750: total loss -10.4191, losses: [0.008664294146001339, 0.0016856594011187553, 0.007931103929877281], weights: [-3.6522517 -3.7766733 -3.7284462], time: 0.0220s
Iteration 5000: total loss -10.5396, losses: [0.00836910679936409, 0.0015173034043982625, 0.008311762474477291], weights: [-3.7065775 -3.8291621 -3.7785475], time: 0.0220s
Iteration 5250: total loss -10.6863, losses: [0.00795198418200016, 0.0015307014109566808, 0.007944438606500626], weights: [-3.7589169 -3.8807244 -3.827472 ], time: 0.0219s
Iteration 5500: total loss -10.8574, losses: [0.007498977705836296, 0.0012299082009121776, 0.00741933286190033], weights: [-3.8099606 -3.9312582 -3.8754995], time: 0.0224s
Iteration 5750: total loss -10.8976, losses: [0.007728511467576027, 0.001360368332825601, 0.00841060932725668], weights: [-3.8595393 -3.9806347 -3.922186 ], time: 0.0222s
Iteration 6000: total loss -11.0935, losses: [0.007216613739728928, 0.0013070671120658517, 0.007096015382558107], weights: [-3.906707  -4.0274525 -3.966762 ], time: 0.0219s
Iteration 6250: total loss -11.2308, losses: [0.006778292823582888, 0.0013737557455897331, 0.006806856952607632], weights: [-3.9539611 -4.0747733 -4.013345 ], time: 0.0220s
Iteration 6500: total loss -11.3588, losses: [0.0065583521500229836, 0.0013602200197055936, 0.006540485192090273], weights: [-4.000301 -4.120892 -4.058724], time: 0.0220s
Iteration 6750: total loss -11.4977, losses: [0.006182277575135231, 0.001376989297568798, 0.00620609475299716], weights: [-4.0457263 -4.1667194 -4.103659 ], time: 0.0220s
Iteration 7000: total loss -11.6265, losses: [0.0059079560451209545, 0.001157024991698563, 0.006189637817442417], weights: [-4.0907   -4.211632 -4.147439], time: 0.0220s
Iteration 7250: total loss -11.7181, losses: [0.005909331608563662, 0.0010082818334922194, 0.006379523314535618], weights: [-4.1343184 -4.2558327 -4.1893826], time: 0.0220s
Early stopping after 7351 iterations: no improvement greater than 1e-05 for 300 evaluations.
{
  "u": {
    "rmse": 0.18878704758496703,
    "mae": 0.10412384233289006,
    "maximum_absolute": 1.3104718710996162,
    "relative_l2": 0.3250436419392552
  },
  "v": {
    "rmse": 0.22139972494745117,
    "mae": 0.09856221525647675,
    "maximum_absolute": 1.7880468035278083,
    "relative_l2": 0.4641056849243582
  }
}
Plot with: python -m utils.plot_pinn_results --run-directory /home/thiago.esterci/Repositories/Evolutionary_Algorithms/work_4/studies/loss_weight_study_1789587361856613637/runs/seed_2030_pinn/1789590794925612369
