Artifacts: /home/thiago.esterci/Repositories/Evolutionary_Algorithms/work_4/studies/loss_weight_study_1789587361856613637/runs/seed_2035_de/1789596756498230255
DE: 400 generations, 32 individuals, 12832 fitness evaluations, 17029 parameters; then 16168 Adam epochs.
DE generation 0: best fitness -1.0108981, fixed reference 0.5896857, accepted 0/32, evaluations 32
DE generation 10: best fitness -1.0108981, fixed reference 0.5896857, accepted 1/32, evaluations 352
DE generation 20: best fitness -1.0108981, fixed reference 0.5896857, accepted 1/32, evaluations 672
DE generation 30: best fitness -1.8537357, fixed reference 0.52282868, accepted 3/32, evaluations 992
DE generation 40: best fitness -1.8537357, fixed reference 0.52282868, accepted 1/32, evaluations 1312
DE generation 50: best fitness -2.2907591, fixed reference 0.48368145, accepted 1/32, evaluations 1632
DE generation 60: best fitness -2.6985583, fixed reference 0.52895502, accepted 1/32, evaluations 1952
DE generation 70: best fitness -2.6985583, fixed reference 0.52895502, accepted 0/32, evaluations 2272
DE generation 80: best fitness -2.897151, fixed reference 0.4019713, accepted 0/32, evaluations 2592
DE generation 90: best fitness -2.897151, fixed reference 0.4019713, accepted 2/32, evaluations 2912
DE generation 100: best fitness -2.897151, fixed reference 0.4019713, accepted 0/32, evaluations 3232
DE generation 110: best fitness -2.897151, fixed reference 0.4019713, accepted 0/32, evaluations 3552
DE generation 120: best fitness -2.897151, fixed reference 0.4019713, accepted 2/32, evaluations 3872
DE generation 130: best fitness -2.897151, fixed reference 0.4019713, accepted 2/32, evaluations 4192
DE generation 140: best fitness -2.897151, fixed reference 0.4019713, accepted 2/32, evaluations 4512
DE generation 150: best fitness -2.897151, fixed reference 0.4019713, accepted 0/32, evaluations 4832
DE generation 160: best fitness -2.897151, fixed reference 0.4019713, accepted 1/32, evaluations 5152
DE generation 170: best fitness -2.897151, fixed reference 0.4019713, accepted 2/32, evaluations 5472
DE generation 180: best fitness -2.897151, fixed reference 0.4019713, accepted 2/32, evaluations 5792
DE generation 190: best fitness -2.897151, fixed reference 0.4019713, accepted 0/32, evaluations 6112
DE generation 200: best fitness -2.897151, fixed reference 0.4019713, accepted 0/32, evaluations 6432
DE generation 210: best fitness -3.0290589, fixed reference 0.391339, accepted 1/32, evaluations 6752
DE generation 220: best fitness -3.0290589, fixed reference 0.391339, accepted 1/32, evaluations 7072
DE generation 230: best fitness -3.4013612, fixed reference 0.34709684, accepted 0/32, evaluations 7392
DE generation 240: best fitness -3.4013612, fixed reference 0.34709684, accepted 0/32, evaluations 7712
DE generation 250: best fitness -3.4013612, fixed reference 0.34709684, accepted 0/32, evaluations 8032
DE generation 260: best fitness -3.4013612, fixed reference 0.34709684, accepted 0/32, evaluations 8352
DE generation 270: best fitness -3.4013612, fixed reference 0.34709684, accepted 2/32, evaluations 8672
DE generation 280: best fitness -3.4013612, fixed reference 0.34709684, accepted 1/32, evaluations 8992
DE generation 290: best fitness -3.4013612, fixed reference 0.34709684, accepted 0/32, evaluations 9312
DE generation 300: best fitness -3.4441886, fixed reference 0.34747479, accepted 0/32, evaluations 9632
DE generation 310: best fitness -3.5547023, fixed reference 0.33652381, accepted 0/32, evaluations 9952
DE generation 320: best fitness -3.8764176, fixed reference 0.33145978, accepted 1/32, evaluations 10272
DE generation 330: best fitness -3.8764176, fixed reference 0.33145978, accepted 1/32, evaluations 10592
DE generation 340: best fitness -3.8867934, fixed reference 0.33059231, accepted 0/32, evaluations 10912
DE generation 350: best fitness -3.9189472, fixed reference 0.32765856, accepted 1/32, evaluations 11232
DE generation 360: best fitness -3.9520574, fixed reference 0.32384772, accepted 1/32, evaluations 11552
DE generation 370: best fitness -3.9804049, fixed reference 0.32132687, accepted 2/32, evaluations 11872
DE generation 380: best fitness -3.9913762, fixed reference 0.31861202, accepted 0/32, evaluations 12192
DE generation 390: best fitness -4.049274, fixed reference 0.31325911, accepted 1/32, evaluations 12512
DE generation 400: best fitness -4.049274, fixed reference 0.31325911, accepted 0/32, evaluations 12832
DE best fitness: -4.049274; starting Adam.
Iteration 0: total loss -4.0493, losses: [0.2392406314611435, 0.02030871994793415, 0.05370975658297539], weights: [-2.108302  -2.3961582 -2.2446575], time: 0.0481s
Iteration 250: total loss -5.6672, losses: [0.09392686933279037, 0.008679226972162724, 0.02259463258087635], weights: [-2.108302  -2.3961582 -2.2446575], time: 0.0221s
Iteration 500: total loss -5.8912, losses: [0.06866037845611572, 0.005793643184006214, 0.024259531870484352], weights: [-2.108302  -2.3961582 -2.2446575], time: 0.0221s
Iteration 750: total loss -5.9999, losses: [0.05673880875110626, 0.0058803497813642025, 0.02304208278656006], weights: [-2.108302  -2.3961582 -2.2446575], time: 0.0220s
Iteration 1000: total loss -6.1555, losses: [0.04396339878439903, 0.0037789116613566875, 0.02014891617000103], weights: [-2.108302  -2.3961582 -2.2446575], time: 0.0221s
Iteration 1250: total loss -6.2173, losses: [0.038202930241823196, 0.004077953286468983, 0.0182750653475523], weights: [-2.108302  -2.3961582 -2.2446575], time: 0.0221s
Iteration 1500: total loss -6.2801, losses: [0.03306913003325462, 0.0030687262769788504, 0.017274731770157814], weights: [-2.108302  -2.3961582 -2.2446575], time: 0.0217s
Iteration 1750: total loss -6.3231, losses: [0.02896631881594658, 0.0033378894440829754, 0.015980027616024017], weights: [-2.108302  -2.3961582 -2.2446575], time: 0.0221s
Iteration 2000: total loss -6.3582, losses: [0.026602597907185555, 0.0028471562545746565, 0.014899522997438908], weights: [-2.108302  -2.3961582 -2.2446575], time: 0.0221s
Iteration 2250: total loss -6.3940, losses: [0.023785648867487907, 0.0024348997976630926, 0.014040719717741013], weights: [-2.108302  -2.3961582 -2.2446575], time: 0.0221s
Iteration 2500: total loss -6.4159, losses: [0.021795528009533882, 0.0024358234368264675, 0.013458436354994774], weights: [-2.108302  -2.3961582 -2.2446575], time: 0.0221s
Iteration 2750: total loss -6.4350, losses: [0.02001323364675045, 0.0026464262045919895, 0.012740329839289188], weights: [-2.108302  -2.3961582 -2.2446575], time: 0.0221s
Iteration 3000: total loss -6.4508, losses: [0.018815673887729645, 0.0024791001342236996, 0.012311577796936035], weights: [-2.108302  -2.3961582 -2.2446575], time: 0.0221s
Iteration 3250: total loss -6.4719, losses: [0.01765628345310688, 0.002112764399498701, 0.011512942612171173], weights: [-2.108302  -2.3961582 -2.2446575], time: 0.0222s
Iteration 3500: total loss -6.4890, losses: [0.01639382168650627, 0.0020862766541540623, 0.010830636136233807], weights: [-2.108302  -2.3961582 -2.2446575], time: 0.0225s
Iteration 3750: total loss -6.5002, losses: [0.015452653169631958, 0.002091939328238368, 0.010458173230290413], weights: [-2.108302  -2.3961582 -2.2446575], time: 0.0222s
Iteration 4000: total loss -6.5120, losses: [0.014655870385468006, 0.0020046180579811335, 0.010010727681219578], weights: [-2.108302  -2.3961582 -2.2446575], time: 0.0223s
Iteration 4250: total loss -6.5222, losses: [0.014169844798743725, 0.0017729400424286723, 0.009616187773644924], weights: [-2.108302  -2.3961582 -2.2446575], time: 0.0222s
Iteration 4500: total loss -6.5253, losses: [0.013488877564668655, 0.001912915613502264, 0.009724555537104607], weights: [-2.108302  -2.3961582 -2.2446575], time: 0.0221s
Iteration 4750: total loss -6.5341, losses: [0.012967132031917572, 0.001764231245033443, 0.009420856833457947], weights: [-2.108302  -2.3961582 -2.2446575], time: 0.0221s
Iteration 5000: total loss -6.5460, losses: [0.012326863594353199, 0.0015148635720834136, 0.009002628736197948], weights: [-2.108302  -2.3961582 -2.2446575], time: 0.0221s
Iteration 5250: total loss -6.5532, losses: [0.011879734694957733, 0.0013757268898189068, 0.008798305876553059], weights: [-2.108302  -2.3961582 -2.2446575], time: 0.0221s
Iteration 5500: total loss -6.5566, losses: [0.01155013032257557, 0.0014563474105671048, 0.008626307360827923], weights: [-2.108302  -2.3961582 -2.2446575], time: 0.0221s
Iteration 5750: total loss -6.5612, losses: [0.011210775002837181, 0.0013954276219010353, 0.00850849412381649], weights: [-2.108302  -2.3961582 -2.2446575], time: 0.0221s
Iteration 6000: total loss -6.5567, losses: [0.011239374056458473, 0.0015659562777727842, 0.00876424927264452], weights: [-2.108302  -2.3961582 -2.2446575], time: 0.0220s
Early stopping after 6035 iterations: no improvement greater than 1e-05 for 300 evaluations.
{
  "u": {
    "rmse": 0.18014891883165415,
    "mae": 0.1079050816464817,
    "maximum_absolute": 1.1087890616464668,
    "relative_l2": 0.3101709646796921
  },
  "v": {
    "rmse": 0.1983039219870183,
    "mae": 0.1005176893873698,
    "maximum_absolute": 1.5080006236371757,
    "relative_l2": 0.4156914718788189
  }
}
Plot with: python -m utils.plot_pinn_results --run-directory /home/thiago.esterci/Repositories/Evolutionary_Algorithms/work_4/studies/loss_weight_study_1789587361856613637/runs/seed_2035_de/1789596756498230255
