Artifacts: /home/thiago.esterci/Repositories/Evolutionary_Algorithms/work_4/studies/loss_weight_study_1789587361856613637/runs/seed_2037_none/1789599743471066041
DE: 400 generations, 32 individuals, 12832 fitness evaluations, 17026 parameters; then 16168 Adam epochs.
DE generation 0: best fitness 4.8906469, fixed reference 4.890647, accepted 0/32, evaluations 32
DE generation 10: best fitness 4.8906469, fixed reference 4.890647, accepted 1/32, evaluations 352
DE generation 20: best fitness 4.8906469, fixed reference 4.890647, accepted 1/32, evaluations 672
DE generation 30: best fitness 4.5005054, fixed reference 4.5005056, accepted 0/32, evaluations 992
DE generation 40: best fitness 4.5005054, fixed reference 4.5005056, accepted 2/32, evaluations 1312
DE generation 50: best fitness 4.5005054, fixed reference 4.5005056, accepted 4/32, evaluations 1632
DE generation 60: best fitness 4.5005054, fixed reference 4.5005056, accepted 0/32, evaluations 1952
DE generation 70: best fitness 4.5005054, fixed reference 4.5005056, accepted 1/32, evaluations 2272
DE generation 80: best fitness 4.5005054, fixed reference 4.5005056, accepted 1/32, evaluations 2592
DE generation 90: best fitness 4.5005054, fixed reference 4.5005056, accepted 1/32, evaluations 2912
DE generation 100: best fitness 4.5005054, fixed reference 4.5005056, accepted 2/32, evaluations 3232
DE generation 110: best fitness 4.5005054, fixed reference 4.5005056, accepted 1/32, evaluations 3552
DE generation 120: best fitness 4.0808954, fixed reference 4.0808955, accepted 2/32, evaluations 3872
DE generation 130: best fitness 4.0808954, fixed reference 4.0808955, accepted 0/32, evaluations 4192
DE generation 140: best fitness 3.9393349, fixed reference 3.9393349, accepted 3/32, evaluations 4512
DE generation 150: best fitness 3.9393349, fixed reference 3.9393349, accepted 2/32, evaluations 4832
DE generation 160: best fitness 3.9393349, fixed reference 3.9393349, accepted 0/32, evaluations 5152
DE generation 170: best fitness 3.9393349, fixed reference 3.9393349, accepted 2/32, evaluations 5472
DE generation 180: best fitness 3.7329893, fixed reference 3.7329893, accepted 1/32, evaluations 5792
DE generation 190: best fitness 3.4544549, fixed reference 3.4544548, accepted 2/32, evaluations 6112
DE generation 200: best fitness 3.3819339, fixed reference 3.3819339, accepted 3/32, evaluations 6432
DE generation 210: best fitness 3.1821768, fixed reference 3.1821769, accepted 0/32, evaluations 6752
DE generation 220: best fitness 3.1821768, fixed reference 3.1821769, accepted 1/32, evaluations 7072
DE generation 230: best fitness 3.1821768, fixed reference 3.1821769, accepted 1/32, evaluations 7392
DE generation 240: best fitness 3.1821768, fixed reference 3.1821769, accepted 1/32, evaluations 7712
DE generation 250: best fitness 3.1821768, fixed reference 3.1821769, accepted 0/32, evaluations 8032
DE generation 260: best fitness 3.1821768, fixed reference 3.1821769, accepted 2/32, evaluations 8352
DE generation 270: best fitness 3.1821768, fixed reference 3.1821769, accepted 0/32, evaluations 8672
DE generation 280: best fitness 3.1821768, fixed reference 3.1821769, accepted 0/32, evaluations 8992
DE generation 290: best fitness 3.1821768, fixed reference 3.1821769, accepted 0/32, evaluations 9312
DE generation 300: best fitness 3.1821768, fixed reference 3.1821769, accepted 0/32, evaluations 9632
DE generation 310: best fitness 3.1821768, fixed reference 3.1821769, accepted 0/32, evaluations 9952
DE generation 320: best fitness 3.1821768, fixed reference 3.1821769, accepted 0/32, evaluations 10272
DE generation 330: best fitness 3.1821768, fixed reference 3.1821769, accepted 0/32, evaluations 10592
DE generation 340: best fitness 3.1821768, fixed reference 3.1821769, accepted 0/32, evaluations 10912
DE generation 350: best fitness 3.1821768, fixed reference 3.1821769, accepted 1/32, evaluations 11232
DE generation 360: best fitness 3.1447673, fixed reference 3.1447674, accepted 1/32, evaluations 11552
DE generation 370: best fitness 3.1447673, fixed reference 3.1447674, accepted 0/32, evaluations 11872
DE generation 380: best fitness 3.1447673, fixed reference 3.1447674, accepted 0/32, evaluations 12192
DE generation 390: best fitness 3.1271927, fixed reference 3.1271928, accepted 2/32, evaluations 12512
DE generation 400: best fitness 3.1271927, fixed reference 3.1271928, accepted 0/32, evaluations 12832
DE best fitness: 3.1271927; starting Adam.
Iteration 0: total loss 3.12719274, losses: [2.543213129043579, 0.11815723031759262, 0.4658224880695343], time: 0.0536s
Iteration 250: total loss 1.11849523, losses: [0.7580018639564514, 0.09737115353345871, 0.26312220096588135], time: 0.0221s
Iteration 500: total loss 0.82867420, losses: [0.5217615962028503, 0.06384621560573578, 0.24306640028953552], time: 0.0222s
Iteration 750: total loss 0.68454027, losses: [0.4142041802406311, 0.0472484827041626, 0.2230876088142395], time: 0.0222s
Iteration 1000: total loss 0.56828529, losses: [0.3333818316459656, 0.03873829171061516, 0.19616517424583435], time: 0.0225s
Iteration 1250: total loss 0.48891062, losses: [0.2760712504386902, 0.03559940308332443, 0.17723993957042694], time: 0.0221s
Iteration 1500: total loss 0.45253688, losses: [0.251939982175827, 0.03316596895456314, 0.16743095219135284], time: 0.0223s
Iteration 1750: total loss 0.40631789, losses: [0.21963797509670258, 0.02745756134390831, 0.15922234952449799], time: 0.0221s
Iteration 2000: total loss 0.37911829, losses: [0.20016136765480042, 0.029833531007170677, 0.1491234004497528], time: 0.0225s
Iteration 2250: total loss 0.34542614, losses: [0.18016459047794342, 0.028390195220708847, 0.1368713676929474], time: 0.0221s
Iteration 2500: total loss 0.32115656, losses: [0.1627180576324463, 0.028795596212148666, 0.12964290380477905], time: 0.0223s
Iteration 2750: total loss 0.29494601, losses: [0.14908307790756226, 0.024626053869724274, 0.1212368756532669], time: 0.0221s
Iteration 3000: total loss 0.27830476, losses: [0.1373058706521988, 0.023832490667700768, 0.1171664148569107], time: 0.0221s
Iteration 3250: total loss 0.26408339, losses: [0.12992951273918152, 0.023677291348576546, 0.11047657579183578], time: 0.0221s
Iteration 3500: total loss 0.25516373, losses: [0.1255076825618744, 0.023526698350906372, 0.10612934827804565], time: 0.0221s
Iteration 3750: total loss 0.24624762, losses: [0.11990160495042801, 0.021765656769275665, 0.104580357670784], time: 0.0221s
Iteration 4000: total loss 0.23732522, losses: [0.11400226503610611, 0.020936917513608932, 0.10238604247570038], time: 0.0221s
Iteration 4250: total loss 0.22890429, losses: [0.10943131148815155, 0.019931262359023094, 0.09954172372817993], time: 0.0221s
Iteration 4500: total loss 0.22157234, losses: [0.10267435759305954, 0.023481791839003563, 0.09541619569063187], time: 0.0218s
Iteration 4750: total loss 0.21358106, losses: [0.09896053373813629, 0.0202228594571352, 0.09439767152070999], time: 0.0221s
Iteration 5000: total loss 0.21135390, losses: [0.09613152593374252, 0.02003650739789009, 0.09518586099147797], time: 0.0221s
Iteration 5250: total loss 0.20979150, losses: [0.08866514265537262, 0.022815082222223282, 0.09831127524375916], time: 0.0221s
Iteration 5500: total loss 0.20165940, losses: [0.08867441117763519, 0.019786223769187927, 0.093198761343956], time: 0.0221s
Iteration 5750: total loss 0.18944202, losses: [0.08446265757083893, 0.018759794533252716, 0.08621957153081894], time: 0.0221s
Iteration 6000: total loss 0.17875443, losses: [0.07770879566669464, 0.016977602615952492, 0.08406803756952286], time: 0.0221s
Iteration 6250: total loss 0.18274024, losses: [0.07688228785991669, 0.016779985278844833, 0.08907795697450638], time: 0.0221s
Early stopping after 6344 iterations: no improvement greater than 1e-05 for 300 evaluations.
{
  "u": {
    "rmse": 0.1786225918628304,
    "mae": 0.10602649335083911,
    "maximum_absolute": 0.9588274421720723,
    "relative_l2": 0.3075430149178669
  },
  "v": {
    "rmse": 0.21649316530440868,
    "mae": 0.09735638810149651,
    "maximum_absolute": 1.7671294475135566,
    "relative_l2": 0.4538203865831028
  }
}
Plot with: python -m utils.plot_pinn_results --run-directory /home/thiago.esterci/Repositories/Evolutionary_Algorithms/work_4/studies/loss_weight_study_1789587361856613637/runs/seed_2037_none/1789599743471066041
